  Determining projects to restore...
  All projects are up-to-date for restore.
E:\vs\Projects\PlatformIndependentNuGetPackages\SunamoHtml\SunamoHtml\Html\HtmlDocumentS.cs(58,39): warning CS8604: Possible null reference argument for parameter 'htmlNode' in 'string HtmlDocumentS.InnerHtmlToStringEmpty(HtmlNode htmlNode)'. [E:\vs\Projects\PlatformIndependentNuGetPackages\SunamoHtml\SunamoHtml\SunamoHtml.csproj::TargetFramework=net8.0]
E:\vs\Projects\PlatformIndependentNuGetPackages\SunamoHtml\SunamoHtml\XmlAgilityHelper.cs(19,16): warning CS8603: Possible null reference return. [E:\vs\Projects\PlatformIndependentNuGetPackages\SunamoHtml\SunamoHtml\SunamoHtml.csproj::TargetFramework=net8.0]
E:\vs\Projects\PlatformIndependentNuGetPackages\SunamoHtml\SunamoHtml\Html\HtmlHelperShared.cs(145,16): warning CS8603: Possible null reference return. [E:\vs\Projects\PlatformIndependentNuGetPackages\SunamoHtml\SunamoHtml\SunamoHtml.csproj::TargetFramework=net8.0]
E:\vs\Projects\PlatformIndependentNuGetPackages\SunamoHtml\SunamoHtml\_sunamo\SunamoString\SH.cs(297,16): warning CS8603: Possible null reference return. [E:\vs\Projects\PlatformIndependentNuGetPackages\SunamoHtml\SunamoHtml\SunamoHtml.csproj::TargetFramework=net8.0]
E:\vs\Projects\PlatformIndependentNuGetPackages\SunamoHtml\SunamoHtml\Html\HtmlHelperShared1.cs(295,16): warning CS8603: Possible null reference return. [E:\vs\Projects\PlatformIndependentNuGetPackages\SunamoHtml\SunamoHtml\SunamoHtml.csproj::TargetFramework=net8.0]
E:\vs\Projects\PlatformIndependentNuGetPackages\SunamoHtml\SunamoHtml\Html\HtmlHelperShared2.cs(217,16): warning CS8603: Possible null reference return. [E:\vs\Projects\PlatformIndependentNuGetPackages\SunamoHtml\SunamoHtml\SunamoHtml.csproj::TargetFramework=net8.0]
E:\vs\Projects\PlatformIndependentNuGetPackages\SunamoHtml\SunamoHtml\Html\HtmlHelperShared2.cs(246,16): warning CS8603: Possible null reference return. [E:\vs\Projects\PlatformIndependentNuGetPackages\SunamoHtml\SunamoHtml\SunamoHtml.csproj::TargetFramework=net8.0]
E:\vs\Projects\PlatformIndependentNuGetPackages\SunamoHtml\SunamoHtml\Html\HtmlHelperShared3.cs(34,16): warning CS8603: Possible null reference return. [E:\vs\Projects\PlatformIndependentNuGetPackages\SunamoHtml\SunamoHtml\SunamoHtml.csproj::TargetFramework=net8.0]
E:\vs\Projects\PlatformIndependentNuGetPackages\SunamoHtml\SunamoHtml\_sunamo\SunamoValues\Values\AllLists.cs(12,35): warning CS0649: Field 'AllLists.OstravaCityParts' is never assigned to, and will always have its default value null [E:\vs\Projects\PlatformIndependentNuGetPackages\SunamoHtml\SunamoHtml\SunamoHtml.csproj::TargetFramework=net8.0]
E:\vs\Projects\PlatformIndependentNuGetPackages\SunamoHtml\SunamoHtml\Generators\HtmlGeneratorExtended.cs(21,17): warning CS1591: Missing XML comment for publicly visible type or member 'HtmlGeneratorExtended.DetailAnchor(string, string, string)' [E:\vs\Projects\PlatformIndependentNuGetPackages\SunamoHtml\SunamoHtml\SunamoHtml.csproj::TargetFramework=net8.0]
E:\vs\Projects\PlatformIndependentNuGetPackages\SunamoHtml\SunamoHtml\HtmlAgilityHelper.cs(8,22): warning CA1052: Type 'HtmlAgilityHelper' is a static holder type but is neither static nor NotInheritable (https://learn.microsoft.com/dotnet/fundamentals/code-analysis/quality-rules/ca1052) [E:\vs\Projects\PlatformIndependentNuGetPackages\SunamoHtml\SunamoHtml\SunamoHtml.csproj::TargetFramework=net8.0]
E:\vs\Projects\PlatformIndependentNuGetPackages\SunamoHtml\SunamoHtml\Html\SecurityHelper.cs(43,25): warning CA1308: In method 'RemoveJsAttributesFromEveryNode', replace the call to 'ToLowerInvariant' with 'ToUpperInvariant' (https://learn.microsoft.com/dotnet/fundamentals/code-analysis/quality-rules/ca1308) [E:\vs\Projects\PlatformIndependentNuGetPackages\SunamoHtml\SunamoHtml\SunamoHtml.csproj::TargetFramework=net8.0]
E:\vs\Projects\PlatformIndependentNuGetPackages\SunamoHtml\SunamoHtml\Html\SecurityHelper.cs(45,30): warning CA1308: In method 'RemoveJsAttributesFromEveryNode', replace the call to 'ToLowerInvariant' with 'ToUpperInvariant' (https://learn.microsoft.com/dotnet/fundamentals/code-analysis/quality-rules/ca1308) [E:\vs\Projects\PlatformIndependentNuGetPackages\SunamoHtml\SunamoHtml\SunamoHtml.csproj::TargetFramework=net8.0]
E:\vs\Projects\PlatformIndependentNuGetPackages\SunamoHtml\SunamoHtml\Html\HtmlHelperShared.cs(28,45): warning CA1311: Specify a culture or use an invariant version to avoid implicit dependency on current culture (https://learn.microsoft.com/dotnet/fundamentals/code-analysis/quality-rules/ca1311) [E:\vs\Projects\PlatformIndependentNuGetPackages\SunamoHtml\SunamoHtml\SunamoHtml.csproj::TargetFramework=net8.0]
E:\vs\Projects\PlatformIndependentNuGetPackages\SunamoHtml\SunamoHtml\Html\HtmlHelperShared.cs(34,34): warning CA1845: Use span-based 'string.Concat' and 'AsSpan' instead of 'Substring' (https://learn.microsoft.com/dotnet/fundamentals/code-analysis/quality-rules/ca1845) [E:\vs\Projects\PlatformIndependentNuGetPackages\SunamoHtml\SunamoHtml\SunamoHtml.csproj::TargetFramework=net8.0]
E:\vs\Projects\PlatformIndependentNuGetPackages\SunamoHtml\SunamoHtml\Html\HtmlHelperShared.cs(61,16): warning CA1062: In externally visible method 'string HtmlHelper.PrepareToAttribute(string text)', validate parameter 'text' is non-null before using it. If appropriate, throw an 'ArgumentNullException' when the argument is 'null'. (https://learn.microsoft.com/dotnet/fundamentals/code-analysis/quality-rules/ca1062) [E:\vs\Projects\PlatformIndependentNuGetPackages\SunamoHtml\SunamoHtml\SunamoHtml.csproj::TargetFramework=net8.0]
E:\vs\Projects\PlatformIndependentNuGetPackages\SunamoHtml\SunamoHtml\Html\HtmlTableDivParse.cs(19,45): warning CA1002: Change 'List<HtmlNode>' in 'HtmlTableDivParse.HtmlTableDivParse(List<HtmlNode>, int)' to use 'Collection<T>', 'ReadOnlyCollection<T>' or 'KeyedCollection<K,V>' (https://learn.microsoft.com/dotnet/fundamentals/code-analysis/quality-rules/ca1002) [E:\vs\Projects\PlatformIndependentNuGetPackages\SunamoHtml\SunamoHtml\SunamoHtml.csproj::TargetFramework=net8.0]
E:\vs\Projects\PlatformIndependentNuGetPackages\SunamoHtml\SunamoHtml\Html\HtmlHelperShared.cs(49,16): warning CA1307: 'string.Replace(string, string?)' has a method overload that takes a 'StringComparison' parameter. Replace this call in 'SunamoHtml.Html.HtmlHelper.ConvertTextToHtml(string)' with a call to 'string.Replace(string, string?, System.StringComparison)' for clarity of intent. (https://learn.microsoft.com/dotnet/fundamentals/code-analysis/quality-rules/ca1307) [E:\vs\Projects\PlatformIndependentNuGetPackages\SunamoHtml\SunamoHtml\SunamoHtml.csproj::TargetFramework=net8.0]
E:\vs\Projects\PlatformIndependentNuGetPackages\SunamoHtml\SunamoHtml\Html\HtmlHelperShared.cs(50,16): warning CA1307: 'string.Replace(string, string?)' has a method overload that takes a 'StringComparison' parameter. Replace this call in 'SunamoHtml.Html.HtmlHelper.ConvertTextToHtml(string)' with a call to 'string.Replace(string, string?, System.StringComparison)' for clarity of intent. (https://learn.microsoft.com/dotnet/fundamentals/code-analysis/quality-rules/ca1307) [E:\vs\Projects\PlatformIndependentNuGetPackages\SunamoHtml\SunamoHtml\SunamoHtml.csproj::TargetFramework=net8.0]
E:\vs\Projects\PlatformIndependentNuGetPackages\SunamoHtml\SunamoHtml\Html\HtmlHelperShared.cs(24,37): warning CA1847: Use 'string.Contains(char)' instead of 'string.Contains(string)' when searching for a single character (https://learn.microsoft.com/dotnet/fundamentals/code-analysis/quality-rules/ca1847) [E:\vs\Projects\PlatformIndependentNuGetPackages\SunamoHtml\SunamoHtml\SunamoHtml.csproj::TargetFramework=net8.0]
E:\vs\Projects\PlatformIndependentNuGetPackages\SunamoHtml\SunamoHtml\Html\HtmlHelperShared.cs(28,19): warning CA1304: The behavior of 'string.ToLower()' could vary based on the current user's locale settings. Replace this call in 'HtmlHelper.ReplaceHtmlNonPairTagsWithXmlValid(string)' with a call to 'string.ToLower(CultureInfo)'. (https://learn.microsoft.com/dotnet/fundamentals/code-analysis/quality-rules/ca1304) [E:\vs\Projects\PlatformIndependentNuGetPackages\SunamoHtml\SunamoHtml\SunamoHtml.csproj::TargetFramework=net8.0]
E:\vs\Projects\PlatformIndependentNuGetPackages\SunamoHtml\SunamoHtml\Html\HtmlHelperShared.cs(49,16): warning CA1062: In externally visible method 'string HtmlHelper.ConvertTextToHtml(string text)', validate parameter 'text' is non-null before using it. If appropriate, throw an 'ArgumentNullException' when the argument is 'null'. (https://learn.microsoft.com/dotnet/fundamentals/code-analysis/quality-rules/ca1062) [E:\vs\Projects\PlatformIndependentNuGetPackages\SunamoHtml\SunamoHtml\SunamoHtml.csproj::TargetFramework=net8.0]
E:\vs\Projects\PlatformIndependentNuGetPackages\SunamoHtml\SunamoHtml\Html\HtmlHelperShared.cs(72,16): warning CA1307: 'string.Replace(string, string?)' has a method overload that takes a 'StringComparison' parameter. Replace this call in 'SunamoHtml.Html.HtmlHelper.ReplaceAllFontCase(string)' with a call to 'string.Replace(string, string?, System.StringComparison)' for clarity of intent. (https://learn.microsoft.com/dotnet/fundamentals/code-analysis/quality-rules/ca1307) [E:\vs\Projects\PlatformIndependentNuGetPackages\SunamoHtml\SunamoHtml\SunamoHtml.csproj::TargetFramework=net8.0]
E:\vs\Projects\PlatformIndependentNuGetPackages\SunamoHtml\SunamoHtml\Html\HtmlHelperShared.cs(73,16): warning CA1307: 'string.Replace(string, string?)' has a method overload that takes a 'StringComparison' parameter. Replace this call in 'SunamoHtml.Html.HtmlHelper.ReplaceAllFontCase(string)' with a call to 'string.Replace(string, string?, System.StringComparison)' for clarity of intent. (https://learn.microsoft.com/dotnet/fundamentals/code-analysis/quality-rules/ca1307) [E:\vs\Projects\PlatformIndependentNuGetPackages\SunamoHtml\SunamoHtml\SunamoHtml.csproj::TargetFramework=net8.0]
E:\vs\Projects\PlatformIndependentNuGetPackages\SunamoHtml\SunamoHtml\Html\HtmlHelperShared.cs(74,16): warning CA1307: 'string.Replace(string, string?)' has a method overload that takes a 'StringComparison' parameter. Replace this call in 'SunamoHtml.Html.HtmlHelper.ReplaceAllFontCase(string)' with a call to 'string.Replace(string, string?, System.StringComparison)' for clarity of intent. (https://learn.microsoft.com/dotnet/fundamentals/code-analysis/quality-rules/ca1307) [E:\vs\Projects\PlatformIndependentNuGetPackages\SunamoHtml\SunamoHtml\SunamoHtml.csproj::TargetFramework=net8.0]
E:\vs\Projects\PlatformIndependentNuGetPackages\SunamoHtml\SunamoHtml\Html\HtmlHelperShared.cs(75,16): warning CA1307: 'string.Replace(string, string?)' has a method overload that takes a 'StringComparison' parameter. Replace this call in 'SunamoHtml.Html.HtmlHelper.ReplaceAllFontCase(string)' with a call to 'string.Replace(string, string?, System.StringComparison)' for clarity of intent. (https://learn.microsoft.com/dotnet/fundamentals/code-analysis/quality-rules/ca1307) [E:\vs\Projects\PlatformIndependentNuGetPackages\SunamoHtml\SunamoHtml\SunamoHtml.csproj::TargetFramework=net8.0]
E:\vs\Projects\PlatformIndependentNuGetPackages\SunamoHtml\SunamoHtml\Html\HtmlHelperShared.cs(76,16): warning CA1307: 'string.Replace(string, string?)' has a method overload that takes a 'StringComparison' parameter. Replace this call in 'SunamoHtml.Html.HtmlHelper.ReplaceAllFontCase(string)' with a call to 'string.Replace(string, string?, System.StringComparison)' for clarity of intent. (https://learn.microsoft.com/dotnet/fundamentals/code-analysis/quality-rules/ca1307) [E:\vs\Projects\PlatformIndependentNuGetPackages\SunamoHtml\SunamoHtml\SunamoHtml.csproj::TargetFramework=net8.0]
E:\vs\Projects\PlatformIndependentNuGetPackages\SunamoHtml\SunamoHtml\Html\HtmlHelperShared.cs(22,24): warning CA1307: 'string.Replace(string, string?)' has a method overload that takes a 'StringComparison' parameter. Replace this call in 'SunamoHtml.Html.HtmlHelper.ReplaceHtmlNonPairTagsWithXmlValid(string)' with a call to 'string.Replace(string, string?, System.StringComparison)' for clarity of intent. (https://learn.microsoft.com/dotnet/fundamentals/code-analysis/quality-rules/ca1307) [E:\vs\Projects\PlatformIndependentNuGetPackages\SunamoHtml\SunamoHtml\SunamoHtml.csproj::TargetFramework=net8.0]
E:\vs\Projects\PlatformIndependentNuGetPackages\SunamoHtml\SunamoHtml\Html\HtmlHelperShared.cs(77,16): warning CA1307: 'string.Replace(string, string?)' has a method overload that takes a 'StringComparison' parameter. Replace this call in 'SunamoHtml.Html.HtmlHelper.ReplaceAllFontCase(string)' with a call to 'string.Replace(string, string?, System.StringComparison)' for clarity of intent. (https://learn.microsoft.com/dotnet/fundamentals/code-analysis/quality-rules/ca1307) [E:\vs\Projects\PlatformIndependentNuGetPackages\SunamoHtml\SunamoHtml\SunamoHtml.csproj::TargetFramework=net8.0]
E:\vs\Projects\PlatformIndependentNuGetPackages\SunamoHtml\SunamoHtml\Html\HtmlHelperShared.cs(93,16): warning CA1307: 'string.Replace(string, string?)' has a method overload that takes a 'StringComparison' parameter. Replace this call in 'SunamoHtml.Html.HtmlHelper.ClearSpaces(string)' with a call to 'string.Replace(string, string?, System.StringComparison)' for clarity of intent. (https://learn.microsoft.com/dotnet/fundamentals/code-analysis/quality-rules/ca1307) [E:\vs\Projects\PlatformIndependentNuGetPackages\SunamoHtml\SunamoHtml\SunamoHtml.csproj::TargetFramework=net8.0]
E:\vs\Projects\PlatformIndependentNuGetPackages\SunamoHtml\SunamoHtml\Html\HtmlHelperShared.cs(24,17): warning CA1307: 'string.Contains(string)' has a method overload that takes a 'StringComparison' parameter. Replace this call in 'SunamoHtml.Html.HtmlHelper.ReplaceHtmlNonPairTagsWithXmlValid(string)' with a call to 'string.Contains(string, System.StringComparison)' for clarity of intent. (https://learn.microsoft.com/dotnet/fundamentals/code-analysis/quality-rules/ca1307) [E:\vs\Projects\PlatformIndependentNuGetPackages\SunamoHtml\SunamoHtml\SunamoHtml.csproj::TargetFramework=net8.0]
E:\vs\Projects\PlatformIndependentNuGetPackages\SunamoHtml\SunamoHtml\Html\HtmlHelperShared.cs(93,16): warning CA1307: 'string.Replace(string, string?)' has a method overload that takes a 'StringComparison' parameter. Replace this call in 'SunamoHtml.Html.HtmlHelper.ClearSpaces(string)' with a call to 'string.Replace(string, string?, System.StringComparison)' for clarity of intent. (https://learn.microsoft.com/dotnet/fundamentals/code-analysis/quality-rules/ca1307) [E:\vs\Projects\PlatformIndependentNuGetPackages\SunamoHtml\SunamoHtml\SunamoHtml.csproj::TargetFramework=net8.0]
E:\vs\Projects\PlatformIndependentNuGetPackages\SunamoHtml\SunamoHtml\Html\HtmlHelperShared.cs(78,16): warning CA1307: 'string.Replace(string, string?)' has a method overload that takes a 'StringComparison' parameter. Replace this call in 'SunamoHtml.Html.HtmlHelper.ReplaceAllFontCase(string)' with a call to 'string.Replace(string, string?, System.StringComparison)' for clarity of intent. (https://learn.microsoft.com/dotnet/fundamentals/code-analysis/quality-rules/ca1307) [E:\vs\Projects\PlatformIndependentNuGetPackages\SunamoHtml\SunamoHtml\SunamoHtml.csproj::TargetFramework=net8.0]
E:\vs\Projects\PlatformIndependentNuGetPackages\SunamoHtml\SunamoHtml\Html\HtmlHelperShared.cs(27,23): warning CA1307: 'string.Replace(string, string?)' has a method overload that takes a 'StringComparison' parameter. Replace this call in 'SunamoHtml.Html.HtmlHelper.ReplaceHtmlNonPairTagsWithXmlValid(string)' with a call to 'string.Replace(string, string?, System.StringComparison)' for clarity of intent. (https://learn.microsoft.com/dotnet/fundamentals/code-analysis/quality-rules/ca1307) [E:\vs\Projects\PlatformIndependentNuGetPackages\SunamoHtml\SunamoHtml\SunamoHtml.csproj::TargetFramework=net8.0]
E:\vs\Projects\PlatformIndependentNuGetPackages\SunamoHtml\SunamoHtml\Html\HtmlHelperShared.cs(79,16): warning CA1307: 'string.Replace(string, string?)' has a method overload that takes a 'StringComparison' parameter. Replace this call in 'SunamoHtml.Html.HtmlHelper.ReplaceAllFontCase(string)' with a call to 'string.Replace(string, string?, System.StringComparison)' for clarity of intent. (https://learn.microsoft.com/dotnet/fundamentals/code-analysis/quality-rules/ca1307) [E:\vs\Projects\PlatformIndependentNuGetPackages\SunamoHtml\SunamoHtml\SunamoHtml.csproj::TargetFramework=net8.0]
E:\vs\Projects\PlatformIndependentNuGetPackages\SunamoHtml\SunamoHtml\Html\HtmlHelperShared.cs(27,23): warning CA1307: 'string.Replace(string, string?)' has a method overload that takes a 'StringComparison' parameter. Replace this call in 'SunamoHtml.Html.HtmlHelper.ReplaceHtmlNonPairTagsWithXmlValid(string)' with a call to 'string.Replace(string, string?, System.StringComparison)' for clarity of intent. (https://learn.microsoft.com/dotnet/fundamentals/code-analysis/quality-rules/ca1307) [E:\vs\Projects\PlatformIndependentNuGetPackages\SunamoHtml\SunamoHtml\SunamoHtml.csproj::TargetFramework=net8.0]
E:\vs\Projects\PlatformIndependentNuGetPackages\SunamoHtml\SunamoHtml\Html\HtmlHelperShared.cs(80,16): warning CA1307: 'string.Replace(string, string?)' has a method overload that takes a 'StringComparison' parameter. Replace this call in 'SunamoHtml.Html.HtmlHelper.ReplaceAllFontCase(string)' with a call to 'string.Replace(string, string?, System.StringComparison)' for clarity of intent. (https://learn.microsoft.com/dotnet/fundamentals/code-analysis/quality-rules/ca1307) [E:\vs\Projects\PlatformIndependentNuGetPackages\SunamoHtml\SunamoHtml\SunamoHtml.csproj::TargetFramework=net8.0]
E:\vs\Projects\PlatformIndependentNuGetPackages\SunamoHtml\SunamoHtml\Html\HtmlHelperShared.cs(81,16): warning CA1307: 'string.Replace(string, string?)' has a method overload that takes a 'StringComparison' parameter. Replace this call in 'SunamoHtml.Html.HtmlHelper.ReplaceAllFontCase(string)' with a call to 'string.Replace(string, string?, System.StringComparison)' for clarity of intent. (https://learn.microsoft.com/dotnet/fundamentals/code-analysis/quality-rules/ca1307) [E:\vs\Projects\PlatformIndependentNuGetPackages\SunamoHtml\SunamoHtml\SunamoHtml.csproj::TargetFramework=net8.0]
E:\vs\Projects\PlatformIndependentNuGetPackages\SunamoHtml\SunamoHtml\Html\HtmlHelperShared.cs(82,16): warning CA1307: 'string.Replace(string, string?)' has a method overload that takes a 'StringComparison' parameter. Replace this call in 'SunamoHtml.Html.HtmlHelper.ReplaceAllFontCase(string)' with a call to 'string.Replace(string, string?, System.StringComparison)' for clarity of intent. (https://learn.microsoft.com/dotnet/fundamentals/code-analysis/quality-rules/ca1307) [E:\vs\Projects\PlatformIndependentNuGetPackages\SunamoHtml\SunamoHtml\SunamoHtml.csproj::TargetFramework=net8.0]
E:\vs\Projects\PlatformIndependentNuGetPackages\SunamoHtml\SunamoHtml\Html\HtmlHelperShared.cs(30,22): warning CA1307: 'string.Contains(string)' has a method overload that takes a 'StringComparison' parameter. Replace this call in 'SunamoHtml.Html.HtmlHelper.ReplaceHtmlNonPairTagsWithXmlValid(string)' with a call to 'string.Contains(string, System.StringComparison)' for clarity of intent. (https://learn.microsoft.com/dotnet/fundamentals/code-analysis/quality-rules/ca1307) [E:\vs\Projects\PlatformIndependentNuGetPackages\SunamoHtml\SunamoHtml\SunamoHtml.csproj::TargetFramework=net8.0]
E:\vs\Projects\PlatformIndependentNuGetPackages\SunamoHtml\SunamoHtml\Html\HtmlHelperShared.cs(35,32): warning CA1307: 'string.Replace(string, string?)' has a method overload that takes a 'StringComparison' parameter. Replace this call in 'SunamoHtml.Html.HtmlHelper.ReplaceHtmlNonPairTagsWithXmlValid(string)' with a call to 'string.Replace(string, string?, System.StringComparison)' for clarity of intent. (https://learn.microsoft.com/dotnet/fundamentals/code-analysis/quality-rules/ca1307) [E:\vs\Projects\PlatformIndependentNuGetPackages\SunamoHtml\SunamoHtml\SunamoHtml.csproj::TargetFramework=net8.0]
E:\vs\Projects\PlatformIndependentNuGetPackages\SunamoHtml\SunamoHtml\Html\HtmlHelperShared.cs(93,16): warning CA1062: In externally visible method 'string HtmlHelper.ClearSpaces(string text)', validate parameter 'text' is non-null before using it. If appropriate, throw an 'ArgumentNullException' when the argument is 'null'. (https://learn.microsoft.com/dotnet/fundamentals/code-analysis/quality-rules/ca1062) [E:\vs\Projects\PlatformIndependentNuGetPackages\SunamoHtml\SunamoHtml\SunamoHtml.csproj::TargetFramework=net8.0]
E:\vs\Projects\PlatformIndependentNuGetPackages\SunamoHtml\SunamoHtml\Html\HtmlHelperShared.cs(153,34): warning CA1002: Change 'List<HtmlNode>' in 'HtmlHelper.GetWithoutTextNodes(HtmlNode)' to use 'Collection<T>', 'ReadOnlyCollection<T>' or 'KeyedCollection<K,V>' (https://learn.microsoft.com/dotnet/fundamentals/code-analysis/quality-rules/ca1002) [E:\vs\Projects\PlatformIndependentNuGetPackages\SunamoHtml\SunamoHtml\SunamoHtml.csproj::TargetFramework=net8.0]
E:\vs\Projects\PlatformIndependentNuGetPackages\SunamoHtml\SunamoHtml\Html\HtmlHelperShared.cs(72,16): warning CA1062: In externally visible method 'string HtmlHelper.ReplaceAllFontCase(string html)', validate parameter 'html' is non-null before using it. If appropriate, throw an 'ArgumentNullException' when the argument is 'null'. (https://learn.microsoft.com/dotnet/fundamentals/code-analysis/quality-rules/ca1062) [E:\vs\Projects\PlatformIndependentNuGetPackages\SunamoHtml\SunamoHtml\SunamoHtml.csproj::TargetFramework=net8.0]
E:\vs\Projects\PlatformIndependentNuGetPackages\SunamoHtml\SunamoHtml\Html\HtmlHelperShared.cs(210,16): warning CA1307: 'string.Replace(string, string?)' has a method overload that takes a 'StringComparison' parameter. Replace this call in 'SunamoHtml.Html.HtmlHelper.TrimOpenAndEndTags(string, string)' with a call to 'string.Replace(string, string?, System.StringComparison)' for clarity of intent. (https://learn.microsoft.com/dotnet/fundamentals/code-analysis/quality-rules/ca1307) [E:\vs\Projects\PlatformIndependentNuGetPackages\SunamoHtml\SunamoHtml\SunamoHtml.csproj::TargetFramework=net8.0]
E:\vs\Projects\PlatformIndependentNuGetPackages\SunamoHtml\SunamoHtml\Html\HtmlHelperShared.cs(211,16): warning CA1307: 'string.Replace(string, string?)' has a method overload that takes a 'StringComparison' parameter. Replace this call in 'SunamoHtml.Html.HtmlHelper.TrimOpenAndEndTags(string, string)' with a call to 'string.Replace(string, string?, System.StringComparison)' for clarity of intent. (https://learn.microsoft.com/dotnet/fundamentals/code-analysis/quality-rules/ca1307) [E:\vs\Projects\PlatformIndependentNuGetPackages\SunamoHtml\SunamoHtml\SunamoHtml.csproj::TargetFramework=net8.0]
E:\vs\Projects\PlatformIndependentNuGetPackages\SunamoHtml\SunamoHtml\Html\HtmlHelperShared.cs(156,30): warning CA1062: In externally visible method 'List<HtmlNode> HtmlHelper.GetWithoutTextNodes(HtmlNode htmlNode)', validate parameter 'htmlNode' is non-null before using it. If appropriate, throw an 'ArgumentNullException' when the argument is 'null'. (https://learn.microsoft.com/dotnet/fundamentals/code-analysis/quality-rules/ca1062) [E:\vs\Projects\PlatformIndependentNuGetPackages\SunamoHtml\SunamoHtml\SunamoHtml.csproj::TargetFramework=net8.0]
E:\vs\Projects\PlatformIndependentNuGetPackages\SunamoHtml\SunamoHtml\Html\HtmlHelperShared.cs(210,16): warning CA1062: In externally visible method 'string HtmlHelper.TrimOpenAndEndTags(string html, string nameOfTag)', validate parameter 'html' is non-null before using it. If appropriate, throw an 'ArgumentNullException' when the argument is 'null'. (https://learn.microsoft.com/dotnet/fundamentals/code-analysis/quality-rules/ca1062) [E:\vs\Projects\PlatformIndependentNuGetPackages\SunamoHtml\SunamoHtml\SunamoHtml.csproj::TargetFramework=net8.0]
E:\vs\Projects\PlatformIndependentNuGetPackages\SunamoHtml\SunamoHtml\Html\HtmlHelperShared.cs(142,44): warning CA1062: In externally visible method 'HtmlNode HtmlHelper.ReturnTagWithAttr(HtmlNode htmlNode, string tag, string attributeName, string value)', validate parameter 'htmlNode' is non-null before using it. If appropriate, throw an 'ArgumentNullException' when the argument is 'null'. (https://learn.microsoft.com/dotnet/fundamentals/code-analysis/quality-rules/ca1062) [E:\vs\Projects\PlatformIndependentNuGetPackages\SunamoHtml\SunamoHtml\SunamoHtml.csproj::TargetFramework=net8.0]
E:\vs\Projects\PlatformIndependentNuGetPackages\SunamoHtml\SunamoHtml\Html\HtmlHelperText.cs(89,71): warning CA1002: Change 'List<string>' in 'HtmlHelperText.CreateH2FromNumberedList(List<string>)' to use 'Collection<T>', 'ReadOnlyCollection<T>' or 'KeyedCollection<K,V>' (https://learn.microsoft.com/dotnet/fundamentals/code-analysis/quality-rules/ca1002) [E:\vs\Projects\PlatformIndependentNuGetPackages\SunamoHtml\SunamoHtml\SunamoHtml.csproj::TargetFramework=net8.0]
E:\vs\Projects\PlatformIndependentNuGetPackages\SunamoHtml\SunamoHtml\Html\HtmlHelperShared.cs(35,32): warning CA1062: In externally visible method 'string HtmlHelper.ReplaceHtmlNonPairTagsWithXmlValid(string html)', validate parameter 'html' is non-null before using it. If appropriate, throw an 'ArgumentNullException' when the argument is 'null'. (https://learn.microsoft.com/dotnet/fundamentals/code-analysis/quality-rules/ca1062) [E:\vs\Projects\PlatformIndependentNuGetPackages\SunamoHtml\SunamoHtml\SunamoHtml.csproj::TargetFramework=net8.0]
E:\vs\Projects\PlatformIndependentNuGetPackages\SunamoHtml\SunamoHtml\Html\HtmlHelperText.cs(36,49): warning CA1062: In externally visible method 'string HtmlHelperText.InsertMissingEndingTags(string text, string tag)', validate parameter 'text' is non-null before using it. If appropriate, throw an 'ArgumentNullException' when the argument is 'null'. (https://learn.microsoft.com/dotnet/fundamentals/code-analysis/quality-rules/ca1062) [E:\vs\Projects\PlatformIndependentNuGetPackages\SunamoHtml\SunamoHtml\SunamoHtml.csproj::TargetFramework=net8.0]
E:\vs\Projects\PlatformIndependentNuGetPackages\SunamoHtml\SunamoHtml\Html\HtmlHelperText.cs(91,29): warning CA1062: In externally visible method 'IList<string> HtmlHelperText.CreateH2FromNumberedList(List<string> lines)', validate parameter 'lines' is non-null before using it. If appropriate, throw an 'ArgumentNullException' when the argument is 'null'. (https://learn.microsoft.com/dotnet/fundamentals/code-analysis/quality-rules/ca1062) [E:\vs\Projects\PlatformIndependentNuGetPackages\SunamoHtml\SunamoHtml\SunamoHtml.csproj::TargetFramework=net8.0]
E:\vs\Projects\PlatformIndependentNuGetPackages\SunamoHtml\SunamoHtml\Html\HtmlHelperText.cs(133,29): warning CA1829: Use the "Count" property instead of Enumerable.Count() (https://learn.microsoft.com/dotnet/fundamentals/code-analysis/quality-rules/ca1829) [E:\vs\Projects\PlatformIndependentNuGetPackages\SunamoHtml\SunamoHtml\SunamoHtml.csproj::TargetFramework=net8.0]
E:\vs\Projects\PlatformIndependentNuGetPackages\SunamoHtml\SunamoHtml\_sunamo\SunamoCollectionsChangeContent\CAChangeContent.cs(23,25): warning CA1820: Test for empty strings using 'string.Length' property or 'string.IsNullOrEmpty' method instead of an Equality check (https://learn.microsoft.com/dotnet/fundamentals/code-analysis/quality-rules/ca1820) [E:\vs\Projects\PlatformIndependentNuGetPackages\SunamoHtml\SunamoHtml\SunamoHtml.csproj::TargetFramework=net8.0]
E:\vs\Projects\PlatformIndependentNuGetPackages\SunamoHtml\SunamoHtml\_sunamo\SunamoStringReplace\SHReplace.cs(7,16): warning CA1307: 'string.Replace(string, string?)' has a method overload that takes a 'StringComparison' parameter. Replace this call in 'SunamoHtml._sunamo.SunamoStringReplace.SHReplace.ReplaceWhiteSpacesWithoutSpacesWithReplaceWith(string, string)' with a call to 'string.Replace(string, string?, System.StringComparison)' for clarity of intent. (https://learn.microsoft.com/dotnet/fundamentals/code-analysis/quality-rules/ca1307) [E:\vs\Projects\PlatformIndependentNuGetPackages\SunamoHtml\SunamoHtml\SunamoHtml.csproj::TargetFramework=net8.0]
E:\vs\Projects\PlatformIndependentNuGetPackages\SunamoHtml\SunamoHtml\_sunamo\SunamoStringReplace\SHReplace.cs(7,16): warning CA1307: 'string.Replace(string, string?)' has a method overload that takes a 'StringComparison' parameter. Replace this call in 'SunamoHtml._sunamo.SunamoStringReplace.SHReplace.ReplaceWhiteSpacesWithoutSpacesWithReplaceWith(string, string)' with a call to 'string.Replace(string, string?, System.StringComparison)' for clarity of intent. (https://learn.microsoft.com/dotnet/fundamentals/code-analysis/quality-rules/ca1307) [E:\vs\Projects\PlatformIndependentNuGetPackages\SunamoHtml\SunamoHtml\SunamoHtml.csproj::TargetFramework=net8.0]
E:\vs\Projects\PlatformIndependentNuGetPackages\SunamoHtml\SunamoHtml\_sunamo\SunamoStringReplace\SHReplace.cs(7,16): warning CA1307: 'string.Replace(string, string?)' has a method overload that takes a 'StringComparison' parameter. Replace this call in 'SunamoHtml._sunamo.SunamoStringReplace.SHReplace.ReplaceWhiteSpacesWithoutSpacesWithReplaceWith(string, string)' with a call to 'string.Replace(string, string?, System.StringComparison)' for clarity of intent. (https://learn.microsoft.com/dotnet/fundamentals/code-analysis/quality-rules/ca1307) [E:\vs\Projects\PlatformIndependentNuGetPackages\SunamoHtml\SunamoHtml\SunamoHtml.csproj::TargetFramework=net8.0]
E:\vs\Projects\PlatformIndependentNuGetPackages\SunamoHtml\SunamoHtml\_sunamo\SunamoStringReplace\SHReplace.cs(23,53): warning CA1307: 'string.Replace(string, string?)' has a method overload that takes a 'StringComparison' parameter. Replace this call in 'SunamoHtml._sunamo.SunamoStringReplace.SHReplace.ReplaceAllArray(string, string, params string[])' with a call to 'string.Replace(string, string?, System.StringComparison)' for clarity of intent. (https://learn.microsoft.com/dotnet/fundamentals/code-analysis/quality-rules/ca1307) [E:\vs\Projects\PlatformIndependentNuGetPackages\SunamoHtml\SunamoHtml\SunamoHtml.csproj::TargetFramework=net8.0]
E:\vs\Projects\PlatformIndependentNuGetPackages\SunamoHtml\SunamoHtml\Html\HtmlHelperText.cs(160,29): warning CA1866: Use 'string.EndsWith(char)' instead of 'string.EndsWith(string)' when you have a string with a single char (https://learn.microsoft.com/dotnet/fundamentals/code-analysis/quality-rules/ca1866) [E:\vs\Projects\PlatformIndependentNuGetPackages\SunamoHtml\SunamoHtml\SunamoHtml.csproj::TargetFramework=net8.0]
E:\vs\Projects\PlatformIndependentNuGetPackages\SunamoHtml\SunamoHtml\Html\HtmlHelperText.cs(160,13): warning CA1310: The behavior of 'string.EndsWith(string)' could vary based on the current user's locale settings. Replace this call in 'SunamoHtml.Html.HtmlHelperText.GetTextBetweenTags(string, string, string, bool)' with a call to 'string.EndsWith(string, System.StringComparison)'. (https://learn.microsoft.com/dotnet/fundamentals/code-analysis/quality-rules/ca1310) [E:\vs\Projects\PlatformIndependentNuGetPackages\SunamoHtml\SunamoHtml\SunamoHtml.csproj::TargetFramework=net8.0]
E:\vs\Projects\PlatformIndependentNuGetPackages\SunamoHtml\SunamoHtml\Html\HtmlHelperText.cs(163,18): warning CA1310: The behavior of 'string.IndexOf(string)' could vary based on the current user's locale settings. Replace this call in 'SunamoHtml.Html.HtmlHelperText.GetTextBetweenTags(string, string, string, bool)' with a call to 'string.IndexOf(string, System.StringComparison)'. (https://learn.microsoft.com/dotnet/fundamentals/code-analysis/quality-rules/ca1310) [E:\vs\Projects\PlatformIndependentNuGetPackages\SunamoHtml\SunamoHtml\SunamoHtml.csproj::TargetFramework=net8.0]
E:\vs\Projects\PlatformIndependentNuGetPackages\SunamoHtml\SunamoHtml\Html\HtmlHelperText.cs(168,23): warning CA1310: The behavior of 'string.IndexOf(string, int)' could vary based on the current user's locale settings. Replace this call in 'SunamoHtml.Html.HtmlHelperText.GetTextBetweenTags(string, string, string, bool)' with a call to 'string.IndexOf(string, int, System.StringComparison)'. (https://learn.microsoft.com/dotnet/fundamentals/code-analysis/quality-rules/ca1310) [E:\vs\Projects\PlatformIndependentNuGetPackages\SunamoHtml\SunamoHtml\SunamoHtml.csproj::TargetFramework=net8.0]
E:\vs\Projects\PlatformIndependentNuGetPackages\SunamoHtml\SunamoHtml\_sunamo\SunamoRegex\RegexHelper.cs(91,39): warning CA1310: The behavior of 'string.StartsWith(string)' could vary based on the current user's locale settings. Replace this call in 'SunamoHtml._sunamo.SunamoRegex.RegexHelper.IsUri(string)' with a call to 'string.StartsWith(string, System.StringComparison)'. (https://learn.microsoft.com/dotnet/fundamentals/code-analysis/quality-rules/ca1310) [E:\vs\Projects\PlatformIndependentNuGetPackages\SunamoHtml\SunamoHtml\SunamoHtml.csproj::TargetFramework=net8.0]
E:\vs\Projects\PlatformIndependentNuGetPackages\SunamoHtml\SunamoHtml\_sunamo\SunamoRegex\RegexHelper.cs(91,69): warning CA1310: The behavior of 'string.StartsWith(string)' could vary based on the current user's locale settings. Replace this call in 'SunamoHtml._sunamo.SunamoRegex.RegexHelper.IsUri(string)' with a call to 'string.StartsWith(string, System.StringComparison)'. (https://learn.microsoft.com/dotnet/fundamentals/code-analysis/quality-rules/ca1310) [E:\vs\Projects\PlatformIndependentNuGetPackages\SunamoHtml\SunamoHtml\SunamoHtml.csproj::TargetFramework=net8.0]
E:\vs\Projects\PlatformIndependentNuGetPackages\SunamoHtml\SunamoHtml\_sunamo\SunamoStringReplace\SHReplace.cs(33,20): warning CA1307: 'string.Replace(string, string?)' has a method overload that takes a 'StringComparison' parameter. Replace this call in 'SunamoHtml._sunamo.SunamoStringReplace.SHReplace.ReplaceAllDoubleSpaceToSingle(string, bool)' with a call to 'string.Replace(string, string?, System.StringComparison)' for clarity of intent. (https://learn.microsoft.com/dotnet/fundamentals/code-analysis/quality-rules/ca1307) [E:\vs\Projects\PlatformIndependentNuGetPackages\SunamoHtml\SunamoHtml\SunamoHtml.csproj::TargetFramework=net8.0]
E:\vs\Projects\PlatformIndependentNuGetPackages\SunamoHtml\SunamoHtml\_sunamo\SunamoStringReplace\SHReplace.cs(34,20): warning CA1307: 'string.Replace(string, string?)' has a method overload that takes a 'StringComparison' parameter. Replace this call in 'SunamoHtml._sunamo.SunamoStringReplace.SHReplace.ReplaceAllDoubleSpaceToSingle(string, bool)' with a call to 'string.Replace(string, string?, System.StringComparison)' for clarity of intent. (https://learn.microsoft.com/dotnet/fundamentals/code-analysis/quality-rules/ca1307) [E:\vs\Projects\PlatformIndependentNuGetPackages\SunamoHtml\SunamoHtml\SunamoHtml.csproj::TargetFramework=net8.0]
E:\vs\Projects\PlatformIndependentNuGetPackages\SunamoHtml\SunamoHtml\_sunamo\SunamoStringReplace\SHReplace.cs(35,20): warning CA1307: 'string.Replace(string, string?)' has a method overload that takes a 'StringComparison' parameter. Replace this call in 'SunamoHtml._sunamo.SunamoStringReplace.SHReplace.ReplaceAllDoubleSpaceToSingle(string, bool)' with a call to 'string.Replace(string, string?, System.StringComparison)' for clarity of intent. (https://learn.microsoft.com/dotnet/fundamentals/code-analysis/quality-rules/ca1307) [E:\vs\Projects\PlatformIndependentNuGetPackages\SunamoHtml\SunamoHtml\SunamoHtml.csproj::TargetFramework=net8.0]
E:\vs\Projects\PlatformIndependentNuGetPackages\SunamoHtml\SunamoHtml\_sunamo\SunamoStringReplace\SHReplace.cs(38,16): warning CA1307: 'string.Contains(string)' has a method overload that takes a 'StringComparison' parameter. Replace this call in 'SunamoHtml._sunamo.SunamoStringReplace.SHReplace.ReplaceAllDoubleSpaceToSingle(string, bool)' with a call to 'string.Contains(string, System.StringComparison)' for clarity of intent. (https://learn.microsoft.com/dotnet/fundamentals/code-analysis/quality-rules/ca1307) [E:\vs\Projects\PlatformIndependentNuGetPackages\SunamoHtml\SunamoHtml\SunamoHtml.csproj::TargetFramework=net8.0]
E:\vs\Projects\PlatformIndependentNuGetPackages\SunamoHtml\SunamoHtml\_sunamo\SunamoStringReplace\SHReplace.cs(39,20): warning CA1307: 'string.Replace(string, string?)' has a method overload that takes a 'StringComparison' parameter. Replace this call in 'SunamoHtml._sunamo.SunamoStringReplace.SHReplace.ReplaceAllDoubleSpaceToSingle(string, bool)' with a call to 'string.Replace(string, string?, System.StringComparison)' for clarity of intent. (https://learn.microsoft.com/dotnet/fundamentals/code-analysis/quality-rules/ca1307) [E:\vs\Projects\PlatformIndependentNuGetPackages\SunamoHtml\SunamoHtml\SunamoHtml.csproj::TargetFramework=net8.0]
E:\vs\Projects\PlatformIndependentNuGetPackages\SunamoHtml\SunamoHtml\Html\HtmlHelperText.cs(190,32): warning CA1002: Change 'List<string>' in 'HtmlHelperText.GetAllTags(string)' to use 'Collection<T>', 'ReadOnlyCollection<T>' or 'KeyedCollection<K,V>' (https://learn.microsoft.com/dotnet/fundamentals/code-analysis/quality-rules/ca1002) [E:\vs\Projects\PlatformIndependentNuGetPackages\SunamoHtml\SunamoHtml\SunamoHtml.csproj::TargetFramework=net8.0]
E:\vs\Projects\PlatformIndependentNuGetPackages\SunamoHtml\SunamoHtml\_sunamo\SunamoUri\UH.cs(10,14): warning CA1310: The behavior of 'string.StartsWith(string)' could vary based on the current user's locale settings. Replace this call in 'SunamoHtml._sunamo.SunamoUri.UH.AppendHttpIfNotExists(string)' with a call to 'string.StartsWith(string, System.StringComparison)'. (https://learn.microsoft.com/dotnet/fundamentals/code-analysis/quality-rules/ca1310) [E:\vs\Projects\PlatformIndependentNuGetPackages\SunamoHtml\SunamoHtml\SunamoHtml.csproj::TargetFramework=net8.0]
E:\vs\Projects\PlatformIndependentNuGetPackages\SunamoHtml\SunamoHtml\_sunamo\SunamoExceptions\Exceptions.cs(26,22): warning CA1310: The behavior of 'string.StartsWith(string)' could vary based on the current user's locale settings. Replace this call in 'SunamoHtml._sunamo.SunamoExceptions.Exceptions.PlaceOfException(bool)' with a call to 'string.StartsWith(string, System.StringComparison)'. (https://learn.microsoft.com/dotnet/fundamentals/code-analysis/quality-rules/ca1310) [E:\vs\Projects\PlatformIndependentNuGetPackages\SunamoHtml\SunamoHtml\SunamoHtml.csproj::TargetFramework=net8.0]
E:\vs\Projects\PlatformIndependentNuGetPackages\SunamoHtml\SunamoHtml\_sunamo\SunamoValues\Values\AllLists1.cs(6,12): warning CA1810: Initialize all static fields in 'AllLists' when those fields are declared and remove the explicit static constructor (https://learn.microsoft.com/dotnet/fundamentals/code-analysis/quality-rules/ca1810) [E:\vs\Projects\PlatformIndependentNuGetPackages\SunamoHtml\SunamoHtml\SunamoHtml.csproj::TargetFramework=net8.0]
E:\vs\Projects\PlatformIndependentNuGetPackages\SunamoHtml\SunamoHtml\_sunamo\SunamoExceptions\Exceptions.cs(31,17): warning CA1310: The behavior of 'string.StartsWith(string)' could vary based on the current user's locale settings. Replace this call in 'SunamoHtml._sunamo.SunamoExceptions.Exceptions.PlaceOfException(bool)' with a call to 'string.StartsWith(string, System.StringComparison)'. (https://learn.microsoft.com/dotnet/fundamentals/code-analysis/quality-rules/ca1310) [E:\vs\Projects\PlatformIndependentNuGetPackages\SunamoHtml\SunamoHtml\SunamoHtml.csproj::TargetFramework=net8.0]
E:\vs\Projects\PlatformIndependentNuGetPackages\SunamoHtml\SunamoHtml\Html\HtmlHelperShared.cs(225,125): warning CA1002: Change 'List<string>' in 'HtmlHelper.HighlightingWords(string, int, int, List<string>)' to use 'Collection<T>', 'ReadOnlyCollection<T>' or 'KeyedCollection<K,V>' (https://learn.microsoft.com/dotnet/fundamentals/code-analysis/quality-rules/ca1002) [E:\vs\Projects\PlatformIndependentNuGetPackages\SunamoHtml\SunamoHtml\SunamoHtml.csproj::TargetFramework=net8.0]
E:\vs\Projects\PlatformIndependentNuGetPackages\SunamoHtml\SunamoHtml\Html\HtmlHelperShared.cs(228,49): warning CA1311: Specify a culture or use an invariant version to avoid implicit dependency on current culture (https://learn.microsoft.com/dotnet/fundamentals/code-analysis/quality-rules/ca1311) [E:\vs\Projects\PlatformIndependentNuGetPackages\SunamoHtml\SunamoHtml\SunamoHtml.csproj::TargetFramework=net8.0]
E:\vs\Projects\PlatformIndependentNuGetPackages\SunamoHtml\SunamoHtml\Html\HtmlHelperShared.cs(291,42): warning CA1311: Specify a culture or use an invariant version to avoid implicit dependency on current culture (https://learn.microsoft.com/dotnet/fundamentals/code-analysis/quality-rules/ca1311) [E:\vs\Projects\PlatformIndependentNuGetPackages\SunamoHtml\SunamoHtml\SunamoHtml.csproj::TargetFramework=net8.0]
E:\vs\Projects\PlatformIndependentNuGetPackages\SunamoHtml\SunamoHtml\Html\HtmlHelperShared.cs(228,32): warning CA1304: The behavior of 'string.ToLower()' could vary based on the current user's locale settings. Replace this call in 'HtmlHelper.HighlightingWords(string, int, int, List<string>)' with a call to 'string.ToLower(CultureInfo)'. (https://learn.microsoft.com/dotnet/fundamentals/code-analysis/quality-rules/ca1304) [E:\vs\Projects\PlatformIndependentNuGetPackages\SunamoHtml\SunamoHtml\SunamoHtml.csproj::TargetFramework=net8.0]
E:\vs\Projects\PlatformIndependentNuGetPackages\SunamoHtml\SunamoHtml\Html\HtmlHelperShared.cs(291,37): warning CA1304: The behavior of 'string.ToLower()' could vary based on the current user's locale settings. Replace this call in 'HtmlHelper.HighlightingWords(string, int, int, List<string>)' with a call to 'string.ToLower(CultureInfo)'. (https://learn.microsoft.com/dotnet/fundamentals/code-analysis/quality-rules/ca1304) [E:\vs\Projects\PlatformIndependentNuGetPackages\SunamoHtml\SunamoHtml\SunamoHtml.csproj::TargetFramework=net8.0]
E:\vs\Projects\PlatformIndependentNuGetPackages\SunamoHtml\SunamoHtml\Html\HtmlHelperText.cs(160,13): warning CA1062: In externally visible method 'Tuple<string, string> HtmlHelperText.GetTextBetweenTags(string html, string scriptS, string scriptE, bool isThrowExceptionIfNotContains = true)', validate parameter 'scriptS' is non-null before using it. If appropriate, throw an 'ArgumentNullException' when the argument is 'null'. (https://learn.microsoft.com/dotnet/fundamentals/code-analysis/quality-rules/ca1062) [E:\vs\Projects\PlatformIndependentNuGetPackages\SunamoHtml\SunamoHtml\SunamoHtml.csproj::TargetFramework=net8.0]
E:\vs\Projects\PlatformIndependentNuGetPackages\SunamoHtml\SunamoHtml\Html\HtmlHelperText.cs(163,18): warning CA1062: In externally visible method 'Tuple<string, string> HtmlHelperText.GetTextBetweenTags(string html, string scriptS, string scriptE, bool isThrowExceptionIfNotContains = true)', validate parameter 'html' is non-null before using it. If appropriate, throw an 'ArgumentNullException' when the argument is 'null'. (https://learn.microsoft.com/dotnet/fundamentals/code-analysis/quality-rules/ca1062) [E:\vs\Projects\PlatformIndependentNuGetPackages\SunamoHtml\SunamoHtml\SunamoHtml.csproj::TargetFramework=net8.0]
E:\vs\Projects\PlatformIndependentNuGetPackages\SunamoHtml\SunamoHtml\_sunamo\SunamoValues\Constants\HtmlStartingTags.cs(11,25): warning CA1823: Unused field 'Type' (https://learn.microsoft.com/dotnet/fundamentals/code-analysis/quality-rules/ca1823) [E:\vs\Projects\PlatformIndependentNuGetPackages\SunamoHtml\SunamoHtml\SunamoHtml.csproj::TargetFramework=net8.0]
E:\vs\Projects\PlatformIndependentNuGetPackages\SunamoHtml\SunamoHtml\_sunamo\SunamoStringReplace\SHReplace.cs(62,53): warning CA1307: 'string.Replace(string, string?)' has a method overload that takes a 'StringComparison' parameter. Replace this call in 'SunamoHtml._sunamo.SunamoStringReplace.SHReplace.ReplaceAll(string, string, params string[])' with a call to 'string.Replace(string, string?, System.StringComparison)' for clarity of intent. (https://learn.microsoft.com/dotnet/fundamentals/code-analysis/quality-rules/ca1307) [E:\vs\Projects\PlatformIndependentNuGetPackages\SunamoHtml\SunamoHtml\SunamoHtml.csproj::TargetFramework=net8.0]
E:\vs\Projects\PlatformIndependentNuGetPackages\SunamoHtml\SunamoHtml\_sunamo\SunamoStringSplit\SHSplit.cs(31,21): warning CA1820: Test for empty strings using 'string.Length' property or 'string.IsNullOrEmpty' method instead of an Equality check (https://learn.microsoft.com/dotnet/fundamentals/code-analysis/quality-rules/ca1820) [E:\vs\Projects\PlatformIndependentNuGetPackages\SunamoHtml\SunamoHtml\SunamoHtml.csproj::TargetFramework=net8.0]
E:\vs\Projects\PlatformIndependentNuGetPackages\SunamoHtml\SunamoHtml\Html\HtmlHelperText.cs(227,62): warning CA1002: Change 'List<string>' in 'HtmlHelperText.ContainsTag(string, List<string>)' to use 'Collection<T>', 'ReadOnlyCollection<T>' or 'KeyedCollection<K,V>' (https://learn.microsoft.com/dotnet/fundamentals/code-analysis/quality-rules/ca1002) [E:\vs\Projects\PlatformIndependentNuGetPackages\SunamoHtml\SunamoHtml\SunamoHtml.csproj::TargetFramework=net8.0]
E:\vs\Projects\PlatformIndependentNuGetPackages\SunamoHtml\SunamoHtml\_sunamo\SunamoValues\Constants\HtmlEndingTags.cs(11,25): warning CA1823: Unused field 'Type' (https://learn.microsoft.com/dotnet/fundamentals/code-analysis/quality-rules/ca1823) [E:\vs\Projects\PlatformIndependentNuGetPackages\SunamoHtml\SunamoHtml\SunamoHtml.csproj::TargetFramework=net8.0]
E:\vs\Projects\PlatformIndependentNuGetPackages\SunamoHtml\SunamoHtml\Html\HtmlHelperText.cs(230,17): warning CA1307: 'string.Contains(string)' has a method overload that takes a 'StringComparison' parameter. Replace this call in 'SunamoHtml.Html.HtmlHelperText.ContainsTag(string, System.Collections.Generic.List<string>)' with a call to 'string.Contains(string, System.StringComparison)' for clarity of intent. (https://learn.microsoft.com/dotnet/fundamentals/code-analysis/quality-rules/ca1307) [E:\vs\Projects\PlatformIndependentNuGetPackages\SunamoHtml\SunamoHtml\SunamoHtml.csproj::TargetFramework=net8.0]
E:\vs\Projects\PlatformIndependentNuGetPackages\SunamoHtml\SunamoHtml\Html\HtmlHelperText.cs(245,54): warning CA1311: Specify a culture or use an invariant version to avoid implicit dependency on current culture (https://learn.microsoft.com/dotnet/fundamentals/code-analysis/quality-rules/ca1311) [E:\vs\Projects\PlatformIndependentNuGetPackages\SunamoHtml\SunamoHtml\SunamoHtml.csproj::TargetFramework=net8.0]
E:\vs\Projects\PlatformIndependentNuGetPackages\SunamoHtml\SunamoHtml\Html\HtmlHelperText.cs(245,15): warning CA1304: The behavior of 'string.ToLower()' could vary based on the current user's locale settings. Replace this call in 'HtmlHelperText.GetSyntax(ref string)' with a call to 'string.ToLower(CultureInfo)'. (https://learn.microsoft.com/dotnet/fundamentals/code-analysis/quality-rules/ca1304) [E:\vs\Projects\PlatformIndependentNuGetPackages\SunamoHtml\SunamoHtml\SunamoHtml.csproj::TargetFramework=net8.0]
E:\vs\Projects\PlatformIndependentNuGetPackages\SunamoHtml\SunamoHtml\Html\HtmlHelperText.cs(229,30): warning CA1062: In externally visible method 'bool HtmlHelperText.ContainsTag(string text, List<string> allHtmlTagsWithLeftArrow)', validate parameter 'allHtmlTagsWithLeftArrow' is non-null before using it. If appropriate, throw an 'ArgumentNullException' when the argument is 'null'. (https://learn.microsoft.com/dotnet/fundamentals/code-analysis/quality-rules/ca1062) [E:\vs\Projects\PlatformIndependentNuGetPackages\SunamoHtml\SunamoHtml\SunamoHtml.csproj::TargetFramework=net8.0]
E:\vs\Projects\PlatformIndependentNuGetPackages\SunamoHtml\SunamoHtml\Html\HtmlHelperText.cs(230,17): warning CA1062: In externally visible method 'bool HtmlHelperText.ContainsTag(string text, List<string> allHtmlTagsWithLeftArrow)', validate parameter 'text' is non-null before using it. If appropriate, throw an 'ArgumentNullException' when the argument is 'null'. (https://learn.microsoft.com/dotnet/fundamentals/code-analysis/quality-rules/ca1062) [E:\vs\Projects\PlatformIndependentNuGetPackages\SunamoHtml\SunamoHtml\SunamoHtml.csproj::TargetFramework=net8.0]
E:\vs\Projects\PlatformIndependentNuGetPackages\SunamoHtml\SunamoHtml\Html\HtmlHelperText.cs(274,32): warning CA1002: Change 'List<string>' in 'HtmlHelperText.SplitBySpaceAndLtGt(string)' to use 'Collection<T>', 'ReadOnlyCollection<T>' or 'KeyedCollection<K,V>' (https://learn.microsoft.com/dotnet/fundamentals/code-analysis/quality-rules/ca1002) [E:\vs\Projects\PlatformIndependentNuGetPackages\SunamoHtml\SunamoHtml\SunamoHtml.csproj::TargetFramework=net8.0]
E:\vs\Projects\PlatformIndependentNuGetPackages\SunamoHtml\SunamoHtml\Html\HtmlHelperText.cs(276,31): warning CA1062: In externally visible method 'List<string> HtmlHelperText.SplitBySpaceAndLtGt(string shortDescription)', validate parameter 'shortDescription' is non-null before using it. If appropriate, throw an 'ArgumentNullException' when the argument is 'null'. (https://learn.microsoft.com/dotnet/fundamentals/code-analysis/quality-rules/ca1062) [E:\vs\Projects\PlatformIndependentNuGetPackages\SunamoHtml\SunamoHtml\SunamoHtml.csproj::TargetFramework=net8.0]
E:\vs\Projects\PlatformIndependentNuGetPackages\SunamoHtml\SunamoHtml\Html\HtmlHelperText.cs(287,16): warning CA1062: In externally visible method 'bool HtmlHelperText.IsHtmlEntity(string text)', validate parameter 'text' is non-null before using it. If appropriate, throw an 'ArgumentNullException' when the argument is 'null'. (https://learn.microsoft.com/dotnet/fundamentals/code-analysis/quality-rules/ca1062) [E:\vs\Projects\PlatformIndependentNuGetPackages\SunamoHtml\SunamoHtml\SunamoHtml.csproj::TargetFramework=net8.0]
E:\vs\Projects\PlatformIndependentNuGetPackages\SunamoHtml\SunamoHtml\Html\HtmlHelperText.cs(244,29): warning CA1062: In externally visible method 'HtmlTagSyntax HtmlHelperText.GetSyntax(ref string tag)', validate parameter 'tag' is non-null before using it. If appropriate, throw an 'ArgumentNullException' when the argument is 'null'. (https://learn.microsoft.com/dotnet/fundamentals/code-analysis/quality-rules/ca1062) [E:\vs\Projects\PlatformIndependentNuGetPackages\SunamoHtml\SunamoHtml\SunamoHtml.csproj::TargetFramework=net8.0]
E:\vs\Projects\PlatformIndependentNuGetPackages\SunamoHtml\SunamoHtml\_sunamo\SunamoCollectionsChangeContent\CAChangeContent.cs(52,25): warning CA1820: Test for empty strings using 'string.Length' property or 'string.IsNullOrEmpty' method instead of an Equality check (https://learn.microsoft.com/dotnet/fundamentals/code-analysis/quality-rules/ca1820) [E:\vs\Projects\PlatformIndependentNuGetPackages\SunamoHtml\SunamoHtml\SunamoHtml.csproj::TargetFramework=net8.0]
E:\vs\Projects\PlatformIndependentNuGetPackages\SunamoHtml\SunamoHtml\Html\HtmlTableParser.cs(28,13): warning CA1062: In externally visible method 'HtmlTableParser.HtmlTableParser(HtmlNode html, bool isIgnoreFirstRow)', validate parameter 'html' is non-null before using it. If appropriate, throw an 'ArgumentNullException' when the argument is 'null'. (https://learn.microsoft.com/dotnet/fundamentals/code-analysis/quality-rules/ca1062) [E:\vs\Projects\PlatformIndependentNuGetPackages\SunamoHtml\SunamoHtml\SunamoHtml.csproj::TargetFramework=net8.0]
E:\vs\Projects\PlatformIndependentNuGetPackages\SunamoHtml\SunamoHtml\Html\HtmlHelperText.cs(297,32): warning CA1002: Change 'List<string>' in 'HtmlHelperText.GetContentOfTags(string, string)' to use 'Collection<T>', 'ReadOnlyCollection<T>' or 'KeyedCollection<K,V>' (https://learn.microsoft.com/dotnet/fundamentals/code-analysis/quality-rules/ca1002) [E:\vs\Projects\PlatformIndependentNuGetPackages\SunamoHtml\SunamoHtml\SunamoHtml.csproj::TargetFramework=net8.0]
E:\vs\Projects\PlatformIndependentNuGetPackages\SunamoHtml\SunamoHtml\_sunamo\SunamoExceptions\ThrowEx.cs(72,23): warning CA2201: Exception type System.Exception is not sufficiently specific (https://learn.microsoft.com/dotnet/fundamentals/code-analysis/quality-rules/ca2201) [E:\vs\Projects\PlatformIndependentNuGetPackages\SunamoHtml\SunamoHtml\SunamoHtml.csproj::TargetFramework=net8.0]
E:\vs\Projects\PlatformIndependentNuGetPackages\SunamoHtml\SunamoHtml\Html\HtmlHelperText.cs(312,27): warning CA2201: Exception type System.Exception is not sufficiently specific (https://learn.microsoft.com/dotnet/fundamentals/code-analysis/quality-rules/ca2201) [E:\vs\Projects\PlatformIndependentNuGetPackages\SunamoHtml\SunamoHtml\SunamoHtml.csproj::TargetFramework=net8.0]
E:\vs\Projects\PlatformIndependentNuGetPackages\SunamoHtml\SunamoHtml\Html\HtmlHelperText.cs(302,19): warning CA1310: The behavior of 'string.IndexOf(string)' could vary based on the current user's locale settings. Replace this call in 'SunamoHtml.Html.HtmlHelperText.GetContentOfTags(string, string)' with a call to 'string.IndexOf(string, System.StringComparison)'. (https://learn.microsoft.com/dotnet/fundamentals/code-analysis/quality-rules/ca1310) [E:\vs\Projects\PlatformIndependentNuGetPackages\SunamoHtml\SunamoHtml\SunamoHtml.csproj::TargetFramework=net8.0]
E:\vs\Projects\PlatformIndependentNuGetPackages\SunamoHtml\SunamoHtml\Html\HtmlHelperText.cs(307,24): warning CA1310: The behavior of 'string.IndexOf(string, int)' could vary based on the current user's locale settings. Replace this call in 'SunamoHtml.Html.HtmlHelperText.GetContentOfTags(string, string)' with a call to 'string.IndexOf(string, int, System.StringComparison)'. (https://learn.microsoft.com/dotnet/fundamentals/code-analysis/quality-rules/ca1310) [E:\vs\Projects\PlatformIndependentNuGetPackages\SunamoHtml\SunamoHtml\SunamoHtml.csproj::TargetFramework=net8.0]
E:\vs\Projects\PlatformIndependentNuGetPackages\SunamoHtml\SunamoHtml\Html\HtmlHelperText.cs(308,26): warning CA1310: The behavior of 'string.IndexOf(string, int)' could vary based on the current user's locale settings. Replace this call in 'SunamoHtml.Html.HtmlHelperText.GetContentOfTags(string, string)' with a call to 'string.IndexOf(string, int, System.StringComparison)'. (https://learn.microsoft.com/dotnet/fundamentals/code-analysis/quality-rules/ca1310) [E:\vs\Projects\PlatformIndependentNuGetPackages\SunamoHtml\SunamoHtml\SunamoHtml.csproj::TargetFramework=net8.0]
E:\vs\Projects\PlatformIndependentNuGetPackages\SunamoHtml\SunamoHtml\Html\HtmlHelperText.cs(316,19): warning CA1310: The behavior of 'string.IndexOf(string, int)' could vary based on the current user's locale settings. Replace this call in 'SunamoHtml.Html.HtmlHelperText.GetContentOfTags(string, string)' with a call to 'string.IndexOf(string, int, System.StringComparison)'. (https://learn.microsoft.com/dotnet/fundamentals/code-analysis/quality-rules/ca1310) [E:\vs\Projects\PlatformIndependentNuGetPackages\SunamoHtml\SunamoHtml\SunamoHtml.csproj::TargetFramework=net8.0]
E:\vs\Projects\PlatformIndependentNuGetPackages\SunamoHtml\SunamoHtml\_sunamo\SunamoExceptions\Exceptions.cs(44,36): warning CA1861: Prefer 'static readonly' fields over constant array arguments if the called method is called repeatedly and is not mutating the passed array (https://learn.microsoft.com/dotnet/fundamentals/code-analysis/quality-rules/ca1861) [E:\vs\Projects\PlatformIndependentNuGetPackages\SunamoHtml\SunamoHtml\SunamoHtml.csproj::TargetFramework=net8.0]
E:\vs\Projects\PlatformIndependentNuGetPackages\SunamoHtml\SunamoHtml\_sunamo\SunamoString\SH.cs(53,39): warning CA1311: Specify a culture or use an invariant version to avoid implicit dependency on current culture (https://learn.microsoft.com/dotnet/fundamentals/code-analysis/quality-rules/ca1311) [E:\vs\Projects\PlatformIndependentNuGetPackages\SunamoHtml\SunamoHtml\SunamoHtml.csproj::TargetFramework=net8.0]
E:\vs\Projects\PlatformIndependentNuGetPackages\SunamoHtml\SunamoHtml\Html\HtmlHelperText.cs(264,38): warning CA1062: In externally visible method 'string HtmlHelperText.TrimInnerOfEncodedHtml(string value)', validate parameter 'value' is non-null before using it. If appropriate, throw an 'ArgumentNullException' when the argument is 'null'. (https://learn.microsoft.com/dotnet/fundamentals/code-analysis/quality-rules/ca1062) [E:\vs\Projects\PlatformIndependentNuGetPackages\SunamoHtml\SunamoHtml\SunamoHtml.csproj::TargetFramework=net8.0]
E:\vs\Projects\PlatformIndependentNuGetPackages\SunamoHtml\SunamoHtml\Html\HtmlHelperText.cs(302,19): warning CA1062: In externally visible method 'List<string> HtmlHelperText.GetContentOfTags(string text, string tagName)', validate parameter 'text' is non-null before using it. If appropriate, throw an 'ArgumentNullException' when the argument is 'null'. (https://learn.microsoft.com/dotnet/fundamentals/code-analysis/quality-rules/ca1062) [E:\vs\Projects\PlatformIndependentNuGetPackages\SunamoHtml\SunamoHtml\SunamoHtml.csproj::TargetFramework=net8.0]
E:\vs\Projects\PlatformIndependentNuGetPackages\SunamoHtml\SunamoHtml\Html\HtmlHelperSunamoCz.cs(18,16): warning CA1307: 'string.Replace(string, string?)' has a method overload that takes a 'StringComparison' parameter. Replace this call in 'SunamoHtml.Html.HtmlHelperSunamoCz.ConvertTextToHtmlWithAnchors(string, ref string)' with a call to 'string.Replace(string, string?, System.StringComparison)' for clarity of intent. (https://learn.microsoft.com/dotnet/fundamentals/code-analysis/quality-rules/ca1307) [E:\vs\Projects\PlatformIndependentNuGetPackages\SunamoHtml\SunamoHtml\SunamoHtml.csproj::TargetFramework=net8.0]
E:\vs\Projects\PlatformIndependentNuGetPackages\SunamoHtml\SunamoHtml\Html\HtmlHelperSunamoCz.cs(22,16): warning CA1307: 'string.Replace(string, string?)' has a method overload that takes a 'StringComparison' parameter. Replace this call in 'SunamoHtml.Html.HtmlHelperSunamoCz.ConvertTextToHtmlWithAnchors(string, ref string)' with a call to 'string.Replace(string, string?, System.StringComparison)' for clarity of intent. (https://learn.microsoft.com/dotnet/fundamentals/code-analysis/quality-rules/ca1307) [E:\vs\Projects\PlatformIndependentNuGetPackages\SunamoHtml\SunamoHtml\SunamoHtml.csproj::TargetFramework=net8.0]
E:\vs\Projects\PlatformIndependentNuGetPackages\SunamoHtml\SunamoHtml\Html\HtmlHelperSunamoCz.cs(29,17): warning CA1310: The behavior of 'string.StartsWith(string)' could vary based on the current user's locale settings. Replace this call in 'SunamoHtml.Html.HtmlHelperSunamoCz.ConvertTextToHtmlWithAnchors(string, ref string)' with a call to 'string.StartsWith(string, System.StringComparison)'. (https://learn.microsoft.com/dotnet/fundamentals/code-analysis/quality-rules/ca1310) [E:\vs\Projects\PlatformIndependentNuGetPackages\SunamoHtml\SunamoHtml\SunamoHtml.csproj::TargetFramework=net8.0]
E:\vs\Projects\PlatformIndependentNuGetPackages\SunamoHtml\SunamoHtml\Html\HtmlHelperSunamoCz.cs(29,48): warning CA1310: The behavior of 'string.StartsWith(string)' could vary based on the current user's locale settings. Replace this call in 'SunamoHtml.Html.HtmlHelperSunamoCz.ConvertTextToHtmlWithAnchors(string, ref string)' with a call to 'string.StartsWith(string, System.StringComparison)'. (https://learn.microsoft.com/dotnet/fundamentals/code-analysis/quality-rules/ca1310) [E:\vs\Projects\PlatformIndependentNuGetPackages\SunamoHtml\SunamoHtml\SunamoHtml.csproj::TargetFramework=net8.0]
E:\vs\Projects\PlatformIndependentNuGetPackages\SunamoHtml\SunamoHtml\Html\HtmlHelperSunamoCz.cs(29,79): warning CA1310: The behavior of 'string.StartsWith(string)' could vary based on the current user's locale settings. Replace this call in 'SunamoHtml.Html.HtmlHelperSunamoCz.ConvertTextToHtmlWithAnchors(string, ref string)' with a call to 'string.StartsWith(string, System.StringComparison)'. (https://learn.microsoft.com/dotnet/fundamentals/code-analysis/quality-rules/ca1310) [E:\vs\Projects\PlatformIndependentNuGetPackages\SunamoHtml\SunamoHtml\SunamoHtml.csproj::TargetFramework=net8.0]
E:\vs\Projects\PlatformIndependentNuGetPackages\SunamoHtml\SunamoHtml\_sunamo\SunamoString\SH.cs(53,25): warning CA1304: The behavior of 'string.ToLower()' could vary based on the current user's locale settings. Replace this call in 'SH.ReturnOccurencesOfStringFromToWord(string, params string[])' with a call to 'string.ToLower(CultureInfo)'. (https://learn.microsoft.com/dotnet/fundamentals/code-analysis/quality-rules/ca1304) [E:\vs\Projects\PlatformIndependentNuGetPackages\SunamoHtml\SunamoHtml\SunamoHtml.csproj::TargetFramework=net8.0]
E:\vs\Projects\PlatformIndependentNuGetPackages\SunamoHtml\SunamoHtml\_sunamo\SunamoString\SH.cs(105,30): warning CA1307: 'string.IndexOf(char)' has a method overload that takes a 'StringComparison' parameter. Replace this call in 'SunamoHtml._sunamo.SunamoString.SH.GetFirstPartByLocation(string, char)' with a call to 'string.IndexOf(char, System.StringComparison)' for clarity of intent. (https://learn.microsoft.com/dotnet/fundamentals/code-analysis/quality-rules/ca1307) [E:\vs\Projects\PlatformIndependentNuGetPackages\SunamoHtml\SunamoHtml\SunamoHtml.csproj::TargetFramework=net8.0]
E:\vs\Projects\PlatformIndependentNuGetPackages\SunamoHtml\SunamoHtml\Html\HtmlHelperText.cs(339,57): warning CA1002: Change 'List<string>' in 'HtmlHelperText.ConvertTextToHtml(List<string>)' to use 'Collection<T>', 'ReadOnlyCollection<T>' or 'KeyedCollection<K,V>' (https://learn.microsoft.com/dotnet/fundamentals/code-analysis/quality-rules/ca1002) [E:\vs\Projects\PlatformIndependentNuGetPackages\SunamoHtml\SunamoHtml\SunamoHtml.csproj::TargetFramework=net8.0]
E:\vs\Projects\PlatformIndependentNuGetPackages\SunamoHtml\SunamoHtml\Html\HtmlHelperText.cs(348,18): warning CA1307: 'string.Replace(string, string?)' has a method overload that takes a 'StringComparison' parameter. Replace this call in 'SunamoHtml.Html.HtmlHelperText.ConvertTextToHtml(System.Collections.Generic.List<string>)' with a call to 'string.Replace(string, string?, System.StringComparison)' for clarity of intent. (https://learn.microsoft.com/dotnet/fundamentals/code-analysis/quality-rules/ca1307) [E:\vs\Projects\PlatformIndependentNuGetPackages\SunamoHtml\SunamoHtml\SunamoHtml.csproj::TargetFramework=net8.0]
E:\vs\Projects\PlatformIndependentNuGetPackages\SunamoHtml\SunamoHtml\Html\HtmlHelperText.cs(374,31): warning CA1866: Use 'string.StartsWith(char)' instead of 'string.StartsWith(string)' when you have a string with a single char (https://learn.microsoft.com/dotnet/fundamentals/code-analysis/quality-rules/ca1866) [E:\vs\Projects\PlatformIndependentNuGetPackages\SunamoHtml\SunamoHtml\SunamoHtml.csproj::TargetFramework=net8.0]
E:\vs\Projects\PlatformIndependentNuGetPackages\SunamoHtml\SunamoHtml\Html\HtmlHelperText.cs(370,41): warning CA1311: Specify a culture or use an invariant version to avoid implicit dependency on current culture (https://learn.microsoft.com/dotnet/fundamentals/code-analysis/quality-rules/ca1311) [E:\vs\Projects\PlatformIndependentNuGetPackages\SunamoHtml\SunamoHtml\SunamoHtml.csproj::TargetFramework=net8.0]
E:\vs\Projects\PlatformIndependentNuGetPackages\SunamoHtml\SunamoHtml\Html\HtmlHelperShared1.cs(54,13): warning CA1062: In externally visible method 'HtmlNode HtmlHelper.TrimNode(HtmlNode htmlNode)', validate parameter 'htmlNode' is non-null before using it. If appropriate, throw an 'ArgumentNullException' when the argument is 'null'. (https://learn.microsoft.com/dotnet/fundamentals/code-analysis/quality-rules/ca1062) [E:\vs\Projects\PlatformIndependentNuGetPackages\SunamoHtml\SunamoHtml\SunamoHtml.csproj::TargetFramework=net8.0]
E:\vs\Projects\PlatformIndependentNuGetPackages\SunamoHtml\SunamoHtml\_sunamo\SunamoExceptions\Exceptions.cs(93,18): warning CA1307: 'string.Contains(string)' has a method overload that takes a 'StringComparison' parameter. Replace this call in 'SunamoHtml._sunamo.SunamoExceptions.Exceptions.NotContains(string, string, params string[])' with a call to 'string.Contains(string, System.StringComparison)' for clarity of intent. (https://learn.microsoft.com/dotnet/fundamentals/code-analysis/quality-rules/ca1307) [E:\vs\Projects\PlatformIndependentNuGetPackages\SunamoHtml\SunamoHtml\SunamoHtml.csproj::TargetFramework=net8.0]
E:\vs\Projects\PlatformIndependentNuGetPackages\SunamoHtml\SunamoHtml\Html\HtmlHelperText.cs(370,23): warning CA1304: The behavior of 'string.ToLower()' could vary based on the current user's locale settings. Replace this call in 'HtmlHelperText.AddIntoParagraph(string)' with a call to 'string.ToLower(CultureInfo)'. (https://learn.microsoft.com/dotnet/fundamentals/code-analysis/quality-rules/ca1304) [E:\vs\Projects\PlatformIndependentNuGetPackages\SunamoHtml\SunamoHtml\SunamoHtml.csproj::TargetFramework=net8.0]
E:\vs\Projects\PlatformIndependentNuGetPackages\SunamoHtml\SunamoHtml\Html\HtmlHelperText.cs(362,13): warning CA1307: 'string.Contains(string)' has a method overload that takes a 'StringComparison' parameter. Replace this call in 'SunamoHtml.Html.HtmlHelperText.AddIntoParagraph(string)' with a call to 'string.Contains(string, System.StringComparison)' for clarity of intent. (https://learn.microsoft.com/dotnet/fundamentals/code-analysis/quality-rules/ca1307) [E:\vs\Projects\PlatformIndependentNuGetPackages\SunamoHtml\SunamoHtml\SunamoHtml.csproj::TargetFramework=net8.0]
E:\vs\Projects\PlatformIndependentNuGetPackages\SunamoHtml\SunamoHtml\Html\HtmlHelperText.cs(365,20): warning CA1307: 'string.Replace(string, string?)' has a method overload that takes a 'StringComparison' parameter. Replace this call in 'SunamoHtml.Html.HtmlHelperText.AddIntoParagraph(string)' with a call to 'string.Replace(string, string?, System.StringComparison)' for clarity of intent. (https://learn.microsoft.com/dotnet/fundamentals/code-analysis/quality-rules/ca1307) [E:\vs\Projects\PlatformIndependentNuGetPackages\SunamoHtml\SunamoHtml\SunamoHtml.csproj::TargetFramework=net8.0]
E:\vs\Projects\PlatformIndependentNuGetPackages\SunamoHtml\SunamoHtml\Html\HtmlHelperText.cs(374,17): warning CA1310: The behavior of 'string.StartsWith(string)' could vary based on the current user's locale settings. Replace this call in 'SunamoHtml.Html.HtmlHelperText.AddIntoParagraph(string)' with a call to 'string.StartsWith(string, System.StringComparison)'. (https://learn.microsoft.com/dotnet/fundamentals/code-analysis/quality-rules/ca1310) [E:\vs\Projects\PlatformIndependentNuGetPackages\SunamoHtml\SunamoHtml\SunamoHtml.csproj::TargetFramework=net8.0]
E:\vs\Projects\PlatformIndependentNuGetPackages\SunamoHtml\SunamoHtml\Html\HtmlHelperText.cs(391,30): warning CA1847: Use 'string.Contains(char)' instead of 'string.Contains(string)' when searching for a single character (https://learn.microsoft.com/dotnet/fundamentals/code-analysis/quality-rules/ca1847) [E:\vs\Projects\PlatformIndependentNuGetPackages\SunamoHtml\SunamoHtml\SunamoHtml.csproj::TargetFramework=net8.0]
E:\vs\Projects\PlatformIndependentNuGetPackages\SunamoHtml\SunamoHtml\Html\HtmlAssistant.cs(265,20): warning CA1308: In method 'RemoveAllAttrs', replace the call to 'ToLowerInvariant' with 'ToUpperInvariant' (https://learn.microsoft.com/dotnet/fundamentals/code-analysis/quality-rules/ca1308) [E:\vs\Projects\PlatformIndependentNuGetPackages\SunamoHtml\SunamoHtml\SunamoHtml.csproj::TargetFramework=net8.0]
E:\vs\Projects\PlatformIndependentNuGetPackages\SunamoHtml\SunamoHtml\_public\SunamoXml\Generators\XmlGeneratorHtml.cs(286,29): warning CA1829: Use the "Length" property instead of Enumerable.Count() (https://learn.microsoft.com/dotnet/fundamentals/code-analysis/quality-rules/ca1829) [E:\vs\Projects\PlatformIndependentNuGetPackages\SunamoHtml\SunamoHtml\SunamoHtml.csproj::TargetFramework=net8.0]
E:\vs\Projects\PlatformIndependentNuGetPackages\SunamoHtml\SunamoHtml\Html\HtmlHelperText.cs(391,13): warning CA1307: 'string.Contains(string)' has a method overload that takes a 'StringComparison' parameter. Replace this call in 'SunamoHtml.Html.HtmlHelperText.GetFirstTag(string)' with a call to 'string.Contains(string, System.StringComparison)' for clarity of intent. (https://learn.microsoft.com/dotnet/fundamentals/code-analysis/quality-rules/ca1307) [E:\vs\Projects\PlatformIndependentNuGetPackages\SunamoHtml\SunamoHtml\SunamoHtml.csproj::TargetFramework=net8.0]
E:\vs\Projects\PlatformIndependentNuGetPackages\SunamoHtml\SunamoHtml\Html\HtmlHelperShared1.cs(72,34): warning CA1002: Change 'List<HtmlNode>' in 'HtmlHelper.ReturnTagsRek(HtmlNode, string)' to use 'Collection<T>', 'ReadOnlyCollection<T>' or 'KeyedCollection<K,V>' (https://learn.microsoft.com/dotnet/fundamentals/code-analysis/quality-rules/ca1002) [E:\vs\Projects\PlatformIndependentNuGetPackages\SunamoHtml\SunamoHtml\SunamoHtml.csproj::TargetFramework=net8.0]
E:\vs\Projects\PlatformIndependentNuGetPackages\SunamoHtml\SunamoHtml\HtmlAgilityHelper.cs(248,71): warning CA1002: Change 'List<string>' in 'HtmlAgilityHelper.InsertGroup(HtmlNode, List<string>)' to use 'Collection<T>', 'ReadOnlyCollection<T>' or 'KeyedCollection<K,V>' (https://learn.microsoft.com/dotnet/fundamentals/code-analysis/quality-rules/ca1002) [E:\vs\Projects\PlatformIndependentNuGetPackages\SunamoHtml\SunamoHtml\SunamoHtml.csproj::TargetFramework=net8.0]
E:\vs\Projects\PlatformIndependentNuGetPackages\SunamoHtml\SunamoHtml\Html\HtmlAssistant.cs(300,75): warning CA1062: In externally visible method 'string HtmlAssistant.InnerTextDecodeTrim(string result)', validate parameter 'result' is non-null before using it. If appropriate, throw an 'ArgumentNullException' when the argument is 'null'. (https://learn.microsoft.com/dotnet/fundamentals/code-analysis/quality-rules/ca1062) [E:\vs\Projects\PlatformIndependentNuGetPackages\SunamoHtml\SunamoHtml\SunamoHtml.csproj::TargetFramework=net8.0]
E:\vs\Projects\PlatformIndependentNuGetPackages\SunamoHtml\SunamoHtml\_sunamo\SunamoExceptions\Exceptions.cs(63,35): warning CA1823: Unused field 'sbAdditionalInfoInner' (https://learn.microsoft.com/dotnet/fundamentals/code-analysis/quality-rules/ca1823) [E:\vs\Projects\PlatformIndependentNuGetPackages\SunamoHtml\SunamoHtml\SunamoHtml.csproj::TargetFramework=net8.0]
E:\vs\Projects\PlatformIndependentNuGetPackages\SunamoHtml\SunamoHtml\_sunamo\SunamoExceptions\Exceptions.cs(64,35): warning CA1823: Unused field 'sbAdditionalInfo' (https://learn.microsoft.com/dotnet/fundamentals/code-analysis/quality-rules/ca1823) [E:\vs\Projects\PlatformIndependentNuGetPackages\SunamoHtml\SunamoHtml\SunamoHtml.csproj::TargetFramework=net8.0]
E:\vs\Projects\PlatformIndependentNuGetPackages\SunamoHtml\SunamoHtml\_public\SunamoXml\Generators\XmlGeneratorHtml.cs(286,72): warning CA1062: In externally visible method 'void XmlGeneratorHtml.WriteTagNamespaceManager(string tagName, XmlNamespaceManager namespaceManager, params string[] attributes)', validate parameter 'attributes' is non-null before using it. If appropriate, throw an 'ArgumentNullException' when the argument is 'null'. (https://learn.microsoft.com/dotnet/fundamentals/code-analysis/quality-rules/ca1062) [E:\vs\Projects\PlatformIndependentNuGetPackages\SunamoHtml\SunamoHtml\SunamoHtml.csproj::TargetFramework=net8.0]
E:\vs\Projects\PlatformIndependentNuGetPackages\SunamoHtml\SunamoHtml\Html\HtmlHelperShared1.cs(75,37): warning CA1062: In externally visible method 'List<HtmlNode> HtmlHelper.ReturnTagsRek(HtmlNode htmlNode, string tagName)', validate parameter 'htmlNode' is non-null before using it. If appropriate, throw an 'ArgumentNullException' when the argument is 'null'. (https://learn.microsoft.com/dotnet/fundamentals/code-analysis/quality-rules/ca1062) [E:\vs\Projects\PlatformIndependentNuGetPackages\SunamoHtml\SunamoHtml\SunamoHtml.csproj::TargetFramework=net8.0]
E:\vs\Projects\PlatformIndependentNuGetPackages\SunamoHtml\SunamoHtml\Html\HtmlHelperShared1.cs(106,34): warning CA1002: Change 'List<HtmlNode>' in 'HtmlHelper.ReturnTagsWithAttrRek(HtmlNode, string, string, string)' to use 'Collection<T>', 'ReadOnlyCollection<T>' or 'KeyedCollection<K,V>' (https://learn.microsoft.com/dotnet/fundamentals/code-analysis/quality-rules/ca1002) [E:\vs\Projects\PlatformIndependentNuGetPackages\SunamoHtml\SunamoHtml\SunamoHtml.csproj::TargetFramework=net8.0]
E:\vs\Projects\PlatformIndependentNuGetPackages\SunamoHtml\SunamoHtml\Html\HtmlHelperShared1.cs(120,34): warning CA1002: Change 'List<HtmlNode>' in 'HtmlHelper.ReturnAllTags(HtmlNode, params string[])' to use 'Collection<T>', 'ReadOnlyCollection<T>' or 'KeyedCollection<K,V>' (https://learn.microsoft.com/dotnet/fundamentals/code-analysis/quality-rules/ca1002) [E:\vs\Projects\PlatformIndependentNuGetPackages\SunamoHtml\SunamoHtml\SunamoHtml.csproj::TargetFramework=net8.0]
E:\vs\Projects\PlatformIndependentNuGetPackages\SunamoHtml\SunamoHtml\Html\HtmlHelperShared1.cs(109,45): warning CA1062: In externally visible method 'List<HtmlNode> HtmlHelper.ReturnTagsWithAttrRek(HtmlNode htmlNode, string tagName, string attributeName, string attributeValue)', validate parameter 'htmlNode' is non-null before using it. If appropriate, throw an 'ArgumentNullException' when the argument is 'null'. (https://learn.microsoft.com/dotnet/fundamentals/code-analysis/quality-rules/ca1062) [E:\vs\Projects\PlatformIndependentNuGetPackages\SunamoHtml\SunamoHtml\SunamoHtml.csproj::TargetFramework=net8.0]
E:\vs\Projects\PlatformIndependentNuGetPackages\SunamoHtml\SunamoHtml\Html\HtmlHelperShared1.cs(132,34): warning CA1002: Change 'List<HtmlNode>' in 'HtmlHelper.TrimTexts(HtmlNodeCollection)' to use 'Collection<T>', 'ReadOnlyCollection<T>' or 'KeyedCollection<K,V>' (https://learn.microsoft.com/dotnet/fundamentals/code-analysis/quality-rules/ca1002) [E:\vs\Projects\PlatformIndependentNuGetPackages\SunamoHtml\SunamoHtml\SunamoHtml.csproj::TargetFramework=net8.0]
E:\vs\Projects\PlatformIndependentNuGetPackages\SunamoHtml\SunamoHtml\Generators\HtmlGenerator21.cs(22,143): warning CA1002: Change 'List<string>' in 'HtmlGenerator2.TopListWithImages(HtmlGenerator, int, int, string, List<string>, List<string>, List<string>, List<string>, List<string>, string)' to use 'Collection<T>', 'ReadOnlyCollection<T>' or 'KeyedCollection<K,V>' (https://learn.microsoft.com/dotnet/fundamentals/code-analysis/quality-rules/ca1002) [E:\vs\Projects\PlatformIndependentNuGetPackages\SunamoHtml\SunamoHtml\SunamoHtml.csproj::TargetFramework=net8.0]
E:\vs\Projects\PlatformIndependentNuGetPackages\SunamoHtml\SunamoHtml\Generators\HtmlGenerator21.cs(22,168): warning CA1002: Change 'List<string>' in 'HtmlGenerator2.TopListWithImages(HtmlGenerator, int, int, string, List<string>, List<string>, List<string>, List<string>, List<string>, string)' to use 'Collection<T>', 'ReadOnlyCollection<T>' or 'KeyedCollection<K,V>' (https://learn.microsoft.com/dotnet/fundamentals/code-analysis/quality-rules/ca1002) [E:\vs\Projects\PlatformIndependentNuGetPackages\SunamoHtml\SunamoHtml\SunamoHtml.csproj::TargetFramework=net8.0]
E:\vs\Projects\PlatformIndependentNuGetPackages\SunamoHtml\SunamoHtml\Generators\HtmlGenerator21.cs(22,192): warning CA1002: Change 'List<string>' in 'HtmlGenerator2.TopListWithImages(HtmlGenerator, int, int, string, List<string>, List<string>, List<string>, List<string>, List<string>, string)' to use 'Collection<T>', 'ReadOnlyCollection<T>' or 'KeyedCollection<K,V>' (https://learn.microsoft.com/dotnet/fundamentals/code-analysis/quality-rules/ca1002) [E:\vs\Projects\PlatformIndependentNuGetPackages\SunamoHtml\SunamoHtml\SunamoHtml.csproj::TargetFramework=net8.0]
E:\vs\Projects\PlatformIndependentNuGetPackages\SunamoHtml\SunamoHtml\Generators\HtmlGenerator21.cs(22,220): warning CA1002: Change 'List<string>' in 'HtmlGenerator2.TopListWithImages(HtmlGenerator, int, int, string, List<string>, List<string>, List<string>, List<string>, List<string>, string)' to use 'Collection<T>', 'ReadOnlyCollection<T>' or 'KeyedCollection<K,V>' (https://learn.microsoft.com/dotnet/fundamentals/code-analysis/quality-rules/ca1002) [E:\vs\Projects\PlatformIndependentNuGetPackages\SunamoHtml\SunamoHtml\SunamoHtml.csproj::TargetFramework=net8.0]
E:\vs\Projects\PlatformIndependentNuGetPackages\SunamoHtml\SunamoHtml\Generators\HtmlGenerator21.cs(22,243): warning CA1002: Change 'List<string>' in 'HtmlGenerator2.TopListWithImages(HtmlGenerator, int, int, string, List<string>, List<string>, List<string>, List<string>, List<string>, string)' to use 'Collection<T>', 'ReadOnlyCollection<T>' or 'KeyedCollection<K,V>' (https://learn.microsoft.com/dotnet/fundamentals/code-analysis/quality-rules/ca1002) [E:\vs\Projects\PlatformIndependentNuGetPackages\SunamoHtml\SunamoHtml\SunamoHtml.csproj::TargetFramework=net8.0]
E:\vs\Projects\PlatformIndependentNuGetPackages\SunamoHtml\SunamoHtml\Generators\HtmlGenerator21.cs(22,113): warning CA1054: Change the type of parameter 'initialImageUri' of method 'HtmlGenerator2.TopListWithImages(HtmlGenerator, int, int, string, List<string>, List<string>, List<string>, List<string>, List<string>, string)' from 'string' to 'System.Uri', or provide an overload to 'HtmlGenerator2.TopListWithImages(HtmlGenerator, int, int, string, List<string>, List<string>, List<string>, List<string>, List<string>, string)' that allows 'initialImageUri' to be passed as a 'System.Uri' object (https://learn.microsoft.com/dotnet/fundamentals/code-analysis/quality-rules/ca1054) [E:\vs\Projects\PlatformIndependentNuGetPackages\SunamoHtml\SunamoHtml\SunamoHtml.csproj::TargetFramework=net8.0]
E:\vs\Projects\PlatformIndependentNuGetPackages\SunamoHtml\SunamoHtml\_sunamo\SunamoString\SH.cs(201,21): warning CA1820: Test for empty strings using 'string.Length' property or 'string.IsNullOrEmpty' method instead of an Equality check (https://learn.microsoft.com/dotnet/fundamentals/code-analysis/quality-rules/ca1820) [E:\vs\Projects\PlatformIndependentNuGetPackages\SunamoHtml\SunamoHtml\SunamoHtml.csproj::TargetFramework=net8.0]
E:\vs\Projects\PlatformIndependentNuGetPackages\SunamoHtml\SunamoHtml\Html\HtmlAssistant.cs(356,28): warning CA1847: Use 'string.Contains(char)' instead of 'string.Contains(string)' when searching for a single character (https://learn.microsoft.com/dotnet/fundamentals/code-analysis/quality-rules/ca1847) [E:\vs\Projects\PlatformIndependentNuGetPackages\SunamoHtml\SunamoHtml\SunamoHtml.csproj::TargetFramework=net8.0]
E:\vs\Projects\PlatformIndependentNuGetPackages\SunamoHtml\SunamoHtml\Html\HtmlHelperShared1.cs(142,34): warning CA1002: Change 'List<HtmlNode>' in 'HtmlHelper.TrimTexts(List<HtmlNode>)' to use 'Collection<T>', 'ReadOnlyCollection<T>' or 'KeyedCollection<K,V>' (https://learn.microsoft.com/dotnet/fundamentals/code-analysis/quality-rules/ca1002) [E:\vs\Projects\PlatformIndependentNuGetPackages\SunamoHtml\SunamoHtml\SunamoHtml.csproj::TargetFramework=net8.0]
E:\vs\Projects\PlatformIndependentNuGetPackages\SunamoHtml\SunamoHtml\Html\HtmlHelperShared1.cs(142,59): warning CA1002: Change 'List<HtmlNode>' in 'HtmlHelper.TrimTexts(List<HtmlNode>)' to use 'Collection<T>', 'ReadOnlyCollection<T>' or 'KeyedCollection<K,V>' (https://learn.microsoft.com/dotnet/fundamentals/code-analysis/quality-rules/ca1002) [E:\vs\Projects\PlatformIndependentNuGetPackages\SunamoHtml\SunamoHtml\SunamoHtml.csproj::TargetFramework=net8.0]
E:\vs\Projects\PlatformIndependentNuGetPackages\SunamoHtml\SunamoHtml\Generators\HtmlGenerator21.cs(28,19): warning CA2201: Exception type System.Exception is not sufficiently specific (https://learn.microsoft.com/dotnet/fundamentals/code-analysis/quality-rules/ca2201) [E:\vs\Projects\PlatformIndependentNuGetPackages\SunamoHtml\SunamoHtml\SunamoHtml.csproj::TargetFramework=net8.0]
E:\vs\Projects\PlatformIndependentNuGetPackages\SunamoHtml\SunamoHtml\Generators\HtmlGenerator21.cs(30,19): warning CA2201: Exception type System.Exception is not sufficiently specific (https://learn.microsoft.com/dotnet/fundamentals/code-analysis/quality-rules/ca2201) [E:\vs\Projects\PlatformIndependentNuGetPackages\SunamoHtml\SunamoHtml\SunamoHtml.csproj::TargetFramework=net8.0]
E:\vs\Projects\PlatformIndependentNuGetPackages\SunamoHtml\SunamoHtml\Generators\HtmlGenerator21.cs(32,19): warning CA2201: Exception type System.Exception is not sufficiently specific (https://learn.microsoft.com/dotnet/fundamentals/code-analysis/quality-rules/ca2201) [E:\vs\Projects\PlatformIndependentNuGetPackages\SunamoHtml\SunamoHtml\SunamoHtml.csproj::TargetFramework=net8.0]
E:\vs\Projects\PlatformIndependentNuGetPackages\SunamoHtml\SunamoHtml\Generators\HtmlGenerator21.cs(34,19): warning CA2201: Exception type System.Exception is not sufficiently specific (https://learn.microsoft.com/dotnet/fundamentals/code-analysis/quality-rules/ca2201) [E:\vs\Projects\PlatformIndependentNuGetPackages\SunamoHtml\SunamoHtml\SunamoHtml.csproj::TargetFramework=net8.0]
E:\vs\Projects\PlatformIndependentNuGetPackages\SunamoHtml\SunamoHtml\Html\HtmlAssistant.cs(356,14): warning CA1307: 'string.Contains(string)' has a method overload that takes a 'StringComparison' parameter. Replace this call in 'SunamoHtml.Html.HtmlAssistant.GetAttributesPairs(string)' with a call to 'string.Contains(string, System.StringComparison)' for clarity of intent. (https://learn.microsoft.com/dotnet/fundamentals/code-analysis/quality-rules/ca1307) [E:\vs\Projects\PlatformIndependentNuGetPackages\SunamoHtml\SunamoHtml\SunamoHtml.csproj::TargetFramework=net8.0]
E:\vs\Projects\PlatformIndependentNuGetPackages\SunamoHtml\SunamoHtml\Html\HtmlHelperShared1.cs(154,34): warning CA1002: Change 'List<HtmlNode>' in 'HtmlHelper.TrimTexts(List<HtmlNode>, bool, [bool])' to use 'Collection<T>', 'ReadOnlyCollection<T>' or 'KeyedCollection<K,V>' (https://learn.microsoft.com/dotnet/fundamentals/code-analysis/quality-rules/ca1002) [E:\vs\Projects\PlatformIndependentNuGetPackages\SunamoHtml\SunamoHtml\SunamoHtml.csproj::TargetFramework=net8.0]
E:\vs\Projects\PlatformIndependentNuGetPackages\SunamoHtml\SunamoHtml\Html\HtmlHelperShared1.cs(154,59): warning CA1002: Change 'List<HtmlNode>' in 'HtmlHelper.TrimTexts(List<HtmlNode>, bool, [bool])' to use 'Collection<T>', 'ReadOnlyCollection<T>' or 'KeyedCollection<K,V>' (https://learn.microsoft.com/dotnet/fundamentals/code-analysis/quality-rules/ca1002) [E:\vs\Projects\PlatformIndependentNuGetPackages\SunamoHtml\SunamoHtml\SunamoHtml.csproj::TargetFramework=net8.0]
E:\vs\Projects\PlatformIndependentNuGetPackages\SunamoHtml\SunamoHtml\_public\SunamoXml\Generators\XmlGeneratorHtml.cs(311,30): warning CA1834: Use 'StringBuilder.Append(char)' instead of 'StringBuilder.Append(string)' when the input is a constant unit string (https://learn.microsoft.com/dotnet/fundamentals/code-analysis/quality-rules/ca1834) [E:\vs\Projects\PlatformIndependentNuGetPackages\SunamoHtml\SunamoHtml\SunamoHtml.csproj::TargetFramework=net8.0]
E:\vs\Projects\PlatformIndependentNuGetPackages\SunamoHtml\SunamoHtml\_sunamo\SunamoString\SH.cs(263,20): warning CA1845: Use span-based 'string.Concat' and 'AsSpan' instead of 'Substring' (https://learn.microsoft.com/dotnet/fundamentals/code-analysis/quality-rules/ca1845) [E:\vs\Projects\PlatformIndependentNuGetPackages\SunamoHtml\SunamoHtml\SunamoHtml.csproj::TargetFramework=net8.0]
E:\vs\Projects\PlatformIndependentNuGetPackages\SunamoHtml\SunamoHtml\_sunamo\SunamoString\SH.cs(258,21): warning CA1820: Test for empty strings using 'string.Length' property or 'string.IsNullOrEmpty' method instead of an Equality check (https://learn.microsoft.com/dotnet/fundamentals/code-analysis/quality-rules/ca1820) [E:\vs\Projects\PlatformIndependentNuGetPackages\SunamoHtml\SunamoHtml\SunamoHtml.csproj::TargetFramework=net8.0]
E:\vs\Projects\PlatformIndependentNuGetPackages\SunamoHtml\SunamoHtml\Html\HtmlHelperShared1.cs(156,52): warning CA1062: In externally visible method 'List<HtmlNode> HtmlHelper.TrimTexts(List<HtmlNode> nodes, bool isRemoveTextNodes, bool isRemoveComments = false)', validate parameter 'nodes' is non-null before using it. If appropriate, throw an 'ArgumentNullException' when the argument is 'null'. (https://learn.microsoft.com/dotnet/fundamentals/code-analysis/quality-rules/ca1062) [E:\vs\Projects\PlatformIndependentNuGetPackages\SunamoHtml\SunamoHtml\SunamoHtml.csproj::TargetFramework=net8.0]
E:\vs\Projects\PlatformIndependentNuGetPackages\SunamoHtml\SunamoHtml\Html\HtmlAssistant.cs(356,14): warning CA1062: In externally visible method 'Dictionary<string, string> HtmlAssistant.GetAttributesPairs(string text)', validate parameter 'text' is non-null before using it. If appropriate, throw an 'ArgumentNullException' when the argument is 'null'. (https://learn.microsoft.com/dotnet/fundamentals/code-analysis/quality-rules/ca1062) [E:\vs\Projects\PlatformIndependentNuGetPackages\SunamoHtml\SunamoHtml\SunamoHtml.csproj::TargetFramework=net8.0]
E:\vs\Projects\PlatformIndependentNuGetPackages\SunamoHtml\SunamoHtml\_sunamo\SunamoString\SH.cs(278,27): warning CA1310: The behavior of 'string.IndexOf(string)' could vary based on the current user's locale settings. Replace this call in 'SunamoHtml._sunamo.SunamoString.SH.GetToFirst(string, string)' with a call to 'string.IndexOf(string, System.StringComparison)'. (https://learn.microsoft.com/dotnet/fundamentals/code-analysis/quality-rules/ca1310) [E:\vs\Projects\PlatformIndependentNuGetPackages\SunamoHtml\SunamoHtml\SunamoHtml.csproj::TargetFramework=net8.0]
E:\vs\Projects\PlatformIndependentNuGetPackages\SunamoHtml\SunamoHtml\HtmlAgilityHelper.cs(295,34): warning CA1002: Change 'List<HtmlNode>' in 'HtmlAgilityHelper.TrimTexts(HtmlNodeCollection)' to use 'Collection<T>', 'ReadOnlyCollection<T>' or 'KeyedCollection<K,V>' (https://learn.microsoft.com/dotnet/fundamentals/code-analysis/quality-rules/ca1002) [E:\vs\Projects\PlatformIndependentNuGetPackages\SunamoHtml\SunamoHtml\SunamoHtml.csproj::TargetFramework=net8.0]
E:\vs\Projects\PlatformIndependentNuGetPackages\SunamoHtml\SunamoHtml\Html\HtmlHelperSunamoCz.cs(109,17): warning CA1310: The behavior of 'string.StartsWith(string)' could vary based on the current user's locale settings. Replace this call in 'SunamoHtml.Html.HtmlHelperSunamoCz.ConvertTextToHtmlWithAnchors(string)' with a call to 'string.StartsWith(string, System.StringComparison)'. (https://learn.microsoft.com/dotnet/fundamentals/code-analysis/quality-rules/ca1310) [E:\vs\Projects\PlatformIndependentNuGetPackages\SunamoHtml\SunamoHtml\SunamoHtml.csproj::TargetFramework=net8.0]
E:\vs\Projects\PlatformIndependentNuGetPackages\SunamoHtml\SunamoHtml\Html\HtmlHelperSunamoCz.cs(109,50): warning CA1310: The behavior of 'string.StartsWith(string)' could vary based on the current user's locale settings. Replace this call in 'SunamoHtml.Html.HtmlHelperSunamoCz.ConvertTextToHtmlWithAnchors(string)' with a call to 'string.StartsWith(string, System.StringComparison)'. (https://learn.microsoft.com/dotnet/fundamentals/code-analysis/quality-rules/ca1310) [E:\vs\Projects\PlatformIndependentNuGetPackages\SunamoHtml\SunamoHtml\SunamoHtml.csproj::TargetFramework=net8.0]
E:\vs\Projects\PlatformIndependentNuGetPackages\SunamoHtml\SunamoHtml\_sunamo\SunamoString\SH.cs(314,22): warning CA1310: The behavior of 'string.IndexOf(string, int)' could vary based on the current user's locale settings. Replace this call in 'SunamoHtml._sunamo.SunamoString.SH.GetTextBetween(string, string, string, out int, int, bool)' with a call to 'string.IndexOf(string, int, System.StringComparison)'. (https://learn.microsoft.com/dotnet/fundamentals/code-analysis/quality-rules/ca1310) [E:\vs\Projects\PlatformIndependentNuGetPackages\SunamoHtml\SunamoHtml\SunamoHtml.csproj::TargetFramework=net8.0]
E:\vs\Projects\PlatformIndependentNuGetPackages\SunamoHtml\SunamoHtml\_sunamo\SunamoString\SH.cs(315,27): warning CA1310: The behavior of 'string.IndexOf(string, int)' could vary based on the current user's locale settings. Replace this call in 'SunamoHtml._sunamo.SunamoString.SH.GetTextBetween(string, string, string, out int, int, bool)' with a call to 'string.IndexOf(string, int, System.StringComparison)'. (https://learn.microsoft.com/dotnet/fundamentals/code-analysis/quality-rules/ca1310) [E:\vs\Projects\PlatformIndependentNuGetPackages\SunamoHtml\SunamoHtml\SunamoHtml.csproj::TargetFramework=net8.0]
E:\vs\Projects\PlatformIndependentNuGetPackages\SunamoHtml\SunamoHtml\Html\HtmlHelperShared1.cs(123,50): warning CA1062: In externally visible method 'List<HtmlNode> HtmlHelper.ReturnAllTags(HtmlNode htmlNode, params string[] tagNames)', validate parameter 'tagNames' is non-null before using it. If appropriate, throw an 'ArgumentNullException' when the argument is 'null'. (https://learn.microsoft.com/dotnet/fundamentals/code-analysis/quality-rules/ca1062) [E:\vs\Projects\PlatformIndependentNuGetPackages\SunamoHtml\SunamoHtml\SunamoHtml.csproj::TargetFramework=net8.0]
E:\vs\Projects\PlatformIndependentNuGetPackages\SunamoHtml\SunamoHtml\Html\HtmlHelperShared1.cs(123,40): warning CA1062: In externally visible method 'List<HtmlNode> HtmlHelper.ReturnAllTags(HtmlNode htmlNode, params string[] tagNames)', validate parameter 'htmlNode' is non-null before using it. If appropriate, throw an 'ArgumentNullException' when the argument is 'null'. (https://learn.microsoft.com/dotnet/fundamentals/code-analysis/quality-rules/ca1062) [E:\vs\Projects\PlatformIndependentNuGetPackages\SunamoHtml\SunamoHtml\SunamoHtml.csproj::TargetFramework=net8.0]
E:\vs\Projects\PlatformIndependentNuGetPackages\SunamoHtml\SunamoHtml\HtmlAgilityHelper.cs(347,34): warning CA1002: Change 'List<HtmlNode>' in 'HtmlAgilityHelper.TrimTexts(List<HtmlNode>)' to use 'Collection<T>', 'ReadOnlyCollection<T>' or 'KeyedCollection<K,V>' (https://learn.microsoft.com/dotnet/fundamentals/code-analysis/quality-rules/ca1002) [E:\vs\Projects\PlatformIndependentNuGetPackages\SunamoHtml\SunamoHtml\SunamoHtml.csproj::TargetFramework=net8.0]
E:\vs\Projects\PlatformIndependentNuGetPackages\SunamoHtml\SunamoHtml\HtmlAgilityHelper.cs(347,59): warning CA1002: Change 'List<HtmlNode>' in 'HtmlAgilityHelper.TrimTexts(List<HtmlNode>)' to use 'Collection<T>', 'ReadOnlyCollection<T>' or 'KeyedCollection<K,V>' (https://learn.microsoft.com/dotnet/fundamentals/code-analysis/quality-rules/ca1002) [E:\vs\Projects\PlatformIndependentNuGetPackages\SunamoHtml\SunamoHtml\SunamoHtml.csproj::TargetFramework=net8.0]
E:\vs\Projects\PlatformIndependentNuGetPackages\SunamoHtml\SunamoHtml\Generators\HtmlGenerator21.cs(63,63): warning CA1002: Change 'List<string>' in 'HtmlGenerator2.GetForUlWCheckDuplicate(List<string>)' to use 'Collection<T>', 'ReadOnlyCollection<T>' or 'KeyedCollection<K,V>' (https://learn.microsoft.com/dotnet/fundamentals/code-analysis/quality-rules/ca1002) [E:\vs\Projects\PlatformIndependentNuGetPackages\SunamoHtml\SunamoHtml\SunamoHtml.csproj::TargetFramework=net8.0]
E:\vs\Projects\PlatformIndependentNuGetPackages\SunamoHtml\SunamoHtml\_public\SunamoXml\Generators\XmlGeneratorHtml.cs(337,30): warning CA1834: Use 'StringBuilder.Append(char)' instead of 'StringBuilder.Append(string)' when the input is a constant unit string (https://learn.microsoft.com/dotnet/fundamentals/code-analysis/quality-rules/ca1834) [E:\vs\Projects\PlatformIndependentNuGetPackages\SunamoHtml\SunamoHtml\SunamoHtml.csproj::TargetFramework=net8.0]
E:\vs\Projects\PlatformIndependentNuGetPackages\SunamoHtml\SunamoHtml\HtmlAgilityHelper.cs(300,30): warning CA1062: In externally visible method 'List<HtmlNode> HtmlAgilityHelper.TrimTexts(HtmlNodeCollection htmlNodeCollection)', validate parameter 'htmlNodeCollection' is non-null before using it. If appropriate, throw an 'ArgumentNullException' when the argument is 'null'. (https://learn.microsoft.com/dotnet/fundamentals/code-analysis/quality-rules/ca1062) [E:\vs\Projects\PlatformIndependentNuGetPackages\SunamoHtml\SunamoHtml\SunamoHtml.csproj::TargetFramework=net8.0]
E:\vs\Projects\PlatformIndependentNuGetPackages\SunamoHtml\SunamoHtml\HtmlAgilityHelper.cs(349,34): warning CA1062: In externally visible method 'List<HtmlNode> HtmlAgilityHelper.TrimTexts(List<HtmlNode> nodes)', validate parameter 'nodes' is non-null before using it. If appropriate, throw an 'ArgumentNullException' when the argument is 'null'. (https://learn.microsoft.com/dotnet/fundamentals/code-analysis/quality-rules/ca1062) [E:\vs\Projects\PlatformIndependentNuGetPackages\SunamoHtml\SunamoHtml\SunamoHtml.csproj::TargetFramework=net8.0]
E:\vs\Projects\PlatformIndependentNuGetPackages\SunamoHtml\SunamoHtml\Html\HtmlHelperShared1.cs(276,24): warning CA1307: 'string.Contains(string)' has a method overload that takes a 'StringComparison' parameter. Replace this call in 'SunamoHtml.Html.HtmlHelper.HasTagAttr(HtmlAgilityPack.HtmlNode, string, string, bool)' with a call to 'string.Contains(string, System.StringComparison)' for clarity of intent. (https://learn.microsoft.com/dotnet/fundamentals/code-analysis/quality-rules/ca1307) [E:\vs\Projects\PlatformIndependentNuGetPackages\SunamoHtml\SunamoHtml\SunamoHtml.csproj::TargetFramework=net8.0]
E:\vs\Projects\PlatformIndependentNuGetPackages\SunamoHtml\SunamoHtml\Generators\HtmlGenerator21.cs(102,40): warning CA1054: Change the type of parameter 'url' of method 'HtmlGenerator2.Anchor(string)' from 'string' to 'System.Uri', or provide an overload to 'HtmlGenerator2.Anchor(string)' that allows 'url' to be passed as a 'System.Uri' object (https://learn.microsoft.com/dotnet/fundamentals/code-analysis/quality-rules/ca1054) [E:\vs\Projects\PlatformIndependentNuGetPackages\SunamoHtml\SunamoHtml\SunamoHtml.csproj::TargetFramework=net8.0]
E:\vs\Projects\PlatformIndependentNuGetPackages\SunamoHtml\SunamoHtml\Generators\HtmlGenerator21.cs(104,13): warning CA1307: 'string.Contains(string)' has a method overload that takes a 'StringComparison' parameter. Replace this call in 'SunamoHtml.Generators.HtmlGenerator2.Anchor(string)' with a call to 'string.Contains(string, System.StringComparison)' for clarity of intent. (https://learn.microsoft.com/dotnet/fundamentals/code-analysis/quality-rules/ca1307) [E:\vs\Projects\PlatformIndependentNuGetPackages\SunamoHtml\SunamoHtml\SunamoHtml.csproj::TargetFramework=net8.0]
E:\vs\Projects\PlatformIndependentNuGetPackages\SunamoHtml\SunamoHtml\Generators\HtmlGenerator21.cs(67,29): warning CA1062: In externally visible method 'string HtmlGenerator2.GetForUlWCheckDuplicate(List<string> items)', validate parameter 'items' is non-null before using it. If appropriate, throw an 'ArgumentNullException' when the argument is 'null'. (https://learn.microsoft.com/dotnet/fundamentals/code-analysis/quality-rules/ca1062) [E:\vs\Projects\PlatformIndependentNuGetPackages\SunamoHtml\SunamoHtml\SunamoHtml.csproj::TargetFramework=net8.0]
E:\vs\Projects\PlatformIndependentNuGetPackages\SunamoHtml\SunamoHtml\_public\SunamoXml\Generators\XmlGeneratorHtml.cs(301,29): warning CA1062: In externally visible method 'void XmlGeneratorHtml.WriteNonPairTagWithAttrs(bool isAppendNull, string tagName, params string[] attributes)', validate parameter 'attributes' is non-null before using it. If appropriate, throw an 'ArgumentNullException' when the argument is 'null'. (https://learn.microsoft.com/dotnet/fundamentals/code-analysis/quality-rules/ca1062) [E:\vs\Projects\PlatformIndependentNuGetPackages\SunamoHtml\SunamoHtml\SunamoHtml.csproj::TargetFramework=net8.0]
E:\vs\Projects\PlatformIndependentNuGetPackages\SunamoHtml\SunamoHtml\Generators\HtmlGenerator21.cs(127,48): warning CA1054: Change the type of parameter 'url' of method 'HtmlGenerator2.AnchorWithHttp(string)' from 'string' to 'System.Uri', or provide an overload to 'HtmlGenerator2.AnchorWithHttp(string)' that allows 'url' to be passed as a 'System.Uri' object (https://learn.microsoft.com/dotnet/fundamentals/code-analysis/quality-rules/ca1054) [E:\vs\Projects\PlatformIndependentNuGetPackages\SunamoHtml\SunamoHtml\SunamoHtml.csproj::TargetFramework=net8.0]
E:\vs\Projects\PlatformIndependentNuGetPackages\SunamoHtml\SunamoHtml\Generators\HtmlGenerator21.cs(104,13): warning CA1062: In externally visible method 'string HtmlGenerator2.Anchor(string url)', validate parameter 'url' is non-null before using it. If appropriate, throw an 'ArgumentNullException' when the argument is 'null'. (https://learn.microsoft.com/dotnet/fundamentals/code-analysis/quality-rules/ca1062) [E:\vs\Projects\PlatformIndependentNuGetPackages\SunamoHtml\SunamoHtml\SunamoHtml.csproj::TargetFramework=net8.0]
E:\vs\Projects\PlatformIndependentNuGetPackages\SunamoHtml\SunamoHtml\Generators\HtmlGenerator21.cs(130,14): warning CA1310: The behavior of 'string.StartsWith(string)' could vary based on the current user's locale settings. Replace this call in 'SunamoHtml.Generators.HtmlGenerator2.AnchorWithHttp(string)' with a call to 'string.StartsWith(string, System.StringComparison)'. (https://learn.microsoft.com/dotnet/fundamentals/code-analysis/quality-rules/ca1310) [E:\vs\Projects\PlatformIndependentNuGetPackages\SunamoHtml\SunamoHtml\SunamoHtml.csproj::TargetFramework=net8.0]
E:\vs\Projects\PlatformIndependentNuGetPackages\SunamoHtml\SunamoHtml\Generators\HtmlGenerator21.cs(144,48): warning CA1054: Change the type of parameter 'url' of method 'HtmlGenerator2.AnchorWithHttp(string, string)' from 'string' to 'System.Uri', or provide an overload to 'HtmlGenerator2.AnchorWithHttp(string, string)' that allows 'url' to be passed as a 'System.Uri' object (https://learn.microsoft.com/dotnet/fundamentals/code-analysis/quality-rules/ca1054) [E:\vs\Projects\PlatformIndependentNuGetPackages\SunamoHtml\SunamoHtml\SunamoHtml.csproj::TargetFramework=net8.0]
E:\vs\Projects\PlatformIndependentNuGetPackages\SunamoHtml\SunamoHtml\Html\HtmlHelperShared1.cs(307,29): warning CA1062: In externally visible method 'void HtmlHelper.ReplaceChildNodeByOuterHtml(HtmlNode htmlNode, string oldOuterHtml, HtmlNode newNode)', validate parameter 'htmlNode' is non-null before using it. If appropriate, throw an 'ArgumentNullException' when the argument is 'null'. (https://learn.microsoft.com/dotnet/fundamentals/code-analysis/quality-rules/ca1062) [E:\vs\Projects\PlatformIndependentNuGetPackages\SunamoHtml\SunamoHtml\SunamoHtml.csproj::TargetFramework=net8.0]
E:\vs\Projects\PlatformIndependentNuGetPackages\SunamoHtml\SunamoHtml\_public\SunamoXml\Generators\XmlGeneratorHtml.cs(269,18): warning CA1822: Member 'IsNulledOrEmpty' does not access instance data and can be marked as static (https://learn.microsoft.com/dotnet/fundamentals/code-analysis/quality-rules/ca1822) [E:\vs\Projects\PlatformIndependentNuGetPackages\SunamoHtml\SunamoHtml\SunamoHtml.csproj::TargetFramework=net8.0]
E:\vs\Projects\PlatformIndependentNuGetPackages\SunamoHtml\SunamoHtml\Generators\HtmlGenerator21.cs(157,68): warning CA1054: Change the type of parameter 'url' of method 'HtmlGenerator2.AnchorWithHttp(bool, string, string)' from 'string' to 'System.Uri', or provide an overload to 'HtmlGenerator2.AnchorWithHttp(bool, string, string)' that allows 'url' to be passed as a 'System.Uri' object (https://learn.microsoft.com/dotnet/fundamentals/code-analysis/quality-rules/ca1054) [E:\vs\Projects\PlatformIndependentNuGetPackages\SunamoHtml\SunamoHtml\SunamoHtml.csproj::TargetFramework=net8.0]
E:\vs\Projects\PlatformIndependentNuGetPackages\SunamoHtml\SunamoHtml\Generators\HtmlGenerator21.cs(130,14): warning CA1062: In externally visible method 'string HtmlGenerator2.AnchorWithHttp(string url)', validate parameter 'url' is non-null before using it. If appropriate, throw an 'ArgumentNullException' when the argument is 'null'. (https://learn.microsoft.com/dotnet/fundamentals/code-analysis/quality-rules/ca1062) [E:\vs\Projects\PlatformIndependentNuGetPackages\SunamoHtml\SunamoHtml\SunamoHtml.csproj::TargetFramework=net8.0]
E:\vs\Projects\PlatformIndependentNuGetPackages\SunamoHtml\SunamoHtml\Html\HtmlHelperShared2.cs(26,68): warning CA1002: Change 'List<HtmlNode>' in 'HtmlHelper.DeleteAttributesFromAllNodes(List<HtmlNode>)' to use 'Collection<T>', 'ReadOnlyCollection<T>' or 'KeyedCollection<K,V>' (https://learn.microsoft.com/dotnet/fundamentals/code-analysis/quality-rules/ca1002) [E:\vs\Projects\PlatformIndependentNuGetPackages\SunamoHtml\SunamoHtml\SunamoHtml.csproj::TargetFramework=net8.0]
E:\vs\Projects\PlatformIndependentNuGetPackages\SunamoHtml\SunamoHtml\Html\HtmlHelperShared1.cs(292,30): warning CA1062: In externally visible method 'HtmlNode HtmlHelper.ReturnTag(HtmlNode htmlNode, string tagName)', validate parameter 'htmlNode' is non-null before using it. If appropriate, throw an 'ArgumentNullException' when the argument is 'null'. (https://learn.microsoft.com/dotnet/fundamentals/code-analysis/quality-rules/ca1062) [E:\vs\Projects\PlatformIndependentNuGetPackages\SunamoHtml\SunamoHtml\SunamoHtml.csproj::TargetFramework=net8.0]
E:\vs\Projects\PlatformIndependentNuGetPackages\SunamoHtml\SunamoHtml\Generators\HtmlGenerator21.cs(184,84): warning CA1002: Change 'List<string>' in 'HtmlGenerator2.GetRadioButtonsWoCheckDuplicate(string, List<string>, List<string>)' to use 'Collection<T>', 'ReadOnlyCollection<T>' or 'KeyedCollection<K,V>' (https://learn.microsoft.com/dotnet/fundamentals/code-analysis/quality-rules/ca1002) [E:\vs\Projects\PlatformIndependentNuGetPackages\SunamoHtml\SunamoHtml\SunamoHtml.csproj::TargetFramework=net8.0]
E:\vs\Projects\PlatformIndependentNuGetPackages\SunamoHtml\SunamoHtml\Generators\HtmlGenerator21.cs(184,102): warning CA1002: Change 'List<string>' in 'HtmlGenerator2.GetRadioButtonsWoCheckDuplicate(string, List<string>, List<string>)' to use 'Collection<T>', 'ReadOnlyCollection<T>' or 'KeyedCollection<K,V>' (https://learn.microsoft.com/dotnet/fundamentals/code-analysis/quality-rules/ca1002) [E:\vs\Projects\PlatformIndependentNuGetPackages\SunamoHtml\SunamoHtml\SunamoHtml.csproj::TargetFramework=net8.0]
E:\vs\Projects\PlatformIndependentNuGetPackages\SunamoHtml\SunamoHtml\Generators\HtmlGenerator21.cs(146,48): warning CA1062: In externally visible method 'string HtmlGenerator2.AnchorWithHttp(string url, string text)', validate parameter 'url' is non-null before using it. If appropriate, throw an 'ArgumentNullException' when the argument is 'null'. (https://learn.microsoft.com/dotnet/fundamentals/code-analysis/quality-rules/ca1062) [E:\vs\Projects\PlatformIndependentNuGetPackages\SunamoHtml\SunamoHtml\SunamoHtml.csproj::TargetFramework=net8.0]
E:\vs\Projects\PlatformIndependentNuGetPackages\SunamoHtml\SunamoHtml\Html\HtmlHelperShared2.cs(19,123): warning CA1307: 'string.Replace(string, string?)' has a method overload that takes a 'StringComparison' parameter. Replace this call in 'SunamoHtml.Html.HtmlHelper.ToXmlFinal(string)' with a call to 'string.Replace(string, string?, System.StringComparison)' for clarity of intent. (https://learn.microsoft.com/dotnet/fundamentals/code-analysis/quality-rules/ca1307) [E:\vs\Projects\PlatformIndependentNuGetPackages\SunamoHtml\SunamoHtml\SunamoHtml.csproj::TargetFramework=net8.0]
E:\vs\Projects\PlatformIndependentNuGetPackages\SunamoHtml\SunamoHtml\Generators\HtmlGenerator21.cs(170,85): warning CA1054: Change the type of parameter 'httpUrl' of method 'HtmlGenerator2.AnchorWithHttpCore(bool, string, string)' from 'string' to 'System.Uri', or provide an overload to 'HtmlGenerator2.AnchorWithHttpCore(bool, string, string)' that allows 'httpUrl' to be passed as a 'System.Uri' object (https://learn.microsoft.com/dotnet/fundamentals/code-analysis/quality-rules/ca1054) [E:\vs\Projects\PlatformIndependentNuGetPackages\SunamoHtml\SunamoHtml\SunamoHtml.csproj::TargetFramework=net8.0]
E:\vs\Projects\PlatformIndependentNuGetPackages\SunamoHtml\SunamoHtml\Html\HtmlHelperShared2.cs(19,123): warning CA1307: 'string.Replace(string, string?)' has a method overload that takes a 'StringComparison' parameter. Replace this call in 'SunamoHtml.Html.HtmlHelper.ToXmlFinal(string)' with a call to 'string.Replace(string, string?, System.StringComparison)' for clarity of intent. (https://learn.microsoft.com/dotnet/fundamentals/code-analysis/quality-rules/ca1307) [E:\vs\Projects\PlatformIndependentNuGetPackages\SunamoHtml\SunamoHtml\SunamoHtml.csproj::TargetFramework=net8.0]
E:\vs\Projects\PlatformIndependentNuGetPackages\SunamoHtml\SunamoHtml\HtmlAgilityHelper1.cs(125,44): warning CA1307: 'string.Contains(string)' has a method overload that takes a 'StringComparison' parameter. Replace this call in 'SunamoHtml.HtmlAgilityHelper.HasTagAttr(HtmlAgilityPack.HtmlNode, string, string, bool, bool, bool)' with a call to 'string.Contains(string, System.StringComparison)' for clarity of intent. (https://learn.microsoft.com/dotnet/fundamentals/code-analysis/quality-rules/ca1307) [E:\vs\Projects\PlatformIndependentNuGetPackages\SunamoHtml\SunamoHtml\SunamoHtml.csproj::TargetFramework=net8.0]
E:\vs\Projects\PlatformIndependentNuGetPackages\SunamoHtml\SunamoHtml\HtmlAgilityHelper1.cs(132,26): warning CA1307: 'string.Contains(string)' has a method overload that takes a 'StringComparison' parameter. Replace this call in 'SunamoHtml.HtmlAgilityHelper.HasTagAttr(HtmlAgilityPack.HtmlNode, string, string, bool, bool, bool)' with a call to 'string.Contains(string, System.StringComparison)' for clarity of intent. (https://learn.microsoft.com/dotnet/fundamentals/code-analysis/quality-rules/ca1307) [E:\vs\Projects\PlatformIndependentNuGetPackages\SunamoHtml\SunamoHtml\SunamoHtml.csproj::TargetFramework=net8.0]
E:\vs\Projects\PlatformIndependentNuGetPackages\SunamoHtml\SunamoHtml\Html\HtmlHelperShared2.cs(19,123): warning CA1307: 'string.Replace(string, string?)' has a method overload that takes a 'StringComparison' parameter. Replace this call in 'SunamoHtml.Html.HtmlHelper.ToXmlFinal(string)' with a call to 'string.Replace(string, string?, System.StringComparison)' for clarity of intent. (https://learn.microsoft.com/dotnet/fundamentals/code-analysis/quality-rules/ca1307) [E:\vs\Projects\PlatformIndependentNuGetPackages\SunamoHtml\SunamoHtml\SunamoHtml.csproj::TargetFramework=net8.0]
E:\vs\Projects\PlatformIndependentNuGetPackages\SunamoHtml\SunamoHtml\HtmlAgilityHelper1.cs(44,34): warning CA1002: Change 'List<HtmlNode>' in 'HtmlAgilityHelper.TrimComments(List<HtmlNode>)' to use 'Collection<T>', 'ReadOnlyCollection<T>' or 'KeyedCollection<K,V>' (https://learn.microsoft.com/dotnet/fundamentals/code-analysis/quality-rules/ca1002) [E:\vs\Projects\PlatformIndependentNuGetPackages\SunamoHtml\SunamoHtml\SunamoHtml.csproj::TargetFramework=net8.0]
E:\vs\Projects\PlatformIndependentNuGetPackages\SunamoHtml\SunamoHtml\HtmlAgilityHelper1.cs(44,62): warning CA1002: Change 'List<HtmlNode>' in 'HtmlAgilityHelper.TrimComments(List<HtmlNode>)' to use 'Collection<T>', 'ReadOnlyCollection<T>' or 'KeyedCollection<K,V>' (https://learn.microsoft.com/dotnet/fundamentals/code-analysis/quality-rules/ca1002) [E:\vs\Projects\PlatformIndependentNuGetPackages\SunamoHtml\SunamoHtml\SunamoHtml.csproj::TargetFramework=net8.0]
E:\vs\Projects\PlatformIndependentNuGetPackages\SunamoHtml\SunamoHtml\Html\HtmlHelperShared2.cs(28,30): warning CA1062: In externally visible method 'void HtmlHelper.DeleteAttributesFromAllNodes(List<HtmlNode> nodes)', validate parameter 'nodes' is non-null before using it. If appropriate, throw an 'ArgumentNullException' when the argument is 'null'. (https://learn.microsoft.com/dotnet/fundamentals/code-analysis/quality-rules/ca1062) [E:\vs\Projects\PlatformIndependentNuGetPackages\SunamoHtml\SunamoHtml\SunamoHtml.csproj::TargetFramework=net8.0]
E:\vs\Projects\PlatformIndependentNuGetPackages\SunamoHtml\SunamoHtml\Generators\HtmlGenerator21.cs(205,84): warning CA1002: Change 'List<string>' in 'HtmlGenerator2.GetRadioButtonsWoCheckDuplicate(string, List<string>, List<string>, string)' to use 'Collection<T>', 'ReadOnlyCollection<T>' or 'KeyedCollection<K,V>' (https://learn.microsoft.com/dotnet/fundamentals/code-analysis/quality-rules/ca1002) [E:\vs\Projects\PlatformIndependentNuGetPackages\SunamoHtml\SunamoHtml\SunamoHtml.csproj::TargetFramework=net8.0]
E:\vs\Projects\PlatformIndependentNuGetPackages\SunamoHtml\SunamoHtml\Generators\HtmlGenerator21.cs(205,102): warning CA1002: Change 'List<string>' in 'HtmlGenerator2.GetRadioButtonsWoCheckDuplicate(string, List<string>, List<string>, string)' to use 'Collection<T>', 'ReadOnlyCollection<T>' or 'KeyedCollection<K,V>' (https://learn.microsoft.com/dotnet/fundamentals/code-analysis/quality-rules/ca1002) [E:\vs\Projects\PlatformIndependentNuGetPackages\SunamoHtml\SunamoHtml\SunamoHtml.csproj::TargetFramework=net8.0]
E:\vs\Projects\PlatformIndependentNuGetPackages\SunamoHtml\SunamoHtml\HtmlAgilityHelper1.cs(57,31): warning CA1307: 'string.Contains(string)' has a method overload that takes a 'StringComparison' parameter. Replace this call in 'SunamoHtml.HtmlAgilityHelper.TrimComments(System.Collections.Generic.List<HtmlAgilityPack.HtmlNode>)' with a call to 'string.Contains(string, System.StringComparison)' for clarity of intent. (https://learn.microsoft.com/dotnet/fundamentals/code-analysis/quality-rules/ca1307) [E:\vs\Projects\PlatformIndependentNuGetPackages\SunamoHtml\SunamoHtml\SunamoHtml.csproj::TargetFramework=net8.0]
E:\vs\Projects\PlatformIndependentNuGetPackages\SunamoHtml\SunamoHtml\HtmlAgilityHelper1.cs(58,33): warning CA1307: 'string.Contains(string)' has a method overload that takes a 'StringComparison' parameter. Replace this call in 'SunamoHtml.HtmlAgilityHelper.TrimComments(System.Collections.Generic.List<HtmlAgilityPack.HtmlNode>)' with a call to 'string.Contains(string, System.StringComparison)' for clarity of intent. (https://learn.microsoft.com/dotnet/fundamentals/code-analysis/quality-rules/ca1307) [E:\vs\Projects\PlatformIndependentNuGetPackages\SunamoHtml\SunamoHtml\SunamoHtml.csproj::TargetFramework=net8.0]
E:\vs\Projects\PlatformIndependentNuGetPackages\SunamoHtml\SunamoHtml\Html\HtmlHelperShared2.cs(76,32): warning CA1002: Change 'List<string>' in 'HtmlHelper.StripAllTagsList(string)' to use 'Collection<T>', 'ReadOnlyCollection<T>' or 'KeyedCollection<K,V>' (https://learn.microsoft.com/dotnet/fundamentals/code-analysis/quality-rules/ca1002) [E:\vs\Projects\PlatformIndependentNuGetPackages\SunamoHtml\SunamoHtml\SunamoHtml.csproj::TargetFramework=net8.0]
E:\vs\Projects\PlatformIndependentNuGetPackages\SunamoHtml\SunamoHtml\HtmlAgilityHelper1.cs(67,35): warning CA1307: 'string.Contains(string)' has a method overload that takes a 'StringComparison' parameter. Replace this call in 'SunamoHtml.HtmlAgilityHelper.TrimComments(System.Collections.Generic.List<HtmlAgilityPack.HtmlNode>)' with a call to 'string.Contains(string, System.StringComparison)' for clarity of intent. (https://learn.microsoft.com/dotnet/fundamentals/code-analysis/quality-rules/ca1307) [E:\vs\Projects\PlatformIndependentNuGetPackages\SunamoHtml\SunamoHtml\SunamoHtml.csproj::TargetFramework=net8.0]
E:\vs\Projects\PlatformIndependentNuGetPackages\SunamoHtml\SunamoHtml\HtmlAgilityHelper1.cs(68,37): warning CA1307: 'string.Contains(string)' has a method overload that takes a 'StringComparison' parameter. Replace this call in 'SunamoHtml.HtmlAgilityHelper.TrimComments(System.Collections.Generic.List<HtmlAgilityPack.HtmlNode>)' with a call to 'string.Contains(string, System.StringComparison)' for clarity of intent. (https://learn.microsoft.com/dotnet/fundamentals/code-analysis/quality-rules/ca1307) [E:\vs\Projects\PlatformIndependentNuGetPackages\SunamoHtml\SunamoHtml\SunamoHtml.csproj::TargetFramework=net8.0]
E:\vs\Projects\PlatformIndependentNuGetPackages\SunamoHtml\SunamoHtml\HtmlAgilityHelper1.cs(75,21): warning CA1310: The behavior of 'string.StartsWith(string)' could vary based on the current user's locale settings. Replace this call in 'SunamoHtml.HtmlAgilityHelper.TrimComments(System.Collections.Generic.List<HtmlAgilityPack.HtmlNode>)' with a call to 'string.StartsWith(string, System.StringComparison)'. (https://learn.microsoft.com/dotnet/fundamentals/code-analysis/quality-rules/ca1310) [E:\vs\Projects\PlatformIndependentNuGetPackages\SunamoHtml\SunamoHtml\SunamoHtml.csproj::TargetFramework=net8.0]
E:\vs\Projects\PlatformIndependentNuGetPackages\SunamoHtml\SunamoHtml\HtmlAgilityHelper1.cs(65,21): warning CA1820: Test for empty strings using 'string.Length' property or 'string.IsNullOrEmpty' method instead of an Equality check (https://learn.microsoft.com/dotnet/fundamentals/code-analysis/quality-rules/ca1820) [E:\vs\Projects\PlatformIndependentNuGetPackages\SunamoHtml\SunamoHtml\SunamoHtml.csproj::TargetFramework=net8.0]
E:\vs\Projects\PlatformIndependentNuGetPackages\SunamoHtml\SunamoHtml\HtmlAgilityHelper1.cs(79,43): warning CA1820: Test for empty strings using 'string.Length' property or 'string.IsNullOrEmpty' method instead of an Equality check (https://learn.microsoft.com/dotnet/fundamentals/code-analysis/quality-rules/ca1820) [E:\vs\Projects\PlatformIndependentNuGetPackages\SunamoHtml\SunamoHtml\SunamoHtml.csproj::TargetFramework=net8.0]
E:\vs\Projects\PlatformIndependentNuGetPackages\SunamoHtml\SunamoHtml\Generators\HtmlGenerator21.cs(159,51): warning CA1062: In externally visible method 'string HtmlGenerator2.AnchorWithHttp(bool isTargetBlank, string url, string text)', validate parameter 'url' is non-null before using it. If appropriate, throw an 'ArgumentNullException' when the argument is 'null'. (https://learn.microsoft.com/dotnet/fundamentals/code-analysis/quality-rules/ca1062) [E:\vs\Projects\PlatformIndependentNuGetPackages\SunamoHtml\SunamoHtml\SunamoHtml.csproj::TargetFramework=net8.0]
E:\vs\Projects\PlatformIndependentNuGetPackages\SunamoHtml\SunamoHtml\Generators\HtmlGenerator21.cs(187,29): warning CA1062: In externally visible method 'string HtmlGenerator2.GetRadioButtonsWoCheckDuplicate(string name, List<string> ids, List<string> labels)', validate parameter 'ids' is non-null before using it. If appropriate, throw an 'ArgumentNullException' when the argument is 'null'. (https://learn.microsoft.com/dotnet/fundamentals/code-analysis/quality-rules/ca1062) [E:\vs\Projects\PlatformIndependentNuGetPackages\SunamoHtml\SunamoHtml\SunamoHtml.csproj::TargetFramework=net8.0]
E:\vs\Projects\PlatformIndependentNuGetPackages\SunamoHtml\SunamoHtml\Generators\HtmlGenerator21.cs(190,32): warning CA1062: In externally visible method 'string HtmlGenerator2.GetRadioButtonsWoCheckDuplicate(string name, List<string> ids, List<string> labels)', validate parameter 'labels' is non-null before using it. If appropriate, throw an 'ArgumentNullException' when the argument is 'null'. (https://learn.microsoft.com/dotnet/fundamentals/code-analysis/quality-rules/ca1062) [E:\vs\Projects\PlatformIndependentNuGetPackages\SunamoHtml\SunamoHtml\SunamoHtml.csproj::TargetFramework=net8.0]
E:\vs\Projects\PlatformIndependentNuGetPackages\SunamoHtml\SunamoHtml\HtmlAgilityHelper1.cs(159,59): warning CA1002: Change 'List<HtmlNode>' in 'HtmlAgilityHelper.RecursiveReturnTags(List<HtmlNode>, HtmlNode, bool, bool, string)' to use 'Collection<T>', 'ReadOnlyCollection<T>' or 'KeyedCollection<K,V>' (https://learn.microsoft.com/dotnet/fundamentals/code-analysis/quality-rules/ca1002) [E:\vs\Projects\PlatformIndependentNuGetPackages\SunamoHtml\SunamoHtml\SunamoHtml.csproj::TargetFramework=net8.0]
E:\vs\Projects\PlatformIndependentNuGetPackages\SunamoHtml\SunamoHtml\Generators\HtmlGenerator21.cs(227,36): warning CA1062: In externally visible method 'string HtmlGenerator2.GetWordsForTagCloud(Dictionary<string, short> wordCount, string cssSelector)', validate parameter 'wordCount' is non-null before using it. If appropriate, throw an 'ArgumentNullException' when the argument is 'null'. (https://learn.microsoft.com/dotnet/fundamentals/code-analysis/quality-rules/ca1062) [E:\vs\Projects\PlatformIndependentNuGetPackages\SunamoHtml\SunamoHtml\SunamoHtml.csproj::TargetFramework=net8.0]
E:\vs\Projects\PlatformIndependentNuGetPackages\SunamoHtml\SunamoHtml\Generators\HtmlGenerator21.cs(239,36): warning CA1062: In externally visible method 'string HtmlGenerator2.GetWordsForTagCloudManageTags(Dictionary<string, short> wordCount, string cssSelector)', validate parameter 'wordCount' is non-null before using it. If appropriate, throw an 'ArgumentNullException' when the argument is 'null'. (https://learn.microsoft.com/dotnet/fundamentals/code-analysis/quality-rules/ca1062) [E:\vs\Projects\PlatformIndependentNuGetPackages\SunamoHtml\SunamoHtml\SunamoHtml.csproj::TargetFramework=net8.0]
E:\vs\Projects\PlatformIndependentNuGetPackages\SunamoHtml\SunamoHtml\HtmlAgilityHelper1.cs(186,34): warning CA1002: Change 'List<HtmlNode>' in 'HtmlAgilityHelper.Nodes(HtmlNode, bool, string)' to use 'Collection<T>', 'ReadOnlyCollection<T>' or 'KeyedCollection<K,V>' (https://learn.microsoft.com/dotnet/fundamentals/code-analysis/quality-rules/ca1002) [E:\vs\Projects\PlatformIndependentNuGetPackages\SunamoHtml\SunamoHtml\SunamoHtml.csproj::TargetFramework=net8.0]
E:\vs\Projects\PlatformIndependentNuGetPackages\SunamoHtml\SunamoHtml\Generators\HtmlGenerator21.cs(208,29): warning CA1062: In externally visible method 'string HtmlGenerator2.GetRadioButtonsWoCheckDuplicate(string name, List<string> ids, List<string> labels, string eventHandlerSelected)', validate parameter 'ids' is non-null before using it. If appropriate, throw an 'ArgumentNullException' when the argument is 'null'. (https://learn.microsoft.com/dotnet/fundamentals/code-analysis/quality-rules/ca1062) [E:\vs\Projects\PlatformIndependentNuGetPackages\SunamoHtml\SunamoHtml\SunamoHtml.csproj::TargetFramework=net8.0]
E:\vs\Projects\PlatformIndependentNuGetPackages\SunamoHtml\SunamoHtml\Generators\HtmlGenerator21.cs(211,32): warning CA1062: In externally visible method 'string HtmlGenerator2.GetRadioButtonsWoCheckDuplicate(string name, List<string> ids, List<string> labels, string eventHandlerSelected)', validate parameter 'labels' is non-null before using it. If appropriate, throw an 'ArgumentNullException' when the argument is 'null'. (https://learn.microsoft.com/dotnet/fundamentals/code-analysis/quality-rules/ca1062) [E:\vs\Projects\PlatformIndependentNuGetPackages\SunamoHtml\SunamoHtml\SunamoHtml.csproj::TargetFramework=net8.0]
E:\vs\Projects\PlatformIndependentNuGetPackages\SunamoHtml\SunamoHtml\HtmlAgilityHelper1.cs(188,19): warning CA1311: Specify a culture or use an invariant version to avoid implicit dependency on current culture (https://learn.microsoft.com/dotnet/fundamentals/code-analysis/quality-rules/ca1311) [E:\vs\Projects\PlatformIndependentNuGetPackages\SunamoHtml\SunamoHtml\SunamoHtml.csproj::TargetFramework=net8.0]
E:\vs\Projects\PlatformIndependentNuGetPackages\SunamoHtml\SunamoHtml\HtmlAgilityHelper1.cs(188,15): warning CA1304: The behavior of 'string.ToLower()' could vary based on the current user's locale settings. Replace this call in 'HtmlAgilityHelper.Nodes(HtmlNode, bool, string)' with a call to 'string.ToLower(CultureInfo)'. (https://learn.microsoft.com/dotnet/fundamentals/code-analysis/quality-rules/ca1304) [E:\vs\Projects\PlatformIndependentNuGetPackages\SunamoHtml\SunamoHtml\SunamoHtml.csproj::TargetFramework=net8.0]
E:\vs\Projects\PlatformIndependentNuGetPackages\SunamoHtml\SunamoHtml\Generators\HtmlGenerator21.cs(255,194): warning CA1305: The behavior of 'short.ToString()' could vary based on the current user's locale settings. Replace this call in 'HtmlGenerator2.GetWordsForTagCloud(Dictionary<string, short>, string, string)' with a call to 'short.ToString(IFormatProvider)'. (https://learn.microsoft.com/dotnet/fundamentals/code-analysis/quality-rules/ca1305) [E:\vs\Projects\PlatformIndependentNuGetPackages\SunamoHtml\SunamoHtml\SunamoHtml.csproj::TargetFramework=net8.0]
E:\vs\Projects\PlatformIndependentNuGetPackages\SunamoHtml\SunamoHtml\Generators\HtmlGenerator21.cs(254,33): warning CA1307: 'string.Replace(string, string?)' has a method overload that takes a 'StringComparison' parameter. Replace this call in 'SunamoHtml.Generators.HtmlGenerator2.GetWordsForTagCloud(System.Collections.Generic.Dictionary<string, short>, string, string)' with a call to 'string.Replace(string, string?, System.StringComparison)' for clarity of intent. (https://learn.microsoft.com/dotnet/fundamentals/code-analysis/quality-rules/ca1307) [E:\vs\Projects\PlatformIndependentNuGetPackages\SunamoHtml\SunamoHtml\SunamoHtml.csproj::TargetFramework=net8.0]
E:\vs\Projects\PlatformIndependentNuGetPackages\SunamoHtml\SunamoHtml\Html\HtmlHelperShared2.cs(46,18): warning CA2000: Call System.IDisposable.Dispose on object created by 'XmlWriter.Create(sw)' before all references to it are out of scope (https://learn.microsoft.com/dotnet/fundamentals/code-analysis/quality-rules/ca2000) [E:\vs\Projects\PlatformIndependentNuGetPackages\SunamoHtml\SunamoHtml\SunamoHtml.csproj::TargetFramework=net8.0]
E:\vs\Projects\PlatformIndependentNuGetPackages\SunamoHtml\SunamoHtml\Html\HtmlHelperShared2.cs(148,64): warning CA1062: In externally visible method 'string HtmlHelper.ReturnApplyToAllTags(string text, string tagName, EditHtmlWidthHandler handler, string value)', validate parameter 'handler' is non-null before using it. If appropriate, throw an 'ArgumentNullException' when the argument is 'null'. (https://learn.microsoft.com/dotnet/fundamentals/code-analysis/quality-rules/ca1062) [E:\vs\Projects\PlatformIndependentNuGetPackages\SunamoHtml\SunamoHtml\SunamoHtml.csproj::TargetFramework=net8.0]
E:\vs\Projects\PlatformIndependentNuGetPackages\SunamoHtml\SunamoHtml\Generators\HtmlGenerator21.cs(31,22): warning CA1062: In externally visible method 'string HtmlGenerator2.TopListWithImages(HtmlGenerator htmlGenerator, int widthImage, int heightImage, string initialImageUri, List<string> photoLinks, List<string> textLinks, List<string> innerHtmlText, List<string> srcPhoto, List<string> idBadges, string arrayName)', validate parameter 'srcPhoto' is non-null before using it. If appropriate, throw an 'ArgumentNullException' when the argument is 'null'. (https://learn.microsoft.com/dotnet/fundamentals/code-analysis/quality-rules/ca1062) [E:\vs\Projects\PlatformIndependentNuGetPackages\SunamoHtml\SunamoHtml\SunamoHtml.csproj::TargetFramework=net8.0]
E:\vs\Projects\PlatformIndependentNuGetPackages\SunamoHtml\SunamoHtml\Generators\HtmlGenerator21.cs(24,21): warning CA1062: In externally visible method 'string HtmlGenerator2.TopListWithImages(HtmlGenerator htmlGenerator, int widthImage, int heightImage, string initialImageUri, List<string> photoLinks, List<string> textLinks, List<string> innerHtmlText, List<string> srcPhoto, List<string> idBadges, string arrayName)', validate parameter 'photoLinks' is non-null before using it. If appropriate, throw an 'ArgumentNullException' when the argument is 'null'. (https://learn.microsoft.com/dotnet/fundamentals/code-analysis/quality-rules/ca1062) [E:\vs\Projects\PlatformIndependentNuGetPackages\SunamoHtml\SunamoHtml\SunamoHtml.csproj::TargetFramework=net8.0]
E:\vs\Projects\PlatformIndependentNuGetPackages\SunamoHtml\SunamoHtml\Generators\HtmlGenerator21.cs(29,22): warning CA1062: In externally visible method 'string HtmlGenerator2.TopListWithImages(HtmlGenerator htmlGenerator, int widthImage, int heightImage, string initialImageUri, List<string> photoLinks, List<string> textLinks, List<string> innerHtmlText, List<string> srcPhoto, List<string> idBadges, string arrayName)', validate parameter 'innerHtmlText' is non-null before using it. If appropriate, throw an 'ArgumentNullException' when the argument is 'null'. (https://learn.microsoft.com/dotnet/fundamentals/code-analysis/quality-rules/ca1062) [E:\vs\Projects\PlatformIndependentNuGetPackages\SunamoHtml\SunamoHtml\SunamoHtml.csproj::TargetFramework=net8.0]
E:\vs\Projects\PlatformIndependentNuGetPackages\SunamoHtml\SunamoHtml\Generators\HtmlGenerator21.cs(40,13): warning CA1062: In externally visible method 'string HtmlGenerator2.TopListWithImages(HtmlGenerator htmlGenerator, int widthImage, int heightImage, string initialImageUri, List<string> photoLinks, List<string> textLinks, List<string> innerHtmlText, List<string> srcPhoto, List<string> idBadges, string arrayName)', validate parameter 'htmlGenerator' is non-null before using it. If appropriate, throw an 'ArgumentNullException' when the argument is 'null'. (https://learn.microsoft.com/dotnet/fundamentals/code-analysis/quality-rules/ca1062) [E:\vs\Projects\PlatformIndependentNuGetPackages\SunamoHtml\SunamoHtml\SunamoHtml.csproj::TargetFramework=net8.0]
E:\vs\Projects\PlatformIndependentNuGetPackages\SunamoHtml\SunamoHtml\Generators\HtmlGenerator21.cs(33,22): warning CA1062: In externally visible method 'string HtmlGenerator2.TopListWithImages(HtmlGenerator htmlGenerator, int widthImage, int heightImage, string initialImageUri, List<string> photoLinks, List<string> textLinks, List<string> innerHtmlText, List<string> srcPhoto, List<string> idBadges, string arrayName)', validate parameter 'idBadges' is non-null before using it. If appropriate, throw an 'ArgumentNullException' when the argument is 'null'. (https://learn.microsoft.com/dotnet/fundamentals/code-analysis/quality-rules/ca1062) [E:\vs\Projects\PlatformIndependentNuGetPackages\SunamoHtml\SunamoHtml\SunamoHtml.csproj::TargetFramework=net8.0]
E:\vs\Projects\PlatformIndependentNuGetPackages\SunamoHtml\SunamoHtml\Generators\HtmlGenerator21.cs(27,22): warning CA1062: In externally visible method 'string HtmlGenerator2.TopListWithImages(HtmlGenerator htmlGenerator, int widthImage, int heightImage, string initialImageUri, List<string> photoLinks, List<string> textLinks, List<string> innerHtmlText, List<string> srcPhoto, List<string> idBadges, string arrayName)', validate parameter 'textLinks' is non-null before using it. If appropriate, throw an 'ArgumentNullException' when the argument is 'null'. (https://learn.microsoft.com/dotnet/fundamentals/code-analysis/quality-rules/ca1062) [E:\vs\Projects\PlatformIndependentNuGetPackages\SunamoHtml\SunamoHtml\SunamoHtml.csproj::TargetFramework=net8.0]
E:\vs\Projects\PlatformIndependentNuGetPackages\SunamoHtml\SunamoHtml\Generators\HtmlGenerator21.cs(282,13): warning CA1820: Test for empty strings using 'string.Length' property or 'string.IsNullOrEmpty' method instead of an Equality check (https://learn.microsoft.com/dotnet/fundamentals/code-analysis/quality-rules/ca1820) [E:\vs\Projects\PlatformIndependentNuGetPackages\SunamoHtml\SunamoHtml\SunamoHtml.csproj::TargetFramework=net8.0]
E:\vs\Projects\PlatformIndependentNuGetPackages\SunamoHtml\SunamoHtml\HtmlAgilityHelper1.cs(188,15): warning CA1062: In externally visible method 'List<HtmlNode> HtmlAgilityHelper.Nodes(HtmlNode node, bool isRecursive, string tag)', validate parameter 'tag' is non-null before using it. If appropriate, throw an 'ArgumentNullException' when the argument is 'null'. (https://learn.microsoft.com/dotnet/fundamentals/code-analysis/quality-rules/ca1062) [E:\vs\Projects\PlatformIndependentNuGetPackages\SunamoHtml\SunamoHtml\SunamoHtml.csproj::TargetFramework=net8.0]
E:\vs\Projects\PlatformIndependentNuGetPackages\SunamoHtml\SunamoHtml\HtmlAgilityHelper1.cs(250,75): warning CA1002: Change 'List<HtmlNode>' in 'HtmlAgilityHelper.RecursiveReturnTagsWithContainsAttr(List<HtmlNode>, HtmlNode, bool, string, string, string, bool, [bool])' to use 'Collection<T>', 'ReadOnlyCollection<T>' or 'KeyedCollection<K,V>' (https://learn.microsoft.com/dotnet/fundamentals/code-analysis/quality-rules/ca1002) [E:\vs\Projects\PlatformIndependentNuGetPackages\SunamoHtml\SunamoHtml\SunamoHtml.csproj::TargetFramework=net8.0]
E:\vs\Projects\PlatformIndependentNuGetPackages\SunamoHtml\SunamoHtml\_sunamo\SunamoString\SH1.cs(73,13): warning CA1307: 'string.Contains(string)' has a method overload that takes a 'StringComparison' parameter. Replace this call in 'SunamoHtml._sunamo.SunamoString.SH.XCharsBeforeAndAfterWholeWords(string, int, int)' with a call to 'string.Contains(string, System.StringComparison)' for clarity of intent. (https://learn.microsoft.com/dotnet/fundamentals/code-analysis/quality-rules/ca1307) [E:\vs\Projects\PlatformIndependentNuGetPackages\SunamoHtml\SunamoHtml\SunamoHtml.csproj::TargetFramework=net8.0]
E:\vs\Projects\PlatformIndependentNuGetPackages\SunamoHtml\SunamoHtml\_sunamo\SunamoString\SH1.cs(73,57): warning CA1307: 'string.Contains(string)' has a method overload that takes a 'StringComparison' parameter. Replace this call in 'SunamoHtml._sunamo.SunamoString.SH.XCharsBeforeAndAfterWholeWords(string, int, int)' with a call to 'string.Contains(string, System.StringComparison)' for clarity of intent. (https://learn.microsoft.com/dotnet/fundamentals/code-analysis/quality-rules/ca1307) [E:\vs\Projects\PlatformIndependentNuGetPackages\SunamoHtml\SunamoHtml\SunamoHtml.csproj::TargetFramework=net8.0]
E:\vs\Projects\PlatformIndependentNuGetPackages\SunamoHtml\SunamoHtml\_sunamo\SunamoString\SH1.cs(31,21): warning CA1820: Test for empty strings using 'string.Length' property or 'string.IsNullOrEmpty' method instead of an Equality check (https://learn.microsoft.com/dotnet/fundamentals/code-analysis/quality-rules/ca1820) [E:\vs\Projects\PlatformIndependentNuGetPackages\SunamoHtml\SunamoHtml\SunamoHtml.csproj::TargetFramework=net8.0]
E:\vs\Projects\PlatformIndependentNuGetPackages\SunamoHtml\SunamoHtml\_sunamo\SunamoString\SH1.cs(57,21): warning CA1820: Test for empty strings using 'string.Length' property or 'string.IsNullOrEmpty' method instead of an Equality check (https://learn.microsoft.com/dotnet/fundamentals/code-analysis/quality-rules/ca1820) [E:\vs\Projects\PlatformIndependentNuGetPackages\SunamoHtml\SunamoHtml\SunamoHtml.csproj::TargetFramework=net8.0]
E:\vs\Projects\PlatformIndependentNuGetPackages\SunamoHtml\SunamoHtml\Generators\HtmlGenerator21.cs(320,16): warning CA1307: 'string.Replace(string, string?)' has a method overload that takes a 'StringComparison' parameter. Replace this call in 'SunamoHtml.Generators.HtmlGenerator2.ShortForLettersCount(string, int)' with a call to 'string.Replace(string, string?, System.StringComparison)' for clarity of intent. (https://learn.microsoft.com/dotnet/fundamentals/code-analysis/quality-rules/ca1307) [E:\vs\Projects\PlatformIndependentNuGetPackages\SunamoHtml\SunamoHtml\SunamoHtml.csproj::TargetFramework=net8.0]
E:\vs\Projects\PlatformIndependentNuGetPackages\SunamoHtml\SunamoHtml\_sunamo\SunamoString\SH1.cs(131,25): warning CA1311: Specify a culture or use an invariant version to avoid implicit dependency on current culture (https://learn.microsoft.com/dotnet/fundamentals/code-analysis/quality-rules/ca1311) [E:\vs\Projects\PlatformIndependentNuGetPackages\SunamoHtml\SunamoHtml\SunamoHtml.csproj::TargetFramework=net8.0]
E:\vs\Projects\PlatformIndependentNuGetPackages\SunamoHtml\SunamoHtml\_sunamo\SunamoString\SH1.cs(133,35): warning CA1311: Specify a culture or use an invariant version to avoid implicit dependency on current culture (https://learn.microsoft.com/dotnet/fundamentals/code-analysis/quality-rules/ca1311) [E:\vs\Projects\PlatformIndependentNuGetPackages\SunamoHtml\SunamoHtml\SunamoHtml.csproj::TargetFramework=net8.0]
E:\vs\Projects\PlatformIndependentNuGetPackages\SunamoHtml\SunamoHtml\HtmlAgilityHelper1.cs(268,75): warning CA1002: Change 'List<HtmlNode>' in 'HtmlAgilityHelper.RecursiveReturnTagsWithContainsAttr(List<HtmlNode>, HtmlNode, bool, string, string, string, bool, bool, [bool])' to use 'Collection<T>', 'ReadOnlyCollection<T>' or 'KeyedCollection<K,V>' (https://learn.microsoft.com/dotnet/fundamentals/code-analysis/quality-rules/ca1002) [E:\vs\Projects\PlatformIndependentNuGetPackages\SunamoHtml\SunamoHtml\SunamoHtml.csproj::TargetFramework=net8.0]
E:\vs\Projects\PlatformIndependentNuGetPackages\SunamoHtml\SunamoHtml\_sunamo\SunamoString\SH1.cs(131,20): warning CA1304: The behavior of 'string.ToUpper()' could vary based on the current user's locale settings. Replace this call in 'SH.FirstCharUpper(string)' with a call to 'string.ToUpper(CultureInfo)'. (https://learn.microsoft.com/dotnet/fundamentals/code-analysis/quality-rules/ca1304) [E:\vs\Projects\PlatformIndependentNuGetPackages\SunamoHtml\SunamoHtml\SunamoHtml.csproj::TargetFramework=net8.0]
E:\vs\Projects\PlatformIndependentNuGetPackages\SunamoHtml\SunamoHtml\_sunamo\SunamoString\SH1.cs(133,16): warning CA1304: The behavior of 'string.ToUpper()' could vary based on the current user's locale settings. Replace this call in 'SH.FirstCharUpper(string)' with a call to 'string.ToUpper(CultureInfo)'. (https://learn.microsoft.com/dotnet/fundamentals/code-analysis/quality-rules/ca1304) [E:\vs\Projects\PlatformIndependentNuGetPackages\SunamoHtml\SunamoHtml\SunamoHtml.csproj::TargetFramework=net8.0]
E:\vs\Projects\PlatformIndependentNuGetPackages\SunamoHtml\SunamoHtml\HtmlAgilityHelper1.cs(271,27): warning CA1311: Specify a culture or use an invariant version to avoid implicit dependency on current culture (https://learn.microsoft.com/dotnet/fundamentals/code-analysis/quality-rules/ca1311) [E:\vs\Projects\PlatformIndependentNuGetPackages\SunamoHtml\SunamoHtml\SunamoHtml.csproj::TargetFramework=net8.0]
E:\vs\Projects\PlatformIndependentNuGetPackages\SunamoHtml\SunamoHtml\HtmlAgilityHelper1.cs(271,19): warning CA1304: The behavior of 'string.ToLower()' could vary based on the current user's locale settings. Replace this call in 'HtmlAgilityHelper.RecursiveReturnTagsWithContainsAttr(List<HtmlNode>, HtmlNode, bool, string, string, string, bool, bool, [bool])' with a call to 'string.ToLower(CultureInfo)'. (https://learn.microsoft.com/dotnet/fundamentals/code-analysis/quality-rules/ca1304) [E:\vs\Projects\PlatformIndependentNuGetPackages\SunamoHtml\SunamoHtml\SunamoHtml.csproj::TargetFramework=net8.0]
E:\vs\Projects\PlatformIndependentNuGetPackages\SunamoHtml\SunamoHtml\Generators\HtmlGenerator21.cs(320,16): warning CA1062: In externally visible method 'string HtmlGenerator2.ShortForLettersCount(string text, int maxLength)', validate parameter 'text' is non-null before using it. If appropriate, throw an 'ArgumentNullException' when the argument is 'null'. (https://learn.microsoft.com/dotnet/fundamentals/code-analysis/quality-rules/ca1062) [E:\vs\Projects\PlatformIndependentNuGetPackages\SunamoHtml\SunamoHtml\SunamoHtml.csproj::TargetFramework=net8.0]
E:\vs\Projects\PlatformIndependentNuGetPackages\SunamoHtml\SunamoHtml\HtmlAgilityHelper1.cs(302,34): warning CA1002: Change 'List<HtmlNode>' in 'HtmlAgilityHelper.NodesWithAttrWildCard(HtmlNode, bool, string, string, string, [bool])' to use 'Collection<T>', 'ReadOnlyCollection<T>' or 'KeyedCollection<K,V>' (https://learn.microsoft.com/dotnet/fundamentals/code-analysis/quality-rules/ca1002) [E:\vs\Projects\PlatformIndependentNuGetPackages\SunamoHtml\SunamoHtml\SunamoHtml.csproj::TargetFramework=net8.0]
E:\vs\Projects\PlatformIndependentNuGetPackages\SunamoHtml\SunamoHtml\HtmlAgilityHelper1.cs(317,34): warning CA1002: Change 'List<HtmlNode>' in 'HtmlAgilityHelper.NodesWithAttr(HtmlNode, bool, string, string, string, [bool])' to use 'Collection<T>', 'ReadOnlyCollection<T>' or 'KeyedCollection<K,V>' (https://learn.microsoft.com/dotnet/fundamentals/code-analysis/quality-rules/ca1002) [E:\vs\Projects\PlatformIndependentNuGetPackages\SunamoHtml\SunamoHtml\SunamoHtml.csproj::TargetFramework=net8.0]
E:\vs\Projects\PlatformIndependentNuGetPackages\SunamoHtml\SunamoHtml\Html\HtmlHelperShared2.cs(199,51): warning CA1311: Specify a culture or use an invariant version to avoid implicit dependency on current culture (https://learn.microsoft.com/dotnet/fundamentals/code-analysis/quality-rules/ca1311) [E:\vs\Projects\PlatformIndependentNuGetPackages\SunamoHtml\SunamoHtml\SunamoHtml.csproj::TargetFramework=net8.0]
E:\vs\Projects\PlatformIndependentNuGetPackages\SunamoHtml\SunamoHtml\Html\HtmlHelperShared2.cs(199,81): warning CA1311: Specify a culture or use an invariant version to avoid implicit dependency on current culture (https://learn.microsoft.com/dotnet/fundamentals/code-analysis/quality-rules/ca1311) [E:\vs\Projects\PlatformIndependentNuGetPackages\SunamoHtml\SunamoHtml\SunamoHtml.csproj::TargetFramework=net8.0]
E:\vs\Projects\PlatformIndependentNuGetPackages\SunamoHtml\SunamoHtml\Html\HtmlHelperShared2.cs(192,37): warning CA1847: Use 'string.Contains(char)' instead of 'string.Contains(string)' when searching for a single character (https://learn.microsoft.com/dotnet/fundamentals/code-analysis/quality-rules/ca1847) [E:\vs\Projects\PlatformIndependentNuGetPackages\SunamoHtml\SunamoHtml\SunamoHtml.csproj::TargetFramework=net8.0]
E:\vs\Projects\PlatformIndependentNuGetPackages\SunamoHtml\SunamoHtml\Html\HtmlHelperShared2.cs(196,35): warning CA1847: Use 'string.Contains(char)' instead of 'string.Contains(string)' when searching for a single character (https://learn.microsoft.com/dotnet/fundamentals/code-analysis/quality-rules/ca1847) [E:\vs\Projects\PlatformIndependentNuGetPackages\SunamoHtml\SunamoHtml\SunamoHtml.csproj::TargetFramework=net8.0]
E:\vs\Projects\PlatformIndependentNuGetPackages\SunamoHtml\SunamoHtml\Html\HtmlHelperShared2.cs(199,32): warning CA1304: The behavior of 'string.ToLower()' could vary based on the current user's locale settings. Replace this call in 'HtmlHelper.GetValuesOfStyle(HtmlNode)' with a call to 'string.ToLower(CultureInfo)'. (https://learn.microsoft.com/dotnet/fundamentals/code-analysis/quality-rules/ca1304) [E:\vs\Projects\PlatformIndependentNuGetPackages\SunamoHtml\SunamoHtml\SunamoHtml.csproj::TargetFramework=net8.0]
E:\vs\Projects\PlatformIndependentNuGetPackages\SunamoHtml\SunamoHtml\Html\HtmlHelperShared2.cs(199,62): warning CA1304: The behavior of 'string.ToLower()' could vary based on the current user's locale settings. Replace this call in 'HtmlHelper.GetValuesOfStyle(HtmlNode)' with a call to 'string.ToLower(CultureInfo)'. (https://learn.microsoft.com/dotnet/fundamentals/code-analysis/quality-rules/ca1304) [E:\vs\Projects\PlatformIndependentNuGetPackages\SunamoHtml\SunamoHtml\SunamoHtml.csproj::TargetFramework=net8.0]
E:\vs\Projects\PlatformIndependentNuGetPackages\SunamoHtml\SunamoHtml\Html\HtmlHelperShared2.cs(192,13): warning CA1307: 'string.Contains(string)' has a method overload that takes a 'StringComparison' parameter. Replace this call in 'SunamoHtml.Html.HtmlHelper.GetValuesOfStyle(HtmlAgilityPack.HtmlNode)' with a call to 'string.Contains(string, System.StringComparison)' for clarity of intent. (https://learn.microsoft.com/dotnet/fundamentals/code-analysis/quality-rules/ca1307) [E:\vs\Projects\PlatformIndependentNuGetPackages\SunamoHtml\SunamoHtml\SunamoHtml.csproj::TargetFramework=net8.0]
E:\vs\Projects\PlatformIndependentNuGetPackages\SunamoHtml\SunamoHtml\Html\HtmlHelperShared2.cs(196,21): warning CA1307: 'string.Contains(string)' has a method overload that takes a 'StringComparison' parameter. Replace this call in 'SunamoHtml.Html.HtmlHelper.GetValuesOfStyle(HtmlAgilityPack.HtmlNode)' with a call to 'string.Contains(string, System.StringComparison)' for clarity of intent. (https://learn.microsoft.com/dotnet/fundamentals/code-analysis/quality-rules/ca1307) [E:\vs\Projects\PlatformIndependentNuGetPackages\SunamoHtml\SunamoHtml\SunamoHtml.csproj::TargetFramework=net8.0]
E:\vs\Projects\PlatformIndependentNuGetPackages\SunamoHtml\SunamoHtml\Html\HtmlHelperShared2.cs(214,30): warning CA1062: In externally visible method 'HtmlNode HtmlHelper.GetTag(HtmlNode htmlNode, string tagName)', validate parameter 'htmlNode' is non-null before using it. If appropriate, throw an 'ArgumentNullException' when the argument is 'null'. (https://learn.microsoft.com/dotnet/fundamentals/code-analysis/quality-rules/ca1062) [E:\vs\Projects\PlatformIndependentNuGetPackages\SunamoHtml\SunamoHtml\SunamoHtml.csproj::TargetFramework=net8.0]
E:\vs\Projects\PlatformIndependentNuGetPackages\SunamoHtml\SunamoHtml\_sunamo\SunamoString\SH1.cs(191,19): warning CA1307: 'string.Replace(string, string?)' has a method overload that takes a 'StringComparison' parameter. Replace this call in 'SunamoHtml._sunamo.SunamoString.SH.IsMatchRegex(string, string, char, char)' with a call to 'string.Replace(string, string?, System.StringComparison)' for clarity of intent. (https://learn.microsoft.com/dotnet/fundamentals/code-analysis/quality-rules/ca1307) [E:\vs\Projects\PlatformIndependentNuGetPackages\SunamoHtml\SunamoHtml\SunamoHtml.csproj::TargetFramework=net8.0]
E:\vs\Projects\PlatformIndependentNuGetPackages\SunamoHtml\SunamoHtml\_sunamo\SunamoString\SH1.cs(192,25): warning CA1307: 'string.Replace(string, string?)' has a method overload that takes a 'StringComparison' parameter. Replace this call in 'SunamoHtml._sunamo.SunamoString.SH.IsMatchRegex(string, string, char, char)' with a call to 'string.Replace(string, string?, System.StringComparison)' for clarity of intent. (https://learn.microsoft.com/dotnet/fundamentals/code-analysis/quality-rules/ca1307) [E:\vs\Projects\PlatformIndependentNuGetPackages\SunamoHtml\SunamoHtml\SunamoHtml.csproj::TargetFramework=net8.0]
E:\vs\Projects\PlatformIndependentNuGetPackages\SunamoHtml\SunamoHtml\Generators\HtmlGenerator22.cs(16,118): warning CA1002: Change 'List<string>' in 'HtmlGenerator2.GetForCheckBoxListWoCheckDuplicate(string, string, List<string>, List<string>)' to use 'Collection<T>', 'ReadOnlyCollection<T>' or 'KeyedCollection<K,V>' (https://learn.microsoft.com/dotnet/fundamentals/code-analysis/quality-rules/ca1002) [E:\vs\Projects\PlatformIndependentNuGetPackages\SunamoHtml\SunamoHtml\SunamoHtml.csproj::TargetFramework=net8.0]
E:\vs\Projects\PlatformIndependentNuGetPackages\SunamoHtml\SunamoHtml\Generators\HtmlGenerator22.cs(16,145): warning CA1002: Change 'List<string>' in 'HtmlGenerator2.GetForCheckBoxListWoCheckDuplicate(string, string, List<string>, List<string>)' to use 'Collection<T>', 'ReadOnlyCollection<T>' or 'KeyedCollection<K,V>' (https://learn.microsoft.com/dotnet/fundamentals/code-analysis/quality-rules/ca1002) [E:\vs\Projects\PlatformIndependentNuGetPackages\SunamoHtml\SunamoHtml\SunamoHtml.csproj::TargetFramework=net8.0]
E:\vs\Projects\PlatformIndependentNuGetPackages\SunamoHtml\SunamoHtml\Html\HtmlHelperShared2.cs(257,34): warning CA1002: Change 'List<HtmlNode>' in 'HtmlHelper.ReturnAllTagsImg(HtmlNode, string)' to use 'Collection<T>', 'ReadOnlyCollection<T>' or 'KeyedCollection<K,V>' (https://learn.microsoft.com/dotnet/fundamentals/code-analysis/quality-rules/ca1002) [E:\vs\Projects\PlatformIndependentNuGetPackages\SunamoHtml\SunamoHtml\SunamoHtml.csproj::TargetFramework=net8.0]
E:\vs\Projects\PlatformIndependentNuGetPackages\SunamoHtml\SunamoHtml\HtmlAgilityHelper1.cs(50,30): warning CA1062: In externally visible method 'List<HtmlNode> HtmlAgilityHelper.TrimComments(List<HtmlNode> nodes)', validate parameter 'nodes' is non-null before using it. If appropriate, throw an 'ArgumentNullException' when the argument is 'null'. (https://learn.microsoft.com/dotnet/fundamentals/code-analysis/quality-rules/ca1062) [E:\vs\Projects\PlatformIndependentNuGetPackages\SunamoHtml\SunamoHtml\SunamoHtml.csproj::TargetFramework=net8.0]
E:\vs\Projects\PlatformIndependentNuGetPackages\SunamoHtml\SunamoHtml\Generators\HtmlGenerator22.cs(20,19): warning CA2201: Exception type System.Exception is not sufficiently specific (https://learn.microsoft.com/dotnet/fundamentals/code-analysis/quality-rules/ca2201) [E:\vs\Projects\PlatformIndependentNuGetPackages\SunamoHtml\SunamoHtml\SunamoHtml.csproj::TargetFramework=net8.0]
E:\vs\Projects\PlatformIndependentNuGetPackages\SunamoHtml\SunamoHtml\Generators\HtmlGenerator22.cs(42,9): warning CA1062: In externally visible method 'string HtmlGenerator2.HtmlGeneratorToString(Action<HtmlGenerator> action)', validate parameter 'action' is non-null before using it. If appropriate, throw an 'ArgumentNullException' when the argument is 'null'. (https://learn.microsoft.com/dotnet/fundamentals/code-analysis/quality-rules/ca1062) [E:\vs\Projects\PlatformIndependentNuGetPackages\SunamoHtml\SunamoHtml\SunamoHtml.csproj::TargetFramework=net8.0]
E:\vs\Projects\PlatformIndependentNuGetPackages\SunamoHtml\SunamoHtml\Html\HtmlHelperShared2.cs(283,34): warning CA1002: Change 'List<HtmlNode>' in 'HtmlHelper.ReturnTags(HtmlNode, string)' to use 'Collection<T>', 'ReadOnlyCollection<T>' or 'KeyedCollection<K,V>' (https://learn.microsoft.com/dotnet/fundamentals/code-analysis/quality-rules/ca1002) [E:\vs\Projects\PlatformIndependentNuGetPackages\SunamoHtml\SunamoHtml\SunamoHtml.csproj::TargetFramework=net8.0]
E:\vs\Projects\PlatformIndependentNuGetPackages\SunamoHtml\SunamoHtml\Generators\HtmlGenerator22.cs(89,55): warning CA1054: Change the type of parameter 'uri' of method 'HtmlGenerator2.AnchorWithCustomLabel(string, string)' from 'string' to 'System.Uri', or provide an overload to 'HtmlGenerator2.AnchorWithCustomLabel(string, string)' that allows 'uri' to be passed as a 'System.Uri' object (https://learn.microsoft.com/dotnet/fundamentals/code-analysis/quality-rules/ca1054) [E:\vs\Projects\PlatformIndependentNuGetPackages\SunamoHtml\SunamoHtml\SunamoHtml.csproj::TargetFramework=net8.0]
E:\vs\Projects\PlatformIndependentNuGetPackages\SunamoHtml\SunamoHtml\Html\HtmlHelperShared3.cs(47,34): warning CA1002: Change 'List<HtmlNode>' in 'HtmlHelper.ReturnTagsWithAttrRek2(HtmlNode, string, string, string)' to use 'Collection<T>', 'ReadOnlyCollection<T>' or 'KeyedCollection<K,V>' (https://learn.microsoft.com/dotnet/fundamentals/code-analysis/quality-rules/ca1002) [E:\vs\Projects\PlatformIndependentNuGetPackages\SunamoHtml\SunamoHtml\SunamoHtml.csproj::TargetFramework=net8.0]
E:\vs\Projects\PlatformIndependentNuGetPackages\SunamoHtml\SunamoHtml\Html\HtmlHelperShared2.cs(286,30): warning CA1062: In externally visible method 'List<HtmlNode> HtmlHelper.ReturnTags(HtmlNode htmlNode, string tagName)', validate parameter 'htmlNode' is non-null before using it. If appropriate, throw an 'ArgumentNullException' when the argument is 'null'. (https://learn.microsoft.com/dotnet/fundamentals/code-analysis/quality-rules/ca1062) [E:\vs\Projects\PlatformIndependentNuGetPackages\SunamoHtml\SunamoHtml\SunamoHtml.csproj::TargetFramework=net8.0]
E:\vs\Projects\PlatformIndependentNuGetPackages\SunamoHtml\SunamoHtml\Generators\HtmlGenerator22.cs(66,9): warning CA1062: In externally visible method 'void HtmlGenerator2.ButtonDelete(HtmlGenerator htmlGenerator, string text, string attributeName, string attributeValue)', validate parameter 'htmlGenerator' is non-null before using it. If appropriate, throw an 'ArgumentNullException' when the argument is 'null'. (https://learn.microsoft.com/dotnet/fundamentals/code-analysis/quality-rules/ca1062) [E:\vs\Projects\PlatformIndependentNuGetPackages\SunamoHtml\SunamoHtml\SunamoHtml.csproj::TargetFramework=net8.0]
E:\vs\Projects\PlatformIndependentNuGetPackages\SunamoHtml\SunamoHtml\Html\HtmlHelperShared3.cs(66,34): warning CA1002: Change 'List<HtmlNode>' in 'HtmlHelper.GetTagsOfAtribute(HtmlNode, string, string, string)' to use 'Collection<T>', 'ReadOnlyCollection<T>' or 'KeyedCollection<K,V>' (https://learn.microsoft.com/dotnet/fundamentals/code-analysis/quality-rules/ca1002) [E:\vs\Projects\PlatformIndependentNuGetPackages\SunamoHtml\SunamoHtml\SunamoHtml.csproj::TargetFramework=net8.0]
E:\vs\Projects\PlatformIndependentNuGetPackages\SunamoHtml\SunamoHtml\Html\HtmlHelperShared2.cs(260,30): warning CA1062: In externally visible method 'List<HtmlNode> HtmlHelper.ReturnAllTagsImg(HtmlNode htmlNode, string tagName)', validate parameter 'htmlNode' is non-null before using it. If appropriate, throw an 'ArgumentNullException' when the argument is 'null'. (https://learn.microsoft.com/dotnet/fundamentals/code-analysis/quality-rules/ca1062) [E:\vs\Projects\PlatformIndependentNuGetPackages\SunamoHtml\SunamoHtml\SunamoHtml.csproj::TargetFramework=net8.0]
E:\vs\Projects\PlatformIndependentNuGetPackages\SunamoHtml\SunamoHtml\Html\HtmlHelperShared3.cs(102,75): warning CA1002: Change 'List<HtmlNode>' in 'HtmlHelper.RecursiveReturnTagsWithContainsAttr(List<HtmlNode>, HtmlNode, string, string, string, bool, bool)' to use 'Collection<T>', 'ReadOnlyCollection<T>' or 'KeyedCollection<K,V>' (https://learn.microsoft.com/dotnet/fundamentals/code-analysis/quality-rules/ca1002) [E:\vs\Projects\PlatformIndependentNuGetPackages\SunamoHtml\SunamoHtml\SunamoHtml.csproj::TargetFramework=net8.0]
E:\vs\Projects\PlatformIndependentNuGetPackages\SunamoHtml\SunamoHtml\Generators\HtmlGenerator22.cs(19,35): warning CA1062: In externally visible method 'string HtmlGenerator2.GetForCheckBoxListWoCheckDuplicate(string idClassCheckbox, string idClassSpan, List<string> idCheckBoxes, List<string> list)', validate parameter 'list' is non-null before using it. If appropriate, throw an 'ArgumentNullException' when the argument is 'null'. (https://learn.microsoft.com/dotnet/fundamentals/code-analysis/quality-rules/ca1062) [E:\vs\Projects\PlatformIndependentNuGetPackages\SunamoHtml\SunamoHtml\SunamoHtml.csproj::TargetFramework=net8.0]
E:\vs\Projects\PlatformIndependentNuGetPackages\SunamoHtml\SunamoHtml\Generators\HtmlGenerator22.cs(19,13): warning CA1062: In externally visible method 'string HtmlGenerator2.GetForCheckBoxListWoCheckDuplicate(string idClassCheckbox, string idClassSpan, List<string> idCheckBoxes, List<string> list)', validate parameter 'idCheckBoxes' is non-null before using it. If appropriate, throw an 'ArgumentNullException' when the argument is 'null'. (https://learn.microsoft.com/dotnet/fundamentals/code-analysis/quality-rules/ca1062) [E:\vs\Projects\PlatformIndependentNuGetPackages\SunamoHtml\SunamoHtml\SunamoHtml.csproj::TargetFramework=net8.0]
E:\vs\Projects\PlatformIndependentNuGetPackages\SunamoHtml\SunamoHtml\Generators\HtmlGenerator22.cs(100,54): warning CA1002: Change 'List<string>' in 'HtmlGenerator2.AllMonthsTable(List<string>, List<string>)' to use 'Collection<T>', 'ReadOnlyCollection<T>' or 'KeyedCollection<K,V>' (https://learn.microsoft.com/dotnet/fundamentals/code-analysis/quality-rules/ca1002) [E:\vs\Projects\PlatformIndependentNuGetPackages\SunamoHtml\SunamoHtml\SunamoHtml.csproj::TargetFramework=net8.0]
E:\vs\Projects\PlatformIndependentNuGetPackages\SunamoHtml\SunamoHtml\Generators\HtmlGenerator22.cs(100,86): warning CA1002: Change 'List<string>' in 'HtmlGenerator2.AllMonthsTable(List<string>, List<string>)' to use 'Collection<T>', 'ReadOnlyCollection<T>' or 'KeyedCollection<K,V>' (https://learn.microsoft.com/dotnet/fundamentals/code-analysis/quality-rules/ca1002) [E:\vs\Projects\PlatformIndependentNuGetPackages\SunamoHtml\SunamoHtml\SunamoHtml.csproj::TargetFramework=net8.0]
E:\vs\Projects\PlatformIndependentNuGetPackages\SunamoHtml\SunamoHtml\Html\HtmlHelperShared3.cs(108,30): warning CA1307: 'string.Contains(string)' has a method overload that takes a 'StringComparison' parameter. Replace this call in 'SunamoHtml.Html.HtmlHelper.RecursiveReturnTagsWithContainsAttr(System.Collections.Generic.List<HtmlAgilityPack.HtmlNode>, HtmlAgilityPack.HtmlNode, string, string, string, bool, bool)' with a call to 'string.Contains(string, System.StringComparison)' for clarity of intent. (https://learn.microsoft.com/dotnet/fundamentals/code-analysis/quality-rules/ca1307) [E:\vs\Projects\PlatformIndependentNuGetPackages\SunamoHtml\SunamoHtml\SunamoHtml.csproj::TargetFramework=net8.0]
E:\vs\Projects\PlatformIndependentNuGetPackages\SunamoHtml\SunamoHtml\HtmlAgilityHelper1.cs(166,17): warning CA1062: In externally visible method 'void HtmlAgilityHelper.RecursiveReturnTags(List<HtmlNode> result, HtmlNode htmlNode, bool isRecursive, bool isSingle, string tagName)', validate parameter 'result' is non-null before using it. If appropriate, throw an 'ArgumentNullException' when the argument is 'null'. (https://learn.microsoft.com/dotnet/fundamentals/code-analysis/quality-rules/ca1062) [E:\vs\Projects\PlatformIndependentNuGetPackages\SunamoHtml\SunamoHtml\SunamoHtml.csproj::TargetFramework=net8.0]
E:\vs\Projects\PlatformIndependentNuGetPackages\SunamoHtml\SunamoHtml\Html\HtmlHelperShared3.cs(159,34): warning CA1002: Change 'List<HtmlNode>' in 'HtmlHelper.ReturnTagsWithContainsAttrRek(HtmlNode, string, string, string)' to use 'Collection<T>', 'ReadOnlyCollection<T>' or 'KeyedCollection<K,V>' (https://learn.microsoft.com/dotnet/fundamentals/code-analysis/quality-rules/ca1002) [E:\vs\Projects\PlatformIndependentNuGetPackages\SunamoHtml\SunamoHtml\SunamoHtml.csproj::TargetFramework=net8.0]
E:\vs\Projects\PlatformIndependentNuGetPackages\SunamoHtml\SunamoHtml\Generators\HtmlGenerator22.cs(103,19): warning CA2201: Exception type System.Exception is not sufficiently specific (https://learn.microsoft.com/dotnet/fundamentals/code-analysis/quality-rules/ca2201) [E:\vs\Projects\PlatformIndependentNuGetPackages\SunamoHtml\SunamoHtml\SunamoHtml.csproj::TargetFramework=net8.0]
E:\vs\Projects\PlatformIndependentNuGetPackages\SunamoHtml\SunamoHtml\Generators\HtmlGenerator22.cs(105,19): warning CA2201: Exception type System.Exception is not sufficiently specific (https://learn.microsoft.com/dotnet/fundamentals/code-analysis/quality-rules/ca2201) [E:\vs\Projects\PlatformIndependentNuGetPackages\SunamoHtml\SunamoHtml\SunamoHtml.csproj::TargetFramework=net8.0]
E:\vs\Projects\PlatformIndependentNuGetPackages\SunamoHtml\SunamoHtml\Html\HtmlHelperSunamoCz.cs(18,16): warning CA1062: In externally visible method 'string HtmlHelperSunamoCz.ConvertTextToHtmlWithAnchors(string text, ref string error)', validate parameter 'text' is non-null before using it. If appropriate, throw an 'ArgumentNullException' when the argument is 'null'. (https://learn.microsoft.com/dotnet/fundamentals/code-analysis/quality-rules/ca1062) [E:\vs\Projects\PlatformIndependentNuGetPackages\SunamoHtml\SunamoHtml\SunamoHtml.csproj::TargetFramework=net8.0]
E:\vs\Projects\PlatformIndependentNuGetPackages\SunamoHtml\SunamoHtml\Html\HtmlHelperShared3.cs(69,35): warning CA1062: In externally visible method 'List<HtmlNode> HtmlHelper.GetTagsOfAtribute(HtmlNode htmlNode, string tagName, string attributeName, string attributeValue)', validate parameter 'htmlNode' is non-null before using it. If appropriate, throw an 'ArgumentNullException' when the argument is 'null'. (https://learn.microsoft.com/dotnet/fundamentals/code-analysis/quality-rules/ca1062) [E:\vs\Projects\PlatformIndependentNuGetPackages\SunamoHtml\SunamoHtml\SunamoHtml.csproj::TargetFramework=net8.0]
E:\vs\Projects\PlatformIndependentNuGetPackages\SunamoHtml\SunamoHtml\Html\HtmlHelperShared3.cs(177,34): warning CA1002: Change 'List<HtmlNode>' in 'HtmlHelper.ReturnTagsWithContainsAttrRek(HtmlNode, string, string, string, bool, bool)' to use 'Collection<T>', 'ReadOnlyCollection<T>' or 'KeyedCollection<K,V>' (https://learn.microsoft.com/dotnet/fundamentals/code-analysis/quality-rules/ca1002) [E:\vs\Projects\PlatformIndependentNuGetPackages\SunamoHtml\SunamoHtml\SunamoHtml.csproj::TargetFramework=net8.0]
E:\vs\Projects\PlatformIndependentNuGetPackages\SunamoHtml\SunamoHtml\Html\HtmlHelperShared3.cs(193,34): warning CA1002: Change 'List<HtmlNode>' in 'HtmlHelper.ReturnTagsWithContainsClassRek(HtmlNode, string, string)' to use 'Collection<T>', 'ReadOnlyCollection<T>' or 'KeyedCollection<K,V>' (https://learn.microsoft.com/dotnet/fundamentals/code-analysis/quality-rules/ca1002) [E:\vs\Projects\PlatformIndependentNuGetPackages\SunamoHtml\SunamoHtml\SunamoHtml.csproj::TargetFramework=net8.0]
E:\vs\Projects\PlatformIndependentNuGetPackages\SunamoHtml\SunamoHtml\Generators\HtmlGenerator22.cs(156,53): warning CA1002: Change 'List<string>' in 'HtmlGenerator2.AllYearsTable(List<string>, List<string>, List<string>)' to use 'Collection<T>', 'ReadOnlyCollection<T>' or 'KeyedCollection<K,V>' (https://learn.microsoft.com/dotnet/fundamentals/code-analysis/quality-rules/ca1002) [E:\vs\Projects\PlatformIndependentNuGetPackages\SunamoHtml\SunamoHtml\SunamoHtml.csproj::TargetFramework=net8.0]
E:\vs\Projects\PlatformIndependentNuGetPackages\SunamoHtml\SunamoHtml\Generators\HtmlGenerator22.cs(156,73): warning CA1002: Change 'List<string>' in 'HtmlGenerator2.AllYearsTable(List<string>, List<string>, List<string>)' to use 'Collection<T>', 'ReadOnlyCollection<T>' or 'KeyedCollection<K,V>' (https://learn.microsoft.com/dotnet/fundamentals/code-analysis/quality-rules/ca1002) [E:\vs\Projects\PlatformIndependentNuGetPackages\SunamoHtml\SunamoHtml\SunamoHtml.csproj::TargetFramework=net8.0]
E:\vs\Projects\PlatformIndependentNuGetPackages\SunamoHtml\SunamoHtml\Generators\HtmlGenerator22.cs(156,105): warning CA1002: Change 'List<string>' in 'HtmlGenerator2.AllYearsTable(List<string>, List<string>, List<string>)' to use 'Collection<T>', 'ReadOnlyCollection<T>' or 'KeyedCollection<K,V>' (https://learn.microsoft.com/dotnet/fundamentals/code-analysis/quality-rules/ca1002) [E:\vs\Projects\PlatformIndependentNuGetPackages\SunamoHtml\SunamoHtml\SunamoHtml.csproj::TargetFramework=net8.0]
E:\vs\Projects\PlatformIndependentNuGetPackages\SunamoHtml\SunamoHtml\Generators\HtmlGenerator22.cs(160,19): warning CA2201: Exception type System.Exception is not sufficiently specific (https://learn.microsoft.com/dotnet/fundamentals/code-analysis/quality-rules/ca2201) [E:\vs\Projects\PlatformIndependentNuGetPackages\SunamoHtml\SunamoHtml\SunamoHtml.csproj::TargetFramework=net8.0]
E:\vs\Projects\PlatformIndependentNuGetPackages\SunamoHtml\SunamoHtml\Generators\HtmlGenerator22.cs(162,19): warning CA2201: Exception type System.Exception is not sufficiently specific (https://learn.microsoft.com/dotnet/fundamentals/code-analysis/quality-rules/ca2201) [E:\vs\Projects\PlatformIndependentNuGetPackages\SunamoHtml\SunamoHtml\SunamoHtml.csproj::TargetFramework=net8.0]
E:\vs\Projects\PlatformIndependentNuGetPackages\SunamoHtml\SunamoHtml\Html\HtmlHelperShared3.cs(50,40): warning CA1062: In externally visible method 'List<HtmlNode> HtmlHelper.ReturnTagsWithAttrRek2(HtmlNode htmlNode, string tagName, string attributeName, string attributeValue)', validate parameter 'htmlNode' is non-null before using it. If appropriate, throw an 'ArgumentNullException' when the argument is 'null'. (https://learn.microsoft.com/dotnet/fundamentals/code-analysis/quality-rules/ca1062) [E:\vs\Projects\PlatformIndependentNuGetPackages\SunamoHtml\SunamoHtml\SunamoHtml.csproj::TargetFramework=net8.0]
E:\vs\Projects\PlatformIndependentNuGetPackages\SunamoHtml\SunamoHtml\Html\HtmlHelperShared3.cs(196,72): warning CA1062: In externally visible method 'List<HtmlNode> HtmlHelper.ReturnTagsWithContainsClassRek(HtmlNode htmlNode, string tagName, string className)', validate parameter 'htmlNode' is non-null before using it. If appropriate, throw an 'ArgumentNullException' when the argument is 'null'. (https://learn.microsoft.com/dotnet/fundamentals/code-analysis/quality-rules/ca1062) [E:\vs\Projects\PlatformIndependentNuGetPackages\SunamoHtml\SunamoHtml\SunamoHtml.csproj::TargetFramework=net8.0]
E:\vs\Projects\PlatformIndependentNuGetPackages\SunamoHtml\SunamoHtml\Generators\HtmlGenerator22.cs(247,83): warning CA1002: Change 'List<string>' in 'HtmlGenerator2.GetForUlWoCheckDuplicate(string, List<string>)' to use 'Collection<T>', 'ReadOnlyCollection<T>' or 'KeyedCollection<K,V>' (https://learn.microsoft.com/dotnet/fundamentals/code-analysis/quality-rules/ca1002) [E:\vs\Projects\PlatformIndependentNuGetPackages\SunamoHtml\SunamoHtml\SunamoHtml.csproj::TargetFramework=net8.0]
E:\vs\Projects\PlatformIndependentNuGetPackages\SunamoHtml\SunamoHtml\Generators\HtmlGenerator22.cs(261,83): warning CA1002: Change 'List<string>' in 'HtmlGenerator2.GetForUlWoCheckDuplicate(string, List<string>, string, string, [string])' to use 'Collection<T>', 'ReadOnlyCollection<T>' or 'KeyedCollection<K,V>' (https://learn.microsoft.com/dotnet/fundamentals/code-analysis/quality-rules/ca1002) [E:\vs\Projects\PlatformIndependentNuGetPackages\SunamoHtml\SunamoHtml\SunamoHtml.csproj::TargetFramework=net8.0]
E:\vs\Projects\PlatformIndependentNuGetPackages\SunamoHtml\SunamoHtml\Html\HtmlHelperShared.cs(227,29): warning CA1062: In externally visible method 'string HtmlHelper.HighlightingWords(string entireContent, int maxLettersPerSentence, int sentenceCount, List<string> searchedWords)', validate parameter 'searchedWords' is non-null before using it. If appropriate, throw an 'ArgumentNullException' when the argument is 'null'. (https://learn.microsoft.com/dotnet/fundamentals/code-analysis/quality-rules/ca1062) [E:\vs\Projects\PlatformIndependentNuGetPackages\SunamoHtml\SunamoHtml\SunamoHtml.csproj::TargetFramework=net8.0]
E:\vs\Projects\PlatformIndependentNuGetPackages\SunamoHtml\SunamoHtml\Html\HtmlHelperShared.cs(229,25): warning CA1062: In externally visible method 'string HtmlHelper.HighlightingWords(string entireContent, int maxLettersPerSentence, int sentenceCount, List<string> searchedWords)', validate parameter 'entireContent' is non-null before using it. If appropriate, throw an 'ArgumentNullException' when the argument is 'null'. (https://learn.microsoft.com/dotnet/fundamentals/code-analysis/quality-rules/ca1062) [E:\vs\Projects\PlatformIndependentNuGetPackages\SunamoHtml\SunamoHtml\SunamoHtml.csproj::TargetFramework=net8.0]
E:\vs\Projects\PlatformIndependentNuGetPackages\SunamoHtml\SunamoHtml\Generators\HtmlGenerator22.cs(301,67): warning CA1002: Change 'List<string>' in 'HtmlGenerator2.GetForUl(string, List<string>, List<string>, bool)' to use 'Collection<T>', 'ReadOnlyCollection<T>' or 'KeyedCollection<K,V>' (https://learn.microsoft.com/dotnet/fundamentals/code-analysis/quality-rules/ca1002) [E:\vs\Projects\PlatformIndependentNuGetPackages\SunamoHtml\SunamoHtml\SunamoHtml.csproj::TargetFramework=net8.0]
E:\vs\Projects\PlatformIndependentNuGetPackages\SunamoHtml\SunamoHtml\Generators\HtmlGenerator22.cs(301,85): warning CA1002: Change 'List<string>' in 'HtmlGenerator2.GetForUl(string, List<string>, List<string>, bool)' to use 'Collection<T>', 'ReadOnlyCollection<T>' or 'KeyedCollection<K,V>' (https://learn.microsoft.com/dotnet/fundamentals/code-analysis/quality-rules/ca1002) [E:\vs\Projects\PlatformIndependentNuGetPackages\SunamoHtml\SunamoHtml\SunamoHtml.csproj::TargetFramework=net8.0]
E:\vs\Projects\PlatformIndependentNuGetPackages\SunamoHtml\SunamoHtml\Generators\HtmlGenerator23.cs(27,64): warning CA1002: Change 'List<string>' in 'HtmlGenerator2.GetForUlWoCheckDuplicate(List<string>, List<string>)' to use 'Collection<T>', 'ReadOnlyCollection<T>' or 'KeyedCollection<K,V>' (https://learn.microsoft.com/dotnet/fundamentals/code-analysis/quality-rules/ca1002) [E:\vs\Projects\PlatformIndependentNuGetPackages\SunamoHtml\SunamoHtml\SunamoHtml.csproj::TargetFramework=net8.0]
E:\vs\Projects\PlatformIndependentNuGetPackages\SunamoHtml\SunamoHtml\Generators\HtmlGenerator23.cs(27,86): warning CA1002: Change 'List<string>' in 'HtmlGenerator2.GetForUlWoCheckDuplicate(List<string>, List<string>)' to use 'Collection<T>', 'ReadOnlyCollection<T>' or 'KeyedCollection<K,V>' (https://learn.microsoft.com/dotnet/fundamentals/code-analysis/quality-rules/ca1002) [E:\vs\Projects\PlatformIndependentNuGetPackages\SunamoHtml\SunamoHtml\SunamoHtml.csproj::TargetFramework=net8.0]
E:\vs\Projects\PlatformIndependentNuGetPackages\SunamoHtml\SunamoHtml\Generators\HtmlGenerator23.cs(15,83): warning CA1002: Change 'List<string>' in 'HtmlGenerator2.GetForUlWoCheckDuplicate(string, List<string>, List<string>)' to use 'Collection<T>', 'ReadOnlyCollection<T>' or 'KeyedCollection<K,V>' (https://learn.microsoft.com/dotnet/fundamentals/code-analysis/quality-rules/ca1002) [E:\vs\Projects\PlatformIndependentNuGetPackages\SunamoHtml\SunamoHtml\SunamoHtml.csproj::TargetFramework=net8.0]
E:\vs\Projects\PlatformIndependentNuGetPackages\SunamoHtml\SunamoHtml\Generators\HtmlGenerator23.cs(15,101): warning CA1002: Change 'List<string>' in 'HtmlGenerator2.GetForUlWoCheckDuplicate(string, List<string>, List<string>)' to use 'Collection<T>', 'ReadOnlyCollection<T>' or 'KeyedCollection<K,V>' (https://learn.microsoft.com/dotnet/fundamentals/code-analysis/quality-rules/ca1002) [E:\vs\Projects\PlatformIndependentNuGetPackages\SunamoHtml\SunamoHtml\SunamoHtml.csproj::TargetFramework=net8.0]
E:\vs\Projects\PlatformIndependentNuGetPackages\SunamoHtml\SunamoHtml\Generators\HtmlGenerator22.cs(270,36): warning CA1307: 'string.Replace(string, string?)' has a method overload that takes a 'StringComparison' parameter. Replace this call in 'SunamoHtml.Generators.HtmlGenerator2.GetForUlWoCheckDuplicate(string, System.Collections.Generic.List<string>, string, string, string)' with a call to 'string.Replace(string, string?, System.StringComparison)' for clarity of intent. (https://learn.microsoft.com/dotnet/fundamentals/code-analysis/quality-rules/ca1307) [E:\vs\Projects\PlatformIndependentNuGetPackages\SunamoHtml\SunamoHtml\SunamoHtml.csproj::TargetFramework=net8.0]
E:\vs\Projects\PlatformIndependentNuGetPackages\SunamoHtml\SunamoHtml\Generators\HtmlGenerator23.cs(38,64): warning CA1002: Change 'List<string>' in 'HtmlGenerator2.GetForUlWoCheckDuplicate(List<string>)' to use 'Collection<T>', 'ReadOnlyCollection<T>' or 'KeyedCollection<K,V>' (https://learn.microsoft.com/dotnet/fundamentals/code-analysis/quality-rules/ca1002) [E:\vs\Projects\PlatformIndependentNuGetPackages\SunamoHtml\SunamoHtml\SunamoHtml.csproj::TargetFramework=net8.0]
E:\vs\Projects\PlatformIndependentNuGetPackages\SunamoHtml\SunamoHtml\Generators\HtmlGenerator23.cs(57,80): warning CA1002: Change 'List<string>' in 'HtmlGenerator2.GetUlWoCheckDuplicate(string, List<string>)' to use 'Collection<T>', 'ReadOnlyCollection<T>' or 'KeyedCollection<K,V>' (https://learn.microsoft.com/dotnet/fundamentals/code-analysis/quality-rules/ca1002) [E:\vs\Projects\PlatformIndependentNuGetPackages\SunamoHtml\SunamoHtml\SunamoHtml.csproj::TargetFramework=net8.0]
E:\vs\Projects\PlatformIndependentNuGetPackages\SunamoHtml\SunamoHtml\Generators\HtmlGenerator23.cs(80,61): warning CA1002: Change 'List<string>' in 'HtmlGenerator2.GetUlWoCheckDuplicate(List<string>, string)' to use 'Collection<T>', 'ReadOnlyCollection<T>' or 'KeyedCollection<K,V>' (https://learn.microsoft.com/dotnet/fundamentals/code-analysis/quality-rules/ca1002) [E:\vs\Projects\PlatformIndependentNuGetPackages\SunamoHtml\SunamoHtml\SunamoHtml.csproj::TargetFramework=net8.0]
E:\vs\Projects\PlatformIndependentNuGetPackages\SunamoHtml\SunamoHtml\Generators\HtmlGenerator22.cs(201,39): warning CA1062: In externally visible method 'string HtmlGenerator2.GenerateTreeWithCheckBoxes(NTreeHtml<string> tree)', validate parameter 'tree' is non-null before using it. If appropriate, throw an 'ArgumentNullException' when the argument is 'null'. (https://learn.microsoft.com/dotnet/fundamentals/code-analysis/quality-rules/ca1062) [E:\vs\Projects\PlatformIndependentNuGetPackages\SunamoHtml\SunamoHtml\SunamoHtml.csproj::TargetFramework=net8.0]
E:\vs\Projects\PlatformIndependentNuGetPackages\SunamoHtml\SunamoHtml\Generators\HtmlGenerator23.cs(64,67): warning CA1305: The behavior of 'int.ToString()' could vary based on the current user's locale settings. Replace this call in 'HtmlGenerator2.GetUlWoCheckDuplicate(string, List<string>)' with a call to 'int.ToString(IFormatProvider)'. (https://learn.microsoft.com/dotnet/fundamentals/code-analysis/quality-rules/ca1305) [E:\vs\Projects\PlatformIndependentNuGetPackages\SunamoHtml\SunamoHtml\SunamoHtml.csproj::TargetFramework=net8.0]
E:\vs\Projects\PlatformIndependentNuGetPackages\SunamoHtml\SunamoHtml\Generators\HtmlGenerator23.cs(91,61): warning CA1002: Change 'List<string>' in 'HtmlGenerator2.GetUlWoCheckDuplicate(List<string>, List<string>)' to use 'Collection<T>', 'ReadOnlyCollection<T>' or 'KeyedCollection<K,V>' (https://learn.microsoft.com/dotnet/fundamentals/code-analysis/quality-rules/ca1002) [E:\vs\Projects\PlatformIndependentNuGetPackages\SunamoHtml\SunamoHtml\SunamoHtml.csproj::TargetFramework=net8.0]
E:\vs\Projects\PlatformIndependentNuGetPackages\SunamoHtml\SunamoHtml\Generators\HtmlGenerator23.cs(91,83): warning CA1002: Change 'List<string>' in 'HtmlGenerator2.GetUlWoCheckDuplicate(List<string>, List<string>)' to use 'Collection<T>', 'ReadOnlyCollection<T>' or 'KeyedCollection<K,V>' (https://learn.microsoft.com/dotnet/fundamentals/code-analysis/quality-rules/ca1002) [E:\vs\Projects\PlatformIndependentNuGetPackages\SunamoHtml\SunamoHtml\SunamoHtml.csproj::TargetFramework=net8.0]
E:\vs\Projects\PlatformIndependentNuGetPackages\SunamoHtml\SunamoHtml\Generators\HtmlGenerator22.cs(303,13): warning CA1062: In externally visible method 'string HtmlGenerator2.GetForUl(string baseAnchor, List<string> ids, List<string> texts, bool isSkipDuplicates)', validate parameter 'ids' is non-null before using it. If appropriate, throw an 'ArgumentNullException' when the argument is 'null'. (https://learn.microsoft.com/dotnet/fundamentals/code-analysis/quality-rules/ca1062) [E:\vs\Projects\PlatformIndependentNuGetPackages\SunamoHtml\SunamoHtml\SunamoHtml.csproj::TargetFramework=net8.0]
E:\vs\Projects\PlatformIndependentNuGetPackages\SunamoHtml\SunamoHtml\Generators\HtmlGenerator22.cs(303,26): warning CA1062: In externally visible method 'string HtmlGenerator2.GetForUl(string baseAnchor, List<string> ids, List<string> texts, bool isSkipDuplicates)', validate parameter 'texts' is non-null before using it. If appropriate, throw an 'ArgumentNullException' when the argument is 'null'. (https://learn.microsoft.com/dotnet/fundamentals/code-analysis/quality-rules/ca1062) [E:\vs\Projects\PlatformIndependentNuGetPackages\SunamoHtml\SunamoHtml\SunamoHtml.csproj::TargetFramework=net8.0]
E:\vs\Projects\PlatformIndependentNuGetPackages\SunamoHtml\SunamoHtml\Generators\HtmlGenerator23.cs(102,45): warning CA1002: Change 'List<string>' in 'HtmlGenerator2.GetOl(List<string>, [bool])' to use 'Collection<T>', 'ReadOnlyCollection<T>' or 'KeyedCollection<K,V>' (https://learn.microsoft.com/dotnet/fundamentals/code-analysis/quality-rules/ca1002) [E:\vs\Projects\PlatformIndependentNuGetPackages\SunamoHtml\SunamoHtml\SunamoHtml.csproj::TargetFramework=net8.0]
E:\vs\Projects\PlatformIndependentNuGetPackages\SunamoHtml\SunamoHtml\Generators\HtmlGenerator23.cs(113,61): warning CA1002: Change 'List<string>' in 'HtmlGenerator2.GetOlWoCheckDuplicate(List<string>, List<string>)' to use 'Collection<T>', 'ReadOnlyCollection<T>' or 'KeyedCollection<K,V>' (https://learn.microsoft.com/dotnet/fundamentals/code-analysis/quality-rules/ca1002) [E:\vs\Projects\PlatformIndependentNuGetPackages\SunamoHtml\SunamoHtml\SunamoHtml.csproj::TargetFramework=net8.0]
E:\vs\Projects\PlatformIndependentNuGetPackages\SunamoHtml\SunamoHtml\Generators\HtmlGenerator23.cs(113,83): warning CA1002: Change 'List<string>' in 'HtmlGenerator2.GetOlWoCheckDuplicate(List<string>, List<string>)' to use 'Collection<T>', 'ReadOnlyCollection<T>' or 'KeyedCollection<K,V>' (https://learn.microsoft.com/dotnet/fundamentals/code-analysis/quality-rules/ca1002) [E:\vs\Projects\PlatformIndependentNuGetPackages\SunamoHtml\SunamoHtml\SunamoHtml.csproj::TargetFramework=net8.0]
E:\vs\Projects\PlatformIndependentNuGetPackages\SunamoHtml\SunamoHtml\Generators\HtmlGenerator23.cs(116,19): warning CA2201: Exception type System.Exception is not sufficiently specific (https://learn.microsoft.com/dotnet/fundamentals/code-analysis/quality-rules/ca2201) [E:\vs\Projects\PlatformIndependentNuGetPackages\SunamoHtml\SunamoHtml\SunamoHtml.csproj::TargetFramework=net8.0]
E:\vs\Projects\PlatformIndependentNuGetPackages\SunamoHtml\SunamoHtml\Generators\HtmlGenerator23.cs(41,29): warning CA1062: In externally visible method 'string HtmlGenerator2.GetForUlWoCheckDuplicate(List<string> items)', validate parameter 'items' is non-null before using it. If appropriate, throw an 'ArgumentNullException' when the argument is 'null'. (https://learn.microsoft.com/dotnet/fundamentals/code-analysis/quality-rules/ca1062) [E:\vs\Projects\PlatformIndependentNuGetPackages\SunamoHtml\SunamoHtml\SunamoHtml.csproj::TargetFramework=net8.0]
E:\vs\Projects\PlatformIndependentNuGetPackages\SunamoHtml\SunamoHtml\Generators\HtmlGenerator23.cs(60,29): warning CA1062: In externally visible method 'string HtmlGenerator2.GetUlWoCheckDuplicate(string baseAnchor, List<string> items)', validate parameter 'items' is non-null before using it. If appropriate, throw an 'ArgumentNullException' when the argument is 'null'. (https://learn.microsoft.com/dotnet/fundamentals/code-analysis/quality-rules/ca1062) [E:\vs\Projects\PlatformIndependentNuGetPackages\SunamoHtml\SunamoHtml\SunamoHtml.csproj::TargetFramework=net8.0]
E:\vs\Projects\PlatformIndependentNuGetPackages\SunamoHtml\SunamoHtml\Generators\HtmlGenerator22.cs(264,29): warning CA1062: In externally visible method 'string HtmlGenerator2.GetForUlWoCheckDuplicate(string baseAnchor, List<string> ids, string findInText, string replaceInText, string suffix = "")', validate parameter 'ids' is non-null before using it. If appropriate, throw an 'ArgumentNullException' when the argument is 'null'. (https://learn.microsoft.com/dotnet/fundamentals/code-analysis/quality-rules/ca1062) [E:\vs\Projects\PlatformIndependentNuGetPackages\SunamoHtml\SunamoHtml\SunamoHtml.csproj::TargetFramework=net8.0]
E:\vs\Projects\PlatformIndependentNuGetPackages\SunamoHtml\SunamoHtml\Generators\HtmlGenerator23.cs(115,30): warning CA1062: In externally visible method 'string HtmlGenerator2.GetOlWoCheckDuplicate(List<string> anchors, List<string> texts)', validate parameter 'texts' is non-null before using it. If appropriate, throw an 'ArgumentNullException' when the argument is 'null'. (https://learn.microsoft.com/dotnet/fundamentals/code-analysis/quality-rules/ca1062) [E:\vs\Projects\PlatformIndependentNuGetPackages\SunamoHtml\SunamoHtml\SunamoHtml.csproj::TargetFramework=net8.0]
E:\vs\Projects\PlatformIndependentNuGetPackages\SunamoHtml\SunamoHtml\Generators\HtmlGenerator23.cs(115,13): warning CA1062: In externally visible method 'string HtmlGenerator2.GetOlWoCheckDuplicate(List<string> anchors, List<string> texts)', validate parameter 'anchors' is non-null before using it. If appropriate, throw an 'ArgumentNullException' when the argument is 'null'. (https://learn.microsoft.com/dotnet/fundamentals/code-analysis/quality-rules/ca1062) [E:\vs\Projects\PlatformIndependentNuGetPackages\SunamoHtml\SunamoHtml\SunamoHtml.csproj::TargetFramework=net8.0]
E:\vs\Projects\PlatformIndependentNuGetPackages\SunamoHtml\SunamoHtml\Generators\HtmlGenerator22.cs(159,13): warning CA1062: In externally visible method 'string HtmlGenerator2.AllYearsTable(List<string> years, List<string> allYearsHtmlBoxes, List<string> allYearsBoxColors)', validate parameter 'allYearsHtmlBoxes' is non-null before using it. If appropriate, throw an 'ArgumentNullException' when the argument is 'null'. (https://learn.microsoft.com/dotnet/fundamentals/code-analysis/quality-rules/ca1062) [E:\vs\Projects\PlatformIndependentNuGetPackages\SunamoHtml\SunamoHtml\SunamoHtml.csproj::TargetFramework=net8.0]
E:\vs\Projects\PlatformIndependentNuGetPackages\SunamoHtml\SunamoHtml\Generators\HtmlGenerator22.cs(158,26): warning CA1062: In externally visible method 'string HtmlGenerator2.AllYearsTable(List<string> years, List<string> allYearsHtmlBoxes, List<string> allYearsBoxColors)', validate parameter 'years' is non-null before using it. If appropriate, throw an 'ArgumentNullException' when the argument is 'null'. (https://learn.microsoft.com/dotnet/fundamentals/code-analysis/quality-rules/ca1062) [E:\vs\Projects\PlatformIndependentNuGetPackages\SunamoHtml\SunamoHtml\SunamoHtml.csproj::TargetFramework=net8.0]
E:\vs\Projects\PlatformIndependentNuGetPackages\SunamoHtml\SunamoHtml\Generators\HtmlGenerator22.cs(161,13): warning CA1062: In externally visible method 'string HtmlGenerator2.AllYearsTable(List<string> years, List<string> allYearsHtmlBoxes, List<string> allYearsBoxColors)', validate parameter 'allYearsBoxColors' is non-null before using it. If appropriate, throw an 'ArgumentNullException' when the argument is 'null'. (https://learn.microsoft.com/dotnet/fundamentals/code-analysis/quality-rules/ca1062) [E:\vs\Projects\PlatformIndependentNuGetPackages\SunamoHtml\SunamoHtml\SunamoHtml.csproj::TargetFramework=net8.0]
E:\vs\Projects\PlatformIndependentNuGetPackages\SunamoHtml\SunamoHtml\Html\HtmlHelperShared3.cs(104,30): warning CA1062: In externally visible method 'void HtmlHelper.RecursiveReturnTagsWithContainsAttr(List<HtmlNode> result, HtmlNode htmlNode, string tagName, string attributeName, string attributeValue, bool isContains, bool isRecursively)', validate parameter 'htmlNode' is non-null before using it. If appropriate, throw an 'ArgumentNullException' when the argument is 'null'. (https://learn.microsoft.com/dotnet/fundamentals/code-analysis/quality-rules/ca1062) [E:\vs\Projects\PlatformIndependentNuGetPackages\SunamoHtml\SunamoHtml\SunamoHtml.csproj::TargetFramework=net8.0]
E:\vs\Projects\PlatformIndependentNuGetPackages\SunamoHtml\SunamoHtml\Html\HtmlHelperShared3.cs(113,22): warning CA1062: In externally visible method 'void HtmlHelper.RecursiveReturnTagsWithContainsAttr(List<HtmlNode> result, HtmlNode htmlNode, string tagName, string attributeName, string attributeValue, bool isContains, bool isRecursively)', validate parameter 'result' is non-null before using it. If appropriate, throw an 'ArgumentNullException' when the argument is 'null'. (https://learn.microsoft.com/dotnet/fundamentals/code-analysis/quality-rules/ca1062) [E:\vs\Projects\PlatformIndependentNuGetPackages\SunamoHtml\SunamoHtml\SunamoHtml.csproj::TargetFramework=net8.0]
E:\vs\Projects\PlatformIndependentNuGetPackages\SunamoHtml\SunamoHtml\Generators\HtmlGenerator22.cs(104,13): warning CA1062: In externally visible method 'string HtmlGenerator2.AllMonthsTable(List<string> allYearsHtmlBoxes, List<string> allMonthsBoxColors)', validate parameter 'allMonthsBoxColors' is non-null before using it. If appropriate, throw an 'ArgumentNullException' when the argument is 'null'. (https://learn.microsoft.com/dotnet/fundamentals/code-analysis/quality-rules/ca1062) [E:\vs\Projects\PlatformIndependentNuGetPackages\SunamoHtml\SunamoHtml\SunamoHtml.csproj::TargetFramework=net8.0]
E:\vs\Projects\PlatformIndependentNuGetPackages\SunamoHtml\SunamoHtml\Generators\HtmlGenerator22.cs(102,13): warning CA1062: In externally visible method 'string HtmlGenerator2.AllMonthsTable(List<string> allYearsHtmlBoxes, List<string> allMonthsBoxColors)', validate parameter 'allYearsHtmlBoxes' is non-null before using it. If appropriate, throw an 'ArgumentNullException' when the argument is 'null'. (https://learn.microsoft.com/dotnet/fundamentals/code-analysis/quality-rules/ca1062) [E:\vs\Projects\PlatformIndependentNuGetPackages\SunamoHtml\SunamoHtml\SunamoHtml.csproj::TargetFramework=net8.0]
E:\vs\Projects\PlatformIndependentNuGetPackages\SunamoHtml\SunamoHtml\HtmlAgilityHelper1.cs(270,47): warning CA1062: In externally visible method 'void HtmlAgilityHelper.RecursiveReturnTagsWithContainsAttr(List<HtmlNode> result, HtmlNode htmlNode, bool isRecursive, string tagName, string attributeName, string attributeValue, bool isWildCard, bool isEnoughContainsAttribute, bool isSearchAsSingleString = true)', validate parameter 'htmlNode' is non-null before using it. If appropriate, throw an 'ArgumentNullException' when the argument is 'null'. (https://learn.microsoft.com/dotnet/fundamentals/code-analysis/quality-rules/ca1062) [E:\vs\Projects\PlatformIndependentNuGetPackages\SunamoHtml\SunamoHtml\SunamoHtml.csproj::TargetFramework=net8.0]
E:\vs\Projects\PlatformIndependentNuGetPackages\SunamoHtml\SunamoHtml\HtmlAgilityHelper1.cs(271,19): warning CA1062: In externally visible method 'void HtmlAgilityHelper.RecursiveReturnTagsWithContainsAttr(List<HtmlNode> result, HtmlNode htmlNode, bool isRecursive, string tagName, string attributeName, string attributeValue, bool isWildCard, bool isEnoughContainsAttribute, bool isSearchAsSingleString = true)', validate parameter 'tagName' is non-null before using it. If appropriate, throw an 'ArgumentNullException' when the argument is 'null'. (https://learn.microsoft.com/dotnet/fundamentals/code-analysis/quality-rules/ca1062) [E:\vs\Projects\PlatformIndependentNuGetPackages\SunamoHtml\SunamoHtml\SunamoHtml.csproj::TargetFramework=net8.0]
E:\vs\Projects\PlatformIndependentNuGetPackages\SunamoHtml\SunamoHtml\HtmlAgilityHelper1.cs(280,21): warning CA1062: In externally visible method 'void HtmlAgilityHelper.RecursiveReturnTagsWithContainsAttr(List<HtmlNode> result, HtmlNode htmlNode, bool isRecursive, string tagName, string attributeName, string attributeValue, bool isWildCard, bool isEnoughContainsAttribute, bool isSearchAsSingleString = true)', validate parameter 'result' is non-null before using it. If appropriate, throw an 'ArgumentNullException' when the argument is 'null'. (https://learn.microsoft.com/dotnet/fundamentals/code-analysis/quality-rules/ca1062) [E:\vs\Projects\PlatformIndependentNuGetPackages\SunamoHtml\SunamoHtml\SunamoHtml.csproj::TargetFramework=net8.0]
E:\vs\Projects\PlatformIndependentNuGetPackages\SunamoHtml\SunamoHtml\_sunamo\SunamoXml\Generators\XmlGeneratorSelective.cs(3,16): warning CA1812: 'XmlGeneratorSelective' is an internal class that is apparently never instantiated. If so, remove the code from the assembly. If this class is intended to contain only static members, make it 'static' (Module in Visual Basic). (https://learn.microsoft.com/dotnet/fundamentals/code-analysis/quality-rules/ca1812) [E:\vs\Projects\PlatformIndependentNuGetPackages\SunamoHtml\SunamoHtml\SunamoHtml.csproj::TargetFramework=net8.0]
E:\vs\Projects\PlatformIndependentNuGetPackages\SunamoHtml\SunamoHtml\_sunamo\SunamoExceptions\Exceptions.cs(4,31): warning CA1812: 'Exceptions' is an internal class that is apparently never instantiated. If so, remove the code from the assembly. If this class is intended to contain only static members, make it 'static' (Module in Visual Basic). (https://learn.microsoft.com/dotnet/fundamentals/code-analysis/quality-rules/ca1812) [E:\vs\Projects\PlatformIndependentNuGetPackages\SunamoHtml\SunamoHtml\SunamoHtml.csproj::TargetFramework=net8.0]
E:\vs\Projects\PlatformIndependentNuGetPackages\SunamoHtml\SunamoHtml\_sunamo\SunamoCollectionsChangeContent\CAChangeContent.cs(3,16): warning CA1852: Type 'CAChangeContent' can be sealed because it has no subtypes in its containing assembly and is not externally visible (https://learn.microsoft.com/dotnet/fundamentals/code-analysis/quality-rules/ca1852) [E:\vs\Projects\PlatformIndependentNuGetPackages\SunamoHtml\SunamoHtml\SunamoHtml.csproj::TargetFramework=net8.0]
E:\vs\Projects\PlatformIndependentNuGetPackages\SunamoHtml\SunamoHtml\_sunamo\SunamoStringData\SHData.cs(3,16): warning CA1852: Type 'SHData' can be sealed because it has no subtypes in its containing assembly and is not externally visible (https://learn.microsoft.com/dotnet/fundamentals/code-analysis/quality-rules/ca1852) [E:\vs\Projects\PlatformIndependentNuGetPackages\SunamoHtml\SunamoHtml\SunamoHtml.csproj::TargetFramework=net8.0]
E:\vs\Projects\PlatformIndependentNuGetPackages\SunamoHtml\SunamoHtml\_sunamo\WhitespaceCharService.cs(3,16): warning CA1852: Type 'WhitespaceCharService' can be sealed because it has no subtypes in its containing assembly and is not externally visible (https://learn.microsoft.com/dotnet/fundamentals/code-analysis/quality-rules/ca1852) [E:\vs\Projects\PlatformIndependentNuGetPackages\SunamoHtml\SunamoHtml\SunamoHtml.csproj::TargetFramework=net8.0]
E:\vs\Projects\PlatformIndependentNuGetPackages\SunamoHtml\SunamoHtml\_sunamo\SunamoUri\UH.cs(3,16): warning CA1852: Type 'UH' can be sealed because it has no subtypes in its containing assembly and is not externally visible (https://learn.microsoft.com/dotnet/fundamentals/code-analysis/quality-rules/ca1852) [E:\vs\Projects\PlatformIndependentNuGetPackages\SunamoHtml\SunamoHtml\SunamoHtml.csproj::TargetFramework=net8.0]
E:\vs\Projects\PlatformIndependentNuGetPackages\SunamoHtml\SunamoHtml\_sunamo\SunamoString\SH.cs(7,24): warning CA1852: Type 'SH' can be sealed because it has no subtypes in its containing assembly and is not externally visible (https://learn.microsoft.com/dotnet/fundamentals/code-analysis/quality-rules/ca1852) [E:\vs\Projects\PlatformIndependentNuGetPackages\SunamoHtml\SunamoHtml\SunamoHtml.csproj::TargetFramework=net8.0]
E:\vs\Projects\PlatformIndependentNuGetPackages\SunamoHtml\SunamoHtml\_sunamo\SunamoValues\Constants\HtmlAttrValue.cs(7,16): warning CA1852: Type 'HtmlAttrValue' can be sealed because it has no subtypes in its containing assembly and is not externally visible (https://learn.microsoft.com/dotnet/fundamentals/code-analysis/quality-rules/ca1852) [E:\vs\Projects\PlatformIndependentNuGetPackages\SunamoHtml\SunamoHtml\SunamoHtml.csproj::TargetFramework=net8.0]
E:\vs\Projects\PlatformIndependentNuGetPackages\SunamoHtml\SunamoHtml\_sunamo\SunamoStringSplit\SHSplit.cs(7,16): warning CA1852: Type 'SHSplit' can be sealed because it has no subtypes in its containing assembly and is not externally visible (https://learn.microsoft.com/dotnet/fundamentals/code-analysis/quality-rules/ca1852) [E:\vs\Projects\PlatformIndependentNuGetPackages\SunamoHtml\SunamoHtml\SunamoHtml.csproj::TargetFramework=net8.0]
E:\vs\Projects\PlatformIndependentNuGetPackages\SunamoHtml\SunamoHtml\_sunamo\SunamoCollectionsGeneric\CAGConsts.cs(3,16): warning CA1852: Type 'CAGConsts' can be sealed because it has no subtypes in its containing assembly and is not externally visible (https://learn.microsoft.com/dotnet/fundamentals/code-analysis/quality-rules/ca1852) [E:\vs\Projects\PlatformIndependentNuGetPackages\SunamoHtml\SunamoHtml\SunamoHtml.csproj::TargetFramework=net8.0]
E:\vs\Projects\PlatformIndependentNuGetPackages\SunamoHtml\SunamoHtml\_sunamo\SunamoStringReplace\SHReplace.cs(3,16): warning CA1852: Type 'SHReplace' can be sealed because it has no subtypes in its containing assembly and is not externally visible (https://learn.microsoft.com/dotnet/fundamentals/code-analysis/quality-rules/ca1852) [E:\vs\Projects\PlatformIndependentNuGetPackages\SunamoHtml\SunamoHtml\SunamoHtml.csproj::TargetFramework=net8.0]
E:\vs\Projects\PlatformIndependentNuGetPackages\SunamoHtml\SunamoHtml\_sunamo\SunamoValues\Constants\HtmlStartingTags.cs(6,16): warning CA1852: Type 'HtmlStartingTags' can be sealed because it has no subtypes in its containing assembly and is not externally visible (https://learn.microsoft.com/dotnet/fundamentals/code-analysis/quality-rules/ca1852) [E:\vs\Projects\PlatformIndependentNuGetPackages\SunamoHtml\SunamoHtml\SunamoHtml.csproj::TargetFramework=net8.0]
E:\vs\Projects\PlatformIndependentNuGetPackages\SunamoHtml\SunamoHtml\_sunamo\SunamoXml\Generators\XmlGeneratorSelective.cs(3,16): warning CA1852: Type 'XmlGeneratorSelective' can be sealed because it has no subtypes in its containing assembly and is not externally visible (https://learn.microsoft.com/dotnet/fundamentals/code-analysis/quality-rules/ca1852) [E:\vs\Projects\PlatformIndependentNuGetPackages\SunamoHtml\SunamoHtml\SunamoHtml.csproj::TargetFramework=net8.0]
E:\vs\Projects\PlatformIndependentNuGetPackages\SunamoHtml\SunamoHtml\_sunamo\SunamoData\Data\FromToWord.cs(3,16): warning CA1852: Type 'FromToWord' can be sealed because it has no subtypes in its containing assembly and is not externally visible (https://learn.microsoft.com/dotnet/fundamentals/code-analysis/quality-rules/ca1852) [E:\vs\Projects\PlatformIndependentNuGetPackages\SunamoHtml\SunamoHtml\SunamoHtml.csproj::TargetFramework=net8.0]
E:\vs\Projects\PlatformIndependentNuGetPackages\SunamoHtml\SunamoHtml\_sunamo\SunamoValues\Values\AllLists.cs(4,24): warning CA1852: Type 'AllLists' can be sealed because it has no subtypes in its containing assembly and is not externally visible (https://learn.microsoft.com/dotnet/fundamentals/code-analysis/quality-rules/ca1852) [E:\vs\Projects\PlatformIndependentNuGetPackages\SunamoHtml\SunamoHtml\SunamoHtml.csproj::TargetFramework=net8.0]
E:\vs\Projects\PlatformIndependentNuGetPackages\SunamoHtml\SunamoHtml\_sunamo\XlfKeys.cs(4,16): warning CA1852: Type 'XlfKeys' can be sealed because it has no subtypes in its containing assembly and is not externally visible (https://learn.microsoft.com/dotnet/fundamentals/code-analysis/quality-rules/ca1852) [E:\vs\Projects\PlatformIndependentNuGetPackages\SunamoHtml\SunamoHtml\SunamoHtml.csproj::TargetFramework=net8.0]
E:\vs\Projects\PlatformIndependentNuGetPackages\SunamoHtml\SunamoHtml\_sunamo\CA.cs(7,16): warning CA1852: Type 'CA' can be sealed because it has no subtypes in its containing assembly and is not externally visible (https://learn.microsoft.com/dotnet/fundamentals/code-analysis/quality-rules/ca1852) [E:\vs\Projects\PlatformIndependentNuGetPackages\SunamoHtml\SunamoHtml\SunamoHtml.csproj::TargetFramework=net8.0]
E:\vs\Projects\PlatformIndependentNuGetPackages\SunamoHtml\SunamoHtml\_sunamo\SunamoValues\Constants\HtmlAttrs.cs(8,16): warning CA1852: Type 'HtmlAttrs' can be sealed because it has no subtypes in its containing assembly and is not externally visible (https://learn.microsoft.com/dotnet/fundamentals/code-analysis/quality-rules/ca1852) [E:\vs\Projects\PlatformIndependentNuGetPackages\SunamoHtml\SunamoHtml\SunamoHtml.csproj::TargetFramework=net8.0]
E:\vs\Projects\PlatformIndependentNuGetPackages\SunamoHtml\SunamoHtml\_sunamo\SunamoArgs\ChangeContentArgsHtml.cs(3,16): warning CA1852: Type 'ChangeContentArgsHtml' can be sealed because it has no subtypes in its containing assembly and is not externally visible (https://learn.microsoft.com/dotnet/fundamentals/code-analysis/quality-rules/ca1852) [E:\vs\Projects\PlatformIndependentNuGetPackages\SunamoHtml\SunamoHtml\SunamoHtml.csproj::TargetFramework=net8.0]
E:\vs\Projects\PlatformIndependentNuGetPackages\SunamoHtml\SunamoHtml\_sunamo\SunamoXml\XH.cs(3,16): warning CA1852: Type 'XH' can be sealed because it has no subtypes in its containing assembly and is not externally visible (https://learn.microsoft.com/dotnet/fundamentals/code-analysis/quality-rules/ca1852) [E:\vs\Projects\PlatformIndependentNuGetPackages\SunamoHtml\SunamoHtml\SunamoHtml.csproj::TargetFramework=net8.0]
E:\vs\Projects\PlatformIndependentNuGetPackages\SunamoHtml\SunamoHtml\_sunamo\SunamoValues\Constants\HtmlTags.cs(6,16): warning CA1852: Type 'HtmlTags' can be sealed because it has no subtypes in its containing assembly and is not externally visible (https://learn.microsoft.com/dotnet/fundamentals/code-analysis/quality-rules/ca1852) [E:\vs\Projects\PlatformIndependentNuGetPackages\SunamoHtml\SunamoHtml\SunamoHtml.csproj::TargetFramework=net8.0]
E:\vs\Projects\PlatformIndependentNuGetPackages\SunamoHtml\SunamoHtml\_sunamo\SunamoValues\Values\ConstsAspx.cs(3,16): warning CA1852: Type 'ConstsAspx' can be sealed because it has no subtypes in its containing assembly and is not externally visible (https://learn.microsoft.com/dotnet/fundamentals/code-analysis/quality-rules/ca1852) [E:\vs\Projects\PlatformIndependentNuGetPackages\SunamoHtml\SunamoHtml\SunamoHtml.csproj::TargetFramework=net8.0]
E:\vs\Projects\PlatformIndependentNuGetPackages\SunamoHtml\SunamoHtml\_sunamo\SunamoLang\SunamoI18N\Translate.cs(3,16): warning CA1852: Type 'Translate' can be sealed because it has no subtypes in its containing assembly and is not externally visible (https://learn.microsoft.com/dotnet/fundamentals/code-analysis/quality-rules/ca1852) [E:\vs\Projects\PlatformIndependentNuGetPackages\SunamoHtml\SunamoHtml\SunamoHtml.csproj::TargetFramework=net8.0]
E:\vs\Projects\PlatformIndependentNuGetPackages\SunamoHtml\SunamoHtml\_sunamo\SunamoValues\Constants\DTConstants.cs(7,16): warning CA1852: Type 'DTConstants' can be sealed because it has no subtypes in its containing assembly and is not externally visible (https://learn.microsoft.com/dotnet/fundamentals/code-analysis/quality-rules/ca1852) [E:\vs\Projects\PlatformIndependentNuGetPackages\SunamoHtml\SunamoHtml\SunamoHtml.csproj::TargetFramework=net8.0]
E:\vs\Projects\PlatformIndependentNuGetPackages\SunamoHtml\SunamoHtml\_sunamo\SunamoDictionary\DictionaryHelper.cs(3,16): warning CA1852: Type 'DictionaryHelper' can be sealed because it has no subtypes in its containing assembly and is not externally visible (https://learn.microsoft.com/dotnet/fundamentals/code-analysis/quality-rules/ca1852) [E:\vs\Projects\PlatformIndependentNuGetPackages\SunamoHtml\SunamoHtml\SunamoHtml.csproj::TargetFramework=net8.0]
E:\vs\Projects\PlatformIndependentNuGetPackages\SunamoHtml\SunamoHtml\_sunamo\SunamoExceptions\ThrowEx.cs(4,24): warning CA1852: Type 'ThrowEx' can be sealed because it has no subtypes in its containing assembly and is not externally visible (https://learn.microsoft.com/dotnet/fundamentals/code-analysis/quality-rules/ca1852) [E:\vs\Projects\PlatformIndependentNuGetPackages\SunamoHtml\SunamoHtml\SunamoHtml.csproj::TargetFramework=net8.0]
E:\vs\Projects\PlatformIndependentNuGetPackages\SunamoHtml\SunamoHtml\_sunamo\SunamoValues\Constants\HtmlEndingTags.cs(6,16): warning CA1852: Type 'HtmlEndingTags' can be sealed because it has no subtypes in its containing assembly and is not externally visible (https://learn.microsoft.com/dotnet/fundamentals/code-analysis/quality-rules/ca1852) [E:\vs\Projects\PlatformIndependentNuGetPackages\SunamoHtml\SunamoHtml\SunamoHtml.csproj::TargetFramework=net8.0]
E:\vs\Projects\PlatformIndependentNuGetPackages\SunamoHtml\SunamoHtml\_sunamo\SunamoValues\Values\StatusPrefixes.cs(3,16): warning CA1852: Type 'StatusPrefixes' can be sealed because it has no subtypes in its containing assembly and is not externally visible (https://learn.microsoft.com/dotnet/fundamentals/code-analysis/quality-rules/ca1852) [E:\vs\Projects\PlatformIndependentNuGetPackages\SunamoHtml\SunamoHtml\SunamoHtml.csproj::TargetFramework=net8.0]
E:\vs\Projects\PlatformIndependentNuGetPackages\SunamoHtml\SunamoHtml\_sunamo\SunamoXml\XHelper.cs(3,16): warning CA1852: Type 'XHelper' can be sealed because it has no subtypes in its containing assembly and is not externally visible (https://learn.microsoft.com/dotnet/fundamentals/code-analysis/quality-rules/ca1852) [E:\vs\Projects\PlatformIndependentNuGetPackages\SunamoHtml\SunamoHtml\SunamoHtml.csproj::TargetFramework=net8.0]
E:\vs\Projects\PlatformIndependentNuGetPackages\SunamoHtml\SunamoHtml\_sunamo\SunamoBts\BTS.cs(7,16): warning CA1852: Type 'BTS' can be sealed because it has no subtypes in its containing assembly and is not externally visible (https://learn.microsoft.com/dotnet/fundamentals/code-analysis/quality-rules/ca1852) [E:\vs\Projects\PlatformIndependentNuGetPackages\SunamoHtml\SunamoHtml\SunamoHtml.csproj::TargetFramework=net8.0]
  SunamoHtml -> E:\vs\Projects\PlatformIndependentNuGetPackages\SunamoHtml\SunamoHtml\bin\Debug\net8.0\SunamoHtml.dll
E:\vs\Projects\PlatformIndependentNuGetPackages\SunamoHtml\SunamoHtml\_sunamo\SunamoString\SH.cs(297,16): warning CS8603: Possible null reference return. [E:\vs\Projects\PlatformIndependentNuGetPackages\SunamoHtml\SunamoHtml\SunamoHtml.csproj::TargetFramework=net9.0]
E:\vs\Projects\PlatformIndependentNuGetPackages\SunamoHtml\SunamoHtml\Html\HtmlDocumentS.cs(58,39): warning CS8604: Possible null reference argument for parameter 'htmlNode' in 'string HtmlDocumentS.InnerHtmlToStringEmpty(HtmlNode htmlNode)'. [E:\vs\Projects\PlatformIndependentNuGetPackages\SunamoHtml\SunamoHtml\SunamoHtml.csproj::TargetFramework=net9.0]
E:\vs\Projects\PlatformIndependentNuGetPackages\SunamoHtml\SunamoHtml\XmlAgilityHelper.cs(19,16): warning CS8603: Possible null reference return. [E:\vs\Projects\PlatformIndependentNuGetPackages\SunamoHtml\SunamoHtml\SunamoHtml.csproj::TargetFramework=net9.0]
E:\vs\Projects\PlatformIndependentNuGetPackages\SunamoHtml\SunamoHtml\Html\HtmlHelperShared.cs(145,16): warning CS8603: Possible null reference return. [E:\vs\Projects\PlatformIndependentNuGetPackages\SunamoHtml\SunamoHtml\SunamoHtml.csproj::TargetFramework=net9.0]
E:\vs\Projects\PlatformIndependentNuGetPackages\SunamoHtml\SunamoHtml\Html\HtmlHelperShared1.cs(295,16): warning CS8603: Possible null reference return. [E:\vs\Projects\PlatformIndependentNuGetPackages\SunamoHtml\SunamoHtml\SunamoHtml.csproj::TargetFramework=net9.0]
E:\vs\Projects\PlatformIndependentNuGetPackages\SunamoHtml\SunamoHtml\Html\HtmlHelperShared2.cs(217,16): warning CS8603: Possible null reference return. [E:\vs\Projects\PlatformIndependentNuGetPackages\SunamoHtml\SunamoHtml\SunamoHtml.csproj::TargetFramework=net9.0]
E:\vs\Projects\PlatformIndependentNuGetPackages\SunamoHtml\SunamoHtml\Html\HtmlHelperShared2.cs(246,16): warning CS8603: Possible null reference return. [E:\vs\Projects\PlatformIndependentNuGetPackages\SunamoHtml\SunamoHtml\SunamoHtml.csproj::TargetFramework=net9.0]
E:\vs\Projects\PlatformIndependentNuGetPackages\SunamoHtml\SunamoHtml\Html\HtmlHelperShared3.cs(34,16): warning CS8603: Possible null reference return. [E:\vs\Projects\PlatformIndependentNuGetPackages\SunamoHtml\SunamoHtml\SunamoHtml.csproj::TargetFramework=net9.0]
E:\vs\Projects\PlatformIndependentNuGetPackages\SunamoHtml\SunamoHtml\_sunamo\SunamoValues\Values\AllLists.cs(12,35): warning CS0649: Field 'AllLists.OstravaCityParts' is never assigned to, and will always have its default value null [E:\vs\Projects\PlatformIndependentNuGetPackages\SunamoHtml\SunamoHtml\SunamoHtml.csproj::TargetFramework=net9.0]
E:\vs\Projects\PlatformIndependentNuGetPackages\SunamoHtml\SunamoHtml\Generators\HtmlGeneratorExtended.cs(21,17): warning CS1591: Missing XML comment for publicly visible type or member 'HtmlGeneratorExtended.DetailAnchor(string, string, string)' [E:\vs\Projects\PlatformIndependentNuGetPackages\SunamoHtml\SunamoHtml\SunamoHtml.csproj::TargetFramework=net9.0]
E:\vs\Projects\PlatformIndependentNuGetPackages\SunamoHtml\SunamoHtml\HtmlAgilityHelper.cs(8,22): warning CA1052: Type 'HtmlAgilityHelper' is a static holder type but is neither static nor NotInheritable (https://learn.microsoft.com/dotnet/fundamentals/code-analysis/quality-rules/ca1052) [E:\vs\Projects\PlatformIndependentNuGetPackages\SunamoHtml\SunamoHtml\SunamoHtml.csproj::TargetFramework=net9.0]
E:\vs\Projects\PlatformIndependentNuGetPackages\SunamoHtml\SunamoHtml\_sunamo\SunamoUri\UH.cs(10,14): warning CA1310: The behavior of 'string.StartsWith(string)' could vary based on the current user's locale settings. Replace this call in 'SunamoHtml._sunamo.SunamoUri.UH.AppendHttpIfNotExists(string)' with a call to 'string.StartsWith(string, System.StringComparison)'. (https://learn.microsoft.com/dotnet/fundamentals/code-analysis/quality-rules/ca1310) [E:\vs\Projects\PlatformIndependentNuGetPackages\SunamoHtml\SunamoHtml\SunamoHtml.csproj::TargetFramework=net9.0]
E:\vs\Projects\PlatformIndependentNuGetPackages\SunamoHtml\SunamoHtml\_sunamo\SunamoString\SH.cs(53,39): warning CA1311: Specify a culture or use an invariant version to avoid implicit dependency on current culture (https://learn.microsoft.com/dotnet/fundamentals/code-analysis/quality-rules/ca1311) [E:\vs\Projects\PlatformIndependentNuGetPackages\SunamoHtml\SunamoHtml\SunamoHtml.csproj::TargetFramework=net9.0]
E:\vs\Projects\PlatformIndependentNuGetPackages\SunamoHtml\SunamoHtml\_sunamo\SunamoString\SH.cs(105,30): warning CA1307: 'string.IndexOf(char)' has a method overload that takes a 'StringComparison' parameter. Replace this call in 'SunamoHtml._sunamo.SunamoString.SH.GetFirstPartByLocation(string, char)' with a call to 'string.IndexOf(char, System.StringComparison)' for clarity of intent. (https://learn.microsoft.com/dotnet/fundamentals/code-analysis/quality-rules/ca1307) [E:\vs\Projects\PlatformIndependentNuGetPackages\SunamoHtml\SunamoHtml\SunamoHtml.csproj::TargetFramework=net9.0]
E:\vs\Projects\PlatformIndependentNuGetPackages\SunamoHtml\SunamoHtml\_sunamo\SunamoString\SH.cs(53,25): warning CA1304: The behavior of 'string.ToLower()' could vary based on the current user's locale settings. Replace this call in 'SH.ReturnOccurencesOfStringFromToWord(string, params string[])' with a call to 'string.ToLower(CultureInfo)'. (https://learn.microsoft.com/dotnet/fundamentals/code-analysis/quality-rules/ca1304) [E:\vs\Projects\PlatformIndependentNuGetPackages\SunamoHtml\SunamoHtml\SunamoHtml.csproj::TargetFramework=net9.0]
E:\vs\Projects\PlatformIndependentNuGetPackages\SunamoHtml\SunamoHtml\_sunamo\SunamoString\SH.cs(201,21): warning CA1820: Test for empty strings using 'string.Length' property or 'string.IsNullOrEmpty' method instead of an Equality check (https://learn.microsoft.com/dotnet/fundamentals/code-analysis/quality-rules/ca1820) [E:\vs\Projects\PlatformIndependentNuGetPackages\SunamoHtml\SunamoHtml\SunamoHtml.csproj::TargetFramework=net9.0]
E:\vs\Projects\PlatformIndependentNuGetPackages\SunamoHtml\SunamoHtml\_sunamo\SunamoString\SH.cs(278,27): warning CA1310: The behavior of 'string.IndexOf(string)' could vary based on the current user's locale settings. Replace this call in 'SunamoHtml._sunamo.SunamoString.SH.GetToFirst(string, string)' with a call to 'string.IndexOf(string, System.StringComparison)'. (https://learn.microsoft.com/dotnet/fundamentals/code-analysis/quality-rules/ca1310) [E:\vs\Projects\PlatformIndependentNuGetPackages\SunamoHtml\SunamoHtml\SunamoHtml.csproj::TargetFramework=net9.0]
E:\vs\Projects\PlatformIndependentNuGetPackages\SunamoHtml\SunamoHtml\_sunamo\SunamoString\SH.cs(263,20): warning CA1845: Use span-based 'string.Concat' and 'AsSpan' instead of 'Substring' (https://learn.microsoft.com/dotnet/fundamentals/code-analysis/quality-rules/ca1845) [E:\vs\Projects\PlatformIndependentNuGetPackages\SunamoHtml\SunamoHtml\SunamoHtml.csproj::TargetFramework=net9.0]
E:\vs\Projects\PlatformIndependentNuGetPackages\SunamoHtml\SunamoHtml\_sunamo\SunamoString\SH.cs(258,21): warning CA1820: Test for empty strings using 'string.Length' property or 'string.IsNullOrEmpty' method instead of an Equality check (https://learn.microsoft.com/dotnet/fundamentals/code-analysis/quality-rules/ca1820) [E:\vs\Projects\PlatformIndependentNuGetPackages\SunamoHtml\SunamoHtml\SunamoHtml.csproj::TargetFramework=net9.0]
E:\vs\Projects\PlatformIndependentNuGetPackages\SunamoHtml\SunamoHtml\_sunamo\SunamoValues\Values\AllLists1.cs(6,12): warning CA1810: Initialize all static fields in 'AllLists' when those fields are declared and remove the explicit static constructor (https://learn.microsoft.com/dotnet/fundamentals/code-analysis/quality-rules/ca1810) [E:\vs\Projects\PlatformIndependentNuGetPackages\SunamoHtml\SunamoHtml\SunamoHtml.csproj::TargetFramework=net9.0]
E:\vs\Projects\PlatformIndependentNuGetPackages\SunamoHtml\SunamoHtml\_sunamo\SunamoString\SH.cs(314,22): warning CA1310: The behavior of 'string.IndexOf(string, int)' could vary based on the current user's locale settings. Replace this call in 'SunamoHtml._sunamo.SunamoString.SH.GetTextBetween(string, string, string, out int, int, bool)' with a call to 'string.IndexOf(string, int, System.StringComparison)'. (https://learn.microsoft.com/dotnet/fundamentals/code-analysis/quality-rules/ca1310) [E:\vs\Projects\PlatformIndependentNuGetPackages\SunamoHtml\SunamoHtml\SunamoHtml.csproj::TargetFramework=net9.0]
E:\vs\Projects\PlatformIndependentNuGetPackages\SunamoHtml\SunamoHtml\_sunamo\SunamoString\SH.cs(315,27): warning CA1310: The behavior of 'string.IndexOf(string, int)' could vary based on the current user's locale settings. Replace this call in 'SunamoHtml._sunamo.SunamoString.SH.GetTextBetween(string, string, string, out int, int, bool)' with a call to 'string.IndexOf(string, int, System.StringComparison)'. (https://learn.microsoft.com/dotnet/fundamentals/code-analysis/quality-rules/ca1310) [E:\vs\Projects\PlatformIndependentNuGetPackages\SunamoHtml\SunamoHtml\SunamoHtml.csproj::TargetFramework=net9.0]
E:\vs\Projects\PlatformIndependentNuGetPackages\SunamoHtml\SunamoHtml\Html\SecurityHelper.cs(43,25): warning CA1308: In method 'RemoveJsAttributesFromEveryNode', replace the call to 'ToLowerInvariant' with 'ToUpperInvariant' (https://learn.microsoft.com/dotnet/fundamentals/code-analysis/quality-rules/ca1308) [E:\vs\Projects\PlatformIndependentNuGetPackages\SunamoHtml\SunamoHtml\SunamoHtml.csproj::TargetFramework=net9.0]
E:\vs\Projects\PlatformIndependentNuGetPackages\SunamoHtml\SunamoHtml\Html\SecurityHelper.cs(45,30): warning CA1308: In method 'RemoveJsAttributesFromEveryNode', replace the call to 'ToLowerInvariant' with 'ToUpperInvariant' (https://learn.microsoft.com/dotnet/fundamentals/code-analysis/quality-rules/ca1308) [E:\vs\Projects\PlatformIndependentNuGetPackages\SunamoHtml\SunamoHtml\SunamoHtml.csproj::TargetFramework=net9.0]
E:\vs\Projects\PlatformIndependentNuGetPackages\SunamoHtml\SunamoHtml\Html\HtmlTableDivParse.cs(19,45): warning CA1002: Change 'List<HtmlNode>' in 'HtmlTableDivParse.HtmlTableDivParse(List<HtmlNode>, int)' to use 'Collection<T>', 'ReadOnlyCollection<T>' or 'KeyedCollection<K,V>' (https://learn.microsoft.com/dotnet/fundamentals/code-analysis/quality-rules/ca1002) [E:\vs\Projects\PlatformIndependentNuGetPackages\SunamoHtml\SunamoHtml\SunamoHtml.csproj::TargetFramework=net9.0]
E:\vs\Projects\PlatformIndependentNuGetPackages\SunamoHtml\SunamoHtml\Html\HtmlHelperShared.cs(28,45): warning CA1311: Specify a culture or use an invariant version to avoid implicit dependency on current culture (https://learn.microsoft.com/dotnet/fundamentals/code-analysis/quality-rules/ca1311) [E:\vs\Projects\PlatformIndependentNuGetPackages\SunamoHtml\SunamoHtml\SunamoHtml.csproj::TargetFramework=net9.0]
E:\vs\Projects\PlatformIndependentNuGetPackages\SunamoHtml\SunamoHtml\Html\HtmlHelperShared.cs(34,34): warning CA1845: Use span-based 'string.Concat' and 'AsSpan' instead of 'Substring' (https://learn.microsoft.com/dotnet/fundamentals/code-analysis/quality-rules/ca1845) [E:\vs\Projects\PlatformIndependentNuGetPackages\SunamoHtml\SunamoHtml\SunamoHtml.csproj::TargetFramework=net9.0]
E:\vs\Projects\PlatformIndependentNuGetPackages\SunamoHtml\SunamoHtml\Html\HtmlHelperShared.cs(49,16): warning CA1307: 'string.Replace(string, string?)' has a method overload that takes a 'StringComparison' parameter. Replace this call in 'SunamoHtml.Html.HtmlHelper.ConvertTextToHtml(string)' with a call to 'string.Replace(string, string?, System.StringComparison)' for clarity of intent. (https://learn.microsoft.com/dotnet/fundamentals/code-analysis/quality-rules/ca1307) [E:\vs\Projects\PlatformIndependentNuGetPackages\SunamoHtml\SunamoHtml\SunamoHtml.csproj::TargetFramework=net9.0]
E:\vs\Projects\PlatformIndependentNuGetPackages\SunamoHtml\SunamoHtml\Html\HtmlHelperShared.cs(50,16): warning CA1307: 'string.Replace(string, string?)' has a method overload that takes a 'StringComparison' parameter. Replace this call in 'SunamoHtml.Html.HtmlHelper.ConvertTextToHtml(string)' with a call to 'string.Replace(string, string?, System.StringComparison)' for clarity of intent. (https://learn.microsoft.com/dotnet/fundamentals/code-analysis/quality-rules/ca1307) [E:\vs\Projects\PlatformIndependentNuGetPackages\SunamoHtml\SunamoHtml\SunamoHtml.csproj::TargetFramework=net9.0]
E:\vs\Projects\PlatformIndependentNuGetPackages\SunamoHtml\SunamoHtml\Html\HtmlHelperShared.cs(24,37): warning CA1847: Use 'string.Contains(char)' instead of 'string.Contains(string)' when searching for a single character (https://learn.microsoft.com/dotnet/fundamentals/code-analysis/quality-rules/ca1847) [E:\vs\Projects\PlatformIndependentNuGetPackages\SunamoHtml\SunamoHtml\SunamoHtml.csproj::TargetFramework=net9.0]
E:\vs\Projects\PlatformIndependentNuGetPackages\SunamoHtml\SunamoHtml\Html\HtmlHelperShared.cs(28,19): warning CA1304: The behavior of 'string.ToLower()' could vary based on the current user's locale settings. Replace this call in 'HtmlHelper.ReplaceHtmlNonPairTagsWithXmlValid(string)' with a call to 'string.ToLower(CultureInfo)'. (https://learn.microsoft.com/dotnet/fundamentals/code-analysis/quality-rules/ca1304) [E:\vs\Projects\PlatformIndependentNuGetPackages\SunamoHtml\SunamoHtml\SunamoHtml.csproj::TargetFramework=net9.0]
E:\vs\Projects\PlatformIndependentNuGetPackages\SunamoHtml\SunamoHtml\Html\HtmlHelperShared.cs(49,16): warning CA1062: In externally visible method 'string HtmlHelper.ConvertTextToHtml(string text)', validate parameter 'text' is non-null before using it. If appropriate, throw an 'ArgumentNullException' when the argument is 'null'. (https://learn.microsoft.com/dotnet/fundamentals/code-analysis/quality-rules/ca1062) [E:\vs\Projects\PlatformIndependentNuGetPackages\SunamoHtml\SunamoHtml\SunamoHtml.csproj::TargetFramework=net9.0]
E:\vs\Projects\PlatformIndependentNuGetPackages\SunamoHtml\SunamoHtml\Html\HtmlHelperShared.cs(22,24): warning CA1307: 'string.Replace(string, string?)' has a method overload that takes a 'StringComparison' parameter. Replace this call in 'SunamoHtml.Html.HtmlHelper.ReplaceHtmlNonPairTagsWithXmlValid(string)' with a call to 'string.Replace(string, string?, System.StringComparison)' for clarity of intent. (https://learn.microsoft.com/dotnet/fundamentals/code-analysis/quality-rules/ca1307) [E:\vs\Projects\PlatformIndependentNuGetPackages\SunamoHtml\SunamoHtml\SunamoHtml.csproj::TargetFramework=net9.0]
E:\vs\Projects\PlatformIndependentNuGetPackages\SunamoHtml\SunamoHtml\Html\HtmlHelperShared.cs(24,17): warning CA1307: 'string.Contains(string)' has a method overload that takes a 'StringComparison' parameter. Replace this call in 'SunamoHtml.Html.HtmlHelper.ReplaceHtmlNonPairTagsWithXmlValid(string)' with a call to 'string.Contains(string, System.StringComparison)' for clarity of intent. (https://learn.microsoft.com/dotnet/fundamentals/code-analysis/quality-rules/ca1307) [E:\vs\Projects\PlatformIndependentNuGetPackages\SunamoHtml\SunamoHtml\SunamoHtml.csproj::TargetFramework=net9.0]
E:\vs\Projects\PlatformIndependentNuGetPackages\SunamoHtml\SunamoHtml\Html\HtmlHelperShared.cs(27,23): warning CA1307: 'string.Replace(string, string?)' has a method overload that takes a 'StringComparison' parameter. Replace this call in 'SunamoHtml.Html.HtmlHelper.ReplaceHtmlNonPairTagsWithXmlValid(string)' with a call to 'string.Replace(string, string?, System.StringComparison)' for clarity of intent. (https://learn.microsoft.com/dotnet/fundamentals/code-analysis/quality-rules/ca1307) [E:\vs\Projects\PlatformIndependentNuGetPackages\SunamoHtml\SunamoHtml\SunamoHtml.csproj::TargetFramework=net9.0]
E:\vs\Projects\PlatformIndependentNuGetPackages\SunamoHtml\SunamoHtml\Html\HtmlHelperShared.cs(27,23): warning CA1307: 'string.Replace(string, string?)' has a method overload that takes a 'StringComparison' parameter. Replace this call in 'SunamoHtml.Html.HtmlHelper.ReplaceHtmlNonPairTagsWithXmlValid(string)' with a call to 'string.Replace(string, string?, System.StringComparison)' for clarity of intent. (https://learn.microsoft.com/dotnet/fundamentals/code-analysis/quality-rules/ca1307) [E:\vs\Projects\PlatformIndependentNuGetPackages\SunamoHtml\SunamoHtml\SunamoHtml.csproj::TargetFramework=net9.0]
E:\vs\Projects\PlatformIndependentNuGetPackages\SunamoHtml\SunamoHtml\Html\HtmlHelperShared.cs(61,16): warning CA1062: In externally visible method 'string HtmlHelper.PrepareToAttribute(string text)', validate parameter 'text' is non-null before using it. If appropriate, throw an 'ArgumentNullException' when the argument is 'null'. (https://learn.microsoft.com/dotnet/fundamentals/code-analysis/quality-rules/ca1062) [E:\vs\Projects\PlatformIndependentNuGetPackages\SunamoHtml\SunamoHtml\SunamoHtml.csproj::TargetFramework=net9.0]
E:\vs\Projects\PlatformIndependentNuGetPackages\SunamoHtml\SunamoHtml\Html\HtmlHelperShared.cs(30,22): warning CA1307: 'string.Contains(string)' has a method overload that takes a 'StringComparison' parameter. Replace this call in 'SunamoHtml.Html.HtmlHelper.ReplaceHtmlNonPairTagsWithXmlValid(string)' with a call to 'string.Contains(string, System.StringComparison)' for clarity of intent. (https://learn.microsoft.com/dotnet/fundamentals/code-analysis/quality-rules/ca1307) [E:\vs\Projects\PlatformIndependentNuGetPackages\SunamoHtml\SunamoHtml\SunamoHtml.csproj::TargetFramework=net9.0]
E:\vs\Projects\PlatformIndependentNuGetPackages\SunamoHtml\SunamoHtml\Html\HtmlHelperShared.cs(35,32): warning CA1307: 'string.Replace(string, string?)' has a method overload that takes a 'StringComparison' parameter. Replace this call in 'SunamoHtml.Html.HtmlHelper.ReplaceHtmlNonPairTagsWithXmlValid(string)' with a call to 'string.Replace(string, string?, System.StringComparison)' for clarity of intent. (https://learn.microsoft.com/dotnet/fundamentals/code-analysis/quality-rules/ca1307) [E:\vs\Projects\PlatformIndependentNuGetPackages\SunamoHtml\SunamoHtml\SunamoHtml.csproj::TargetFramework=net9.0]
E:\vs\Projects\PlatformIndependentNuGetPackages\SunamoHtml\SunamoHtml\Html\HtmlHelperShared.cs(93,16): warning CA1307: 'string.Replace(string, string?)' has a method overload that takes a 'StringComparison' parameter. Replace this call in 'SunamoHtml.Html.HtmlHelper.ClearSpaces(string)' with a call to 'string.Replace(string, string?, System.StringComparison)' for clarity of intent. (https://learn.microsoft.com/dotnet/fundamentals/code-analysis/quality-rules/ca1307) [E:\vs\Projects\PlatformIndependentNuGetPackages\SunamoHtml\SunamoHtml\SunamoHtml.csproj::TargetFramework=net9.0]
E:\vs\Projects\PlatformIndependentNuGetPackages\SunamoHtml\SunamoHtml\Html\HtmlHelperShared.cs(93,16): warning CA1307: 'string.Replace(string, string?)' has a method overload that takes a 'StringComparison' parameter. Replace this call in 'SunamoHtml.Html.HtmlHelper.ClearSpaces(string)' with a call to 'string.Replace(string, string?, System.StringComparison)' for clarity of intent. (https://learn.microsoft.com/dotnet/fundamentals/code-analysis/quality-rules/ca1307) [E:\vs\Projects\PlatformIndependentNuGetPackages\SunamoHtml\SunamoHtml\SunamoHtml.csproj::TargetFramework=net9.0]
E:\vs\Projects\PlatformIndependentNuGetPackages\SunamoHtml\SunamoHtml\Html\HtmlHelperShared.cs(93,16): warning CA1062: In externally visible method 'string HtmlHelper.ClearSpaces(string text)', validate parameter 'text' is non-null before using it. If appropriate, throw an 'ArgumentNullException' when the argument is 'null'. (https://learn.microsoft.com/dotnet/fundamentals/code-analysis/quality-rules/ca1062) [E:\vs\Projects\PlatformIndependentNuGetPackages\SunamoHtml\SunamoHtml\SunamoHtml.csproj::TargetFramework=net9.0]
E:\vs\Projects\PlatformIndependentNuGetPackages\SunamoHtml\SunamoHtml\Html\HtmlHelperShared.cs(72,16): warning CA1307: 'string.Replace(string, string?)' has a method overload that takes a 'StringComparison' parameter. Replace this call in 'SunamoHtml.Html.HtmlHelper.ReplaceAllFontCase(string)' with a call to 'string.Replace(string, string?, System.StringComparison)' for clarity of intent. (https://learn.microsoft.com/dotnet/fundamentals/code-analysis/quality-rules/ca1307) [E:\vs\Projects\PlatformIndependentNuGetPackages\SunamoHtml\SunamoHtml\SunamoHtml.csproj::TargetFramework=net9.0]
E:\vs\Projects\PlatformIndependentNuGetPackages\SunamoHtml\SunamoHtml\Html\HtmlHelperShared.cs(73,16): warning CA1307: 'string.Replace(string, string?)' has a method overload that takes a 'StringComparison' parameter. Replace this call in 'SunamoHtml.Html.HtmlHelper.ReplaceAllFontCase(string)' with a call to 'string.Replace(string, string?, System.StringComparison)' for clarity of intent. (https://learn.microsoft.com/dotnet/fundamentals/code-analysis/quality-rules/ca1307) [E:\vs\Projects\PlatformIndependentNuGetPackages\SunamoHtml\SunamoHtml\SunamoHtml.csproj::TargetFramework=net9.0]
E:\vs\Projects\PlatformIndependentNuGetPackages\SunamoHtml\SunamoHtml\Html\HtmlHelperShared.cs(74,16): warning CA1307: 'string.Replace(string, string?)' has a method overload that takes a 'StringComparison' parameter. Replace this call in 'SunamoHtml.Html.HtmlHelper.ReplaceAllFontCase(string)' with a call to 'string.Replace(string, string?, System.StringComparison)' for clarity of intent. (https://learn.microsoft.com/dotnet/fundamentals/code-analysis/quality-rules/ca1307) [E:\vs\Projects\PlatformIndependentNuGetPackages\SunamoHtml\SunamoHtml\SunamoHtml.csproj::TargetFramework=net9.0]
E:\vs\Projects\PlatformIndependentNuGetPackages\SunamoHtml\SunamoHtml\Html\HtmlHelperShared.cs(75,16): warning CA1307: 'string.Replace(string, string?)' has a method overload that takes a 'StringComparison' parameter. Replace this call in 'SunamoHtml.Html.HtmlHelper.ReplaceAllFontCase(string)' with a call to 'string.Replace(string, string?, System.StringComparison)' for clarity of intent. (https://learn.microsoft.com/dotnet/fundamentals/code-analysis/quality-rules/ca1307) [E:\vs\Projects\PlatformIndependentNuGetPackages\SunamoHtml\SunamoHtml\SunamoHtml.csproj::TargetFramework=net9.0]
E:\vs\Projects\PlatformIndependentNuGetPackages\SunamoHtml\SunamoHtml\Html\HtmlHelperShared.cs(76,16): warning CA1307: 'string.Replace(string, string?)' has a method overload that takes a 'StringComparison' parameter. Replace this call in 'SunamoHtml.Html.HtmlHelper.ReplaceAllFontCase(string)' with a call to 'string.Replace(string, string?, System.StringComparison)' for clarity of intent. (https://learn.microsoft.com/dotnet/fundamentals/code-analysis/quality-rules/ca1307) [E:\vs\Projects\PlatformIndependentNuGetPackages\SunamoHtml\SunamoHtml\SunamoHtml.csproj::TargetFramework=net9.0]
E:\vs\Projects\PlatformIndependentNuGetPackages\SunamoHtml\SunamoHtml\Html\HtmlHelperShared.cs(77,16): warning CA1307: 'string.Replace(string, string?)' has a method overload that takes a 'StringComparison' parameter. Replace this call in 'SunamoHtml.Html.HtmlHelper.ReplaceAllFontCase(string)' with a call to 'string.Replace(string, string?, System.StringComparison)' for clarity of intent. (https://learn.microsoft.com/dotnet/fundamentals/code-analysis/quality-rules/ca1307) [E:\vs\Projects\PlatformIndependentNuGetPackages\SunamoHtml\SunamoHtml\SunamoHtml.csproj::TargetFramework=net9.0]
E:\vs\Projects\PlatformIndependentNuGetPackages\SunamoHtml\SunamoHtml\Html\HtmlHelperShared.cs(78,16): warning CA1307: 'string.Replace(string, string?)' has a method overload that takes a 'StringComparison' parameter. Replace this call in 'SunamoHtml.Html.HtmlHelper.ReplaceAllFontCase(string)' with a call to 'string.Replace(string, string?, System.StringComparison)' for clarity of intent. (https://learn.microsoft.com/dotnet/fundamentals/code-analysis/quality-rules/ca1307) [E:\vs\Projects\PlatformIndependentNuGetPackages\SunamoHtml\SunamoHtml\SunamoHtml.csproj::TargetFramework=net9.0]
E:\vs\Projects\PlatformIndependentNuGetPackages\SunamoHtml\SunamoHtml\Html\HtmlHelperShared.cs(79,16): warning CA1307: 'string.Replace(string, string?)' has a method overload that takes a 'StringComparison' parameter. Replace this call in 'SunamoHtml.Html.HtmlHelper.ReplaceAllFontCase(string)' with a call to 'string.Replace(string, string?, System.StringComparison)' for clarity of intent. (https://learn.microsoft.com/dotnet/fundamentals/code-analysis/quality-rules/ca1307) [E:\vs\Projects\PlatformIndependentNuGetPackages\SunamoHtml\SunamoHtml\SunamoHtml.csproj::TargetFramework=net9.0]
E:\vs\Projects\PlatformIndependentNuGetPackages\SunamoHtml\SunamoHtml\Html\HtmlHelperShared.cs(80,16): warning CA1307: 'string.Replace(string, string?)' has a method overload that takes a 'StringComparison' parameter. Replace this call in 'SunamoHtml.Html.HtmlHelper.ReplaceAllFontCase(string)' with a call to 'string.Replace(string, string?, System.StringComparison)' for clarity of intent. (https://learn.microsoft.com/dotnet/fundamentals/code-analysis/quality-rules/ca1307) [E:\vs\Projects\PlatformIndependentNuGetPackages\SunamoHtml\SunamoHtml\SunamoHtml.csproj::TargetFramework=net9.0]
E:\vs\Projects\PlatformIndependentNuGetPackages\SunamoHtml\SunamoHtml\Html\HtmlHelperShared.cs(81,16): warning CA1307: 'string.Replace(string, string?)' has a method overload that takes a 'StringComparison' parameter. Replace this call in 'SunamoHtml.Html.HtmlHelper.ReplaceAllFontCase(string)' with a call to 'string.Replace(string, string?, System.StringComparison)' for clarity of intent. (https://learn.microsoft.com/dotnet/fundamentals/code-analysis/quality-rules/ca1307) [E:\vs\Projects\PlatformIndependentNuGetPackages\SunamoHtml\SunamoHtml\SunamoHtml.csproj::TargetFramework=net9.0]
E:\vs\Projects\PlatformIndependentNuGetPackages\SunamoHtml\SunamoHtml\Html\HtmlHelperShared.cs(82,16): warning CA1307: 'string.Replace(string, string?)' has a method overload that takes a 'StringComparison' parameter. Replace this call in 'SunamoHtml.Html.HtmlHelper.ReplaceAllFontCase(string)' with a call to 'string.Replace(string, string?, System.StringComparison)' for clarity of intent. (https://learn.microsoft.com/dotnet/fundamentals/code-analysis/quality-rules/ca1307) [E:\vs\Projects\PlatformIndependentNuGetPackages\SunamoHtml\SunamoHtml\SunamoHtml.csproj::TargetFramework=net9.0]
E:\vs\Projects\PlatformIndependentNuGetPackages\SunamoHtml\SunamoHtml\Html\HtmlHelperShared.cs(72,16): warning CA1062: In externally visible method 'string HtmlHelper.ReplaceAllFontCase(string html)', validate parameter 'html' is non-null before using it. If appropriate, throw an 'ArgumentNullException' when the argument is 'null'. (https://learn.microsoft.com/dotnet/fundamentals/code-analysis/quality-rules/ca1062) [E:\vs\Projects\PlatformIndependentNuGetPackages\SunamoHtml\SunamoHtml\SunamoHtml.csproj::TargetFramework=net9.0]
E:\vs\Projects\PlatformIndependentNuGetPackages\SunamoHtml\SunamoHtml\_sunamo\SunamoString\SH1.cs(73,13): warning CA1307: 'string.Contains(string)' has a method overload that takes a 'StringComparison' parameter. Replace this call in 'SunamoHtml._sunamo.SunamoString.SH.XCharsBeforeAndAfterWholeWords(string, int, int)' with a call to 'string.Contains(string, System.StringComparison)' for clarity of intent. (https://learn.microsoft.com/dotnet/fundamentals/code-analysis/quality-rules/ca1307) [E:\vs\Projects\PlatformIndependentNuGetPackages\SunamoHtml\SunamoHtml\SunamoHtml.csproj::TargetFramework=net9.0]
E:\vs\Projects\PlatformIndependentNuGetPackages\SunamoHtml\SunamoHtml\_sunamo\SunamoString\SH1.cs(73,57): warning CA1307: 'string.Contains(string)' has a method overload that takes a 'StringComparison' parameter. Replace this call in 'SunamoHtml._sunamo.SunamoString.SH.XCharsBeforeAndAfterWholeWords(string, int, int)' with a call to 'string.Contains(string, System.StringComparison)' for clarity of intent. (https://learn.microsoft.com/dotnet/fundamentals/code-analysis/quality-rules/ca1307) [E:\vs\Projects\PlatformIndependentNuGetPackages\SunamoHtml\SunamoHtml\SunamoHtml.csproj::TargetFramework=net9.0]
E:\vs\Projects\PlatformIndependentNuGetPackages\SunamoHtml\SunamoHtml\_sunamo\SunamoString\SH1.cs(31,21): warning CA1820: Test for empty strings using 'string.Length' property or 'string.IsNullOrEmpty' method instead of an Equality check (https://learn.microsoft.com/dotnet/fundamentals/code-analysis/quality-rules/ca1820) [E:\vs\Projects\PlatformIndependentNuGetPackages\SunamoHtml\SunamoHtml\SunamoHtml.csproj::TargetFramework=net9.0]
E:\vs\Projects\PlatformIndependentNuGetPackages\SunamoHtml\SunamoHtml\_sunamo\SunamoString\SH1.cs(57,21): warning CA1820: Test for empty strings using 'string.Length' property or 'string.IsNullOrEmpty' method instead of an Equality check (https://learn.microsoft.com/dotnet/fundamentals/code-analysis/quality-rules/ca1820) [E:\vs\Projects\PlatformIndependentNuGetPackages\SunamoHtml\SunamoHtml\SunamoHtml.csproj::TargetFramework=net9.0]
E:\vs\Projects\PlatformIndependentNuGetPackages\SunamoHtml\SunamoHtml\Html\HtmlHelperShared.cs(153,34): warning CA1002: Change 'List<HtmlNode>' in 'HtmlHelper.GetWithoutTextNodes(HtmlNode)' to use 'Collection<T>', 'ReadOnlyCollection<T>' or 'KeyedCollection<K,V>' (https://learn.microsoft.com/dotnet/fundamentals/code-analysis/quality-rules/ca1002) [E:\vs\Projects\PlatformIndependentNuGetPackages\SunamoHtml\SunamoHtml\SunamoHtml.csproj::TargetFramework=net9.0]
E:\vs\Projects\PlatformIndependentNuGetPackages\SunamoHtml\SunamoHtml\Html\HtmlHelperShared.cs(35,32): warning CA1062: In externally visible method 'string HtmlHelper.ReplaceHtmlNonPairTagsWithXmlValid(string html)', validate parameter 'html' is non-null before using it. If appropriate, throw an 'ArgumentNullException' when the argument is 'null'. (https://learn.microsoft.com/dotnet/fundamentals/code-analysis/quality-rules/ca1062) [E:\vs\Projects\PlatformIndependentNuGetPackages\SunamoHtml\SunamoHtml\SunamoHtml.csproj::TargetFramework=net9.0]
E:\vs\Projects\PlatformIndependentNuGetPackages\SunamoHtml\SunamoHtml\Html\HtmlHelperShared.cs(142,44): warning CA1062: In externally visible method 'HtmlNode HtmlHelper.ReturnTagWithAttr(HtmlNode htmlNode, string tag, string attributeName, string value)', validate parameter 'htmlNode' is non-null before using it. If appropriate, throw an 'ArgumentNullException' when the argument is 'null'. (https://learn.microsoft.com/dotnet/fundamentals/code-analysis/quality-rules/ca1062) [E:\vs\Projects\PlatformIndependentNuGetPackages\SunamoHtml\SunamoHtml\SunamoHtml.csproj::TargetFramework=net9.0]
E:\vs\Projects\PlatformIndependentNuGetPackages\SunamoHtml\SunamoHtml\Html\HtmlHelperShared.cs(156,30): warning CA1062: In externally visible method 'List<HtmlNode> HtmlHelper.GetWithoutTextNodes(HtmlNode htmlNode)', validate parameter 'htmlNode' is non-null before using it. If appropriate, throw an 'ArgumentNullException' when the argument is 'null'. (https://learn.microsoft.com/dotnet/fundamentals/code-analysis/quality-rules/ca1062) [E:\vs\Projects\PlatformIndependentNuGetPackages\SunamoHtml\SunamoHtml\SunamoHtml.csproj::TargetFramework=net9.0]
E:\vs\Projects\PlatformIndependentNuGetPackages\SunamoHtml\SunamoHtml\_sunamo\SunamoValues\Constants\HtmlEndingTags.cs(11,25): warning CA1823: Unused field 'Type' (https://learn.microsoft.com/dotnet/fundamentals/code-analysis/quality-rules/ca1823) [E:\vs\Projects\PlatformIndependentNuGetPackages\SunamoHtml\SunamoHtml\SunamoHtml.csproj::TargetFramework=net9.0]
E:\vs\Projects\PlatformIndependentNuGetPackages\SunamoHtml\SunamoHtml\Html\HtmlHelperText.cs(36,49): warning CA1062: In externally visible method 'string HtmlHelperText.InsertMissingEndingTags(string text, string tag)', validate parameter 'text' is non-null before using it. If appropriate, throw an 'ArgumentNullException' when the argument is 'null'. (https://learn.microsoft.com/dotnet/fundamentals/code-analysis/quality-rules/ca1062) [E:\vs\Projects\PlatformIndependentNuGetPackages\SunamoHtml\SunamoHtml\SunamoHtml.csproj::TargetFramework=net9.0]
E:\vs\Projects\PlatformIndependentNuGetPackages\SunamoHtml\SunamoHtml\Html\HtmlHelperShared.cs(210,16): warning CA1307: 'string.Replace(string, string?)' has a method overload that takes a 'StringComparison' parameter. Replace this call in 'SunamoHtml.Html.HtmlHelper.TrimOpenAndEndTags(string, string)' with a call to 'string.Replace(string, string?, System.StringComparison)' for clarity of intent. (https://learn.microsoft.com/dotnet/fundamentals/code-analysis/quality-rules/ca1307) [E:\vs\Projects\PlatformIndependentNuGetPackages\SunamoHtml\SunamoHtml\SunamoHtml.csproj::TargetFramework=net9.0]
E:\vs\Projects\PlatformIndependentNuGetPackages\SunamoHtml\SunamoHtml\Html\HtmlHelperShared.cs(211,16): warning CA1307: 'string.Replace(string, string?)' has a method overload that takes a 'StringComparison' parameter. Replace this call in 'SunamoHtml.Html.HtmlHelper.TrimOpenAndEndTags(string, string)' with a call to 'string.Replace(string, string?, System.StringComparison)' for clarity of intent. (https://learn.microsoft.com/dotnet/fundamentals/code-analysis/quality-rules/ca1307) [E:\vs\Projects\PlatformIndependentNuGetPackages\SunamoHtml\SunamoHtml\SunamoHtml.csproj::TargetFramework=net9.0]
E:\vs\Projects\PlatformIndependentNuGetPackages\SunamoHtml\SunamoHtml\Html\HtmlHelperShared.cs(210,16): warning CA1062: In externally visible method 'string HtmlHelper.TrimOpenAndEndTags(string html, string nameOfTag)', validate parameter 'html' is non-null before using it. If appropriate, throw an 'ArgumentNullException' when the argument is 'null'. (https://learn.microsoft.com/dotnet/fundamentals/code-analysis/quality-rules/ca1062) [E:\vs\Projects\PlatformIndependentNuGetPackages\SunamoHtml\SunamoHtml\SunamoHtml.csproj::TargetFramework=net9.0]
E:\vs\Projects\PlatformIndependentNuGetPackages\SunamoHtml\SunamoHtml\_sunamo\SunamoString\SH1.cs(131,25): warning CA1311: Specify a culture or use an invariant version to avoid implicit dependency on current culture (https://learn.microsoft.com/dotnet/fundamentals/code-analysis/quality-rules/ca1311) [E:\vs\Projects\PlatformIndependentNuGetPackages\SunamoHtml\SunamoHtml\SunamoHtml.csproj::TargetFramework=net9.0]
E:\vs\Projects\PlatformIndependentNuGetPackages\SunamoHtml\SunamoHtml\_sunamo\SunamoString\SH1.cs(133,35): warning CA1311: Specify a culture or use an invariant version to avoid implicit dependency on current culture (https://learn.microsoft.com/dotnet/fundamentals/code-analysis/quality-rules/ca1311) [E:\vs\Projects\PlatformIndependentNuGetPackages\SunamoHtml\SunamoHtml\SunamoHtml.csproj::TargetFramework=net9.0]
E:\vs\Projects\PlatformIndependentNuGetPackages\SunamoHtml\SunamoHtml\_sunamo\SunamoString\SH1.cs(131,20): warning CA1304: The behavior of 'string.ToUpper()' could vary based on the current user's locale settings. Replace this call in 'SH.FirstCharUpper(string)' with a call to 'string.ToUpper(CultureInfo)'. (https://learn.microsoft.com/dotnet/fundamentals/code-analysis/quality-rules/ca1304) [E:\vs\Projects\PlatformIndependentNuGetPackages\SunamoHtml\SunamoHtml\SunamoHtml.csproj::TargetFramework=net9.0]
E:\vs\Projects\PlatformIndependentNuGetPackages\SunamoHtml\SunamoHtml\_sunamo\SunamoString\SH1.cs(133,16): warning CA1304: The behavior of 'string.ToUpper()' could vary based on the current user's locale settings. Replace this call in 'SH.FirstCharUpper(string)' with a call to 'string.ToUpper(CultureInfo)'. (https://learn.microsoft.com/dotnet/fundamentals/code-analysis/quality-rules/ca1304) [E:\vs\Projects\PlatformIndependentNuGetPackages\SunamoHtml\SunamoHtml\SunamoHtml.csproj::TargetFramework=net9.0]
E:\vs\Projects\PlatformIndependentNuGetPackages\SunamoHtml\SunamoHtml\_sunamo\SunamoCollectionsChangeContent\CAChangeContent.cs(23,25): warning CA1820: Test for empty strings using 'string.Length' property or 'string.IsNullOrEmpty' method instead of an Equality check (https://learn.microsoft.com/dotnet/fundamentals/code-analysis/quality-rules/ca1820) [E:\vs\Projects\PlatformIndependentNuGetPackages\SunamoHtml\SunamoHtml\SunamoHtml.csproj::TargetFramework=net9.0]
E:\vs\Projects\PlatformIndependentNuGetPackages\SunamoHtml\SunamoHtml\Html\HtmlHelperText.cs(89,71): warning CA1002: Change 'List<string>' in 'HtmlHelperText.CreateH2FromNumberedList(List<string>)' to use 'Collection<T>', 'ReadOnlyCollection<T>' or 'KeyedCollection<K,V>' (https://learn.microsoft.com/dotnet/fundamentals/code-analysis/quality-rules/ca1002) [E:\vs\Projects\PlatformIndependentNuGetPackages\SunamoHtml\SunamoHtml\SunamoHtml.csproj::TargetFramework=net9.0]
E:\vs\Projects\PlatformIndependentNuGetPackages\SunamoHtml\SunamoHtml\Html\HtmlHelperText.cs(133,29): warning CA1829: Use the "Count" property instead of Enumerable.Count() (https://learn.microsoft.com/dotnet/fundamentals/code-analysis/quality-rules/ca1829) [E:\vs\Projects\PlatformIndependentNuGetPackages\SunamoHtml\SunamoHtml\SunamoHtml.csproj::TargetFramework=net9.0]
E:\vs\Projects\PlatformIndependentNuGetPackages\SunamoHtml\SunamoHtml\Html\HtmlTableParser.cs(28,13): warning CA1062: In externally visible method 'HtmlTableParser.HtmlTableParser(HtmlNode html, bool isIgnoreFirstRow)', validate parameter 'html' is non-null before using it. If appropriate, throw an 'ArgumentNullException' when the argument is 'null'. (https://learn.microsoft.com/dotnet/fundamentals/code-analysis/quality-rules/ca1062) [E:\vs\Projects\PlatformIndependentNuGetPackages\SunamoHtml\SunamoHtml\SunamoHtml.csproj::TargetFramework=net9.0]
E:\vs\Projects\PlatformIndependentNuGetPackages\SunamoHtml\SunamoHtml\Html\HtmlAssistant.cs(265,20): warning CA1308: In method 'RemoveAllAttrs', replace the call to 'ToLowerInvariant' with 'ToUpperInvariant' (https://learn.microsoft.com/dotnet/fundamentals/code-analysis/quality-rules/ca1308) [E:\vs\Projects\PlatformIndependentNuGetPackages\SunamoHtml\SunamoHtml\SunamoHtml.csproj::TargetFramework=net9.0]
E:\vs\Projects\PlatformIndependentNuGetPackages\SunamoHtml\SunamoHtml\_sunamo\SunamoExceptions\Exceptions.cs(26,22): warning CA1310: The behavior of 'string.StartsWith(string)' could vary based on the current user's locale settings. Replace this call in 'SunamoHtml._sunamo.SunamoExceptions.Exceptions.PlaceOfException(bool)' with a call to 'string.StartsWith(string, System.StringComparison)'. (https://learn.microsoft.com/dotnet/fundamentals/code-analysis/quality-rules/ca1310) [E:\vs\Projects\PlatformIndependentNuGetPackages\SunamoHtml\SunamoHtml\SunamoHtml.csproj::TargetFramework=net9.0]
E:\vs\Projects\PlatformIndependentNuGetPackages\SunamoHtml\SunamoHtml\_sunamo\SunamoExceptions\Exceptions.cs(31,17): warning CA1310: The behavior of 'string.StartsWith(string)' could vary based on the current user's locale settings. Replace this call in 'SunamoHtml._sunamo.SunamoExceptions.Exceptions.PlaceOfException(bool)' with a call to 'string.StartsWith(string, System.StringComparison)'. (https://learn.microsoft.com/dotnet/fundamentals/code-analysis/quality-rules/ca1310) [E:\vs\Projects\PlatformIndependentNuGetPackages\SunamoHtml\SunamoHtml\SunamoHtml.csproj::TargetFramework=net9.0]
E:\vs\Projects\PlatformIndependentNuGetPackages\SunamoHtml\SunamoHtml\Html\HtmlHelperSunamoCz.cs(18,16): warning CA1307: 'string.Replace(string, string?)' has a method overload that takes a 'StringComparison' parameter. Replace this call in 'SunamoHtml.Html.HtmlHelperSunamoCz.ConvertTextToHtmlWithAnchors(string, ref string)' with a call to 'string.Replace(string, string?, System.StringComparison)' for clarity of intent. (https://learn.microsoft.com/dotnet/fundamentals/code-analysis/quality-rules/ca1307) [E:\vs\Projects\PlatformIndependentNuGetPackages\SunamoHtml\SunamoHtml\SunamoHtml.csproj::TargetFramework=net9.0]
E:\vs\Projects\PlatformIndependentNuGetPackages\SunamoHtml\SunamoHtml\Html\HtmlHelperSunamoCz.cs(22,16): warning CA1307: 'string.Replace(string, string?)' has a method overload that takes a 'StringComparison' parameter. Replace this call in 'SunamoHtml.Html.HtmlHelperSunamoCz.ConvertTextToHtmlWithAnchors(string, ref string)' with a call to 'string.Replace(string, string?, System.StringComparison)' for clarity of intent. (https://learn.microsoft.com/dotnet/fundamentals/code-analysis/quality-rules/ca1307) [E:\vs\Projects\PlatformIndependentNuGetPackages\SunamoHtml\SunamoHtml\SunamoHtml.csproj::TargetFramework=net9.0]
E:\vs\Projects\PlatformIndependentNuGetPackages\SunamoHtml\SunamoHtml\Html\HtmlHelperSunamoCz.cs(29,17): warning CA1310: The behavior of 'string.StartsWith(string)' could vary based on the current user's locale settings. Replace this call in 'SunamoHtml.Html.HtmlHelperSunamoCz.ConvertTextToHtmlWithAnchors(string, ref string)' with a call to 'string.StartsWith(string, System.StringComparison)'. (https://learn.microsoft.com/dotnet/fundamentals/code-analysis/quality-rules/ca1310) [E:\vs\Projects\PlatformIndependentNuGetPackages\SunamoHtml\SunamoHtml\SunamoHtml.csproj::TargetFramework=net9.0]
E:\vs\Projects\PlatformIndependentNuGetPackages\SunamoHtml\SunamoHtml\Html\HtmlHelperText.cs(91,29): warning CA1062: In externally visible method 'IList<string> HtmlHelperText.CreateH2FromNumberedList(List<string> lines)', validate parameter 'lines' is non-null before using it. If appropriate, throw an 'ArgumentNullException' when the argument is 'null'. (https://learn.microsoft.com/dotnet/fundamentals/code-analysis/quality-rules/ca1062) [E:\vs\Projects\PlatformIndependentNuGetPackages\SunamoHtml\SunamoHtml\SunamoHtml.csproj::TargetFramework=net9.0]
E:\vs\Projects\PlatformIndependentNuGetPackages\SunamoHtml\SunamoHtml\Html\HtmlHelperSunamoCz.cs(29,48): warning CA1310: The behavior of 'string.StartsWith(string)' could vary based on the current user's locale settings. Replace this call in 'SunamoHtml.Html.HtmlHelperSunamoCz.ConvertTextToHtmlWithAnchors(string, ref string)' with a call to 'string.StartsWith(string, System.StringComparison)'. (https://learn.microsoft.com/dotnet/fundamentals/code-analysis/quality-rules/ca1310) [E:\vs\Projects\PlatformIndependentNuGetPackages\SunamoHtml\SunamoHtml\SunamoHtml.csproj::TargetFramework=net9.0]
E:\vs\Projects\PlatformIndependentNuGetPackages\SunamoHtml\SunamoHtml\Html\HtmlHelperSunamoCz.cs(29,79): warning CA1310: The behavior of 'string.StartsWith(string)' could vary based on the current user's locale settings. Replace this call in 'SunamoHtml.Html.HtmlHelperSunamoCz.ConvertTextToHtmlWithAnchors(string, ref string)' with a call to 'string.StartsWith(string, System.StringComparison)'. (https://learn.microsoft.com/dotnet/fundamentals/code-analysis/quality-rules/ca1310) [E:\vs\Projects\PlatformIndependentNuGetPackages\SunamoHtml\SunamoHtml\SunamoHtml.csproj::TargetFramework=net9.0]
E:\vs\Projects\PlatformIndependentNuGetPackages\SunamoHtml\SunamoHtml\_sunamo\SunamoCollectionsChangeContent\CAChangeContent.cs(52,25): warning CA1820: Test for empty strings using 'string.Length' property or 'string.IsNullOrEmpty' method instead of an Equality check (https://learn.microsoft.com/dotnet/fundamentals/code-analysis/quality-rules/ca1820) [E:\vs\Projects\PlatformIndependentNuGetPackages\SunamoHtml\SunamoHtml\SunamoHtml.csproj::TargetFramework=net9.0]
E:\vs\Projects\PlatformIndependentNuGetPackages\SunamoHtml\SunamoHtml\Html\HtmlHelperSunamoCz.cs(109,17): warning CA1310: The behavior of 'string.StartsWith(string)' could vary based on the current user's locale settings. Replace this call in 'SunamoHtml.Html.HtmlHelperSunamoCz.ConvertTextToHtmlWithAnchors(string)' with a call to 'string.StartsWith(string, System.StringComparison)'. (https://learn.microsoft.com/dotnet/fundamentals/code-analysis/quality-rules/ca1310) [E:\vs\Projects\PlatformIndependentNuGetPackages\SunamoHtml\SunamoHtml\SunamoHtml.csproj::TargetFramework=net9.0]
E:\vs\Projects\PlatformIndependentNuGetPackages\SunamoHtml\SunamoHtml\Html\HtmlHelperSunamoCz.cs(109,50): warning CA1310: The behavior of 'string.StartsWith(string)' could vary based on the current user's locale settings. Replace this call in 'SunamoHtml.Html.HtmlHelperSunamoCz.ConvertTextToHtmlWithAnchors(string)' with a call to 'string.StartsWith(string, System.StringComparison)'. (https://learn.microsoft.com/dotnet/fundamentals/code-analysis/quality-rules/ca1310) [E:\vs\Projects\PlatformIndependentNuGetPackages\SunamoHtml\SunamoHtml\SunamoHtml.csproj::TargetFramework=net9.0]
E:\vs\Projects\PlatformIndependentNuGetPackages\SunamoHtml\SunamoHtml\Html\HtmlAssistant.cs(300,75): warning CA1062: In externally visible method 'string HtmlAssistant.InnerTextDecodeTrim(string result)', validate parameter 'result' is non-null before using it. If appropriate, throw an 'ArgumentNullException' when the argument is 'null'. (https://learn.microsoft.com/dotnet/fundamentals/code-analysis/quality-rules/ca1062) [E:\vs\Projects\PlatformIndependentNuGetPackages\SunamoHtml\SunamoHtml\SunamoHtml.csproj::TargetFramework=net9.0]
E:\vs\Projects\PlatformIndependentNuGetPackages\SunamoHtml\SunamoHtml\_sunamo\SunamoString\SH1.cs(191,19): warning CA1307: 'string.Replace(string, string?)' has a method overload that takes a 'StringComparison' parameter. Replace this call in 'SunamoHtml._sunamo.SunamoString.SH.IsMatchRegex(string, string, char, char)' with a call to 'string.Replace(string, string?, System.StringComparison)' for clarity of intent. (https://learn.microsoft.com/dotnet/fundamentals/code-analysis/quality-rules/ca1307) [E:\vs\Projects\PlatformIndependentNuGetPackages\SunamoHtml\SunamoHtml\SunamoHtml.csproj::TargetFramework=net9.0]
E:\vs\Projects\PlatformIndependentNuGetPackages\SunamoHtml\SunamoHtml\_sunamo\SunamoString\SH1.cs(192,25): warning CA1307: 'string.Replace(string, string?)' has a method overload that takes a 'StringComparison' parameter. Replace this call in 'SunamoHtml._sunamo.SunamoString.SH.IsMatchRegex(string, string, char, char)' with a call to 'string.Replace(string, string?, System.StringComparison)' for clarity of intent. (https://learn.microsoft.com/dotnet/fundamentals/code-analysis/quality-rules/ca1307) [E:\vs\Projects\PlatformIndependentNuGetPackages\SunamoHtml\SunamoHtml\SunamoHtml.csproj::TargetFramework=net9.0]
E:\vs\Projects\PlatformIndependentNuGetPackages\SunamoHtml\SunamoHtml\_sunamo\SunamoRegex\RegexHelper.cs(91,39): warning CA1310: The behavior of 'string.StartsWith(string)' could vary based on the current user's locale settings. Replace this call in 'SunamoHtml._sunamo.SunamoRegex.RegexHelper.IsUri(string)' with a call to 'string.StartsWith(string, System.StringComparison)'. (https://learn.microsoft.com/dotnet/fundamentals/code-analysis/quality-rules/ca1310) [E:\vs\Projects\PlatformIndependentNuGetPackages\SunamoHtml\SunamoHtml\SunamoHtml.csproj::TargetFramework=net9.0]
E:\vs\Projects\PlatformIndependentNuGetPackages\SunamoHtml\SunamoHtml\_sunamo\SunamoRegex\RegexHelper.cs(91,69): warning CA1310: The behavior of 'string.StartsWith(string)' could vary based on the current user's locale settings. Replace this call in 'SunamoHtml._sunamo.SunamoRegex.RegexHelper.IsUri(string)' with a call to 'string.StartsWith(string, System.StringComparison)'. (https://learn.microsoft.com/dotnet/fundamentals/code-analysis/quality-rules/ca1310) [E:\vs\Projects\PlatformIndependentNuGetPackages\SunamoHtml\SunamoHtml\SunamoHtml.csproj::TargetFramework=net9.0]
E:\vs\Projects\PlatformIndependentNuGetPackages\SunamoHtml\SunamoHtml\Html\HtmlHelperText.cs(160,29): warning CA1866: Use 'string.EndsWith(char)' instead of 'string.EndsWith(string)' when you have a string with a single char (https://learn.microsoft.com/dotnet/fundamentals/code-analysis/quality-rules/ca1866) [E:\vs\Projects\PlatformIndependentNuGetPackages\SunamoHtml\SunamoHtml\SunamoHtml.csproj::TargetFramework=net9.0]
E:\vs\Projects\PlatformIndependentNuGetPackages\SunamoHtml\SunamoHtml\Html\HtmlHelperText.cs(160,13): warning CA1310: The behavior of 'string.EndsWith(string)' could vary based on the current user's locale settings. Replace this call in 'SunamoHtml.Html.HtmlHelperText.GetTextBetweenTags(string, string, string, bool)' with a call to 'string.EndsWith(string, System.StringComparison)'. (https://learn.microsoft.com/dotnet/fundamentals/code-analysis/quality-rules/ca1310) [E:\vs\Projects\PlatformIndependentNuGetPackages\SunamoHtml\SunamoHtml\SunamoHtml.csproj::TargetFramework=net9.0]
E:\vs\Projects\PlatformIndependentNuGetPackages\SunamoHtml\SunamoHtml\Html\HtmlHelperText.cs(163,18): warning CA1310: The behavior of 'string.IndexOf(string)' could vary based on the current user's locale settings. Replace this call in 'SunamoHtml.Html.HtmlHelperText.GetTextBetweenTags(string, string, string, bool)' with a call to 'string.IndexOf(string, System.StringComparison)'. (https://learn.microsoft.com/dotnet/fundamentals/code-analysis/quality-rules/ca1310) [E:\vs\Projects\PlatformIndependentNuGetPackages\SunamoHtml\SunamoHtml\SunamoHtml.csproj::TargetFramework=net9.0]
E:\vs\Projects\PlatformIndependentNuGetPackages\SunamoHtml\SunamoHtml\Html\HtmlHelperText.cs(168,23): warning CA1310: The behavior of 'string.IndexOf(string, int)' could vary based on the current user's locale settings. Replace this call in 'SunamoHtml.Html.HtmlHelperText.GetTextBetweenTags(string, string, string, bool)' with a call to 'string.IndexOf(string, int, System.StringComparison)'. (https://learn.microsoft.com/dotnet/fundamentals/code-analysis/quality-rules/ca1310) [E:\vs\Projects\PlatformIndependentNuGetPackages\SunamoHtml\SunamoHtml\SunamoHtml.csproj::TargetFramework=net9.0]
E:\vs\Projects\PlatformIndependentNuGetPackages\SunamoHtml\SunamoHtml\Html\HtmlHelperText.cs(190,32): warning CA1002: Change 'List<string>' in 'HtmlHelperText.GetAllTags(string)' to use 'Collection<T>', 'ReadOnlyCollection<T>' or 'KeyedCollection<K,V>' (https://learn.microsoft.com/dotnet/fundamentals/code-analysis/quality-rules/ca1002) [E:\vs\Projects\PlatformIndependentNuGetPackages\SunamoHtml\SunamoHtml\SunamoHtml.csproj::TargetFramework=net9.0]
E:\vs\Projects\PlatformIndependentNuGetPackages\SunamoHtml\SunamoHtml\_sunamo\SunamoExceptions\Exceptions.cs(44,36): warning CA1861: Prefer 'static readonly' fields over constant array arguments if the called method is called repeatedly and is not mutating the passed array (https://learn.microsoft.com/dotnet/fundamentals/code-analysis/quality-rules/ca1861) [E:\vs\Projects\PlatformIndependentNuGetPackages\SunamoHtml\SunamoHtml\SunamoHtml.csproj::TargetFramework=net9.0]
E:\vs\Projects\PlatformIndependentNuGetPackages\SunamoHtml\SunamoHtml\_public\SunamoXml\Generators\XmlGeneratorHtml.cs(286,29): warning CA1829: Use the "Length" property instead of Enumerable.Count() (https://learn.microsoft.com/dotnet/fundamentals/code-analysis/quality-rules/ca1829) [E:\vs\Projects\PlatformIndependentNuGetPackages\SunamoHtml\SunamoHtml\SunamoHtml.csproj::TargetFramework=net9.0]
E:\vs\Projects\PlatformIndependentNuGetPackages\SunamoHtml\SunamoHtml\HtmlAgilityHelper.cs(248,71): warning CA1002: Change 'List<string>' in 'HtmlAgilityHelper.InsertGroup(HtmlNode, List<string>)' to use 'Collection<T>', 'ReadOnlyCollection<T>' or 'KeyedCollection<K,V>' (https://learn.microsoft.com/dotnet/fundamentals/code-analysis/quality-rules/ca1002) [E:\vs\Projects\PlatformIndependentNuGetPackages\SunamoHtml\SunamoHtml\SunamoHtml.csproj::TargetFramework=net9.0]
E:\vs\Projects\PlatformIndependentNuGetPackages\SunamoHtml\SunamoHtml\Html\HtmlHelperText.cs(227,62): warning CA1002: Change 'List<string>' in 'HtmlHelperText.ContainsTag(string, List<string>)' to use 'Collection<T>', 'ReadOnlyCollection<T>' or 'KeyedCollection<K,V>' (https://learn.microsoft.com/dotnet/fundamentals/code-analysis/quality-rules/ca1002) [E:\vs\Projects\PlatformIndependentNuGetPackages\SunamoHtml\SunamoHtml\SunamoHtml.csproj::TargetFramework=net9.0]
E:\vs\Projects\PlatformIndependentNuGetPackages\SunamoHtml\SunamoHtml\Html\HtmlHelperText.cs(160,13): warning CA1062: In externally visible method 'Tuple<string, string> HtmlHelperText.GetTextBetweenTags(string html, string scriptS, string scriptE, bool isThrowExceptionIfNotContains = true)', validate parameter 'scriptS' is non-null before using it. If appropriate, throw an 'ArgumentNullException' when the argument is 'null'. (https://learn.microsoft.com/dotnet/fundamentals/code-analysis/quality-rules/ca1062) [E:\vs\Projects\PlatformIndependentNuGetPackages\SunamoHtml\SunamoHtml\SunamoHtml.csproj::TargetFramework=net9.0]
E:\vs\Projects\PlatformIndependentNuGetPackages\SunamoHtml\SunamoHtml\Html\HtmlHelperText.cs(163,18): warning CA1062: In externally visible method 'Tuple<string, string> HtmlHelperText.GetTextBetweenTags(string html, string scriptS, string scriptE, bool isThrowExceptionIfNotContains = true)', validate parameter 'html' is non-null before using it. If appropriate, throw an 'ArgumentNullException' when the argument is 'null'. (https://learn.microsoft.com/dotnet/fundamentals/code-analysis/quality-rules/ca1062) [E:\vs\Projects\PlatformIndependentNuGetPackages\SunamoHtml\SunamoHtml\SunamoHtml.csproj::TargetFramework=net9.0]
E:\vs\Projects\PlatformIndependentNuGetPackages\SunamoHtml\SunamoHtml\Html\HtmlHelperText.cs(230,17): warning CA1307: 'string.Contains(string)' has a method overload that takes a 'StringComparison' parameter. Replace this call in 'SunamoHtml.Html.HtmlHelperText.ContainsTag(string, System.Collections.Generic.List<string>)' with a call to 'string.Contains(string, System.StringComparison)' for clarity of intent. (https://learn.microsoft.com/dotnet/fundamentals/code-analysis/quality-rules/ca1307) [E:\vs\Projects\PlatformIndependentNuGetPackages\SunamoHtml\SunamoHtml\SunamoHtml.csproj::TargetFramework=net9.0]
E:\vs\Projects\PlatformIndependentNuGetPackages\SunamoHtml\SunamoHtml\_public\SunamoXml\Generators\XmlGeneratorHtml.cs(286,72): warning CA1062: In externally visible method 'void XmlGeneratorHtml.WriteTagNamespaceManager(string tagName, XmlNamespaceManager namespaceManager, params string[] attributes)', validate parameter 'attributes' is non-null before using it. If appropriate, throw an 'ArgumentNullException' when the argument is 'null'. (https://learn.microsoft.com/dotnet/fundamentals/code-analysis/quality-rules/ca1062) [E:\vs\Projects\PlatformIndependentNuGetPackages\SunamoHtml\SunamoHtml\SunamoHtml.csproj::TargetFramework=net9.0]
E:\vs\Projects\PlatformIndependentNuGetPackages\SunamoHtml\SunamoHtml\_public\SunamoXml\Generators\XmlGeneratorHtml.cs(311,30): warning CA1834: Use 'StringBuilder.Append(char)' instead of 'StringBuilder.Append(string)' when the input is a constant unit string (https://learn.microsoft.com/dotnet/fundamentals/code-analysis/quality-rules/ca1834) [E:\vs\Projects\PlatformIndependentNuGetPackages\SunamoHtml\SunamoHtml\SunamoHtml.csproj::TargetFramework=net9.0]
E:\vs\Projects\PlatformIndependentNuGetPackages\SunamoHtml\SunamoHtml\Generators\HtmlGenerator21.cs(22,143): warning CA1002: Change 'List<string>' in 'HtmlGenerator2.TopListWithImages(HtmlGenerator, int, int, string, List<string>, List<string>, List<string>, List<string>, List<string>, string)' to use 'Collection<T>', 'ReadOnlyCollection<T>' or 'KeyedCollection<K,V>' (https://learn.microsoft.com/dotnet/fundamentals/code-analysis/quality-rules/ca1002) [E:\vs\Projects\PlatformIndependentNuGetPackages\SunamoHtml\SunamoHtml\SunamoHtml.csproj::TargetFramework=net9.0]
E:\vs\Projects\PlatformIndependentNuGetPackages\SunamoHtml\SunamoHtml\Generators\HtmlGenerator21.cs(22,168): warning CA1002: Change 'List<string>' in 'HtmlGenerator2.TopListWithImages(HtmlGenerator, int, int, string, List<string>, List<string>, List<string>, List<string>, List<string>, string)' to use 'Collection<T>', 'ReadOnlyCollection<T>' or 'KeyedCollection<K,V>' (https://learn.microsoft.com/dotnet/fundamentals/code-analysis/quality-rules/ca1002) [E:\vs\Projects\PlatformIndependentNuGetPackages\SunamoHtml\SunamoHtml\SunamoHtml.csproj::TargetFramework=net9.0]
E:\vs\Projects\PlatformIndependentNuGetPackages\SunamoHtml\SunamoHtml\Generators\HtmlGenerator21.cs(22,192): warning CA1002: Change 'List<string>' in 'HtmlGenerator2.TopListWithImages(HtmlGenerator, int, int, string, List<string>, List<string>, List<string>, List<string>, List<string>, string)' to use 'Collection<T>', 'ReadOnlyCollection<T>' or 'KeyedCollection<K,V>' (https://learn.microsoft.com/dotnet/fundamentals/code-analysis/quality-rules/ca1002) [E:\vs\Projects\PlatformIndependentNuGetPackages\SunamoHtml\SunamoHtml\SunamoHtml.csproj::TargetFramework=net9.0]
E:\vs\Projects\PlatformIndependentNuGetPackages\SunamoHtml\SunamoHtml\Generators\HtmlGenerator21.cs(22,220): warning CA1002: Change 'List<string>' in 'HtmlGenerator2.TopListWithImages(HtmlGenerator, int, int, string, List<string>, List<string>, List<string>, List<string>, List<string>, string)' to use 'Collection<T>', 'ReadOnlyCollection<T>' or 'KeyedCollection<K,V>' (https://learn.microsoft.com/dotnet/fundamentals/code-analysis/quality-rules/ca1002) [E:\vs\Projects\PlatformIndependentNuGetPackages\SunamoHtml\SunamoHtml\SunamoHtml.csproj::TargetFramework=net9.0]
E:\vs\Projects\PlatformIndependentNuGetPackages\SunamoHtml\SunamoHtml\Generators\HtmlGenerator21.cs(22,243): warning CA1002: Change 'List<string>' in 'HtmlGenerator2.TopListWithImages(HtmlGenerator, int, int, string, List<string>, List<string>, List<string>, List<string>, List<string>, string)' to use 'Collection<T>', 'ReadOnlyCollection<T>' or 'KeyedCollection<K,V>' (https://learn.microsoft.com/dotnet/fundamentals/code-analysis/quality-rules/ca1002) [E:\vs\Projects\PlatformIndependentNuGetPackages\SunamoHtml\SunamoHtml\SunamoHtml.csproj::TargetFramework=net9.0]
E:\vs\Projects\PlatformIndependentNuGetPackages\SunamoHtml\SunamoHtml\Generators\HtmlGenerator21.cs(22,113): warning CA1054: Change the type of parameter 'initialImageUri' of method 'HtmlGenerator2.TopListWithImages(HtmlGenerator, int, int, string, List<string>, List<string>, List<string>, List<string>, List<string>, string)' from 'string' to 'System.Uri', or provide an overload to 'HtmlGenerator2.TopListWithImages(HtmlGenerator, int, int, string, List<string>, List<string>, List<string>, List<string>, List<string>, string)' that allows 'initialImageUri' to be passed as a 'System.Uri' object (https://learn.microsoft.com/dotnet/fundamentals/code-analysis/quality-rules/ca1054) [E:\vs\Projects\PlatformIndependentNuGetPackages\SunamoHtml\SunamoHtml\SunamoHtml.csproj::TargetFramework=net9.0]
E:\vs\Projects\PlatformIndependentNuGetPackages\SunamoHtml\SunamoHtml\Html\HtmlHelperText.cs(229,30): warning CA1062: In externally visible method 'bool HtmlHelperText.ContainsTag(string text, List<string> allHtmlTagsWithLeftArrow)', validate parameter 'allHtmlTagsWithLeftArrow' is non-null before using it. If appropriate, throw an 'ArgumentNullException' when the argument is 'null'. (https://learn.microsoft.com/dotnet/fundamentals/code-analysis/quality-rules/ca1062) [E:\vs\Projects\PlatformIndependentNuGetPackages\SunamoHtml\SunamoHtml\SunamoHtml.csproj::TargetFramework=net9.0]
E:\vs\Projects\PlatformIndependentNuGetPackages\SunamoHtml\SunamoHtml\Html\HtmlHelperText.cs(230,17): warning CA1062: In externally visible method 'bool HtmlHelperText.ContainsTag(string text, List<string> allHtmlTagsWithLeftArrow)', validate parameter 'text' is non-null before using it. If appropriate, throw an 'ArgumentNullException' when the argument is 'null'. (https://learn.microsoft.com/dotnet/fundamentals/code-analysis/quality-rules/ca1062) [E:\vs\Projects\PlatformIndependentNuGetPackages\SunamoHtml\SunamoHtml\SunamoHtml.csproj::TargetFramework=net9.0]
E:\vs\Projects\PlatformIndependentNuGetPackages\SunamoHtml\SunamoHtml\Generators\HtmlGenerator21.cs(28,19): warning CA2201: Exception type System.Exception is not sufficiently specific (https://learn.microsoft.com/dotnet/fundamentals/code-analysis/quality-rules/ca2201) [E:\vs\Projects\PlatformIndependentNuGetPackages\SunamoHtml\SunamoHtml\SunamoHtml.csproj::TargetFramework=net9.0]
E:\vs\Projects\PlatformIndependentNuGetPackages\SunamoHtml\SunamoHtml\Generators\HtmlGenerator21.cs(30,19): warning CA2201: Exception type System.Exception is not sufficiently specific (https://learn.microsoft.com/dotnet/fundamentals/code-analysis/quality-rules/ca2201) [E:\vs\Projects\PlatformIndependentNuGetPackages\SunamoHtml\SunamoHtml\SunamoHtml.csproj::TargetFramework=net9.0]
E:\vs\Projects\PlatformIndependentNuGetPackages\SunamoHtml\SunamoHtml\Html\HtmlHelperShared.cs(225,125): warning CA1002: Change 'List<string>' in 'HtmlHelper.HighlightingWords(string, int, int, List<string>)' to use 'Collection<T>', 'ReadOnlyCollection<T>' or 'KeyedCollection<K,V>' (https://learn.microsoft.com/dotnet/fundamentals/code-analysis/quality-rules/ca1002) [E:\vs\Projects\PlatformIndependentNuGetPackages\SunamoHtml\SunamoHtml\SunamoHtml.csproj::TargetFramework=net9.0]
E:\vs\Projects\PlatformIndependentNuGetPackages\SunamoHtml\SunamoHtml\Generators\HtmlGenerator21.cs(32,19): warning CA2201: Exception type System.Exception is not sufficiently specific (https://learn.microsoft.com/dotnet/fundamentals/code-analysis/quality-rules/ca2201) [E:\vs\Projects\PlatformIndependentNuGetPackages\SunamoHtml\SunamoHtml\SunamoHtml.csproj::TargetFramework=net9.0]
E:\vs\Projects\PlatformIndependentNuGetPackages\SunamoHtml\SunamoHtml\Generators\HtmlGenerator21.cs(34,19): warning CA2201: Exception type System.Exception is not sufficiently specific (https://learn.microsoft.com/dotnet/fundamentals/code-analysis/quality-rules/ca2201) [E:\vs\Projects\PlatformIndependentNuGetPackages\SunamoHtml\SunamoHtml\SunamoHtml.csproj::TargetFramework=net9.0]
E:\vs\Projects\PlatformIndependentNuGetPackages\SunamoHtml\SunamoHtml\_sunamo\SunamoStringReplace\SHReplace.cs(7,16): warning CA1307: 'string.Replace(string, string?)' has a method overload that takes a 'StringComparison' parameter. Replace this call in 'SunamoHtml._sunamo.SunamoStringReplace.SHReplace.ReplaceWhiteSpacesWithoutSpacesWithReplaceWith(string, string)' with a call to 'string.Replace(string, string?, System.StringComparison)' for clarity of intent. (https://learn.microsoft.com/dotnet/fundamentals/code-analysis/quality-rules/ca1307) [E:\vs\Projects\PlatformIndependentNuGetPackages\SunamoHtml\SunamoHtml\SunamoHtml.csproj::TargetFramework=net9.0]
E:\vs\Projects\PlatformIndependentNuGetPackages\SunamoHtml\SunamoHtml\_sunamo\SunamoStringReplace\SHReplace.cs(7,16): warning CA1307: 'string.Replace(string, string?)' has a method overload that takes a 'StringComparison' parameter. Replace this call in 'SunamoHtml._sunamo.SunamoStringReplace.SHReplace.ReplaceWhiteSpacesWithoutSpacesWithReplaceWith(string, string)' with a call to 'string.Replace(string, string?, System.StringComparison)' for clarity of intent. (https://learn.microsoft.com/dotnet/fundamentals/code-analysis/quality-rules/ca1307) [E:\vs\Projects\PlatformIndependentNuGetPackages\SunamoHtml\SunamoHtml\SunamoHtml.csproj::TargetFramework=net9.0]
E:\vs\Projects\PlatformIndependentNuGetPackages\SunamoHtml\SunamoHtml\_sunamo\SunamoStringReplace\SHReplace.cs(7,16): warning CA1307: 'string.Replace(string, string?)' has a method overload that takes a 'StringComparison' parameter. Replace this call in 'SunamoHtml._sunamo.SunamoStringReplace.SHReplace.ReplaceWhiteSpacesWithoutSpacesWithReplaceWith(string, string)' with a call to 'string.Replace(string, string?, System.StringComparison)' for clarity of intent. (https://learn.microsoft.com/dotnet/fundamentals/code-analysis/quality-rules/ca1307) [E:\vs\Projects\PlatformIndependentNuGetPackages\SunamoHtml\SunamoHtml\SunamoHtml.csproj::TargetFramework=net9.0]
E:\vs\Projects\PlatformIndependentNuGetPackages\SunamoHtml\SunamoHtml\Html\HtmlAssistant.cs(356,28): warning CA1847: Use 'string.Contains(char)' instead of 'string.Contains(string)' when searching for a single character (https://learn.microsoft.com/dotnet/fundamentals/code-analysis/quality-rules/ca1847) [E:\vs\Projects\PlatformIndependentNuGetPackages\SunamoHtml\SunamoHtml\SunamoHtml.csproj::TargetFramework=net9.0]
E:\vs\Projects\PlatformIndependentNuGetPackages\SunamoHtml\SunamoHtml\Html\HtmlHelperShared.cs(228,49): warning CA1311: Specify a culture or use an invariant version to avoid implicit dependency on current culture (https://learn.microsoft.com/dotnet/fundamentals/code-analysis/quality-rules/ca1311) [E:\vs\Projects\PlatformIndependentNuGetPackages\SunamoHtml\SunamoHtml\SunamoHtml.csproj::TargetFramework=net9.0]
E:\vs\Projects\PlatformIndependentNuGetPackages\SunamoHtml\SunamoHtml\Html\HtmlHelperShared.cs(291,42): warning CA1311: Specify a culture or use an invariant version to avoid implicit dependency on current culture (https://learn.microsoft.com/dotnet/fundamentals/code-analysis/quality-rules/ca1311) [E:\vs\Projects\PlatformIndependentNuGetPackages\SunamoHtml\SunamoHtml\SunamoHtml.csproj::TargetFramework=net9.0]
E:\vs\Projects\PlatformIndependentNuGetPackages\SunamoHtml\SunamoHtml\Html\HtmlAssistant.cs(356,14): warning CA1307: 'string.Contains(string)' has a method overload that takes a 'StringComparison' parameter. Replace this call in 'SunamoHtml.Html.HtmlAssistant.GetAttributesPairs(string)' with a call to 'string.Contains(string, System.StringComparison)' for clarity of intent. (https://learn.microsoft.com/dotnet/fundamentals/code-analysis/quality-rules/ca1307) [E:\vs\Projects\PlatformIndependentNuGetPackages\SunamoHtml\SunamoHtml\SunamoHtml.csproj::TargetFramework=net9.0]
E:\vs\Projects\PlatformIndependentNuGetPackages\SunamoHtml\SunamoHtml\_sunamo\SunamoExceptions\Exceptions.cs(93,18): warning CA1307: 'string.Contains(string)' has a method overload that takes a 'StringComparison' parameter. Replace this call in 'SunamoHtml._sunamo.SunamoExceptions.Exceptions.NotContains(string, string, params string[])' with a call to 'string.Contains(string, System.StringComparison)' for clarity of intent. (https://learn.microsoft.com/dotnet/fundamentals/code-analysis/quality-rules/ca1307) [E:\vs\Projects\PlatformIndependentNuGetPackages\SunamoHtml\SunamoHtml\SunamoHtml.csproj::TargetFramework=net9.0]
E:\vs\Projects\PlatformIndependentNuGetPackages\SunamoHtml\SunamoHtml\_sunamo\SunamoStringReplace\SHReplace.cs(23,53): warning CA1307: 'string.Replace(string, string?)' has a method overload that takes a 'StringComparison' parameter. Replace this call in 'SunamoHtml._sunamo.SunamoStringReplace.SHReplace.ReplaceAllArray(string, string, params string[])' with a call to 'string.Replace(string, string?, System.StringComparison)' for clarity of intent. (https://learn.microsoft.com/dotnet/fundamentals/code-analysis/quality-rules/ca1307) [E:\vs\Projects\PlatformIndependentNuGetPackages\SunamoHtml\SunamoHtml\SunamoHtml.csproj::TargetFramework=net9.0]
E:\vs\Projects\PlatformIndependentNuGetPackages\SunamoHtml\SunamoHtml\Html\HtmlHelperShared.cs(228,32): warning CA1304: The behavior of 'string.ToLower()' could vary based on the current user's locale settings. Replace this call in 'HtmlHelper.HighlightingWords(string, int, int, List<string>)' with a call to 'string.ToLower(CultureInfo)'. (https://learn.microsoft.com/dotnet/fundamentals/code-analysis/quality-rules/ca1304) [E:\vs\Projects\PlatformIndependentNuGetPackages\SunamoHtml\SunamoHtml\SunamoHtml.csproj::TargetFramework=net9.0]
E:\vs\Projects\PlatformIndependentNuGetPackages\SunamoHtml\SunamoHtml\Html\HtmlHelperShared.cs(291,37): warning CA1304: The behavior of 'string.ToLower()' could vary based on the current user's locale settings. Replace this call in 'HtmlHelper.HighlightingWords(string, int, int, List<string>)' with a call to 'string.ToLower(CultureInfo)'. (https://learn.microsoft.com/dotnet/fundamentals/code-analysis/quality-rules/ca1304) [E:\vs\Projects\PlatformIndependentNuGetPackages\SunamoHtml\SunamoHtml\SunamoHtml.csproj::TargetFramework=net9.0]
E:\vs\Projects\PlatformIndependentNuGetPackages\SunamoHtml\SunamoHtml\Generators\HtmlGenerator21.cs(63,63): warning CA1002: Change 'List<string>' in 'HtmlGenerator2.GetForUlWCheckDuplicate(List<string>)' to use 'Collection<T>', 'ReadOnlyCollection<T>' or 'KeyedCollection<K,V>' (https://learn.microsoft.com/dotnet/fundamentals/code-analysis/quality-rules/ca1002) [E:\vs\Projects\PlatformIndependentNuGetPackages\SunamoHtml\SunamoHtml\SunamoHtml.csproj::TargetFramework=net9.0]
E:\vs\Projects\PlatformIndependentNuGetPackages\SunamoHtml\SunamoHtml\_sunamo\SunamoStringReplace\SHReplace.cs(33,20): warning CA1307: 'string.Replace(string, string?)' has a method overload that takes a 'StringComparison' parameter. Replace this call in 'SunamoHtml._sunamo.SunamoStringReplace.SHReplace.ReplaceAllDoubleSpaceToSingle(string, bool)' with a call to 'string.Replace(string, string?, System.StringComparison)' for clarity of intent. (https://learn.microsoft.com/dotnet/fundamentals/code-analysis/quality-rules/ca1307) [E:\vs\Projects\PlatformIndependentNuGetPackages\SunamoHtml\SunamoHtml\SunamoHtml.csproj::TargetFramework=net9.0]
E:\vs\Projects\PlatformIndependentNuGetPackages\SunamoHtml\SunamoHtml\_sunamo\SunamoStringReplace\SHReplace.cs(34,20): warning CA1307: 'string.Replace(string, string?)' has a method overload that takes a 'StringComparison' parameter. Replace this call in 'SunamoHtml._sunamo.SunamoStringReplace.SHReplace.ReplaceAllDoubleSpaceToSingle(string, bool)' with a call to 'string.Replace(string, string?, System.StringComparison)' for clarity of intent. (https://learn.microsoft.com/dotnet/fundamentals/code-analysis/quality-rules/ca1307) [E:\vs\Projects\PlatformIndependentNuGetPackages\SunamoHtml\SunamoHtml\SunamoHtml.csproj::TargetFramework=net9.0]
E:\vs\Projects\PlatformIndependentNuGetPackages\SunamoHtml\SunamoHtml\_sunamo\SunamoStringReplace\SHReplace.cs(35,20): warning CA1307: 'string.Replace(string, string?)' has a method overload that takes a 'StringComparison' parameter. Replace this call in 'SunamoHtml._sunamo.SunamoStringReplace.SHReplace.ReplaceAllDoubleSpaceToSingle(string, bool)' with a call to 'string.Replace(string, string?, System.StringComparison)' for clarity of intent. (https://learn.microsoft.com/dotnet/fundamentals/code-analysis/quality-rules/ca1307) [E:\vs\Projects\PlatformIndependentNuGetPackages\SunamoHtml\SunamoHtml\SunamoHtml.csproj::TargetFramework=net9.0]
E:\vs\Projects\PlatformIndependentNuGetPackages\SunamoHtml\SunamoHtml\_sunamo\SunamoStringReplace\SHReplace.cs(38,16): warning CA1307: 'string.Contains(string)' has a method overload that takes a 'StringComparison' parameter. Replace this call in 'SunamoHtml._sunamo.SunamoStringReplace.SHReplace.ReplaceAllDoubleSpaceToSingle(string, bool)' with a call to 'string.Contains(string, System.StringComparison)' for clarity of intent. (https://learn.microsoft.com/dotnet/fundamentals/code-analysis/quality-rules/ca1307) [E:\vs\Projects\PlatformIndependentNuGetPackages\SunamoHtml\SunamoHtml\SunamoHtml.csproj::TargetFramework=net9.0]
E:\vs\Projects\PlatformIndependentNuGetPackages\SunamoHtml\SunamoHtml\_sunamo\SunamoStringReplace\SHReplace.cs(39,20): warning CA1307: 'string.Replace(string, string?)' has a method overload that takes a 'StringComparison' parameter. Replace this call in 'SunamoHtml._sunamo.SunamoStringReplace.SHReplace.ReplaceAllDoubleSpaceToSingle(string, bool)' with a call to 'string.Replace(string, string?, System.StringComparison)' for clarity of intent. (https://learn.microsoft.com/dotnet/fundamentals/code-analysis/quality-rules/ca1307) [E:\vs\Projects\PlatformIndependentNuGetPackages\SunamoHtml\SunamoHtml\SunamoHtml.csproj::TargetFramework=net9.0]
E:\vs\Projects\PlatformIndependentNuGetPackages\SunamoHtml\SunamoHtml\_public\SunamoXml\Generators\XmlGeneratorHtml.cs(301,29): warning CA1062: In externally visible method 'void XmlGeneratorHtml.WriteNonPairTagWithAttrs(bool isAppendNull, string tagName, params string[] attributes)', validate parameter 'attributes' is non-null before using it. If appropriate, throw an 'ArgumentNullException' when the argument is 'null'. (https://learn.microsoft.com/dotnet/fundamentals/code-analysis/quality-rules/ca1062) [E:\vs\Projects\PlatformIndependentNuGetPackages\SunamoHtml\SunamoHtml\SunamoHtml.csproj::TargetFramework=net9.0]
E:\vs\Projects\PlatformIndependentNuGetPackages\SunamoHtml\SunamoHtml\_sunamo\SunamoStringReplace\SHReplace.cs(62,53): warning CA1307: 'string.Replace(string, string?)' has a method overload that takes a 'StringComparison' parameter. Replace this call in 'SunamoHtml._sunamo.SunamoStringReplace.SHReplace.ReplaceAll(string, string, params string[])' with a call to 'string.Replace(string, string?, System.StringComparison)' for clarity of intent. (https://learn.microsoft.com/dotnet/fundamentals/code-analysis/quality-rules/ca1307) [E:\vs\Projects\PlatformIndependentNuGetPackages\SunamoHtml\SunamoHtml\SunamoHtml.csproj::TargetFramework=net9.0]
E:\vs\Projects\PlatformIndependentNuGetPackages\SunamoHtml\SunamoHtml\Html\HtmlAssistant.cs(356,14): warning CA1062: In externally visible method 'Dictionary<string, string> HtmlAssistant.GetAttributesPairs(string text)', validate parameter 'text' is non-null before using it. If appropriate, throw an 'ArgumentNullException' when the argument is 'null'. (https://learn.microsoft.com/dotnet/fundamentals/code-analysis/quality-rules/ca1062) [E:\vs\Projects\PlatformIndependentNuGetPackages\SunamoHtml\SunamoHtml\SunamoHtml.csproj::TargetFramework=net9.0]
E:\vs\Projects\PlatformIndependentNuGetPackages\SunamoHtml\SunamoHtml\Generators\HtmlGenerator21.cs(102,40): warning CA1054: Change the type of parameter 'url' of method 'HtmlGenerator2.Anchor(string)' from 'string' to 'System.Uri', or provide an overload to 'HtmlGenerator2.Anchor(string)' that allows 'url' to be passed as a 'System.Uri' object (https://learn.microsoft.com/dotnet/fundamentals/code-analysis/quality-rules/ca1054) [E:\vs\Projects\PlatformIndependentNuGetPackages\SunamoHtml\SunamoHtml\SunamoHtml.csproj::TargetFramework=net9.0]
E:\vs\Projects\PlatformIndependentNuGetPackages\SunamoHtml\SunamoHtml\Generators\HtmlGenerator21.cs(104,13): warning CA1307: 'string.Contains(string)' has a method overload that takes a 'StringComparison' parameter. Replace this call in 'SunamoHtml.Generators.HtmlGenerator2.Anchor(string)' with a call to 'string.Contains(string, System.StringComparison)' for clarity of intent. (https://learn.microsoft.com/dotnet/fundamentals/code-analysis/quality-rules/ca1307) [E:\vs\Projects\PlatformIndependentNuGetPackages\SunamoHtml\SunamoHtml\SunamoHtml.csproj::TargetFramework=net9.0]
E:\vs\Projects\PlatformIndependentNuGetPackages\SunamoHtml\SunamoHtml\_sunamo\SunamoStringSplit\SHSplit.cs(31,21): warning CA1820: Test for empty strings using 'string.Length' property or 'string.IsNullOrEmpty' method instead of an Equality check (https://learn.microsoft.com/dotnet/fundamentals/code-analysis/quality-rules/ca1820) [E:\vs\Projects\PlatformIndependentNuGetPackages\SunamoHtml\SunamoHtml\SunamoHtml.csproj::TargetFramework=net9.0]
E:\vs\Projects\PlatformIndependentNuGetPackages\SunamoHtml\SunamoHtml\_sunamo\SunamoExceptions\ThrowEx.cs(72,23): warning CA2201: Exception type System.Exception is not sufficiently specific (https://learn.microsoft.com/dotnet/fundamentals/code-analysis/quality-rules/ca2201) [E:\vs\Projects\PlatformIndependentNuGetPackages\SunamoHtml\SunamoHtml\SunamoHtml.csproj::TargetFramework=net9.0]
E:\vs\Projects\PlatformIndependentNuGetPackages\SunamoHtml\SunamoHtml\Generators\HtmlGenerator21.cs(104,13): warning CA1062: In externally visible method 'string HtmlGenerator2.Anchor(string url)', validate parameter 'url' is non-null before using it. If appropriate, throw an 'ArgumentNullException' when the argument is 'null'. (https://learn.microsoft.com/dotnet/fundamentals/code-analysis/quality-rules/ca1062) [E:\vs\Projects\PlatformIndependentNuGetPackages\SunamoHtml\SunamoHtml\SunamoHtml.csproj::TargetFramework=net9.0]
E:\vs\Projects\PlatformIndependentNuGetPackages\SunamoHtml\SunamoHtml\Generators\HtmlGenerator21.cs(67,29): warning CA1062: In externally visible method 'string HtmlGenerator2.GetForUlWCheckDuplicate(List<string> items)', validate parameter 'items' is non-null before using it. If appropriate, throw an 'ArgumentNullException' when the argument is 'null'. (https://learn.microsoft.com/dotnet/fundamentals/code-analysis/quality-rules/ca1062) [E:\vs\Projects\PlatformIndependentNuGetPackages\SunamoHtml\SunamoHtml\SunamoHtml.csproj::TargetFramework=net9.0]
E:\vs\Projects\PlatformIndependentNuGetPackages\SunamoHtml\SunamoHtml\Html\HtmlHelperText.cs(245,54): warning CA1311: Specify a culture or use an invariant version to avoid implicit dependency on current culture (https://learn.microsoft.com/dotnet/fundamentals/code-analysis/quality-rules/ca1311) [E:\vs\Projects\PlatformIndependentNuGetPackages\SunamoHtml\SunamoHtml\SunamoHtml.csproj::TargetFramework=net9.0]
E:\vs\Projects\PlatformIndependentNuGetPackages\SunamoHtml\SunamoHtml\Html\HtmlHelperText.cs(274,32): warning CA1002: Change 'List<string>' in 'HtmlHelperText.SplitBySpaceAndLtGt(string)' to use 'Collection<T>', 'ReadOnlyCollection<T>' or 'KeyedCollection<K,V>' (https://learn.microsoft.com/dotnet/fundamentals/code-analysis/quality-rules/ca1002) [E:\vs\Projects\PlatformIndependentNuGetPackages\SunamoHtml\SunamoHtml\SunamoHtml.csproj::TargetFramework=net9.0]
E:\vs\Projects\PlatformIndependentNuGetPackages\SunamoHtml\SunamoHtml\Html\HtmlHelperText.cs(245,15): warning CA1304: The behavior of 'string.ToLower()' could vary based on the current user's locale settings. Replace this call in 'HtmlHelperText.GetSyntax(ref string)' with a call to 'string.ToLower(CultureInfo)'. (https://learn.microsoft.com/dotnet/fundamentals/code-analysis/quality-rules/ca1304) [E:\vs\Projects\PlatformIndependentNuGetPackages\SunamoHtml\SunamoHtml\SunamoHtml.csproj::TargetFramework=net9.0]
E:\vs\Projects\PlatformIndependentNuGetPackages\SunamoHtml\SunamoHtml\Html\HtmlHelperText.cs(287,16): warning CA1062: In externally visible method 'bool HtmlHelperText.IsHtmlEntity(string text)', validate parameter 'text' is non-null before using it. If appropriate, throw an 'ArgumentNullException' when the argument is 'null'. (https://learn.microsoft.com/dotnet/fundamentals/code-analysis/quality-rules/ca1062) [E:\vs\Projects\PlatformIndependentNuGetPackages\SunamoHtml\SunamoHtml\SunamoHtml.csproj::TargetFramework=net9.0]
E:\vs\Projects\PlatformIndependentNuGetPackages\SunamoHtml\SunamoHtml\Generators\HtmlGenerator21.cs(127,48): warning CA1054: Change the type of parameter 'url' of method 'HtmlGenerator2.AnchorWithHttp(string)' from 'string' to 'System.Uri', or provide an overload to 'HtmlGenerator2.AnchorWithHttp(string)' that allows 'url' to be passed as a 'System.Uri' object (https://learn.microsoft.com/dotnet/fundamentals/code-analysis/quality-rules/ca1054) [E:\vs\Projects\PlatformIndependentNuGetPackages\SunamoHtml\SunamoHtml\SunamoHtml.csproj::TargetFramework=net9.0]
E:\vs\Projects\PlatformIndependentNuGetPackages\SunamoHtml\SunamoHtml\Html\HtmlHelperText.cs(276,31): warning CA1062: In externally visible method 'List<string> HtmlHelperText.SplitBySpaceAndLtGt(string shortDescription)', validate parameter 'shortDescription' is non-null before using it. If appropriate, throw an 'ArgumentNullException' when the argument is 'null'. (https://learn.microsoft.com/dotnet/fundamentals/code-analysis/quality-rules/ca1062) [E:\vs\Projects\PlatformIndependentNuGetPackages\SunamoHtml\SunamoHtml\SunamoHtml.csproj::TargetFramework=net9.0]
E:\vs\Projects\PlatformIndependentNuGetPackages\SunamoHtml\SunamoHtml\Generators\HtmlGenerator21.cs(130,14): warning CA1310: The behavior of 'string.StartsWith(string)' could vary based on the current user's locale settings. Replace this call in 'SunamoHtml.Generators.HtmlGenerator2.AnchorWithHttp(string)' with a call to 'string.StartsWith(string, System.StringComparison)'. (https://learn.microsoft.com/dotnet/fundamentals/code-analysis/quality-rules/ca1310) [E:\vs\Projects\PlatformIndependentNuGetPackages\SunamoHtml\SunamoHtml\SunamoHtml.csproj::TargetFramework=net9.0]
E:\vs\Projects\PlatformIndependentNuGetPackages\SunamoHtml\SunamoHtml\Generators\HtmlGenerator21.cs(130,14): warning CA1062: In externally visible method 'string HtmlGenerator2.AnchorWithHttp(string url)', validate parameter 'url' is non-null before using it. If appropriate, throw an 'ArgumentNullException' when the argument is 'null'. (https://learn.microsoft.com/dotnet/fundamentals/code-analysis/quality-rules/ca1062) [E:\vs\Projects\PlatformIndependentNuGetPackages\SunamoHtml\SunamoHtml\SunamoHtml.csproj::TargetFramework=net9.0]
E:\vs\Projects\PlatformIndependentNuGetPackages\SunamoHtml\SunamoHtml\Generators\HtmlGenerator21.cs(31,22): warning CA1062: In externally visible method 'string HtmlGenerator2.TopListWithImages(HtmlGenerator htmlGenerator, int widthImage, int heightImage, string initialImageUri, List<string> photoLinks, List<string> textLinks, List<string> innerHtmlText, List<string> srcPhoto, List<string> idBadges, string arrayName)', validate parameter 'srcPhoto' is non-null before using it. If appropriate, throw an 'ArgumentNullException' when the argument is 'null'. (https://learn.microsoft.com/dotnet/fundamentals/code-analysis/quality-rules/ca1062) [E:\vs\Projects\PlatformIndependentNuGetPackages\SunamoHtml\SunamoHtml\SunamoHtml.csproj::TargetFramework=net9.0]
E:\vs\Projects\PlatformIndependentNuGetPackages\SunamoHtml\SunamoHtml\Html\HtmlHelperText.cs(297,32): warning CA1002: Change 'List<string>' in 'HtmlHelperText.GetContentOfTags(string, string)' to use 'Collection<T>', 'ReadOnlyCollection<T>' or 'KeyedCollection<K,V>' (https://learn.microsoft.com/dotnet/fundamentals/code-analysis/quality-rules/ca1002) [E:\vs\Projects\PlatformIndependentNuGetPackages\SunamoHtml\SunamoHtml\SunamoHtml.csproj::TargetFramework=net9.0]
E:\vs\Projects\PlatformIndependentNuGetPackages\SunamoHtml\SunamoHtml\Generators\HtmlGenerator21.cs(24,21): warning CA1062: In externally visible method 'string HtmlGenerator2.TopListWithImages(HtmlGenerator htmlGenerator, int widthImage, int heightImage, string initialImageUri, List<string> photoLinks, List<string> textLinks, List<string> innerHtmlText, List<string> srcPhoto, List<string> idBadges, string arrayName)', validate parameter 'photoLinks' is non-null before using it. If appropriate, throw an 'ArgumentNullException' when the argument is 'null'. (https://learn.microsoft.com/dotnet/fundamentals/code-analysis/quality-rules/ca1062) [E:\vs\Projects\PlatformIndependentNuGetPackages\SunamoHtml\SunamoHtml\SunamoHtml.csproj::TargetFramework=net9.0]
E:\vs\Projects\PlatformIndependentNuGetPackages\SunamoHtml\SunamoHtml\Generators\HtmlGenerator21.cs(29,22): warning CA1062: In externally visible method 'string HtmlGenerator2.TopListWithImages(HtmlGenerator htmlGenerator, int widthImage, int heightImage, string initialImageUri, List<string> photoLinks, List<string> textLinks, List<string> innerHtmlText, List<string> srcPhoto, List<string> idBadges, string arrayName)', validate parameter 'innerHtmlText' is non-null before using it. If appropriate, throw an 'ArgumentNullException' when the argument is 'null'. (https://learn.microsoft.com/dotnet/fundamentals/code-analysis/quality-rules/ca1062) [E:\vs\Projects\PlatformIndependentNuGetPackages\SunamoHtml\SunamoHtml\SunamoHtml.csproj::TargetFramework=net9.0]
E:\vs\Projects\PlatformIndependentNuGetPackages\SunamoHtml\SunamoHtml\Generators\HtmlGenerator21.cs(40,13): warning CA1062: In externally visible method 'string HtmlGenerator2.TopListWithImages(HtmlGenerator htmlGenerator, int widthImage, int heightImage, string initialImageUri, List<string> photoLinks, List<string> textLinks, List<string> innerHtmlText, List<string> srcPhoto, List<string> idBadges, string arrayName)', validate parameter 'htmlGenerator' is non-null before using it. If appropriate, throw an 'ArgumentNullException' when the argument is 'null'. (https://learn.microsoft.com/dotnet/fundamentals/code-analysis/quality-rules/ca1062) [E:\vs\Projects\PlatformIndependentNuGetPackages\SunamoHtml\SunamoHtml\SunamoHtml.csproj::TargetFramework=net9.0]
E:\vs\Projects\PlatformIndependentNuGetPackages\SunamoHtml\SunamoHtml\Generators\HtmlGenerator21.cs(33,22): warning CA1062: In externally visible method 'string HtmlGenerator2.TopListWithImages(HtmlGenerator htmlGenerator, int widthImage, int heightImage, string initialImageUri, List<string> photoLinks, List<string> textLinks, List<string> innerHtmlText, List<string> srcPhoto, List<string> idBadges, string arrayName)', validate parameter 'idBadges' is non-null before using it. If appropriate, throw an 'ArgumentNullException' when the argument is 'null'. (https://learn.microsoft.com/dotnet/fundamentals/code-analysis/quality-rules/ca1062) [E:\vs\Projects\PlatformIndependentNuGetPackages\SunamoHtml\SunamoHtml\SunamoHtml.csproj::TargetFramework=net9.0]
E:\vs\Projects\PlatformIndependentNuGetPackages\SunamoHtml\SunamoHtml\Generators\HtmlGenerator21.cs(27,22): warning CA1062: In externally visible method 'string HtmlGenerator2.TopListWithImages(HtmlGenerator htmlGenerator, int widthImage, int heightImage, string initialImageUri, List<string> photoLinks, List<string> textLinks, List<string> innerHtmlText, List<string> srcPhoto, List<string> idBadges, string arrayName)', validate parameter 'textLinks' is non-null before using it. If appropriate, throw an 'ArgumentNullException' when the argument is 'null'. (https://learn.microsoft.com/dotnet/fundamentals/code-analysis/quality-rules/ca1062) [E:\vs\Projects\PlatformIndependentNuGetPackages\SunamoHtml\SunamoHtml\SunamoHtml.csproj::TargetFramework=net9.0]
E:\vs\Projects\PlatformIndependentNuGetPackages\SunamoHtml\SunamoHtml\_sunamo\SunamoExceptions\Exceptions.cs(63,35): warning CA1823: Unused field 'sbAdditionalInfoInner' (https://learn.microsoft.com/dotnet/fundamentals/code-analysis/quality-rules/ca1823) [E:\vs\Projects\PlatformIndependentNuGetPackages\SunamoHtml\SunamoHtml\SunamoHtml.csproj::TargetFramework=net9.0]
E:\vs\Projects\PlatformIndependentNuGetPackages\SunamoHtml\SunamoHtml\Generators\HtmlGenerator21.cs(144,48): warning CA1054: Change the type of parameter 'url' of method 'HtmlGenerator2.AnchorWithHttp(string, string)' from 'string' to 'System.Uri', or provide an overload to 'HtmlGenerator2.AnchorWithHttp(string, string)' that allows 'url' to be passed as a 'System.Uri' object (https://learn.microsoft.com/dotnet/fundamentals/code-analysis/quality-rules/ca1054) [E:\vs\Projects\PlatformIndependentNuGetPackages\SunamoHtml\SunamoHtml\SunamoHtml.csproj::TargetFramework=net9.0]
E:\vs\Projects\PlatformIndependentNuGetPackages\SunamoHtml\SunamoHtml\_sunamo\SunamoExceptions\Exceptions.cs(64,35): warning CA1823: Unused field 'sbAdditionalInfo' (https://learn.microsoft.com/dotnet/fundamentals/code-analysis/quality-rules/ca1823) [E:\vs\Projects\PlatformIndependentNuGetPackages\SunamoHtml\SunamoHtml\SunamoHtml.csproj::TargetFramework=net9.0]
E:\vs\Projects\PlatformIndependentNuGetPackages\SunamoHtml\SunamoHtml\Html\HtmlHelperText.cs(312,27): warning CA2201: Exception type System.Exception is not sufficiently specific (https://learn.microsoft.com/dotnet/fundamentals/code-analysis/quality-rules/ca2201) [E:\vs\Projects\PlatformIndependentNuGetPackages\SunamoHtml\SunamoHtml\SunamoHtml.csproj::TargetFramework=net9.0]
E:\vs\Projects\PlatformIndependentNuGetPackages\SunamoHtml\SunamoHtml\Html\HtmlHelperText.cs(302,19): warning CA1310: The behavior of 'string.IndexOf(string)' could vary based on the current user's locale settings. Replace this call in 'SunamoHtml.Html.HtmlHelperText.GetContentOfTags(string, string)' with a call to 'string.IndexOf(string, System.StringComparison)'. (https://learn.microsoft.com/dotnet/fundamentals/code-analysis/quality-rules/ca1310) [E:\vs\Projects\PlatformIndependentNuGetPackages\SunamoHtml\SunamoHtml\SunamoHtml.csproj::TargetFramework=net9.0]
E:\vs\Projects\PlatformIndependentNuGetPackages\SunamoHtml\SunamoHtml\Html\HtmlHelperText.cs(307,24): warning CA1310: The behavior of 'string.IndexOf(string, int)' could vary based on the current user's locale settings. Replace this call in 'SunamoHtml.Html.HtmlHelperText.GetContentOfTags(string, string)' with a call to 'string.IndexOf(string, int, System.StringComparison)'. (https://learn.microsoft.com/dotnet/fundamentals/code-analysis/quality-rules/ca1310) [E:\vs\Projects\PlatformIndependentNuGetPackages\SunamoHtml\SunamoHtml\SunamoHtml.csproj::TargetFramework=net9.0]
E:\vs\Projects\PlatformIndependentNuGetPackages\SunamoHtml\SunamoHtml\Html\HtmlHelperText.cs(244,29): warning CA1062: In externally visible method 'HtmlTagSyntax HtmlHelperText.GetSyntax(ref string tag)', validate parameter 'tag' is non-null before using it. If appropriate, throw an 'ArgumentNullException' when the argument is 'null'. (https://learn.microsoft.com/dotnet/fundamentals/code-analysis/quality-rules/ca1062) [E:\vs\Projects\PlatformIndependentNuGetPackages\SunamoHtml\SunamoHtml\SunamoHtml.csproj::TargetFramework=net9.0]
E:\vs\Projects\PlatformIndependentNuGetPackages\SunamoHtml\SunamoHtml\Html\HtmlHelperText.cs(308,26): warning CA1310: The behavior of 'string.IndexOf(string, int)' could vary based on the current user's locale settings. Replace this call in 'SunamoHtml.Html.HtmlHelperText.GetContentOfTags(string, string)' with a call to 'string.IndexOf(string, int, System.StringComparison)'. (https://learn.microsoft.com/dotnet/fundamentals/code-analysis/quality-rules/ca1310) [E:\vs\Projects\PlatformIndependentNuGetPackages\SunamoHtml\SunamoHtml\SunamoHtml.csproj::TargetFramework=net9.0]
E:\vs\Projects\PlatformIndependentNuGetPackages\SunamoHtml\SunamoHtml\Html\HtmlHelperText.cs(316,19): warning CA1310: The behavior of 'string.IndexOf(string, int)' could vary based on the current user's locale settings. Replace this call in 'SunamoHtml.Html.HtmlHelperText.GetContentOfTags(string, string)' with a call to 'string.IndexOf(string, int, System.StringComparison)'. (https://learn.microsoft.com/dotnet/fundamentals/code-analysis/quality-rules/ca1310) [E:\vs\Projects\PlatformIndependentNuGetPackages\SunamoHtml\SunamoHtml\SunamoHtml.csproj::TargetFramework=net9.0]
E:\vs\Projects\PlatformIndependentNuGetPackages\SunamoHtml\SunamoHtml\_public\SunamoXml\Generators\XmlGeneratorHtml.cs(337,30): warning CA1834: Use 'StringBuilder.Append(char)' instead of 'StringBuilder.Append(string)' when the input is a constant unit string (https://learn.microsoft.com/dotnet/fundamentals/code-analysis/quality-rules/ca1834) [E:\vs\Projects\PlatformIndependentNuGetPackages\SunamoHtml\SunamoHtml\SunamoHtml.csproj::TargetFramework=net9.0]
E:\vs\Projects\PlatformIndependentNuGetPackages\SunamoHtml\SunamoHtml\Generators\HtmlGenerator21.cs(157,68): warning CA1054: Change the type of parameter 'url' of method 'HtmlGenerator2.AnchorWithHttp(bool, string, string)' from 'string' to 'System.Uri', or provide an overload to 'HtmlGenerator2.AnchorWithHttp(bool, string, string)' that allows 'url' to be passed as a 'System.Uri' object (https://learn.microsoft.com/dotnet/fundamentals/code-analysis/quality-rules/ca1054) [E:\vs\Projects\PlatformIndependentNuGetPackages\SunamoHtml\SunamoHtml\SunamoHtml.csproj::TargetFramework=net9.0]
E:\vs\Projects\PlatformIndependentNuGetPackages\SunamoHtml\SunamoHtml\Generators\HtmlGenerator21.cs(146,48): warning CA1062: In externally visible method 'string HtmlGenerator2.AnchorWithHttp(string url, string text)', validate parameter 'url' is non-null before using it. If appropriate, throw an 'ArgumentNullException' when the argument is 'null'. (https://learn.microsoft.com/dotnet/fundamentals/code-analysis/quality-rules/ca1062) [E:\vs\Projects\PlatformIndependentNuGetPackages\SunamoHtml\SunamoHtml\SunamoHtml.csproj::TargetFramework=net9.0]
E:\vs\Projects\PlatformIndependentNuGetPackages\SunamoHtml\SunamoHtml\Generators\HtmlGenerator21.cs(170,85): warning CA1054: Change the type of parameter 'httpUrl' of method 'HtmlGenerator2.AnchorWithHttpCore(bool, string, string)' from 'string' to 'System.Uri', or provide an overload to 'HtmlGenerator2.AnchorWithHttpCore(bool, string, string)' that allows 'httpUrl' to be passed as a 'System.Uri' object (https://learn.microsoft.com/dotnet/fundamentals/code-analysis/quality-rules/ca1054) [E:\vs\Projects\PlatformIndependentNuGetPackages\SunamoHtml\SunamoHtml\SunamoHtml.csproj::TargetFramework=net9.0]
E:\vs\Projects\PlatformIndependentNuGetPackages\SunamoHtml\SunamoHtml\Html\HtmlHelperText.cs(264,38): warning CA1062: In externally visible method 'string HtmlHelperText.TrimInnerOfEncodedHtml(string value)', validate parameter 'value' is non-null before using it. If appropriate, throw an 'ArgumentNullException' when the argument is 'null'. (https://learn.microsoft.com/dotnet/fundamentals/code-analysis/quality-rules/ca1062) [E:\vs\Projects\PlatformIndependentNuGetPackages\SunamoHtml\SunamoHtml\SunamoHtml.csproj::TargetFramework=net9.0]
E:\vs\Projects\PlatformIndependentNuGetPackages\SunamoHtml\SunamoHtml\Html\HtmlHelperText.cs(302,19): warning CA1062: In externally visible method 'List<string> HtmlHelperText.GetContentOfTags(string text, string tagName)', validate parameter 'text' is non-null before using it. If appropriate, throw an 'ArgumentNullException' when the argument is 'null'. (https://learn.microsoft.com/dotnet/fundamentals/code-analysis/quality-rules/ca1062) [E:\vs\Projects\PlatformIndependentNuGetPackages\SunamoHtml\SunamoHtml\SunamoHtml.csproj::TargetFramework=net9.0]
E:\vs\Projects\PlatformIndependentNuGetPackages\SunamoHtml\SunamoHtml\Generators\HtmlGenerator21.cs(159,51): warning CA1062: In externally visible method 'string HtmlGenerator2.AnchorWithHttp(bool isTargetBlank, string url, string text)', validate parameter 'url' is non-null before using it. If appropriate, throw an 'ArgumentNullException' when the argument is 'null'. (https://learn.microsoft.com/dotnet/fundamentals/code-analysis/quality-rules/ca1062) [E:\vs\Projects\PlatformIndependentNuGetPackages\SunamoHtml\SunamoHtml\SunamoHtml.csproj::TargetFramework=net9.0]
E:\vs\Projects\PlatformIndependentNuGetPackages\SunamoHtml\SunamoHtml\Html\HtmlHelperShared1.cs(72,34): warning CA1002: Change 'List<HtmlNode>' in 'HtmlHelper.ReturnTagsRek(HtmlNode, string)' to use 'Collection<T>', 'ReadOnlyCollection<T>' or 'KeyedCollection<K,V>' (https://learn.microsoft.com/dotnet/fundamentals/code-analysis/quality-rules/ca1002) [E:\vs\Projects\PlatformIndependentNuGetPackages\SunamoHtml\SunamoHtml\SunamoHtml.csproj::TargetFramework=net9.0]
E:\vs\Projects\PlatformIndependentNuGetPackages\SunamoHtml\SunamoHtml\Html\HtmlHelperShared1.cs(106,34): warning CA1002: Change 'List<HtmlNode>' in 'HtmlHelper.ReturnTagsWithAttrRek(HtmlNode, string, string, string)' to use 'Collection<T>', 'ReadOnlyCollection<T>' or 'KeyedCollection<K,V>' (https://learn.microsoft.com/dotnet/fundamentals/code-analysis/quality-rules/ca1002) [E:\vs\Projects\PlatformIndependentNuGetPackages\SunamoHtml\SunamoHtml\SunamoHtml.csproj::TargetFramework=net9.0]
E:\vs\Projects\PlatformIndependentNuGetPackages\SunamoHtml\SunamoHtml\Generators\HtmlGenerator21.cs(184,84): warning CA1002: Change 'List<string>' in 'HtmlGenerator2.GetRadioButtonsWoCheckDuplicate(string, List<string>, List<string>)' to use 'Collection<T>', 'ReadOnlyCollection<T>' or 'KeyedCollection<K,V>' (https://learn.microsoft.com/dotnet/fundamentals/code-analysis/quality-rules/ca1002) [E:\vs\Projects\PlatformIndependentNuGetPackages\SunamoHtml\SunamoHtml\SunamoHtml.csproj::TargetFramework=net9.0]
E:\vs\Projects\PlatformIndependentNuGetPackages\SunamoHtml\SunamoHtml\Generators\HtmlGenerator21.cs(184,102): warning CA1002: Change 'List<string>' in 'HtmlGenerator2.GetRadioButtonsWoCheckDuplicate(string, List<string>, List<string>)' to use 'Collection<T>', 'ReadOnlyCollection<T>' or 'KeyedCollection<K,V>' (https://learn.microsoft.com/dotnet/fundamentals/code-analysis/quality-rules/ca1002) [E:\vs\Projects\PlatformIndependentNuGetPackages\SunamoHtml\SunamoHtml\SunamoHtml.csproj::TargetFramework=net9.0]
E:\vs\Projects\PlatformIndependentNuGetPackages\SunamoHtml\SunamoHtml\HtmlAgilityHelper.cs(295,34): warning CA1002: Change 'List<HtmlNode>' in 'HtmlAgilityHelper.TrimTexts(HtmlNodeCollection)' to use 'Collection<T>', 'ReadOnlyCollection<T>' or 'KeyedCollection<K,V>' (https://learn.microsoft.com/dotnet/fundamentals/code-analysis/quality-rules/ca1002) [E:\vs\Projects\PlatformIndependentNuGetPackages\SunamoHtml\SunamoHtml\SunamoHtml.csproj::TargetFramework=net9.0]
E:\vs\Projects\PlatformIndependentNuGetPackages\SunamoHtml\SunamoHtml\Html\HtmlHelperShared1.cs(120,34): warning CA1002: Change 'List<HtmlNode>' in 'HtmlHelper.ReturnAllTags(HtmlNode, params string[])' to use 'Collection<T>', 'ReadOnlyCollection<T>' or 'KeyedCollection<K,V>' (https://learn.microsoft.com/dotnet/fundamentals/code-analysis/quality-rules/ca1002) [E:\vs\Projects\PlatformIndependentNuGetPackages\SunamoHtml\SunamoHtml\SunamoHtml.csproj::TargetFramework=net9.0]
E:\vs\Projects\PlatformIndependentNuGetPackages\SunamoHtml\SunamoHtml\Html\HtmlHelperShared1.cs(54,13): warning CA1062: In externally visible method 'HtmlNode HtmlHelper.TrimNode(HtmlNode htmlNode)', validate parameter 'htmlNode' is non-null before using it. If appropriate, throw an 'ArgumentNullException' when the argument is 'null'. (https://learn.microsoft.com/dotnet/fundamentals/code-analysis/quality-rules/ca1062) [E:\vs\Projects\PlatformIndependentNuGetPackages\SunamoHtml\SunamoHtml\SunamoHtml.csproj::TargetFramework=net9.0]
E:\vs\Projects\PlatformIndependentNuGetPackages\SunamoHtml\SunamoHtml\_sunamo\SunamoValues\Constants\HtmlStartingTags.cs(11,25): warning CA1823: Unused field 'Type' (https://learn.microsoft.com/dotnet/fundamentals/code-analysis/quality-rules/ca1823) [E:\vs\Projects\PlatformIndependentNuGetPackages\SunamoHtml\SunamoHtml\SunamoHtml.csproj::TargetFramework=net9.0]
E:\vs\Projects\PlatformIndependentNuGetPackages\SunamoHtml\SunamoHtml\Html\HtmlHelperShared1.cs(132,34): warning CA1002: Change 'List<HtmlNode>' in 'HtmlHelper.TrimTexts(HtmlNodeCollection)' to use 'Collection<T>', 'ReadOnlyCollection<T>' or 'KeyedCollection<K,V>' (https://learn.microsoft.com/dotnet/fundamentals/code-analysis/quality-rules/ca1002) [E:\vs\Projects\PlatformIndependentNuGetPackages\SunamoHtml\SunamoHtml\SunamoHtml.csproj::TargetFramework=net9.0]
E:\vs\Projects\PlatformIndependentNuGetPackages\SunamoHtml\SunamoHtml\Html\HtmlHelperShared1.cs(142,34): warning CA1002: Change 'List<HtmlNode>' in 'HtmlHelper.TrimTexts(List<HtmlNode>)' to use 'Collection<T>', 'ReadOnlyCollection<T>' or 'KeyedCollection<K,V>' (https://learn.microsoft.com/dotnet/fundamentals/code-analysis/quality-rules/ca1002) [E:\vs\Projects\PlatformIndependentNuGetPackages\SunamoHtml\SunamoHtml\SunamoHtml.csproj::TargetFramework=net9.0]
E:\vs\Projects\PlatformIndependentNuGetPackages\SunamoHtml\SunamoHtml\Html\HtmlHelperShared1.cs(142,59): warning CA1002: Change 'List<HtmlNode>' in 'HtmlHelper.TrimTexts(List<HtmlNode>)' to use 'Collection<T>', 'ReadOnlyCollection<T>' or 'KeyedCollection<K,V>' (https://learn.microsoft.com/dotnet/fundamentals/code-analysis/quality-rules/ca1002) [E:\vs\Projects\PlatformIndependentNuGetPackages\SunamoHtml\SunamoHtml\SunamoHtml.csproj::TargetFramework=net9.0]
E:\vs\Projects\PlatformIndependentNuGetPackages\SunamoHtml\SunamoHtml\Html\HtmlHelperShared1.cs(75,37): warning CA1062: In externally visible method 'List<HtmlNode> HtmlHelper.ReturnTagsRek(HtmlNode htmlNode, string tagName)', validate parameter 'htmlNode' is non-null before using it. If appropriate, throw an 'ArgumentNullException' when the argument is 'null'. (https://learn.microsoft.com/dotnet/fundamentals/code-analysis/quality-rules/ca1062) [E:\vs\Projects\PlatformIndependentNuGetPackages\SunamoHtml\SunamoHtml\SunamoHtml.csproj::TargetFramework=net9.0]
E:\vs\Projects\PlatformIndependentNuGetPackages\SunamoHtml\SunamoHtml\Generators\HtmlGenerator21.cs(205,84): warning CA1002: Change 'List<string>' in 'HtmlGenerator2.GetRadioButtonsWoCheckDuplicate(string, List<string>, List<string>, string)' to use 'Collection<T>', 'ReadOnlyCollection<T>' or 'KeyedCollection<K,V>' (https://learn.microsoft.com/dotnet/fundamentals/code-analysis/quality-rules/ca1002) [E:\vs\Projects\PlatformIndependentNuGetPackages\SunamoHtml\SunamoHtml\SunamoHtml.csproj::TargetFramework=net9.0]
E:\vs\Projects\PlatformIndependentNuGetPackages\SunamoHtml\SunamoHtml\Generators\HtmlGenerator21.cs(205,102): warning CA1002: Change 'List<string>' in 'HtmlGenerator2.GetRadioButtonsWoCheckDuplicate(string, List<string>, List<string>, string)' to use 'Collection<T>', 'ReadOnlyCollection<T>' or 'KeyedCollection<K,V>' (https://learn.microsoft.com/dotnet/fundamentals/code-analysis/quality-rules/ca1002) [E:\vs\Projects\PlatformIndependentNuGetPackages\SunamoHtml\SunamoHtml\SunamoHtml.csproj::TargetFramework=net9.0]
E:\vs\Projects\PlatformIndependentNuGetPackages\SunamoHtml\SunamoHtml\Html\HtmlHelperShared1.cs(154,34): warning CA1002: Change 'List<HtmlNode>' in 'HtmlHelper.TrimTexts(List<HtmlNode>, bool, [bool])' to use 'Collection<T>', 'ReadOnlyCollection<T>' or 'KeyedCollection<K,V>' (https://learn.microsoft.com/dotnet/fundamentals/code-analysis/quality-rules/ca1002) [E:\vs\Projects\PlatformIndependentNuGetPackages\SunamoHtml\SunamoHtml\SunamoHtml.csproj::TargetFramework=net9.0]
E:\vs\Projects\PlatformIndependentNuGetPackages\SunamoHtml\SunamoHtml\Html\HtmlHelperShared1.cs(154,59): warning CA1002: Change 'List<HtmlNode>' in 'HtmlHelper.TrimTexts(List<HtmlNode>, bool, [bool])' to use 'Collection<T>', 'ReadOnlyCollection<T>' or 'KeyedCollection<K,V>' (https://learn.microsoft.com/dotnet/fundamentals/code-analysis/quality-rules/ca1002) [E:\vs\Projects\PlatformIndependentNuGetPackages\SunamoHtml\SunamoHtml\SunamoHtml.csproj::TargetFramework=net9.0]
E:\vs\Projects\PlatformIndependentNuGetPackages\SunamoHtml\SunamoHtml\HtmlAgilityHelper.cs(347,34): warning CA1002: Change 'List<HtmlNode>' in 'HtmlAgilityHelper.TrimTexts(List<HtmlNode>)' to use 'Collection<T>', 'ReadOnlyCollection<T>' or 'KeyedCollection<K,V>' (https://learn.microsoft.com/dotnet/fundamentals/code-analysis/quality-rules/ca1002) [E:\vs\Projects\PlatformIndependentNuGetPackages\SunamoHtml\SunamoHtml\SunamoHtml.csproj::TargetFramework=net9.0]
E:\vs\Projects\PlatformIndependentNuGetPackages\SunamoHtml\SunamoHtml\HtmlAgilityHelper.cs(347,59): warning CA1002: Change 'List<HtmlNode>' in 'HtmlAgilityHelper.TrimTexts(List<HtmlNode>)' to use 'Collection<T>', 'ReadOnlyCollection<T>' or 'KeyedCollection<K,V>' (https://learn.microsoft.com/dotnet/fundamentals/code-analysis/quality-rules/ca1002) [E:\vs\Projects\PlatformIndependentNuGetPackages\SunamoHtml\SunamoHtml\SunamoHtml.csproj::TargetFramework=net9.0]
E:\vs\Projects\PlatformIndependentNuGetPackages\SunamoHtml\SunamoHtml\Generators\HtmlGenerator21.cs(187,29): warning CA1062: In externally visible method 'string HtmlGenerator2.GetRadioButtonsWoCheckDuplicate(string name, List<string> ids, List<string> labels)', validate parameter 'ids' is non-null before using it. If appropriate, throw an 'ArgumentNullException' when the argument is 'null'. (https://learn.microsoft.com/dotnet/fundamentals/code-analysis/quality-rules/ca1062) [E:\vs\Projects\PlatformIndependentNuGetPackages\SunamoHtml\SunamoHtml\SunamoHtml.csproj::TargetFramework=net9.0]
E:\vs\Projects\PlatformIndependentNuGetPackages\SunamoHtml\SunamoHtml\Generators\HtmlGenerator21.cs(190,32): warning CA1062: In externally visible method 'string HtmlGenerator2.GetRadioButtonsWoCheckDuplicate(string name, List<string> ids, List<string> labels)', validate parameter 'labels' is non-null before using it. If appropriate, throw an 'ArgumentNullException' when the argument is 'null'. (https://learn.microsoft.com/dotnet/fundamentals/code-analysis/quality-rules/ca1062) [E:\vs\Projects\PlatformIndependentNuGetPackages\SunamoHtml\SunamoHtml\SunamoHtml.csproj::TargetFramework=net9.0]
E:\vs\Projects\PlatformIndependentNuGetPackages\SunamoHtml\SunamoHtml\Html\HtmlHelperShared1.cs(109,45): warning CA1062: In externally visible method 'List<HtmlNode> HtmlHelper.ReturnTagsWithAttrRek(HtmlNode htmlNode, string tagName, string attributeName, string attributeValue)', validate parameter 'htmlNode' is non-null before using it. If appropriate, throw an 'ArgumentNullException' when the argument is 'null'. (https://learn.microsoft.com/dotnet/fundamentals/code-analysis/quality-rules/ca1062) [E:\vs\Projects\PlatformIndependentNuGetPackages\SunamoHtml\SunamoHtml\SunamoHtml.csproj::TargetFramework=net9.0]
E:\vs\Projects\PlatformIndependentNuGetPackages\SunamoHtml\SunamoHtml\HtmlAgilityHelper.cs(300,30): warning CA1062: In externally visible method 'List<HtmlNode> HtmlAgilityHelper.TrimTexts(HtmlNodeCollection htmlNodeCollection)', validate parameter 'htmlNodeCollection' is non-null before using it. If appropriate, throw an 'ArgumentNullException' when the argument is 'null'. (https://learn.microsoft.com/dotnet/fundamentals/code-analysis/quality-rules/ca1062) [E:\vs\Projects\PlatformIndependentNuGetPackages\SunamoHtml\SunamoHtml\SunamoHtml.csproj::TargetFramework=net9.0]
E:\vs\Projects\PlatformIndependentNuGetPackages\SunamoHtml\SunamoHtml\Html\HtmlHelperShared1.cs(156,52): warning CA1062: In externally visible method 'List<HtmlNode> HtmlHelper.TrimTexts(List<HtmlNode> nodes, bool isRemoveTextNodes, bool isRemoveComments = false)', validate parameter 'nodes' is non-null before using it. If appropriate, throw an 'ArgumentNullException' when the argument is 'null'. (https://learn.microsoft.com/dotnet/fundamentals/code-analysis/quality-rules/ca1062) [E:\vs\Projects\PlatformIndependentNuGetPackages\SunamoHtml\SunamoHtml\SunamoHtml.csproj::TargetFramework=net9.0]
E:\vs\Projects\PlatformIndependentNuGetPackages\SunamoHtml\SunamoHtml\Generators\HtmlGenerator21.cs(208,29): warning CA1062: In externally visible method 'string HtmlGenerator2.GetRadioButtonsWoCheckDuplicate(string name, List<string> ids, List<string> labels, string eventHandlerSelected)', validate parameter 'ids' is non-null before using it. If appropriate, throw an 'ArgumentNullException' when the argument is 'null'. (https://learn.microsoft.com/dotnet/fundamentals/code-analysis/quality-rules/ca1062) [E:\vs\Projects\PlatformIndependentNuGetPackages\SunamoHtml\SunamoHtml\SunamoHtml.csproj::TargetFramework=net9.0]
E:\vs\Projects\PlatformIndependentNuGetPackages\SunamoHtml\SunamoHtml\Generators\HtmlGenerator21.cs(211,32): warning CA1062: In externally visible method 'string HtmlGenerator2.GetRadioButtonsWoCheckDuplicate(string name, List<string> ids, List<string> labels, string eventHandlerSelected)', validate parameter 'labels' is non-null before using it. If appropriate, throw an 'ArgumentNullException' when the argument is 'null'. (https://learn.microsoft.com/dotnet/fundamentals/code-analysis/quality-rules/ca1062) [E:\vs\Projects\PlatformIndependentNuGetPackages\SunamoHtml\SunamoHtml\SunamoHtml.csproj::TargetFramework=net9.0]
E:\vs\Projects\PlatformIndependentNuGetPackages\SunamoHtml\SunamoHtml\HtmlAgilityHelper.cs(349,34): warning CA1062: In externally visible method 'List<HtmlNode> HtmlAgilityHelper.TrimTexts(List<HtmlNode> nodes)', validate parameter 'nodes' is non-null before using it. If appropriate, throw an 'ArgumentNullException' when the argument is 'null'. (https://learn.microsoft.com/dotnet/fundamentals/code-analysis/quality-rules/ca1062) [E:\vs\Projects\PlatformIndependentNuGetPackages\SunamoHtml\SunamoHtml\SunamoHtml.csproj::TargetFramework=net9.0]
E:\vs\Projects\PlatformIndependentNuGetPackages\SunamoHtml\SunamoHtml\Html\HtmlHelperText.cs(339,57): warning CA1002: Change 'List<string>' in 'HtmlHelperText.ConvertTextToHtml(List<string>)' to use 'Collection<T>', 'ReadOnlyCollection<T>' or 'KeyedCollection<K,V>' (https://learn.microsoft.com/dotnet/fundamentals/code-analysis/quality-rules/ca1002) [E:\vs\Projects\PlatformIndependentNuGetPackages\SunamoHtml\SunamoHtml\SunamoHtml.csproj::TargetFramework=net9.0]
E:\vs\Projects\PlatformIndependentNuGetPackages\SunamoHtml\SunamoHtml\Html\HtmlHelperText.cs(374,31): warning CA1866: Use 'string.StartsWith(char)' instead of 'string.StartsWith(string)' when you have a string with a single char (https://learn.microsoft.com/dotnet/fundamentals/code-analysis/quality-rules/ca1866) [E:\vs\Projects\PlatformIndependentNuGetPackages\SunamoHtml\SunamoHtml\SunamoHtml.csproj::TargetFramework=net9.0]
E:\vs\Projects\PlatformIndependentNuGetPackages\SunamoHtml\SunamoHtml\Html\HtmlHelperText.cs(370,41): warning CA1311: Specify a culture or use an invariant version to avoid implicit dependency on current culture (https://learn.microsoft.com/dotnet/fundamentals/code-analysis/quality-rules/ca1311) [E:\vs\Projects\PlatformIndependentNuGetPackages\SunamoHtml\SunamoHtml\SunamoHtml.csproj::TargetFramework=net9.0]
E:\vs\Projects\PlatformIndependentNuGetPackages\SunamoHtml\SunamoHtml\Generators\HtmlGenerator21.cs(227,36): warning CA1062: In externally visible method 'string HtmlGenerator2.GetWordsForTagCloud(Dictionary<string, short> wordCount, string cssSelector)', validate parameter 'wordCount' is non-null before using it. If appropriate, throw an 'ArgumentNullException' when the argument is 'null'. (https://learn.microsoft.com/dotnet/fundamentals/code-analysis/quality-rules/ca1062) [E:\vs\Projects\PlatformIndependentNuGetPackages\SunamoHtml\SunamoHtml\SunamoHtml.csproj::TargetFramework=net9.0]
E:\vs\Projects\PlatformIndependentNuGetPackages\SunamoHtml\SunamoHtml\Html\HtmlHelperText.cs(348,18): warning CA1307: 'string.Replace(string, string?)' has a method overload that takes a 'StringComparison' parameter. Replace this call in 'SunamoHtml.Html.HtmlHelperText.ConvertTextToHtml(System.Collections.Generic.List<string>)' with a call to 'string.Replace(string, string?, System.StringComparison)' for clarity of intent. (https://learn.microsoft.com/dotnet/fundamentals/code-analysis/quality-rules/ca1307) [E:\vs\Projects\PlatformIndependentNuGetPackages\SunamoHtml\SunamoHtml\SunamoHtml.csproj::TargetFramework=net9.0]
E:\vs\Projects\PlatformIndependentNuGetPackages\SunamoHtml\SunamoHtml\Html\HtmlHelperText.cs(391,30): warning CA1847: Use 'string.Contains(char)' instead of 'string.Contains(string)' when searching for a single character (https://learn.microsoft.com/dotnet/fundamentals/code-analysis/quality-rules/ca1847) [E:\vs\Projects\PlatformIndependentNuGetPackages\SunamoHtml\SunamoHtml\SunamoHtml.csproj::TargetFramework=net9.0]
E:\vs\Projects\PlatformIndependentNuGetPackages\SunamoHtml\SunamoHtml\Html\HtmlHelperText.cs(370,23): warning CA1304: The behavior of 'string.ToLower()' could vary based on the current user's locale settings. Replace this call in 'HtmlHelperText.AddIntoParagraph(string)' with a call to 'string.ToLower(CultureInfo)'. (https://learn.microsoft.com/dotnet/fundamentals/code-analysis/quality-rules/ca1304) [E:\vs\Projects\PlatformIndependentNuGetPackages\SunamoHtml\SunamoHtml\SunamoHtml.csproj::TargetFramework=net9.0]
E:\vs\Projects\PlatformIndependentNuGetPackages\SunamoHtml\SunamoHtml\Html\HtmlHelperText.cs(391,13): warning CA1307: 'string.Contains(string)' has a method overload that takes a 'StringComparison' parameter. Replace this call in 'SunamoHtml.Html.HtmlHelperText.GetFirstTag(string)' with a call to 'string.Contains(string, System.StringComparison)' for clarity of intent. (https://learn.microsoft.com/dotnet/fundamentals/code-analysis/quality-rules/ca1307) [E:\vs\Projects\PlatformIndependentNuGetPackages\SunamoHtml\SunamoHtml\SunamoHtml.csproj::TargetFramework=net9.0]
E:\vs\Projects\PlatformIndependentNuGetPackages\SunamoHtml\SunamoHtml\Html\HtmlHelperText.cs(362,13): warning CA1307: 'string.Contains(string)' has a method overload that takes a 'StringComparison' parameter. Replace this call in 'SunamoHtml.Html.HtmlHelperText.AddIntoParagraph(string)' with a call to 'string.Contains(string, System.StringComparison)' for clarity of intent. (https://learn.microsoft.com/dotnet/fundamentals/code-analysis/quality-rules/ca1307) [E:\vs\Projects\PlatformIndependentNuGetPackages\SunamoHtml\SunamoHtml\SunamoHtml.csproj::TargetFramework=net9.0]
E:\vs\Projects\PlatformIndependentNuGetPackages\SunamoHtml\SunamoHtml\Html\HtmlHelperText.cs(365,20): warning CA1307: 'string.Replace(string, string?)' has a method overload that takes a 'StringComparison' parameter. Replace this call in 'SunamoHtml.Html.HtmlHelperText.AddIntoParagraph(string)' with a call to 'string.Replace(string, string?, System.StringComparison)' for clarity of intent. (https://learn.microsoft.com/dotnet/fundamentals/code-analysis/quality-rules/ca1307) [E:\vs\Projects\PlatformIndependentNuGetPackages\SunamoHtml\SunamoHtml\SunamoHtml.csproj::TargetFramework=net9.0]
E:\vs\Projects\PlatformIndependentNuGetPackages\SunamoHtml\SunamoHtml\Html\HtmlHelperText.cs(374,17): warning CA1310: The behavior of 'string.StartsWith(string)' could vary based on the current user's locale settings. Replace this call in 'SunamoHtml.Html.HtmlHelperText.AddIntoParagraph(string)' with a call to 'string.StartsWith(string, System.StringComparison)'. (https://learn.microsoft.com/dotnet/fundamentals/code-analysis/quality-rules/ca1310) [E:\vs\Projects\PlatformIndependentNuGetPackages\SunamoHtml\SunamoHtml\SunamoHtml.csproj::TargetFramework=net9.0]
E:\vs\Projects\PlatformIndependentNuGetPackages\SunamoHtml\SunamoHtml\_public\SunamoXml\Generators\XmlGeneratorHtml.cs(269,18): warning CA1822: Member 'IsNulledOrEmpty' does not access instance data and can be marked as static (https://learn.microsoft.com/dotnet/fundamentals/code-analysis/quality-rules/ca1822) [E:\vs\Projects\PlatformIndependentNuGetPackages\SunamoHtml\SunamoHtml\SunamoHtml.csproj::TargetFramework=net9.0]
E:\vs\Projects\PlatformIndependentNuGetPackages\SunamoHtml\SunamoHtml\Generators\HtmlGenerator21.cs(255,194): warning CA1305: The behavior of 'short.ToString()' could vary based on the current user's locale settings. Replace this call in 'HtmlGenerator2.GetWordsForTagCloud(Dictionary<string, short>, string, string)' with a call to 'short.ToString(IFormatProvider)'. (https://learn.microsoft.com/dotnet/fundamentals/code-analysis/quality-rules/ca1305) [E:\vs\Projects\PlatformIndependentNuGetPackages\SunamoHtml\SunamoHtml\SunamoHtml.csproj::TargetFramework=net9.0]
E:\vs\Projects\PlatformIndependentNuGetPackages\SunamoHtml\SunamoHtml\Generators\HtmlGenerator21.cs(254,33): warning CA1307: 'string.Replace(string, string?)' has a method overload that takes a 'StringComparison' parameter. Replace this call in 'SunamoHtml.Generators.HtmlGenerator2.GetWordsForTagCloud(System.Collections.Generic.Dictionary<string, short>, string, string)' with a call to 'string.Replace(string, string?, System.StringComparison)' for clarity of intent. (https://learn.microsoft.com/dotnet/fundamentals/code-analysis/quality-rules/ca1307) [E:\vs\Projects\PlatformIndependentNuGetPackages\SunamoHtml\SunamoHtml\SunamoHtml.csproj::TargetFramework=net9.0]
E:\vs\Projects\PlatformIndependentNuGetPackages\SunamoHtml\SunamoHtml\Html\HtmlHelperShared1.cs(123,50): warning CA1062: In externally visible method 'List<HtmlNode> HtmlHelper.ReturnAllTags(HtmlNode htmlNode, params string[] tagNames)', validate parameter 'tagNames' is non-null before using it. If appropriate, throw an 'ArgumentNullException' when the argument is 'null'. (https://learn.microsoft.com/dotnet/fundamentals/code-analysis/quality-rules/ca1062) [E:\vs\Projects\PlatformIndependentNuGetPackages\SunamoHtml\SunamoHtml\SunamoHtml.csproj::TargetFramework=net9.0]
E:\vs\Projects\PlatformIndependentNuGetPackages\SunamoHtml\SunamoHtml\Html\HtmlHelperShared1.cs(123,40): warning CA1062: In externally visible method 'List<HtmlNode> HtmlHelper.ReturnAllTags(HtmlNode htmlNode, params string[] tagNames)', validate parameter 'htmlNode' is non-null before using it. If appropriate, throw an 'ArgumentNullException' when the argument is 'null'. (https://learn.microsoft.com/dotnet/fundamentals/code-analysis/quality-rules/ca1062) [E:\vs\Projects\PlatformIndependentNuGetPackages\SunamoHtml\SunamoHtml\SunamoHtml.csproj::TargetFramework=net9.0]
E:\vs\Projects\PlatformIndependentNuGetPackages\SunamoHtml\SunamoHtml\Html\HtmlHelperShared1.cs(276,24): warning CA1307: 'string.Contains(string)' has a method overload that takes a 'StringComparison' parameter. Replace this call in 'SunamoHtml.Html.HtmlHelper.HasTagAttr(HtmlAgilityPack.HtmlNode, string, string, bool)' with a call to 'string.Contains(string, System.StringComparison)' for clarity of intent. (https://learn.microsoft.com/dotnet/fundamentals/code-analysis/quality-rules/ca1307) [E:\vs\Projects\PlatformIndependentNuGetPackages\SunamoHtml\SunamoHtml\SunamoHtml.csproj::TargetFramework=net9.0]
E:\vs\Projects\PlatformIndependentNuGetPackages\SunamoHtml\SunamoHtml\Generators\HtmlGenerator21.cs(239,36): warning CA1062: In externally visible method 'string HtmlGenerator2.GetWordsForTagCloudManageTags(Dictionary<string, short> wordCount, string cssSelector)', validate parameter 'wordCount' is non-null before using it. If appropriate, throw an 'ArgumentNullException' when the argument is 'null'. (https://learn.microsoft.com/dotnet/fundamentals/code-analysis/quality-rules/ca1062) [E:\vs\Projects\PlatformIndependentNuGetPackages\SunamoHtml\SunamoHtml\SunamoHtml.csproj::TargetFramework=net9.0]
E:\vs\Projects\PlatformIndependentNuGetPackages\SunamoHtml\SunamoHtml\Generators\HtmlGenerator21.cs(320,16): warning CA1307: 'string.Replace(string, string?)' has a method overload that takes a 'StringComparison' parameter. Replace this call in 'SunamoHtml.Generators.HtmlGenerator2.ShortForLettersCount(string, int)' with a call to 'string.Replace(string, string?, System.StringComparison)' for clarity of intent. (https://learn.microsoft.com/dotnet/fundamentals/code-analysis/quality-rules/ca1307) [E:\vs\Projects\PlatformIndependentNuGetPackages\SunamoHtml\SunamoHtml\SunamoHtml.csproj::TargetFramework=net9.0]
E:\vs\Projects\PlatformIndependentNuGetPackages\SunamoHtml\SunamoHtml\Generators\HtmlGenerator21.cs(282,13): warning CA1820: Test for empty strings using 'string.Length' property or 'string.IsNullOrEmpty' method instead of an Equality check (https://learn.microsoft.com/dotnet/fundamentals/code-analysis/quality-rules/ca1820) [E:\vs\Projects\PlatformIndependentNuGetPackages\SunamoHtml\SunamoHtml\SunamoHtml.csproj::TargetFramework=net9.0]
E:\vs\Projects\PlatformIndependentNuGetPackages\SunamoHtml\SunamoHtml\Generators\HtmlGenerator22.cs(16,118): warning CA1002: Change 'List<string>' in 'HtmlGenerator2.GetForCheckBoxListWoCheckDuplicate(string, string, List<string>, List<string>)' to use 'Collection<T>', 'ReadOnlyCollection<T>' or 'KeyedCollection<K,V>' (https://learn.microsoft.com/dotnet/fundamentals/code-analysis/quality-rules/ca1002) [E:\vs\Projects\PlatformIndependentNuGetPackages\SunamoHtml\SunamoHtml\SunamoHtml.csproj::TargetFramework=net9.0]
E:\vs\Projects\PlatformIndependentNuGetPackages\SunamoHtml\SunamoHtml\Generators\HtmlGenerator22.cs(16,145): warning CA1002: Change 'List<string>' in 'HtmlGenerator2.GetForCheckBoxListWoCheckDuplicate(string, string, List<string>, List<string>)' to use 'Collection<T>', 'ReadOnlyCollection<T>' or 'KeyedCollection<K,V>' (https://learn.microsoft.com/dotnet/fundamentals/code-analysis/quality-rules/ca1002) [E:\vs\Projects\PlatformIndependentNuGetPackages\SunamoHtml\SunamoHtml\SunamoHtml.csproj::TargetFramework=net9.0]
E:\vs\Projects\PlatformIndependentNuGetPackages\SunamoHtml\SunamoHtml\Generators\HtmlGenerator22.cs(20,19): warning CA2201: Exception type System.Exception is not sufficiently specific (https://learn.microsoft.com/dotnet/fundamentals/code-analysis/quality-rules/ca2201) [E:\vs\Projects\PlatformIndependentNuGetPackages\SunamoHtml\SunamoHtml\SunamoHtml.csproj::TargetFramework=net9.0]
E:\vs\Projects\PlatformIndependentNuGetPackages\SunamoHtml\SunamoHtml\Html\HtmlHelperShared2.cs(26,68): warning CA1002: Change 'List<HtmlNode>' in 'HtmlHelper.DeleteAttributesFromAllNodes(List<HtmlNode>)' to use 'Collection<T>', 'ReadOnlyCollection<T>' or 'KeyedCollection<K,V>' (https://learn.microsoft.com/dotnet/fundamentals/code-analysis/quality-rules/ca1002) [E:\vs\Projects\PlatformIndependentNuGetPackages\SunamoHtml\SunamoHtml\SunamoHtml.csproj::TargetFramework=net9.0]
E:\vs\Projects\PlatformIndependentNuGetPackages\SunamoHtml\SunamoHtml\Html\HtmlHelperShared2.cs(19,123): warning CA1307: 'string.Replace(string, string?)' has a method overload that takes a 'StringComparison' parameter. Replace this call in 'SunamoHtml.Html.HtmlHelper.ToXmlFinal(string)' with a call to 'string.Replace(string, string?, System.StringComparison)' for clarity of intent. (https://learn.microsoft.com/dotnet/fundamentals/code-analysis/quality-rules/ca1307) [E:\vs\Projects\PlatformIndependentNuGetPackages\SunamoHtml\SunamoHtml\SunamoHtml.csproj::TargetFramework=net9.0]
E:\vs\Projects\PlatformIndependentNuGetPackages\SunamoHtml\SunamoHtml\Html\HtmlHelperShared2.cs(19,123): warning CA1307: 'string.Replace(string, string?)' has a method overload that takes a 'StringComparison' parameter. Replace this call in 'SunamoHtml.Html.HtmlHelper.ToXmlFinal(string)' with a call to 'string.Replace(string, string?, System.StringComparison)' for clarity of intent. (https://learn.microsoft.com/dotnet/fundamentals/code-analysis/quality-rules/ca1307) [E:\vs\Projects\PlatformIndependentNuGetPackages\SunamoHtml\SunamoHtml\SunamoHtml.csproj::TargetFramework=net9.0]
E:\vs\Projects\PlatformIndependentNuGetPackages\SunamoHtml\SunamoHtml\Html\HtmlHelperShared2.cs(19,123): warning CA1307: 'string.Replace(string, string?)' has a method overload that takes a 'StringComparison' parameter. Replace this call in 'SunamoHtml.Html.HtmlHelper.ToXmlFinal(string)' with a call to 'string.Replace(string, string?, System.StringComparison)' for clarity of intent. (https://learn.microsoft.com/dotnet/fundamentals/code-analysis/quality-rules/ca1307) [E:\vs\Projects\PlatformIndependentNuGetPackages\SunamoHtml\SunamoHtml\SunamoHtml.csproj::TargetFramework=net9.0]
E:\vs\Projects\PlatformIndependentNuGetPackages\SunamoHtml\SunamoHtml\Html\HtmlHelperShared1.cs(292,30): warning CA1062: In externally visible method 'HtmlNode HtmlHelper.ReturnTag(HtmlNode htmlNode, string tagName)', validate parameter 'htmlNode' is non-null before using it. If appropriate, throw an 'ArgumentNullException' when the argument is 'null'. (https://learn.microsoft.com/dotnet/fundamentals/code-analysis/quality-rules/ca1062) [E:\vs\Projects\PlatformIndependentNuGetPackages\SunamoHtml\SunamoHtml\SunamoHtml.csproj::TargetFramework=net9.0]
E:\vs\Projects\PlatformIndependentNuGetPackages\SunamoHtml\SunamoHtml\HtmlAgilityHelper1.cs(44,34): warning CA1002: Change 'List<HtmlNode>' in 'HtmlAgilityHelper.TrimComments(List<HtmlNode>)' to use 'Collection<T>', 'ReadOnlyCollection<T>' or 'KeyedCollection<K,V>' (https://learn.microsoft.com/dotnet/fundamentals/code-analysis/quality-rules/ca1002) [E:\vs\Projects\PlatformIndependentNuGetPackages\SunamoHtml\SunamoHtml\SunamoHtml.csproj::TargetFramework=net9.0]
E:\vs\Projects\PlatformIndependentNuGetPackages\SunamoHtml\SunamoHtml\HtmlAgilityHelper1.cs(44,62): warning CA1002: Change 'List<HtmlNode>' in 'HtmlAgilityHelper.TrimComments(List<HtmlNode>)' to use 'Collection<T>', 'ReadOnlyCollection<T>' or 'KeyedCollection<K,V>' (https://learn.microsoft.com/dotnet/fundamentals/code-analysis/quality-rules/ca1002) [E:\vs\Projects\PlatformIndependentNuGetPackages\SunamoHtml\SunamoHtml\SunamoHtml.csproj::TargetFramework=net9.0]
E:\vs\Projects\PlatformIndependentNuGetPackages\SunamoHtml\SunamoHtml\Generators\HtmlGenerator21.cs(320,16): warning CA1062: In externally visible method 'string HtmlGenerator2.ShortForLettersCount(string text, int maxLength)', validate parameter 'text' is non-null before using it. If appropriate, throw an 'ArgumentNullException' when the argument is 'null'. (https://learn.microsoft.com/dotnet/fundamentals/code-analysis/quality-rules/ca1062) [E:\vs\Projects\PlatformIndependentNuGetPackages\SunamoHtml\SunamoHtml\SunamoHtml.csproj::TargetFramework=net9.0]
E:\vs\Projects\PlatformIndependentNuGetPackages\SunamoHtml\SunamoHtml\Generators\HtmlGenerator22.cs(42,9): warning CA1062: In externally visible method 'string HtmlGenerator2.HtmlGeneratorToString(Action<HtmlGenerator> action)', validate parameter 'action' is non-null before using it. If appropriate, throw an 'ArgumentNullException' when the argument is 'null'. (https://learn.microsoft.com/dotnet/fundamentals/code-analysis/quality-rules/ca1062) [E:\vs\Projects\PlatformIndependentNuGetPackages\SunamoHtml\SunamoHtml\SunamoHtml.csproj::TargetFramework=net9.0]
E:\vs\Projects\PlatformIndependentNuGetPackages\SunamoHtml\SunamoHtml\Html\HtmlHelperShared2.cs(28,30): warning CA1062: In externally visible method 'void HtmlHelper.DeleteAttributesFromAllNodes(List<HtmlNode> nodes)', validate parameter 'nodes' is non-null before using it. If appropriate, throw an 'ArgumentNullException' when the argument is 'null'. (https://learn.microsoft.com/dotnet/fundamentals/code-analysis/quality-rules/ca1062) [E:\vs\Projects\PlatformIndependentNuGetPackages\SunamoHtml\SunamoHtml\SunamoHtml.csproj::TargetFramework=net9.0]
E:\vs\Projects\PlatformIndependentNuGetPackages\SunamoHtml\SunamoHtml\HtmlAgilityHelper1.cs(57,31): warning CA1307: 'string.Contains(string)' has a method overload that takes a 'StringComparison' parameter. Replace this call in 'SunamoHtml.HtmlAgilityHelper.TrimComments(System.Collections.Generic.List<HtmlAgilityPack.HtmlNode>)' with a call to 'string.Contains(string, System.StringComparison)' for clarity of intent. (https://learn.microsoft.com/dotnet/fundamentals/code-analysis/quality-rules/ca1307) [E:\vs\Projects\PlatformIndependentNuGetPackages\SunamoHtml\SunamoHtml\SunamoHtml.csproj::TargetFramework=net9.0]
E:\vs\Projects\PlatformIndependentNuGetPackages\SunamoHtml\SunamoHtml\Generators\HtmlGenerator22.cs(89,55): warning CA1054: Change the type of parameter 'uri' of method 'HtmlGenerator2.AnchorWithCustomLabel(string, string)' from 'string' to 'System.Uri', or provide an overload to 'HtmlGenerator2.AnchorWithCustomLabel(string, string)' that allows 'uri' to be passed as a 'System.Uri' object (https://learn.microsoft.com/dotnet/fundamentals/code-analysis/quality-rules/ca1054) [E:\vs\Projects\PlatformIndependentNuGetPackages\SunamoHtml\SunamoHtml\SunamoHtml.csproj::TargetFramework=net9.0]
E:\vs\Projects\PlatformIndependentNuGetPackages\SunamoHtml\SunamoHtml\HtmlAgilityHelper1.cs(58,33): warning CA1307: 'string.Contains(string)' has a method overload that takes a 'StringComparison' parameter. Replace this call in 'SunamoHtml.HtmlAgilityHelper.TrimComments(System.Collections.Generic.List<HtmlAgilityPack.HtmlNode>)' with a call to 'string.Contains(string, System.StringComparison)' for clarity of intent. (https://learn.microsoft.com/dotnet/fundamentals/code-analysis/quality-rules/ca1307) [E:\vs\Projects\PlatformIndependentNuGetPackages\SunamoHtml\SunamoHtml\SunamoHtml.csproj::TargetFramework=net9.0]
E:\vs\Projects\PlatformIndependentNuGetPackages\SunamoHtml\SunamoHtml\HtmlAgilityHelper1.cs(67,35): warning CA1307: 'string.Contains(string)' has a method overload that takes a 'StringComparison' parameter. Replace this call in 'SunamoHtml.HtmlAgilityHelper.TrimComments(System.Collections.Generic.List<HtmlAgilityPack.HtmlNode>)' with a call to 'string.Contains(string, System.StringComparison)' for clarity of intent. (https://learn.microsoft.com/dotnet/fundamentals/code-analysis/quality-rules/ca1307) [E:\vs\Projects\PlatformIndependentNuGetPackages\SunamoHtml\SunamoHtml\SunamoHtml.csproj::TargetFramework=net9.0]
E:\vs\Projects\PlatformIndependentNuGetPackages\SunamoHtml\SunamoHtml\HtmlAgilityHelper1.cs(68,37): warning CA1307: 'string.Contains(string)' has a method overload that takes a 'StringComparison' parameter. Replace this call in 'SunamoHtml.HtmlAgilityHelper.TrimComments(System.Collections.Generic.List<HtmlAgilityPack.HtmlNode>)' with a call to 'string.Contains(string, System.StringComparison)' for clarity of intent. (https://learn.microsoft.com/dotnet/fundamentals/code-analysis/quality-rules/ca1307) [E:\vs\Projects\PlatformIndependentNuGetPackages\SunamoHtml\SunamoHtml\SunamoHtml.csproj::TargetFramework=net9.0]
E:\vs\Projects\PlatformIndependentNuGetPackages\SunamoHtml\SunamoHtml\HtmlAgilityHelper1.cs(75,21): warning CA1310: The behavior of 'string.StartsWith(string)' could vary based on the current user's locale settings. Replace this call in 'SunamoHtml.HtmlAgilityHelper.TrimComments(System.Collections.Generic.List<HtmlAgilityPack.HtmlNode>)' with a call to 'string.StartsWith(string, System.StringComparison)'. (https://learn.microsoft.com/dotnet/fundamentals/code-analysis/quality-rules/ca1310) [E:\vs\Projects\PlatformIndependentNuGetPackages\SunamoHtml\SunamoHtml\SunamoHtml.csproj::TargetFramework=net9.0]
E:\vs\Projects\PlatformIndependentNuGetPackages\SunamoHtml\SunamoHtml\HtmlAgilityHelper1.cs(65,21): warning CA1820: Test for empty strings using 'string.Length' property or 'string.IsNullOrEmpty' method instead of an Equality check (https://learn.microsoft.com/dotnet/fundamentals/code-analysis/quality-rules/ca1820) [E:\vs\Projects\PlatformIndependentNuGetPackages\SunamoHtml\SunamoHtml\SunamoHtml.csproj::TargetFramework=net9.0]
E:\vs\Projects\PlatformIndependentNuGetPackages\SunamoHtml\SunamoHtml\HtmlAgilityHelper1.cs(79,43): warning CA1820: Test for empty strings using 'string.Length' property or 'string.IsNullOrEmpty' method instead of an Equality check (https://learn.microsoft.com/dotnet/fundamentals/code-analysis/quality-rules/ca1820) [E:\vs\Projects\PlatformIndependentNuGetPackages\SunamoHtml\SunamoHtml\SunamoHtml.csproj::TargetFramework=net9.0]
E:\vs\Projects\PlatformIndependentNuGetPackages\SunamoHtml\SunamoHtml\HtmlAgilityHelper1.cs(159,59): warning CA1002: Change 'List<HtmlNode>' in 'HtmlAgilityHelper.RecursiveReturnTags(List<HtmlNode>, HtmlNode, bool, bool, string)' to use 'Collection<T>', 'ReadOnlyCollection<T>' or 'KeyedCollection<K,V>' (https://learn.microsoft.com/dotnet/fundamentals/code-analysis/quality-rules/ca1002) [E:\vs\Projects\PlatformIndependentNuGetPackages\SunamoHtml\SunamoHtml\SunamoHtml.csproj::TargetFramework=net9.0]
E:\vs\Projects\PlatformIndependentNuGetPackages\SunamoHtml\SunamoHtml\Html\HtmlHelperShared1.cs(307,29): warning CA1062: In externally visible method 'void HtmlHelper.ReplaceChildNodeByOuterHtml(HtmlNode htmlNode, string oldOuterHtml, HtmlNode newNode)', validate parameter 'htmlNode' is non-null before using it. If appropriate, throw an 'ArgumentNullException' when the argument is 'null'. (https://learn.microsoft.com/dotnet/fundamentals/code-analysis/quality-rules/ca1062) [E:\vs\Projects\PlatformIndependentNuGetPackages\SunamoHtml\SunamoHtml\SunamoHtml.csproj::TargetFramework=net9.0]
E:\vs\Projects\PlatformIndependentNuGetPackages\SunamoHtml\SunamoHtml\HtmlAgilityHelper1.cs(186,34): warning CA1002: Change 'List<HtmlNode>' in 'HtmlAgilityHelper.Nodes(HtmlNode, bool, string)' to use 'Collection<T>', 'ReadOnlyCollection<T>' or 'KeyedCollection<K,V>' (https://learn.microsoft.com/dotnet/fundamentals/code-analysis/quality-rules/ca1002) [E:\vs\Projects\PlatformIndependentNuGetPackages\SunamoHtml\SunamoHtml\SunamoHtml.csproj::TargetFramework=net9.0]
E:\vs\Projects\PlatformIndependentNuGetPackages\SunamoHtml\SunamoHtml\HtmlAgilityHelper1.cs(188,19): warning CA1311: Specify a culture or use an invariant version to avoid implicit dependency on current culture (https://learn.microsoft.com/dotnet/fundamentals/code-analysis/quality-rules/ca1311) [E:\vs\Projects\PlatformIndependentNuGetPackages\SunamoHtml\SunamoHtml\SunamoHtml.csproj::TargetFramework=net9.0]
E:\vs\Projects\PlatformIndependentNuGetPackages\SunamoHtml\SunamoHtml\HtmlAgilityHelper1.cs(125,44): warning CA1307: 'string.Contains(string)' has a method overload that takes a 'StringComparison' parameter. Replace this call in 'SunamoHtml.HtmlAgilityHelper.HasTagAttr(HtmlAgilityPack.HtmlNode, string, string, bool, bool, bool)' with a call to 'string.Contains(string, System.StringComparison)' for clarity of intent. (https://learn.microsoft.com/dotnet/fundamentals/code-analysis/quality-rules/ca1307) [E:\vs\Projects\PlatformIndependentNuGetPackages\SunamoHtml\SunamoHtml\SunamoHtml.csproj::TargetFramework=net9.0]
E:\vs\Projects\PlatformIndependentNuGetPackages\SunamoHtml\SunamoHtml\HtmlAgilityHelper1.cs(132,26): warning CA1307: 'string.Contains(string)' has a method overload that takes a 'StringComparison' parameter. Replace this call in 'SunamoHtml.HtmlAgilityHelper.HasTagAttr(HtmlAgilityPack.HtmlNode, string, string, bool, bool, bool)' with a call to 'string.Contains(string, System.StringComparison)' for clarity of intent. (https://learn.microsoft.com/dotnet/fundamentals/code-analysis/quality-rules/ca1307) [E:\vs\Projects\PlatformIndependentNuGetPackages\SunamoHtml\SunamoHtml\SunamoHtml.csproj::TargetFramework=net9.0]
E:\vs\Projects\PlatformIndependentNuGetPackages\SunamoHtml\SunamoHtml\HtmlAgilityHelper1.cs(188,15): warning CA1304: The behavior of 'string.ToLower()' could vary based on the current user's locale settings. Replace this call in 'HtmlAgilityHelper.Nodes(HtmlNode, bool, string)' with a call to 'string.ToLower(CultureInfo)'. (https://learn.microsoft.com/dotnet/fundamentals/code-analysis/quality-rules/ca1304) [E:\vs\Projects\PlatformIndependentNuGetPackages\SunamoHtml\SunamoHtml\SunamoHtml.csproj::TargetFramework=net9.0]
E:\vs\Projects\PlatformIndependentNuGetPackages\SunamoHtml\SunamoHtml\Html\HtmlHelperShared2.cs(76,32): warning CA1002: Change 'List<string>' in 'HtmlHelper.StripAllTagsList(string)' to use 'Collection<T>', 'ReadOnlyCollection<T>' or 'KeyedCollection<K,V>' (https://learn.microsoft.com/dotnet/fundamentals/code-analysis/quality-rules/ca1002) [E:\vs\Projects\PlatformIndependentNuGetPackages\SunamoHtml\SunamoHtml\SunamoHtml.csproj::TargetFramework=net9.0]
E:\vs\Projects\PlatformIndependentNuGetPackages\SunamoHtml\SunamoHtml\Generators\HtmlGenerator22.cs(66,9): warning CA1062: In externally visible method 'void HtmlGenerator2.ButtonDelete(HtmlGenerator htmlGenerator, string text, string attributeName, string attributeValue)', validate parameter 'htmlGenerator' is non-null before using it. If appropriate, throw an 'ArgumentNullException' when the argument is 'null'. (https://learn.microsoft.com/dotnet/fundamentals/code-analysis/quality-rules/ca1062) [E:\vs\Projects\PlatformIndependentNuGetPackages\SunamoHtml\SunamoHtml\SunamoHtml.csproj::TargetFramework=net9.0]
E:\vs\Projects\PlatformIndependentNuGetPackages\SunamoHtml\SunamoHtml\Generators\HtmlGenerator22.cs(19,35): warning CA1062: In externally visible method 'string HtmlGenerator2.GetForCheckBoxListWoCheckDuplicate(string idClassCheckbox, string idClassSpan, List<string> idCheckBoxes, List<string> list)', validate parameter 'list' is non-null before using it. If appropriate, throw an 'ArgumentNullException' when the argument is 'null'. (https://learn.microsoft.com/dotnet/fundamentals/code-analysis/quality-rules/ca1062) [E:\vs\Projects\PlatformIndependentNuGetPackages\SunamoHtml\SunamoHtml\SunamoHtml.csproj::TargetFramework=net9.0]
E:\vs\Projects\PlatformIndependentNuGetPackages\SunamoHtml\SunamoHtml\Generators\HtmlGenerator22.cs(19,13): warning CA1062: In externally visible method 'string HtmlGenerator2.GetForCheckBoxListWoCheckDuplicate(string idClassCheckbox, string idClassSpan, List<string> idCheckBoxes, List<string> list)', validate parameter 'idCheckBoxes' is non-null before using it. If appropriate, throw an 'ArgumentNullException' when the argument is 'null'. (https://learn.microsoft.com/dotnet/fundamentals/code-analysis/quality-rules/ca1062) [E:\vs\Projects\PlatformIndependentNuGetPackages\SunamoHtml\SunamoHtml\SunamoHtml.csproj::TargetFramework=net9.0]
E:\vs\Projects\PlatformIndependentNuGetPackages\SunamoHtml\SunamoHtml\Generators\HtmlGenerator22.cs(100,54): warning CA1002: Change 'List<string>' in 'HtmlGenerator2.AllMonthsTable(List<string>, List<string>)' to use 'Collection<T>', 'ReadOnlyCollection<T>' or 'KeyedCollection<K,V>' (https://learn.microsoft.com/dotnet/fundamentals/code-analysis/quality-rules/ca1002) [E:\vs\Projects\PlatformIndependentNuGetPackages\SunamoHtml\SunamoHtml\SunamoHtml.csproj::TargetFramework=net9.0]
E:\vs\Projects\PlatformIndependentNuGetPackages\SunamoHtml\SunamoHtml\Generators\HtmlGenerator22.cs(100,86): warning CA1002: Change 'List<string>' in 'HtmlGenerator2.AllMonthsTable(List<string>, List<string>)' to use 'Collection<T>', 'ReadOnlyCollection<T>' or 'KeyedCollection<K,V>' (https://learn.microsoft.com/dotnet/fundamentals/code-analysis/quality-rules/ca1002) [E:\vs\Projects\PlatformIndependentNuGetPackages\SunamoHtml\SunamoHtml\SunamoHtml.csproj::TargetFramework=net9.0]
E:\vs\Projects\PlatformIndependentNuGetPackages\SunamoHtml\SunamoHtml\Generators\HtmlGenerator22.cs(103,19): warning CA2201: Exception type System.Exception is not sufficiently specific (https://learn.microsoft.com/dotnet/fundamentals/code-analysis/quality-rules/ca2201) [E:\vs\Projects\PlatformIndependentNuGetPackages\SunamoHtml\SunamoHtml\SunamoHtml.csproj::TargetFramework=net9.0]
E:\vs\Projects\PlatformIndependentNuGetPackages\SunamoHtml\SunamoHtml\Generators\HtmlGenerator22.cs(105,19): warning CA2201: Exception type System.Exception is not sufficiently specific (https://learn.microsoft.com/dotnet/fundamentals/code-analysis/quality-rules/ca2201) [E:\vs\Projects\PlatformIndependentNuGetPackages\SunamoHtml\SunamoHtml\SunamoHtml.csproj::TargetFramework=net9.0]
E:\vs\Projects\PlatformIndependentNuGetPackages\SunamoHtml\SunamoHtml\HtmlAgilityHelper1.cs(188,15): warning CA1062: In externally visible method 'List<HtmlNode> HtmlAgilityHelper.Nodes(HtmlNode node, bool isRecursive, string tag)', validate parameter 'tag' is non-null before using it. If appropriate, throw an 'ArgumentNullException' when the argument is 'null'. (https://learn.microsoft.com/dotnet/fundamentals/code-analysis/quality-rules/ca1062) [E:\vs\Projects\PlatformIndependentNuGetPackages\SunamoHtml\SunamoHtml\SunamoHtml.csproj::TargetFramework=net9.0]
E:\vs\Projects\PlatformIndependentNuGetPackages\SunamoHtml\SunamoHtml\Generators\HtmlGenerator22.cs(156,53): warning CA1002: Change 'List<string>' in 'HtmlGenerator2.AllYearsTable(List<string>, List<string>, List<string>)' to use 'Collection<T>', 'ReadOnlyCollection<T>' or 'KeyedCollection<K,V>' (https://learn.microsoft.com/dotnet/fundamentals/code-analysis/quality-rules/ca1002) [E:\vs\Projects\PlatformIndependentNuGetPackages\SunamoHtml\SunamoHtml\SunamoHtml.csproj::TargetFramework=net9.0]
E:\vs\Projects\PlatformIndependentNuGetPackages\SunamoHtml\SunamoHtml\Generators\HtmlGenerator22.cs(156,73): warning CA1002: Change 'List<string>' in 'HtmlGenerator2.AllYearsTable(List<string>, List<string>, List<string>)' to use 'Collection<T>', 'ReadOnlyCollection<T>' or 'KeyedCollection<K,V>' (https://learn.microsoft.com/dotnet/fundamentals/code-analysis/quality-rules/ca1002) [E:\vs\Projects\PlatformIndependentNuGetPackages\SunamoHtml\SunamoHtml\SunamoHtml.csproj::TargetFramework=net9.0]
E:\vs\Projects\PlatformIndependentNuGetPackages\SunamoHtml\SunamoHtml\Generators\HtmlGenerator22.cs(156,105): warning CA1002: Change 'List<string>' in 'HtmlGenerator2.AllYearsTable(List<string>, List<string>, List<string>)' to use 'Collection<T>', 'ReadOnlyCollection<T>' or 'KeyedCollection<K,V>' (https://learn.microsoft.com/dotnet/fundamentals/code-analysis/quality-rules/ca1002) [E:\vs\Projects\PlatformIndependentNuGetPackages\SunamoHtml\SunamoHtml\SunamoHtml.csproj::TargetFramework=net9.0]
E:\vs\Projects\PlatformIndependentNuGetPackages\SunamoHtml\SunamoHtml\Html\HtmlHelperShared2.cs(199,51): warning CA1311: Specify a culture or use an invariant version to avoid implicit dependency on current culture (https://learn.microsoft.com/dotnet/fundamentals/code-analysis/quality-rules/ca1311) [E:\vs\Projects\PlatformIndependentNuGetPackages\SunamoHtml\SunamoHtml\SunamoHtml.csproj::TargetFramework=net9.0]
E:\vs\Projects\PlatformIndependentNuGetPackages\SunamoHtml\SunamoHtml\Html\HtmlHelperShared2.cs(199,81): warning CA1311: Specify a culture or use an invariant version to avoid implicit dependency on current culture (https://learn.microsoft.com/dotnet/fundamentals/code-analysis/quality-rules/ca1311) [E:\vs\Projects\PlatformIndependentNuGetPackages\SunamoHtml\SunamoHtml\SunamoHtml.csproj::TargetFramework=net9.0]
E:\vs\Projects\PlatformIndependentNuGetPackages\SunamoHtml\SunamoHtml\Html\HtmlHelperShared2.cs(192,37): warning CA1847: Use 'string.Contains(char)' instead of 'string.Contains(string)' when searching for a single character (https://learn.microsoft.com/dotnet/fundamentals/code-analysis/quality-rules/ca1847) [E:\vs\Projects\PlatformIndependentNuGetPackages\SunamoHtml\SunamoHtml\SunamoHtml.csproj::TargetFramework=net9.0]
E:\vs\Projects\PlatformIndependentNuGetPackages\SunamoHtml\SunamoHtml\Html\HtmlHelperShared2.cs(196,35): warning CA1847: Use 'string.Contains(char)' instead of 'string.Contains(string)' when searching for a single character (https://learn.microsoft.com/dotnet/fundamentals/code-analysis/quality-rules/ca1847) [E:\vs\Projects\PlatformIndependentNuGetPackages\SunamoHtml\SunamoHtml\SunamoHtml.csproj::TargetFramework=net9.0]
E:\vs\Projects\PlatformIndependentNuGetPackages\SunamoHtml\SunamoHtml\Html\HtmlHelperShared2.cs(199,32): warning CA1304: The behavior of 'string.ToLower()' could vary based on the current user's locale settings. Replace this call in 'HtmlHelper.GetValuesOfStyle(HtmlNode)' with a call to 'string.ToLower(CultureInfo)'. (https://learn.microsoft.com/dotnet/fundamentals/code-analysis/quality-rules/ca1304) [E:\vs\Projects\PlatformIndependentNuGetPackages\SunamoHtml\SunamoHtml\SunamoHtml.csproj::TargetFramework=net9.0]
E:\vs\Projects\PlatformIndependentNuGetPackages\SunamoHtml\SunamoHtml\Html\HtmlHelperShared2.cs(199,62): warning CA1304: The behavior of 'string.ToLower()' could vary based on the current user's locale settings. Replace this call in 'HtmlHelper.GetValuesOfStyle(HtmlNode)' with a call to 'string.ToLower(CultureInfo)'. (https://learn.microsoft.com/dotnet/fundamentals/code-analysis/quality-rules/ca1304) [E:\vs\Projects\PlatformIndependentNuGetPackages\SunamoHtml\SunamoHtml\SunamoHtml.csproj::TargetFramework=net9.0]
E:\vs\Projects\PlatformIndependentNuGetPackages\SunamoHtml\SunamoHtml\Html\HtmlHelperShared2.cs(192,13): warning CA1307: 'string.Contains(string)' has a method overload that takes a 'StringComparison' parameter. Replace this call in 'SunamoHtml.Html.HtmlHelper.GetValuesOfStyle(HtmlAgilityPack.HtmlNode)' with a call to 'string.Contains(string, System.StringComparison)' for clarity of intent. (https://learn.microsoft.com/dotnet/fundamentals/code-analysis/quality-rules/ca1307) [E:\vs\Projects\PlatformIndependentNuGetPackages\SunamoHtml\SunamoHtml\SunamoHtml.csproj::TargetFramework=net9.0]
E:\vs\Projects\PlatformIndependentNuGetPackages\SunamoHtml\SunamoHtml\Html\HtmlHelperShared2.cs(196,21): warning CA1307: 'string.Contains(string)' has a method overload that takes a 'StringComparison' parameter. Replace this call in 'SunamoHtml.Html.HtmlHelper.GetValuesOfStyle(HtmlAgilityPack.HtmlNode)' with a call to 'string.Contains(string, System.StringComparison)' for clarity of intent. (https://learn.microsoft.com/dotnet/fundamentals/code-analysis/quality-rules/ca1307) [E:\vs\Projects\PlatformIndependentNuGetPackages\SunamoHtml\SunamoHtml\SunamoHtml.csproj::TargetFramework=net9.0]
E:\vs\Projects\PlatformIndependentNuGetPackages\SunamoHtml\SunamoHtml\Generators\HtmlGenerator22.cs(160,19): warning CA2201: Exception type System.Exception is not sufficiently specific (https://learn.microsoft.com/dotnet/fundamentals/code-analysis/quality-rules/ca2201) [E:\vs\Projects\PlatformIndependentNuGetPackages\SunamoHtml\SunamoHtml\SunamoHtml.csproj::TargetFramework=net9.0]
E:\vs\Projects\PlatformIndependentNuGetPackages\SunamoHtml\SunamoHtml\Generators\HtmlGenerator22.cs(162,19): warning CA2201: Exception type System.Exception is not sufficiently specific (https://learn.microsoft.com/dotnet/fundamentals/code-analysis/quality-rules/ca2201) [E:\vs\Projects\PlatformIndependentNuGetPackages\SunamoHtml\SunamoHtml\SunamoHtml.csproj::TargetFramework=net9.0]
E:\vs\Projects\PlatformIndependentNuGetPackages\SunamoHtml\SunamoHtml\Html\HtmlHelperShared2.cs(148,64): warning CA1062: In externally visible method 'string HtmlHelper.ReturnApplyToAllTags(string text, string tagName, EditHtmlWidthHandler handler, string value)', validate parameter 'handler' is non-null before using it. If appropriate, throw an 'ArgumentNullException' when the argument is 'null'. (https://learn.microsoft.com/dotnet/fundamentals/code-analysis/quality-rules/ca1062) [E:\vs\Projects\PlatformIndependentNuGetPackages\SunamoHtml\SunamoHtml\SunamoHtml.csproj::TargetFramework=net9.0]
E:\vs\Projects\PlatformIndependentNuGetPackages\SunamoHtml\SunamoHtml\HtmlAgilityHelper1.cs(250,75): warning CA1002: Change 'List<HtmlNode>' in 'HtmlAgilityHelper.RecursiveReturnTagsWithContainsAttr(List<HtmlNode>, HtmlNode, bool, string, string, string, bool, [bool])' to use 'Collection<T>', 'ReadOnlyCollection<T>' or 'KeyedCollection<K,V>' (https://learn.microsoft.com/dotnet/fundamentals/code-analysis/quality-rules/ca1002) [E:\vs\Projects\PlatformIndependentNuGetPackages\SunamoHtml\SunamoHtml\SunamoHtml.csproj::TargetFramework=net9.0]
E:\vs\Projects\PlatformIndependentNuGetPackages\SunamoHtml\SunamoHtml\Html\HtmlHelperShared2.cs(214,30): warning CA1062: In externally visible method 'HtmlNode HtmlHelper.GetTag(HtmlNode htmlNode, string tagName)', validate parameter 'htmlNode' is non-null before using it. If appropriate, throw an 'ArgumentNullException' when the argument is 'null'. (https://learn.microsoft.com/dotnet/fundamentals/code-analysis/quality-rules/ca1062) [E:\vs\Projects\PlatformIndependentNuGetPackages\SunamoHtml\SunamoHtml\SunamoHtml.csproj::TargetFramework=net9.0]
E:\vs\Projects\PlatformIndependentNuGetPackages\SunamoHtml\SunamoHtml\Html\HtmlHelperShared2.cs(46,18): warning CA2000: Call System.IDisposable.Dispose on object created by 'XmlWriter.Create(sw)' before all references to it are out of scope (https://learn.microsoft.com/dotnet/fundamentals/code-analysis/quality-rules/ca2000) [E:\vs\Projects\PlatformIndependentNuGetPackages\SunamoHtml\SunamoHtml\SunamoHtml.csproj::TargetFramework=net9.0]
E:\vs\Projects\PlatformIndependentNuGetPackages\SunamoHtml\SunamoHtml\HtmlAgilityHelper1.cs(268,75): warning CA1002: Change 'List<HtmlNode>' in 'HtmlAgilityHelper.RecursiveReturnTagsWithContainsAttr(List<HtmlNode>, HtmlNode, bool, string, string, string, bool, bool, [bool])' to use 'Collection<T>', 'ReadOnlyCollection<T>' or 'KeyedCollection<K,V>' (https://learn.microsoft.com/dotnet/fundamentals/code-analysis/quality-rules/ca1002) [E:\vs\Projects\PlatformIndependentNuGetPackages\SunamoHtml\SunamoHtml\SunamoHtml.csproj::TargetFramework=net9.0]
E:\vs\Projects\PlatformIndependentNuGetPackages\SunamoHtml\SunamoHtml\HtmlAgilityHelper1.cs(302,34): warning CA1002: Change 'List<HtmlNode>' in 'HtmlAgilityHelper.NodesWithAttrWildCard(HtmlNode, bool, string, string, string, [bool])' to use 'Collection<T>', 'ReadOnlyCollection<T>' or 'KeyedCollection<K,V>' (https://learn.microsoft.com/dotnet/fundamentals/code-analysis/quality-rules/ca1002) [E:\vs\Projects\PlatformIndependentNuGetPackages\SunamoHtml\SunamoHtml\SunamoHtml.csproj::TargetFramework=net9.0]
E:\vs\Projects\PlatformIndependentNuGetPackages\SunamoHtml\SunamoHtml\HtmlAgilityHelper1.cs(271,27): warning CA1311: Specify a culture or use an invariant version to avoid implicit dependency on current culture (https://learn.microsoft.com/dotnet/fundamentals/code-analysis/quality-rules/ca1311) [E:\vs\Projects\PlatformIndependentNuGetPackages\SunamoHtml\SunamoHtml\SunamoHtml.csproj::TargetFramework=net9.0]
E:\vs\Projects\PlatformIndependentNuGetPackages\SunamoHtml\SunamoHtml\HtmlAgilityHelper1.cs(271,19): warning CA1304: The behavior of 'string.ToLower()' could vary based on the current user's locale settings. Replace this call in 'HtmlAgilityHelper.RecursiveReturnTagsWithContainsAttr(List<HtmlNode>, HtmlNode, bool, string, string, string, bool, bool, [bool])' with a call to 'string.ToLower(CultureInfo)'. (https://learn.microsoft.com/dotnet/fundamentals/code-analysis/quality-rules/ca1304) [E:\vs\Projects\PlatformIndependentNuGetPackages\SunamoHtml\SunamoHtml\SunamoHtml.csproj::TargetFramework=net9.0]
E:\vs\Projects\PlatformIndependentNuGetPackages\SunamoHtml\SunamoHtml\Generators\HtmlGenerator22.cs(104,13): warning CA1062: In externally visible method 'string HtmlGenerator2.AllMonthsTable(List<string> allYearsHtmlBoxes, List<string> allMonthsBoxColors)', validate parameter 'allMonthsBoxColors' is non-null before using it. If appropriate, throw an 'ArgumentNullException' when the argument is 'null'. (https://learn.microsoft.com/dotnet/fundamentals/code-analysis/quality-rules/ca1062) [E:\vs\Projects\PlatformIndependentNuGetPackages\SunamoHtml\SunamoHtml\SunamoHtml.csproj::TargetFramework=net9.0]
E:\vs\Projects\PlatformIndependentNuGetPackages\SunamoHtml\SunamoHtml\Generators\HtmlGenerator22.cs(102,13): warning CA1062: In externally visible method 'string HtmlGenerator2.AllMonthsTable(List<string> allYearsHtmlBoxes, List<string> allMonthsBoxColors)', validate parameter 'allYearsHtmlBoxes' is non-null before using it. If appropriate, throw an 'ArgumentNullException' when the argument is 'null'. (https://learn.microsoft.com/dotnet/fundamentals/code-analysis/quality-rules/ca1062) [E:\vs\Projects\PlatformIndependentNuGetPackages\SunamoHtml\SunamoHtml\SunamoHtml.csproj::TargetFramework=net9.0]
E:\vs\Projects\PlatformIndependentNuGetPackages\SunamoHtml\SunamoHtml\HtmlAgilityHelper1.cs(317,34): warning CA1002: Change 'List<HtmlNode>' in 'HtmlAgilityHelper.NodesWithAttr(HtmlNode, bool, string, string, string, [bool])' to use 'Collection<T>', 'ReadOnlyCollection<T>' or 'KeyedCollection<K,V>' (https://learn.microsoft.com/dotnet/fundamentals/code-analysis/quality-rules/ca1002) [E:\vs\Projects\PlatformIndependentNuGetPackages\SunamoHtml\SunamoHtml\SunamoHtml.csproj::TargetFramework=net9.0]
E:\vs\Projects\PlatformIndependentNuGetPackages\SunamoHtml\SunamoHtml\Generators\HtmlGenerator22.cs(201,39): warning CA1062: In externally visible method 'string HtmlGenerator2.GenerateTreeWithCheckBoxes(NTreeHtml<string> tree)', validate parameter 'tree' is non-null before using it. If appropriate, throw an 'ArgumentNullException' when the argument is 'null'. (https://learn.microsoft.com/dotnet/fundamentals/code-analysis/quality-rules/ca1062) [E:\vs\Projects\PlatformIndependentNuGetPackages\SunamoHtml\SunamoHtml\SunamoHtml.csproj::TargetFramework=net9.0]
E:\vs\Projects\PlatformIndependentNuGetPackages\SunamoHtml\SunamoHtml\Html\HtmlHelperSunamoCz.cs(18,16): warning CA1062: In externally visible method 'string HtmlHelperSunamoCz.ConvertTextToHtmlWithAnchors(string text, ref string error)', validate parameter 'text' is non-null before using it. If appropriate, throw an 'ArgumentNullException' when the argument is 'null'. (https://learn.microsoft.com/dotnet/fundamentals/code-analysis/quality-rules/ca1062) [E:\vs\Projects\PlatformIndependentNuGetPackages\SunamoHtml\SunamoHtml\SunamoHtml.csproj::TargetFramework=net9.0]
E:\vs\Projects\PlatformIndependentNuGetPackages\SunamoHtml\SunamoHtml\HtmlAgilityHelper1.cs(50,30): warning CA1062: In externally visible method 'List<HtmlNode> HtmlAgilityHelper.TrimComments(List<HtmlNode> nodes)', validate parameter 'nodes' is non-null before using it. If appropriate, throw an 'ArgumentNullException' when the argument is 'null'. (https://learn.microsoft.com/dotnet/fundamentals/code-analysis/quality-rules/ca1062) [E:\vs\Projects\PlatformIndependentNuGetPackages\SunamoHtml\SunamoHtml\SunamoHtml.csproj::TargetFramework=net9.0]
E:\vs\Projects\PlatformIndependentNuGetPackages\SunamoHtml\SunamoHtml\Generators\HtmlGenerator22.cs(247,83): warning CA1002: Change 'List<string>' in 'HtmlGenerator2.GetForUlWoCheckDuplicate(string, List<string>)' to use 'Collection<T>', 'ReadOnlyCollection<T>' or 'KeyedCollection<K,V>' (https://learn.microsoft.com/dotnet/fundamentals/code-analysis/quality-rules/ca1002) [E:\vs\Projects\PlatformIndependentNuGetPackages\SunamoHtml\SunamoHtml\SunamoHtml.csproj::TargetFramework=net9.0]
E:\vs\Projects\PlatformIndependentNuGetPackages\SunamoHtml\SunamoHtml\Html\HtmlHelperShared2.cs(257,34): warning CA1002: Change 'List<HtmlNode>' in 'HtmlHelper.ReturnAllTagsImg(HtmlNode, string)' to use 'Collection<T>', 'ReadOnlyCollection<T>' or 'KeyedCollection<K,V>' (https://learn.microsoft.com/dotnet/fundamentals/code-analysis/quality-rules/ca1002) [E:\vs\Projects\PlatformIndependentNuGetPackages\SunamoHtml\SunamoHtml\SunamoHtml.csproj::TargetFramework=net9.0]
E:\vs\Projects\PlatformIndependentNuGetPackages\SunamoHtml\SunamoHtml\Html\HtmlHelperShared2.cs(283,34): warning CA1002: Change 'List<HtmlNode>' in 'HtmlHelper.ReturnTags(HtmlNode, string)' to use 'Collection<T>', 'ReadOnlyCollection<T>' or 'KeyedCollection<K,V>' (https://learn.microsoft.com/dotnet/fundamentals/code-analysis/quality-rules/ca1002) [E:\vs\Projects\PlatformIndependentNuGetPackages\SunamoHtml\SunamoHtml\SunamoHtml.csproj::TargetFramework=net9.0]
E:\vs\Projects\PlatformIndependentNuGetPackages\SunamoHtml\SunamoHtml\Generators\HtmlGenerator22.cs(261,83): warning CA1002: Change 'List<string>' in 'HtmlGenerator2.GetForUlWoCheckDuplicate(string, List<string>, string, string, [string])' to use 'Collection<T>', 'ReadOnlyCollection<T>' or 'KeyedCollection<K,V>' (https://learn.microsoft.com/dotnet/fundamentals/code-analysis/quality-rules/ca1002) [E:\vs\Projects\PlatformIndependentNuGetPackages\SunamoHtml\SunamoHtml\SunamoHtml.csproj::TargetFramework=net9.0]
E:\vs\Projects\PlatformIndependentNuGetPackages\SunamoHtml\SunamoHtml\Generators\HtmlGenerator22.cs(159,13): warning CA1062: In externally visible method 'string HtmlGenerator2.AllYearsTable(List<string> years, List<string> allYearsHtmlBoxes, List<string> allYearsBoxColors)', validate parameter 'allYearsHtmlBoxes' is non-null before using it. If appropriate, throw an 'ArgumentNullException' when the argument is 'null'. (https://learn.microsoft.com/dotnet/fundamentals/code-analysis/quality-rules/ca1062) [E:\vs\Projects\PlatformIndependentNuGetPackages\SunamoHtml\SunamoHtml\SunamoHtml.csproj::TargetFramework=net9.0]
E:\vs\Projects\PlatformIndependentNuGetPackages\SunamoHtml\SunamoHtml\Generators\HtmlGenerator22.cs(158,26): warning CA1062: In externally visible method 'string HtmlGenerator2.AllYearsTable(List<string> years, List<string> allYearsHtmlBoxes, List<string> allYearsBoxColors)', validate parameter 'years' is non-null before using it. If appropriate, throw an 'ArgumentNullException' when the argument is 'null'. (https://learn.microsoft.com/dotnet/fundamentals/code-analysis/quality-rules/ca1062) [E:\vs\Projects\PlatformIndependentNuGetPackages\SunamoHtml\SunamoHtml\SunamoHtml.csproj::TargetFramework=net9.0]
E:\vs\Projects\PlatformIndependentNuGetPackages\SunamoHtml\SunamoHtml\Generators\HtmlGenerator22.cs(161,13): warning CA1062: In externally visible method 'string HtmlGenerator2.AllYearsTable(List<string> years, List<string> allYearsHtmlBoxes, List<string> allYearsBoxColors)', validate parameter 'allYearsBoxColors' is non-null before using it. If appropriate, throw an 'ArgumentNullException' when the argument is 'null'. (https://learn.microsoft.com/dotnet/fundamentals/code-analysis/quality-rules/ca1062) [E:\vs\Projects\PlatformIndependentNuGetPackages\SunamoHtml\SunamoHtml\SunamoHtml.csproj::TargetFramework=net9.0]
E:\vs\Projects\PlatformIndependentNuGetPackages\SunamoHtml\SunamoHtml\Generators\HtmlGenerator22.cs(301,67): warning CA1002: Change 'List<string>' in 'HtmlGenerator2.GetForUl(string, List<string>, List<string>, bool)' to use 'Collection<T>', 'ReadOnlyCollection<T>' or 'KeyedCollection<K,V>' (https://learn.microsoft.com/dotnet/fundamentals/code-analysis/quality-rules/ca1002) [E:\vs\Projects\PlatformIndependentNuGetPackages\SunamoHtml\SunamoHtml\SunamoHtml.csproj::TargetFramework=net9.0]
E:\vs\Projects\PlatformIndependentNuGetPackages\SunamoHtml\SunamoHtml\Generators\HtmlGenerator22.cs(301,85): warning CA1002: Change 'List<string>' in 'HtmlGenerator2.GetForUl(string, List<string>, List<string>, bool)' to use 'Collection<T>', 'ReadOnlyCollection<T>' or 'KeyedCollection<K,V>' (https://learn.microsoft.com/dotnet/fundamentals/code-analysis/quality-rules/ca1002) [E:\vs\Projects\PlatformIndependentNuGetPackages\SunamoHtml\SunamoHtml\SunamoHtml.csproj::TargetFramework=net9.0]
E:\vs\Projects\PlatformIndependentNuGetPackages\SunamoHtml\SunamoHtml\Html\HtmlHelperShared3.cs(47,34): warning CA1002: Change 'List<HtmlNode>' in 'HtmlHelper.ReturnTagsWithAttrRek2(HtmlNode, string, string, string)' to use 'Collection<T>', 'ReadOnlyCollection<T>' or 'KeyedCollection<K,V>' (https://learn.microsoft.com/dotnet/fundamentals/code-analysis/quality-rules/ca1002) [E:\vs\Projects\PlatformIndependentNuGetPackages\SunamoHtml\SunamoHtml\SunamoHtml.csproj::TargetFramework=net9.0]
E:\vs\Projects\PlatformIndependentNuGetPackages\SunamoHtml\SunamoHtml\Generators\HtmlGenerator22.cs(270,36): warning CA1307: 'string.Replace(string, string?)' has a method overload that takes a 'StringComparison' parameter. Replace this call in 'SunamoHtml.Generators.HtmlGenerator2.GetForUlWoCheckDuplicate(string, System.Collections.Generic.List<string>, string, string, string)' with a call to 'string.Replace(string, string?, System.StringComparison)' for clarity of intent. (https://learn.microsoft.com/dotnet/fundamentals/code-analysis/quality-rules/ca1307) [E:\vs\Projects\PlatformIndependentNuGetPackages\SunamoHtml\SunamoHtml\SunamoHtml.csproj::TargetFramework=net9.0]
E:\vs\Projects\PlatformIndependentNuGetPackages\SunamoHtml\SunamoHtml\Generators\HtmlGenerator23.cs(15,83): warning CA1002: Change 'List<string>' in 'HtmlGenerator2.GetForUlWoCheckDuplicate(string, List<string>, List<string>)' to use 'Collection<T>', 'ReadOnlyCollection<T>' or 'KeyedCollection<K,V>' (https://learn.microsoft.com/dotnet/fundamentals/code-analysis/quality-rules/ca1002) [E:\vs\Projects\PlatformIndependentNuGetPackages\SunamoHtml\SunamoHtml\SunamoHtml.csproj::TargetFramework=net9.0]
E:\vs\Projects\PlatformIndependentNuGetPackages\SunamoHtml\SunamoHtml\Generators\HtmlGenerator23.cs(15,101): warning CA1002: Change 'List<string>' in 'HtmlGenerator2.GetForUlWoCheckDuplicate(string, List<string>, List<string>)' to use 'Collection<T>', 'ReadOnlyCollection<T>' or 'KeyedCollection<K,V>' (https://learn.microsoft.com/dotnet/fundamentals/code-analysis/quality-rules/ca1002) [E:\vs\Projects\PlatformIndependentNuGetPackages\SunamoHtml\SunamoHtml\SunamoHtml.csproj::TargetFramework=net9.0]
E:\vs\Projects\PlatformIndependentNuGetPackages\SunamoHtml\SunamoHtml\Generators\HtmlGenerator23.cs(27,64): warning CA1002: Change 'List<string>' in 'HtmlGenerator2.GetForUlWoCheckDuplicate(List<string>, List<string>)' to use 'Collection<T>', 'ReadOnlyCollection<T>' or 'KeyedCollection<K,V>' (https://learn.microsoft.com/dotnet/fundamentals/code-analysis/quality-rules/ca1002) [E:\vs\Projects\PlatformIndependentNuGetPackages\SunamoHtml\SunamoHtml\SunamoHtml.csproj::TargetFramework=net9.0]
E:\vs\Projects\PlatformIndependentNuGetPackages\SunamoHtml\SunamoHtml\Generators\HtmlGenerator23.cs(27,86): warning CA1002: Change 'List<string>' in 'HtmlGenerator2.GetForUlWoCheckDuplicate(List<string>, List<string>)' to use 'Collection<T>', 'ReadOnlyCollection<T>' or 'KeyedCollection<K,V>' (https://learn.microsoft.com/dotnet/fundamentals/code-analysis/quality-rules/ca1002) [E:\vs\Projects\PlatformIndependentNuGetPackages\SunamoHtml\SunamoHtml\SunamoHtml.csproj::TargetFramework=net9.0]
E:\vs\Projects\PlatformIndependentNuGetPackages\SunamoHtml\SunamoHtml\Html\HtmlHelperShared2.cs(260,30): warning CA1062: In externally visible method 'List<HtmlNode> HtmlHelper.ReturnAllTagsImg(HtmlNode htmlNode, string tagName)', validate parameter 'htmlNode' is non-null before using it. If appropriate, throw an 'ArgumentNullException' when the argument is 'null'. (https://learn.microsoft.com/dotnet/fundamentals/code-analysis/quality-rules/ca1062) [E:\vs\Projects\PlatformIndependentNuGetPackages\SunamoHtml\SunamoHtml\SunamoHtml.csproj::TargetFramework=net9.0]
E:\vs\Projects\PlatformIndependentNuGetPackages\SunamoHtml\SunamoHtml\Html\HtmlHelperShared2.cs(286,30): warning CA1062: In externally visible method 'List<HtmlNode> HtmlHelper.ReturnTags(HtmlNode htmlNode, string tagName)', validate parameter 'htmlNode' is non-null before using it. If appropriate, throw an 'ArgumentNullException' when the argument is 'null'. (https://learn.microsoft.com/dotnet/fundamentals/code-analysis/quality-rules/ca1062) [E:\vs\Projects\PlatformIndependentNuGetPackages\SunamoHtml\SunamoHtml\SunamoHtml.csproj::TargetFramework=net9.0]
E:\vs\Projects\PlatformIndependentNuGetPackages\SunamoHtml\SunamoHtml\Generators\HtmlGenerator23.cs(38,64): warning CA1002: Change 'List<string>' in 'HtmlGenerator2.GetForUlWoCheckDuplicate(List<string>)' to use 'Collection<T>', 'ReadOnlyCollection<T>' or 'KeyedCollection<K,V>' (https://learn.microsoft.com/dotnet/fundamentals/code-analysis/quality-rules/ca1002) [E:\vs\Projects\PlatformIndependentNuGetPackages\SunamoHtml\SunamoHtml\SunamoHtml.csproj::TargetFramework=net9.0]
E:\vs\Projects\PlatformIndependentNuGetPackages\SunamoHtml\SunamoHtml\Generators\HtmlGenerator23.cs(57,80): warning CA1002: Change 'List<string>' in 'HtmlGenerator2.GetUlWoCheckDuplicate(string, List<string>)' to use 'Collection<T>', 'ReadOnlyCollection<T>' or 'KeyedCollection<K,V>' (https://learn.microsoft.com/dotnet/fundamentals/code-analysis/quality-rules/ca1002) [E:\vs\Projects\PlatformIndependentNuGetPackages\SunamoHtml\SunamoHtml\SunamoHtml.csproj::TargetFramework=net9.0]
E:\vs\Projects\PlatformIndependentNuGetPackages\SunamoHtml\SunamoHtml\Generators\HtmlGenerator23.cs(80,61): warning CA1002: Change 'List<string>' in 'HtmlGenerator2.GetUlWoCheckDuplicate(List<string>, string)' to use 'Collection<T>', 'ReadOnlyCollection<T>' or 'KeyedCollection<K,V>' (https://learn.microsoft.com/dotnet/fundamentals/code-analysis/quality-rules/ca1002) [E:\vs\Projects\PlatformIndependentNuGetPackages\SunamoHtml\SunamoHtml\SunamoHtml.csproj::TargetFramework=net9.0]
E:\vs\Projects\PlatformIndependentNuGetPackages\SunamoHtml\SunamoHtml\Generators\HtmlGenerator23.cs(64,67): warning CA1305: The behavior of 'int.ToString()' could vary based on the current user's locale settings. Replace this call in 'HtmlGenerator2.GetUlWoCheckDuplicate(string, List<string>)' with a call to 'int.ToString(IFormatProvider)'. (https://learn.microsoft.com/dotnet/fundamentals/code-analysis/quality-rules/ca1305) [E:\vs\Projects\PlatformIndependentNuGetPackages\SunamoHtml\SunamoHtml\SunamoHtml.csproj::TargetFramework=net9.0]
E:\vs\Projects\PlatformIndependentNuGetPackages\SunamoHtml\SunamoHtml\HtmlAgilityHelper1.cs(166,17): warning CA1062: In externally visible method 'void HtmlAgilityHelper.RecursiveReturnTags(List<HtmlNode> result, HtmlNode htmlNode, bool isRecursive, bool isSingle, string tagName)', validate parameter 'result' is non-null before using it. If appropriate, throw an 'ArgumentNullException' when the argument is 'null'. (https://learn.microsoft.com/dotnet/fundamentals/code-analysis/quality-rules/ca1062) [E:\vs\Projects\PlatformIndependentNuGetPackages\SunamoHtml\SunamoHtml\SunamoHtml.csproj::TargetFramework=net9.0]
E:\vs\Projects\PlatformIndependentNuGetPackages\SunamoHtml\SunamoHtml\Generators\HtmlGenerator23.cs(91,61): warning CA1002: Change 'List<string>' in 'HtmlGenerator2.GetUlWoCheckDuplicate(List<string>, List<string>)' to use 'Collection<T>', 'ReadOnlyCollection<T>' or 'KeyedCollection<K,V>' (https://learn.microsoft.com/dotnet/fundamentals/code-analysis/quality-rules/ca1002) [E:\vs\Projects\PlatformIndependentNuGetPackages\SunamoHtml\SunamoHtml\SunamoHtml.csproj::TargetFramework=net9.0]
E:\vs\Projects\PlatformIndependentNuGetPackages\SunamoHtml\SunamoHtml\Generators\HtmlGenerator23.cs(91,83): warning CA1002: Change 'List<string>' in 'HtmlGenerator2.GetUlWoCheckDuplicate(List<string>, List<string>)' to use 'Collection<T>', 'ReadOnlyCollection<T>' or 'KeyedCollection<K,V>' (https://learn.microsoft.com/dotnet/fundamentals/code-analysis/quality-rules/ca1002) [E:\vs\Projects\PlatformIndependentNuGetPackages\SunamoHtml\SunamoHtml\SunamoHtml.csproj::TargetFramework=net9.0]
E:\vs\Projects\PlatformIndependentNuGetPackages\SunamoHtml\SunamoHtml\Generators\HtmlGenerator23.cs(102,45): warning CA1002: Change 'List<string>' in 'HtmlGenerator2.GetOl(List<string>, [bool])' to use 'Collection<T>', 'ReadOnlyCollection<T>' or 'KeyedCollection<K,V>' (https://learn.microsoft.com/dotnet/fundamentals/code-analysis/quality-rules/ca1002) [E:\vs\Projects\PlatformIndependentNuGetPackages\SunamoHtml\SunamoHtml\SunamoHtml.csproj::TargetFramework=net9.0]
E:\vs\Projects\PlatformIndependentNuGetPackages\SunamoHtml\SunamoHtml\Generators\HtmlGenerator22.cs(303,13): warning CA1062: In externally visible method 'string HtmlGenerator2.GetForUl(string baseAnchor, List<string> ids, List<string> texts, bool isSkipDuplicates)', validate parameter 'ids' is non-null before using it. If appropriate, throw an 'ArgumentNullException' when the argument is 'null'. (https://learn.microsoft.com/dotnet/fundamentals/code-analysis/quality-rules/ca1062) [E:\vs\Projects\PlatformIndependentNuGetPackages\SunamoHtml\SunamoHtml\SunamoHtml.csproj::TargetFramework=net9.0]
E:\vs\Projects\PlatformIndependentNuGetPackages\SunamoHtml\SunamoHtml\Generators\HtmlGenerator22.cs(303,26): warning CA1062: In externally visible method 'string HtmlGenerator2.GetForUl(string baseAnchor, List<string> ids, List<string> texts, bool isSkipDuplicates)', validate parameter 'texts' is non-null before using it. If appropriate, throw an 'ArgumentNullException' when the argument is 'null'. (https://learn.microsoft.com/dotnet/fundamentals/code-analysis/quality-rules/ca1062) [E:\vs\Projects\PlatformIndependentNuGetPackages\SunamoHtml\SunamoHtml\SunamoHtml.csproj::TargetFramework=net9.0]
E:\vs\Projects\PlatformIndependentNuGetPackages\SunamoHtml\SunamoHtml\Html\HtmlHelperShared3.cs(66,34): warning CA1002: Change 'List<HtmlNode>' in 'HtmlHelper.GetTagsOfAtribute(HtmlNode, string, string, string)' to use 'Collection<T>', 'ReadOnlyCollection<T>' or 'KeyedCollection<K,V>' (https://learn.microsoft.com/dotnet/fundamentals/code-analysis/quality-rules/ca1002) [E:\vs\Projects\PlatformIndependentNuGetPackages\SunamoHtml\SunamoHtml\SunamoHtml.csproj::TargetFramework=net9.0]
E:\vs\Projects\PlatformIndependentNuGetPackages\SunamoHtml\SunamoHtml\Generators\HtmlGenerator23.cs(113,61): warning CA1002: Change 'List<string>' in 'HtmlGenerator2.GetOlWoCheckDuplicate(List<string>, List<string>)' to use 'Collection<T>', 'ReadOnlyCollection<T>' or 'KeyedCollection<K,V>' (https://learn.microsoft.com/dotnet/fundamentals/code-analysis/quality-rules/ca1002) [E:\vs\Projects\PlatformIndependentNuGetPackages\SunamoHtml\SunamoHtml\SunamoHtml.csproj::TargetFramework=net9.0]
E:\vs\Projects\PlatformIndependentNuGetPackages\SunamoHtml\SunamoHtml\Generators\HtmlGenerator23.cs(113,83): warning CA1002: Change 'List<string>' in 'HtmlGenerator2.GetOlWoCheckDuplicate(List<string>, List<string>)' to use 'Collection<T>', 'ReadOnlyCollection<T>' or 'KeyedCollection<K,V>' (https://learn.microsoft.com/dotnet/fundamentals/code-analysis/quality-rules/ca1002) [E:\vs\Projects\PlatformIndependentNuGetPackages\SunamoHtml\SunamoHtml\SunamoHtml.csproj::TargetFramework=net9.0]
E:\vs\Projects\PlatformIndependentNuGetPackages\SunamoHtml\SunamoHtml\Generators\HtmlGenerator23.cs(41,29): warning CA1062: In externally visible method 'string HtmlGenerator2.GetForUlWoCheckDuplicate(List<string> items)', validate parameter 'items' is non-null before using it. If appropriate, throw an 'ArgumentNullException' when the argument is 'null'. (https://learn.microsoft.com/dotnet/fundamentals/code-analysis/quality-rules/ca1062) [E:\vs\Projects\PlatformIndependentNuGetPackages\SunamoHtml\SunamoHtml\SunamoHtml.csproj::TargetFramework=net9.0]
E:\vs\Projects\PlatformIndependentNuGetPackages\SunamoHtml\SunamoHtml\Generators\HtmlGenerator22.cs(264,29): warning CA1062: In externally visible method 'string HtmlGenerator2.GetForUlWoCheckDuplicate(string baseAnchor, List<string> ids, string findInText, string replaceInText, string suffix = "")', validate parameter 'ids' is non-null before using it. If appropriate, throw an 'ArgumentNullException' when the argument is 'null'. (https://learn.microsoft.com/dotnet/fundamentals/code-analysis/quality-rules/ca1062) [E:\vs\Projects\PlatformIndependentNuGetPackages\SunamoHtml\SunamoHtml\SunamoHtml.csproj::TargetFramework=net9.0]
E:\vs\Projects\PlatformIndependentNuGetPackages\SunamoHtml\SunamoHtml\Generators\HtmlGenerator23.cs(116,19): warning CA2201: Exception type System.Exception is not sufficiently specific (https://learn.microsoft.com/dotnet/fundamentals/code-analysis/quality-rules/ca2201) [E:\vs\Projects\PlatformIndependentNuGetPackages\SunamoHtml\SunamoHtml\SunamoHtml.csproj::TargetFramework=net9.0]
E:\vs\Projects\PlatformIndependentNuGetPackages\SunamoHtml\SunamoHtml\Html\HtmlHelperShared3.cs(102,75): warning CA1002: Change 'List<HtmlNode>' in 'HtmlHelper.RecursiveReturnTagsWithContainsAttr(List<HtmlNode>, HtmlNode, string, string, string, bool, bool)' to use 'Collection<T>', 'ReadOnlyCollection<T>' or 'KeyedCollection<K,V>' (https://learn.microsoft.com/dotnet/fundamentals/code-analysis/quality-rules/ca1002) [E:\vs\Projects\PlatformIndependentNuGetPackages\SunamoHtml\SunamoHtml\SunamoHtml.csproj::TargetFramework=net9.0]
E:\vs\Projects\PlatformIndependentNuGetPackages\SunamoHtml\SunamoHtml\Html\HtmlHelperShared3.cs(108,30): warning CA1307: 'string.Contains(string)' has a method overload that takes a 'StringComparison' parameter. Replace this call in 'SunamoHtml.Html.HtmlHelper.RecursiveReturnTagsWithContainsAttr(System.Collections.Generic.List<HtmlAgilityPack.HtmlNode>, HtmlAgilityPack.HtmlNode, string, string, string, bool, bool)' with a call to 'string.Contains(string, System.StringComparison)' for clarity of intent. (https://learn.microsoft.com/dotnet/fundamentals/code-analysis/quality-rules/ca1307) [E:\vs\Projects\PlatformIndependentNuGetPackages\SunamoHtml\SunamoHtml\SunamoHtml.csproj::TargetFramework=net9.0]
E:\vs\Projects\PlatformIndependentNuGetPackages\SunamoHtml\SunamoHtml\Html\HtmlHelperShared3.cs(159,34): warning CA1002: Change 'List<HtmlNode>' in 'HtmlHelper.ReturnTagsWithContainsAttrRek(HtmlNode, string, string, string)' to use 'Collection<T>', 'ReadOnlyCollection<T>' or 'KeyedCollection<K,V>' (https://learn.microsoft.com/dotnet/fundamentals/code-analysis/quality-rules/ca1002) [E:\vs\Projects\PlatformIndependentNuGetPackages\SunamoHtml\SunamoHtml\SunamoHtml.csproj::TargetFramework=net9.0]
E:\vs\Projects\PlatformIndependentNuGetPackages\SunamoHtml\SunamoHtml\Html\HtmlHelperShared3.cs(50,40): warning CA1062: In externally visible method 'List<HtmlNode> HtmlHelper.ReturnTagsWithAttrRek2(HtmlNode htmlNode, string tagName, string attributeName, string attributeValue)', validate parameter 'htmlNode' is non-null before using it. If appropriate, throw an 'ArgumentNullException' when the argument is 'null'. (https://learn.microsoft.com/dotnet/fundamentals/code-analysis/quality-rules/ca1062) [E:\vs\Projects\PlatformIndependentNuGetPackages\SunamoHtml\SunamoHtml\SunamoHtml.csproj::TargetFramework=net9.0]
E:\vs\Projects\PlatformIndependentNuGetPackages\SunamoHtml\SunamoHtml\Html\HtmlHelperShared3.cs(177,34): warning CA1002: Change 'List<HtmlNode>' in 'HtmlHelper.ReturnTagsWithContainsAttrRek(HtmlNode, string, string, string, bool, bool)' to use 'Collection<T>', 'ReadOnlyCollection<T>' or 'KeyedCollection<K,V>' (https://learn.microsoft.com/dotnet/fundamentals/code-analysis/quality-rules/ca1002) [E:\vs\Projects\PlatformIndependentNuGetPackages\SunamoHtml\SunamoHtml\SunamoHtml.csproj::TargetFramework=net9.0]
E:\vs\Projects\PlatformIndependentNuGetPackages\SunamoHtml\SunamoHtml\Html\HtmlHelperShared3.cs(193,34): warning CA1002: Change 'List<HtmlNode>' in 'HtmlHelper.ReturnTagsWithContainsClassRek(HtmlNode, string, string)' to use 'Collection<T>', 'ReadOnlyCollection<T>' or 'KeyedCollection<K,V>' (https://learn.microsoft.com/dotnet/fundamentals/code-analysis/quality-rules/ca1002) [E:\vs\Projects\PlatformIndependentNuGetPackages\SunamoHtml\SunamoHtml\SunamoHtml.csproj::TargetFramework=net9.0]
E:\vs\Projects\PlatformIndependentNuGetPackages\SunamoHtml\SunamoHtml\Generators\HtmlGenerator23.cs(60,29): warning CA1062: In externally visible method 'string HtmlGenerator2.GetUlWoCheckDuplicate(string baseAnchor, List<string> items)', validate parameter 'items' is non-null before using it. If appropriate, throw an 'ArgumentNullException' when the argument is 'null'. (https://learn.microsoft.com/dotnet/fundamentals/code-analysis/quality-rules/ca1062) [E:\vs\Projects\PlatformIndependentNuGetPackages\SunamoHtml\SunamoHtml\SunamoHtml.csproj::TargetFramework=net9.0]
E:\vs\Projects\PlatformIndependentNuGetPackages\SunamoHtml\SunamoHtml\Html\HtmlHelperShared3.cs(69,35): warning CA1062: In externally visible method 'List<HtmlNode> HtmlHelper.GetTagsOfAtribute(HtmlNode htmlNode, string tagName, string attributeName, string attributeValue)', validate parameter 'htmlNode' is non-null before using it. If appropriate, throw an 'ArgumentNullException' when the argument is 'null'. (https://learn.microsoft.com/dotnet/fundamentals/code-analysis/quality-rules/ca1062) [E:\vs\Projects\PlatformIndependentNuGetPackages\SunamoHtml\SunamoHtml\SunamoHtml.csproj::TargetFramework=net9.0]
E:\vs\Projects\PlatformIndependentNuGetPackages\SunamoHtml\SunamoHtml\Generators\HtmlGenerator23.cs(115,30): warning CA1062: In externally visible method 'string HtmlGenerator2.GetOlWoCheckDuplicate(List<string> anchors, List<string> texts)', validate parameter 'texts' is non-null before using it. If appropriate, throw an 'ArgumentNullException' when the argument is 'null'. (https://learn.microsoft.com/dotnet/fundamentals/code-analysis/quality-rules/ca1062) [E:\vs\Projects\PlatformIndependentNuGetPackages\SunamoHtml\SunamoHtml\SunamoHtml.csproj::TargetFramework=net9.0]
E:\vs\Projects\PlatformIndependentNuGetPackages\SunamoHtml\SunamoHtml\Generators\HtmlGenerator23.cs(115,13): warning CA1062: In externally visible method 'string HtmlGenerator2.GetOlWoCheckDuplicate(List<string> anchors, List<string> texts)', validate parameter 'anchors' is non-null before using it. If appropriate, throw an 'ArgumentNullException' when the argument is 'null'. (https://learn.microsoft.com/dotnet/fundamentals/code-analysis/quality-rules/ca1062) [E:\vs\Projects\PlatformIndependentNuGetPackages\SunamoHtml\SunamoHtml\SunamoHtml.csproj::TargetFramework=net9.0]
E:\vs\Projects\PlatformIndependentNuGetPackages\SunamoHtml\SunamoHtml\Html\HtmlHelperShared3.cs(196,72): warning CA1062: In externally visible method 'List<HtmlNode> HtmlHelper.ReturnTagsWithContainsClassRek(HtmlNode htmlNode, string tagName, string className)', validate parameter 'htmlNode' is non-null before using it. If appropriate, throw an 'ArgumentNullException' when the argument is 'null'. (https://learn.microsoft.com/dotnet/fundamentals/code-analysis/quality-rules/ca1062) [E:\vs\Projects\PlatformIndependentNuGetPackages\SunamoHtml\SunamoHtml\SunamoHtml.csproj::TargetFramework=net9.0]
E:\vs\Projects\PlatformIndependentNuGetPackages\SunamoHtml\SunamoHtml\Html\HtmlHelperShared3.cs(104,30): warning CA1062: In externally visible method 'void HtmlHelper.RecursiveReturnTagsWithContainsAttr(List<HtmlNode> result, HtmlNode htmlNode, string tagName, string attributeName, string attributeValue, bool isContains, bool isRecursively)', validate parameter 'htmlNode' is non-null before using it. If appropriate, throw an 'ArgumentNullException' when the argument is 'null'. (https://learn.microsoft.com/dotnet/fundamentals/code-analysis/quality-rules/ca1062) [E:\vs\Projects\PlatformIndependentNuGetPackages\SunamoHtml\SunamoHtml\SunamoHtml.csproj::TargetFramework=net9.0]
E:\vs\Projects\PlatformIndependentNuGetPackages\SunamoHtml\SunamoHtml\Html\HtmlHelperShared3.cs(113,22): warning CA1062: In externally visible method 'void HtmlHelper.RecursiveReturnTagsWithContainsAttr(List<HtmlNode> result, HtmlNode htmlNode, string tagName, string attributeName, string attributeValue, bool isContains, bool isRecursively)', validate parameter 'result' is non-null before using it. If appropriate, throw an 'ArgumentNullException' when the argument is 'null'. (https://learn.microsoft.com/dotnet/fundamentals/code-analysis/quality-rules/ca1062) [E:\vs\Projects\PlatformIndependentNuGetPackages\SunamoHtml\SunamoHtml\SunamoHtml.csproj::TargetFramework=net9.0]
E:\vs\Projects\PlatformIndependentNuGetPackages\SunamoHtml\SunamoHtml\Html\HtmlHelperShared.cs(227,29): warning CA1062: In externally visible method 'string HtmlHelper.HighlightingWords(string entireContent, int maxLettersPerSentence, int sentenceCount, List<string> searchedWords)', validate parameter 'searchedWords' is non-null before using it. If appropriate, throw an 'ArgumentNullException' when the argument is 'null'. (https://learn.microsoft.com/dotnet/fundamentals/code-analysis/quality-rules/ca1062) [E:\vs\Projects\PlatformIndependentNuGetPackages\SunamoHtml\SunamoHtml\SunamoHtml.csproj::TargetFramework=net9.0]
E:\vs\Projects\PlatformIndependentNuGetPackages\SunamoHtml\SunamoHtml\Html\HtmlHelperShared.cs(229,25): warning CA1062: In externally visible method 'string HtmlHelper.HighlightingWords(string entireContent, int maxLettersPerSentence, int sentenceCount, List<string> searchedWords)', validate parameter 'entireContent' is non-null before using it. If appropriate, throw an 'ArgumentNullException' when the argument is 'null'. (https://learn.microsoft.com/dotnet/fundamentals/code-analysis/quality-rules/ca1062) [E:\vs\Projects\PlatformIndependentNuGetPackages\SunamoHtml\SunamoHtml\SunamoHtml.csproj::TargetFramework=net9.0]
E:\vs\Projects\PlatformIndependentNuGetPackages\SunamoHtml\SunamoHtml\HtmlAgilityHelper1.cs(270,47): warning CA1062: In externally visible method 'void HtmlAgilityHelper.RecursiveReturnTagsWithContainsAttr(List<HtmlNode> result, HtmlNode htmlNode, bool isRecursive, string tagName, string attributeName, string attributeValue, bool isWildCard, bool isEnoughContainsAttribute, bool isSearchAsSingleString = true)', validate parameter 'htmlNode' is non-null before using it. If appropriate, throw an 'ArgumentNullException' when the argument is 'null'. (https://learn.microsoft.com/dotnet/fundamentals/code-analysis/quality-rules/ca1062) [E:\vs\Projects\PlatformIndependentNuGetPackages\SunamoHtml\SunamoHtml\SunamoHtml.csproj::TargetFramework=net9.0]
E:\vs\Projects\PlatformIndependentNuGetPackages\SunamoHtml\SunamoHtml\HtmlAgilityHelper1.cs(271,19): warning CA1062: In externally visible method 'void HtmlAgilityHelper.RecursiveReturnTagsWithContainsAttr(List<HtmlNode> result, HtmlNode htmlNode, bool isRecursive, string tagName, string attributeName, string attributeValue, bool isWildCard, bool isEnoughContainsAttribute, bool isSearchAsSingleString = true)', validate parameter 'tagName' is non-null before using it. If appropriate, throw an 'ArgumentNullException' when the argument is 'null'. (https://learn.microsoft.com/dotnet/fundamentals/code-analysis/quality-rules/ca1062) [E:\vs\Projects\PlatformIndependentNuGetPackages\SunamoHtml\SunamoHtml\SunamoHtml.csproj::TargetFramework=net9.0]
E:\vs\Projects\PlatformIndependentNuGetPackages\SunamoHtml\SunamoHtml\HtmlAgilityHelper1.cs(280,21): warning CA1062: In externally visible method 'void HtmlAgilityHelper.RecursiveReturnTagsWithContainsAttr(List<HtmlNode> result, HtmlNode htmlNode, bool isRecursive, string tagName, string attributeName, string attributeValue, bool isWildCard, bool isEnoughContainsAttribute, bool isSearchAsSingleString = true)', validate parameter 'result' is non-null before using it. If appropriate, throw an 'ArgumentNullException' when the argument is 'null'. (https://learn.microsoft.com/dotnet/fundamentals/code-analysis/quality-rules/ca1062) [E:\vs\Projects\PlatformIndependentNuGetPackages\SunamoHtml\SunamoHtml\SunamoHtml.csproj::TargetFramework=net9.0]
E:\vs\Projects\PlatformIndependentNuGetPackages\SunamoHtml\SunamoHtml\_sunamo\SunamoExceptions\Exceptions.cs(4,31): warning CA1812: 'Exceptions' is an internal class that is apparently never instantiated. If so, remove the code from the assembly. If this class is intended to contain only static members, make it 'static' (Module in Visual Basic). (https://learn.microsoft.com/dotnet/fundamentals/code-analysis/quality-rules/ca1812) [E:\vs\Projects\PlatformIndependentNuGetPackages\SunamoHtml\SunamoHtml\SunamoHtml.csproj::TargetFramework=net9.0]
E:\vs\Projects\PlatformIndependentNuGetPackages\SunamoHtml\SunamoHtml\_sunamo\SunamoXml\Generators\XmlGeneratorSelective.cs(3,16): warning CA1812: 'XmlGeneratorSelective' is an internal class that is apparently never instantiated. If so, remove the code from the assembly. If this class is intended to contain only static members, make it 'static' (Module in Visual Basic). (https://learn.microsoft.com/dotnet/fundamentals/code-analysis/quality-rules/ca1812) [E:\vs\Projects\PlatformIndependentNuGetPackages\SunamoHtml\SunamoHtml\SunamoHtml.csproj::TargetFramework=net9.0]
E:\vs\Projects\PlatformIndependentNuGetPackages\SunamoHtml\SunamoHtml\_sunamo\CA.cs(7,16): warning CA1852: Type 'CA' can be sealed because it has no subtypes in its containing assembly and is not externally visible (https://learn.microsoft.com/dotnet/fundamentals/code-analysis/quality-rules/ca1852) [E:\vs\Projects\PlatformIndependentNuGetPackages\SunamoHtml\SunamoHtml\SunamoHtml.csproj::TargetFramework=net9.0]
E:\vs\Projects\PlatformIndependentNuGetPackages\SunamoHtml\SunamoHtml\_sunamo\SunamoArgs\ChangeContentArgsHtml.cs(3,16): warning CA1852: Type 'ChangeContentArgsHtml' can be sealed because it has no subtypes in its containing assembly and is not externally visible (https://learn.microsoft.com/dotnet/fundamentals/code-analysis/quality-rules/ca1852) [E:\vs\Projects\PlatformIndependentNuGetPackages\SunamoHtml\SunamoHtml\SunamoHtml.csproj::TargetFramework=net9.0]
E:\vs\Projects\PlatformIndependentNuGetPackages\SunamoHtml\SunamoHtml\_sunamo\SunamoValues\Values\ConstsAspx.cs(3,16): warning CA1852: Type 'ConstsAspx' can be sealed because it has no subtypes in its containing assembly and is not externally visible (https://learn.microsoft.com/dotnet/fundamentals/code-analysis/quality-rules/ca1852) [E:\vs\Projects\PlatformIndependentNuGetPackages\SunamoHtml\SunamoHtml\SunamoHtml.csproj::TargetFramework=net9.0]
E:\vs\Projects\PlatformIndependentNuGetPackages\SunamoHtml\SunamoHtml\_sunamo\WhitespaceCharService.cs(3,16): warning CA1852: Type 'WhitespaceCharService' can be sealed because it has no subtypes in its containing assembly and is not externally visible (https://learn.microsoft.com/dotnet/fundamentals/code-analysis/quality-rules/ca1852) [E:\vs\Projects\PlatformIndependentNuGetPackages\SunamoHtml\SunamoHtml\SunamoHtml.csproj::TargetFramework=net9.0]
E:\vs\Projects\PlatformIndependentNuGetPackages\SunamoHtml\SunamoHtml\_sunamo\SunamoValues\Constants\HtmlAttrs.cs(8,16): warning CA1852: Type 'HtmlAttrs' can be sealed because it has no subtypes in its containing assembly and is not externally visible (https://learn.microsoft.com/dotnet/fundamentals/code-analysis/quality-rules/ca1852) [E:\vs\Projects\PlatformIndependentNuGetPackages\SunamoHtml\SunamoHtml\SunamoHtml.csproj::TargetFramework=net9.0]
E:\vs\Projects\PlatformIndependentNuGetPackages\SunamoHtml\SunamoHtml\_sunamo\SunamoXml\Generators\XmlGeneratorSelective.cs(3,16): warning CA1852: Type 'XmlGeneratorSelective' can be sealed because it has no subtypes in its containing assembly and is not externally visible (https://learn.microsoft.com/dotnet/fundamentals/code-analysis/quality-rules/ca1852) [E:\vs\Projects\PlatformIndependentNuGetPackages\SunamoHtml\SunamoHtml\SunamoHtml.csproj::TargetFramework=net9.0]
E:\vs\Projects\PlatformIndependentNuGetPackages\SunamoHtml\SunamoHtml\_sunamo\SunamoLang\SunamoI18N\Translate.cs(3,16): warning CA1852: Type 'Translate' can be sealed because it has no subtypes in its containing assembly and is not externally visible (https://learn.microsoft.com/dotnet/fundamentals/code-analysis/quality-rules/ca1852) [E:\vs\Projects\PlatformIndependentNuGetPackages\SunamoHtml\SunamoHtml\SunamoHtml.csproj::TargetFramework=net9.0]
E:\vs\Projects\PlatformIndependentNuGetPackages\SunamoHtml\SunamoHtml\_sunamo\SunamoCollectionsGeneric\CAGConsts.cs(3,16): warning CA1852: Type 'CAGConsts' can be sealed because it has no subtypes in its containing assembly and is not externally visible (https://learn.microsoft.com/dotnet/fundamentals/code-analysis/quality-rules/ca1852) [E:\vs\Projects\PlatformIndependentNuGetPackages\SunamoHtml\SunamoHtml\SunamoHtml.csproj::TargetFramework=net9.0]
E:\vs\Projects\PlatformIndependentNuGetPackages\SunamoHtml\SunamoHtml\_sunamo\SunamoXml\XHelper.cs(3,16): warning CA1852: Type 'XHelper' can be sealed because it has no subtypes in its containing assembly and is not externally visible (https://learn.microsoft.com/dotnet/fundamentals/code-analysis/quality-rules/ca1852) [E:\vs\Projects\PlatformIndependentNuGetPackages\SunamoHtml\SunamoHtml\SunamoHtml.csproj::TargetFramework=net9.0]
E:\vs\Projects\PlatformIndependentNuGetPackages\SunamoHtml\SunamoHtml\_sunamo\SunamoDictionary\DictionaryHelper.cs(3,16): warning CA1852: Type 'DictionaryHelper' can be sealed because it has no subtypes in its containing assembly and is not externally visible (https://learn.microsoft.com/dotnet/fundamentals/code-analysis/quality-rules/ca1852) [E:\vs\Projects\PlatformIndependentNuGetPackages\SunamoHtml\SunamoHtml\SunamoHtml.csproj::TargetFramework=net9.0]
E:\vs\Projects\PlatformIndependentNuGetPackages\SunamoHtml\SunamoHtml\_sunamo\SunamoValues\Constants\HtmlStartingTags.cs(6,16): warning CA1852: Type 'HtmlStartingTags' can be sealed because it has no subtypes in its containing assembly and is not externally visible (https://learn.microsoft.com/dotnet/fundamentals/code-analysis/quality-rules/ca1852) [E:\vs\Projects\PlatformIndependentNuGetPackages\SunamoHtml\SunamoHtml\SunamoHtml.csproj::TargetFramework=net9.0]
E:\vs\Projects\PlatformIndependentNuGetPackages\SunamoHtml\SunamoHtml\_sunamo\SunamoStringData\SHData.cs(3,16): warning CA1852: Type 'SHData' can be sealed because it has no subtypes in its containing assembly and is not externally visible (https://learn.microsoft.com/dotnet/fundamentals/code-analysis/quality-rules/ca1852) [E:\vs\Projects\PlatformIndependentNuGetPackages\SunamoHtml\SunamoHtml\SunamoHtml.csproj::TargetFramework=net9.0]
E:\vs\Projects\PlatformIndependentNuGetPackages\SunamoHtml\SunamoHtml\_sunamo\SunamoValues\Constants\HtmlAttrValue.cs(7,16): warning CA1852: Type 'HtmlAttrValue' can be sealed because it has no subtypes in its containing assembly and is not externally visible (https://learn.microsoft.com/dotnet/fundamentals/code-analysis/quality-rules/ca1852) [E:\vs\Projects\PlatformIndependentNuGetPackages\SunamoHtml\SunamoHtml\SunamoHtml.csproj::TargetFramework=net9.0]
E:\vs\Projects\PlatformIndependentNuGetPackages\SunamoHtml\SunamoHtml\_sunamo\SunamoValues\Values\StatusPrefixes.cs(3,16): warning CA1852: Type 'StatusPrefixes' can be sealed because it has no subtypes in its containing assembly and is not externally visible (https://learn.microsoft.com/dotnet/fundamentals/code-analysis/quality-rules/ca1852) [E:\vs\Projects\PlatformIndependentNuGetPackages\SunamoHtml\SunamoHtml\SunamoHtml.csproj::TargetFramework=net9.0]
E:\vs\Projects\PlatformIndependentNuGetPackages\SunamoHtml\SunamoHtml\_sunamo\SunamoValues\Values\AllLists.cs(4,24): warning CA1852: Type 'AllLists' can be sealed because it has no subtypes in its containing assembly and is not externally visible (https://learn.microsoft.com/dotnet/fundamentals/code-analysis/quality-rules/ca1852) [E:\vs\Projects\PlatformIndependentNuGetPackages\SunamoHtml\SunamoHtml\SunamoHtml.csproj::TargetFramework=net9.0]
E:\vs\Projects\PlatformIndependentNuGetPackages\SunamoHtml\SunamoHtml\_sunamo\SunamoString\SH.cs(7,24): warning CA1852: Type 'SH' can be sealed because it has no subtypes in its containing assembly and is not externally visible (https://learn.microsoft.com/dotnet/fundamentals/code-analysis/quality-rules/ca1852) [E:\vs\Projects\PlatformIndependentNuGetPackages\SunamoHtml\SunamoHtml\SunamoHtml.csproj::TargetFramework=net9.0]
E:\vs\Projects\PlatformIndependentNuGetPackages\SunamoHtml\SunamoHtml\_sunamo\SunamoBts\BTS.cs(7,16): warning CA1852: Type 'BTS' can be sealed because it has no subtypes in its containing assembly and is not externally visible (https://learn.microsoft.com/dotnet/fundamentals/code-analysis/quality-rules/ca1852) [E:\vs\Projects\PlatformIndependentNuGetPackages\SunamoHtml\SunamoHtml\SunamoHtml.csproj::TargetFramework=net9.0]
E:\vs\Projects\PlatformIndependentNuGetPackages\SunamoHtml\SunamoHtml\_sunamo\SunamoValues\Constants\HtmlEndingTags.cs(6,16): warning CA1852: Type 'HtmlEndingTags' can be sealed because it has no subtypes in its containing assembly and is not externally visible (https://learn.microsoft.com/dotnet/fundamentals/code-analysis/quality-rules/ca1852) [E:\vs\Projects\PlatformIndependentNuGetPackages\SunamoHtml\SunamoHtml\SunamoHtml.csproj::TargetFramework=net9.0]
E:\vs\Projects\PlatformIndependentNuGetPackages\SunamoHtml\SunamoHtml\_sunamo\SunamoUri\UH.cs(3,16): warning CA1852: Type 'UH' can be sealed because it has no subtypes in its containing assembly and is not externally visible (https://learn.microsoft.com/dotnet/fundamentals/code-analysis/quality-rules/ca1852) [E:\vs\Projects\PlatformIndependentNuGetPackages\SunamoHtml\SunamoHtml\SunamoHtml.csproj::TargetFramework=net9.0]
E:\vs\Projects\PlatformIndependentNuGetPackages\SunamoHtml\SunamoHtml\_sunamo\SunamoStringSplit\SHSplit.cs(7,16): warning CA1852: Type 'SHSplit' can be sealed because it has no subtypes in its containing assembly and is not externally visible (https://learn.microsoft.com/dotnet/fundamentals/code-analysis/quality-rules/ca1852) [E:\vs\Projects\PlatformIndependentNuGetPackages\SunamoHtml\SunamoHtml\SunamoHtml.csproj::TargetFramework=net9.0]
E:\vs\Projects\PlatformIndependentNuGetPackages\SunamoHtml\SunamoHtml\_sunamo\SunamoCollectionsChangeContent\CAChangeContent.cs(3,16): warning CA1852: Type 'CAChangeContent' can be sealed because it has no subtypes in its containing assembly and is not externally visible (https://learn.microsoft.com/dotnet/fundamentals/code-analysis/quality-rules/ca1852) [E:\vs\Projects\PlatformIndependentNuGetPackages\SunamoHtml\SunamoHtml\SunamoHtml.csproj::TargetFramework=net9.0]
E:\vs\Projects\PlatformIndependentNuGetPackages\SunamoHtml\SunamoHtml\_sunamo\SunamoData\Data\FromToWord.cs(3,16): warning CA1852: Type 'FromToWord' can be sealed because it has no subtypes in its containing assembly and is not externally visible (https://learn.microsoft.com/dotnet/fundamentals/code-analysis/quality-rules/ca1852) [E:\vs\Projects\PlatformIndependentNuGetPackages\SunamoHtml\SunamoHtml\SunamoHtml.csproj::TargetFramework=net9.0]
E:\vs\Projects\PlatformIndependentNuGetPackages\SunamoHtml\SunamoHtml\_sunamo\SunamoStringReplace\SHReplace.cs(3,16): warning CA1852: Type 'SHReplace' can be sealed because it has no subtypes in its containing assembly and is not externally visible (https://learn.microsoft.com/dotnet/fundamentals/code-analysis/quality-rules/ca1852) [E:\vs\Projects\PlatformIndependentNuGetPackages\SunamoHtml\SunamoHtml\SunamoHtml.csproj::TargetFramework=net9.0]
E:\vs\Projects\PlatformIndependentNuGetPackages\SunamoHtml\SunamoHtml\_sunamo\SunamoValues\Constants\DTConstants.cs(7,16): warning CA1852: Type 'DTConstants' can be sealed because it has no subtypes in its containing assembly and is not externally visible (https://learn.microsoft.com/dotnet/fundamentals/code-analysis/quality-rules/ca1852) [E:\vs\Projects\PlatformIndependentNuGetPackages\SunamoHtml\SunamoHtml\SunamoHtml.csproj::TargetFramework=net9.0]
E:\vs\Projects\PlatformIndependentNuGetPackages\SunamoHtml\SunamoHtml\_sunamo\XlfKeys.cs(4,16): warning CA1852: Type 'XlfKeys' can be sealed because it has no subtypes in its containing assembly and is not externally visible (https://learn.microsoft.com/dotnet/fundamentals/code-analysis/quality-rules/ca1852) [E:\vs\Projects\PlatformIndependentNuGetPackages\SunamoHtml\SunamoHtml\SunamoHtml.csproj::TargetFramework=net9.0]
E:\vs\Projects\PlatformIndependentNuGetPackages\SunamoHtml\SunamoHtml\_sunamo\SunamoXml\XH.cs(3,16): warning CA1852: Type 'XH' can be sealed because it has no subtypes in its containing assembly and is not externally visible (https://learn.microsoft.com/dotnet/fundamentals/code-analysis/quality-rules/ca1852) [E:\vs\Projects\PlatformIndependentNuGetPackages\SunamoHtml\SunamoHtml\SunamoHtml.csproj::TargetFramework=net9.0]
E:\vs\Projects\PlatformIndependentNuGetPackages\SunamoHtml\SunamoHtml\_sunamo\SunamoValues\Constants\HtmlTags.cs(6,16): warning CA1852: Type 'HtmlTags' can be sealed because it has no subtypes in its containing assembly and is not externally visible (https://learn.microsoft.com/dotnet/fundamentals/code-analysis/quality-rules/ca1852) [E:\vs\Projects\PlatformIndependentNuGetPackages\SunamoHtml\SunamoHtml\SunamoHtml.csproj::TargetFramework=net9.0]
E:\vs\Projects\PlatformIndependentNuGetPackages\SunamoHtml\SunamoHtml\_sunamo\SunamoExceptions\ThrowEx.cs(4,24): warning CA1852: Type 'ThrowEx' can be sealed because it has no subtypes in its containing assembly and is not externally visible (https://learn.microsoft.com/dotnet/fundamentals/code-analysis/quality-rules/ca1852) [E:\vs\Projects\PlatformIndependentNuGetPackages\SunamoHtml\SunamoHtml\SunamoHtml.csproj::TargetFramework=net9.0]
  SunamoHtml -> E:\vs\Projects\PlatformIndependentNuGetPackages\SunamoHtml\SunamoHtml\bin\Debug\net9.0\SunamoHtml.dll
E:\vs\Projects\PlatformIndependentNuGetPackages\SunamoHtml\SunamoHtml\Html\HtmlDocumentS.cs(58,39): warning CS8604: Possible null reference argument for parameter 'htmlNode' in 'string HtmlDocumentS.InnerHtmlToStringEmpty(HtmlNode htmlNode)'. [E:\vs\Projects\PlatformIndependentNuGetPackages\SunamoHtml\SunamoHtml\SunamoHtml.csproj::TargetFramework=net10.0]
E:\vs\Projects\PlatformIndependentNuGetPackages\SunamoHtml\SunamoHtml\XmlAgilityHelper.cs(19,16): warning CS8603: Possible null reference return. [E:\vs\Projects\PlatformIndependentNuGetPackages\SunamoHtml\SunamoHtml\SunamoHtml.csproj::TargetFramework=net10.0]
E:\vs\Projects\PlatformIndependentNuGetPackages\SunamoHtml\SunamoHtml\Html\HtmlHelperShared.cs(145,16): warning CS8603: Possible null reference return. [E:\vs\Projects\PlatformIndependentNuGetPackages\SunamoHtml\SunamoHtml\SunamoHtml.csproj::TargetFramework=net10.0]
E:\vs\Projects\PlatformIndependentNuGetPackages\SunamoHtml\SunamoHtml\_sunamo\SunamoString\SH.cs(297,16): warning CS8603: Possible null reference return. [E:\vs\Projects\PlatformIndependentNuGetPackages\SunamoHtml\SunamoHtml\SunamoHtml.csproj::TargetFramework=net10.0]
E:\vs\Projects\PlatformIndependentNuGetPackages\SunamoHtml\SunamoHtml\Html\HtmlHelperShared1.cs(295,16): warning CS8603: Possible null reference return. [E:\vs\Projects\PlatformIndependentNuGetPackages\SunamoHtml\SunamoHtml\SunamoHtml.csproj::TargetFramework=net10.0]
E:\vs\Projects\PlatformIndependentNuGetPackages\SunamoHtml\SunamoHtml\Html\HtmlHelperShared2.cs(217,16): warning CS8603: Possible null reference return. [E:\vs\Projects\PlatformIndependentNuGetPackages\SunamoHtml\SunamoHtml\SunamoHtml.csproj::TargetFramework=net10.0]
E:\vs\Projects\PlatformIndependentNuGetPackages\SunamoHtml\SunamoHtml\Html\HtmlHelperShared2.cs(246,16): warning CS8603: Possible null reference return. [E:\vs\Projects\PlatformIndependentNuGetPackages\SunamoHtml\SunamoHtml\SunamoHtml.csproj::TargetFramework=net10.0]
E:\vs\Projects\PlatformIndependentNuGetPackages\SunamoHtml\SunamoHtml\Html\HtmlHelperShared3.cs(34,16): warning CS8603: Possible null reference return. [E:\vs\Projects\PlatformIndependentNuGetPackages\SunamoHtml\SunamoHtml\SunamoHtml.csproj::TargetFramework=net10.0]
E:\vs\Projects\PlatformIndependentNuGetPackages\SunamoHtml\SunamoHtml\_sunamo\SunamoValues\Values\AllLists.cs(12,35): warning CS0649: Field 'AllLists.OstravaCityParts' is never assigned to, and will always have its default value null [E:\vs\Projects\PlatformIndependentNuGetPackages\SunamoHtml\SunamoHtml\SunamoHtml.csproj::TargetFramework=net10.0]
E:\vs\Projects\PlatformIndependentNuGetPackages\SunamoHtml\SunamoHtml\Generators\HtmlGeneratorExtended.cs(21,17): warning CS1591: Missing XML comment for publicly visible type or member 'HtmlGeneratorExtended.DetailAnchor(string, string, string)' [E:\vs\Projects\PlatformIndependentNuGetPackages\SunamoHtml\SunamoHtml\SunamoHtml.csproj::TargetFramework=net10.0]
E:\vs\Projects\PlatformIndependentNuGetPackages\SunamoHtml\SunamoHtml\HtmlAgilityHelper.cs(8,22): warning CA1052: Type 'HtmlAgilityHelper' is a static holder type but is neither static nor NotInheritable (https://learn.microsoft.com/dotnet/fundamentals/code-analysis/quality-rules/ca1052) [E:\vs\Projects\PlatformIndependentNuGetPackages\SunamoHtml\SunamoHtml\SunamoHtml.csproj::TargetFramework=net10.0]
E:\vs\Projects\PlatformIndependentNuGetPackages\SunamoHtml\SunamoHtml\Html\HtmlHelperShared.cs(28,45): warning CA1311: Specify a culture or use an invariant version to avoid implicit dependency on current culture (https://learn.microsoft.com/dotnet/fundamentals/code-analysis/quality-rules/ca1311) [E:\vs\Projects\PlatformIndependentNuGetPackages\SunamoHtml\SunamoHtml\SunamoHtml.csproj::TargetFramework=net10.0]
E:\vs\Projects\PlatformIndependentNuGetPackages\SunamoHtml\SunamoHtml\Html\HtmlHelperShared.cs(34,34): warning CA1845: Use span-based 'string.Concat' and 'AsSpan' instead of 'Substring' (https://learn.microsoft.com/dotnet/fundamentals/code-analysis/quality-rules/ca1845) [E:\vs\Projects\PlatformIndependentNuGetPackages\SunamoHtml\SunamoHtml\SunamoHtml.csproj::TargetFramework=net10.0]
E:\vs\Projects\PlatformIndependentNuGetPackages\SunamoHtml\SunamoHtml\Html\HtmlHelperShared.cs(24,37): warning CA1847: Use 'string.Contains(char)' instead of 'string.Contains(string)' when searching for a single character (https://learn.microsoft.com/dotnet/fundamentals/code-analysis/quality-rules/ca1847) [E:\vs\Projects\PlatformIndependentNuGetPackages\SunamoHtml\SunamoHtml\SunamoHtml.csproj::TargetFramework=net10.0]
E:\vs\Projects\PlatformIndependentNuGetPackages\SunamoHtml\SunamoHtml\Html\HtmlHelperShared.cs(28,19): warning CA1304: The behavior of 'string.ToLower()' could vary based on the current user's locale settings. Replace this call in 'HtmlHelper.ReplaceHtmlNonPairTagsWithXmlValid(string)' with a call to 'string.ToLower(CultureInfo)'. (https://learn.microsoft.com/dotnet/fundamentals/code-analysis/quality-rules/ca1304) [E:\vs\Projects\PlatformIndependentNuGetPackages\SunamoHtml\SunamoHtml\SunamoHtml.csproj::TargetFramework=net10.0]
E:\vs\Projects\PlatformIndependentNuGetPackages\SunamoHtml\SunamoHtml\Html\HtmlHelperShared.cs(22,24): warning CA1307: 'string.Replace(string, string?)' has a method overload that takes a 'StringComparison' parameter. Replace this call in 'SunamoHtml.Html.HtmlHelper.ReplaceHtmlNonPairTagsWithXmlValid(string)' with a call to 'string.Replace(string, string?, System.StringComparison)' for clarity of intent. (https://learn.microsoft.com/dotnet/fundamentals/code-analysis/quality-rules/ca1307) [E:\vs\Projects\PlatformIndependentNuGetPackages\SunamoHtml\SunamoHtml\SunamoHtml.csproj::TargetFramework=net10.0]
E:\vs\Projects\PlatformIndependentNuGetPackages\SunamoHtml\SunamoHtml\Html\HtmlHelperShared.cs(24,17): warning CA1307: 'string.Contains(string)' has a method overload that takes a 'StringComparison' parameter. Replace this call in 'SunamoHtml.Html.HtmlHelper.ReplaceHtmlNonPairTagsWithXmlValid(string)' with a call to 'string.Contains(string, System.StringComparison)' for clarity of intent. (https://learn.microsoft.com/dotnet/fundamentals/code-analysis/quality-rules/ca1307) [E:\vs\Projects\PlatformIndependentNuGetPackages\SunamoHtml\SunamoHtml\SunamoHtml.csproj::TargetFramework=net10.0]
E:\vs\Projects\PlatformIndependentNuGetPackages\SunamoHtml\SunamoHtml\Html\HtmlHelperShared.cs(27,23): warning CA1307: 'string.Replace(string, string?)' has a method overload that takes a 'StringComparison' parameter. Replace this call in 'SunamoHtml.Html.HtmlHelper.ReplaceHtmlNonPairTagsWithXmlValid(string)' with a call to 'string.Replace(string, string?, System.StringComparison)' for clarity of intent. (https://learn.microsoft.com/dotnet/fundamentals/code-analysis/quality-rules/ca1307) [E:\vs\Projects\PlatformIndependentNuGetPackages\SunamoHtml\SunamoHtml\SunamoHtml.csproj::TargetFramework=net10.0]
E:\vs\Projects\PlatformIndependentNuGetPackages\SunamoHtml\SunamoHtml\Html\HtmlHelperShared.cs(27,23): warning CA1307: 'string.Replace(string, string?)' has a method overload that takes a 'StringComparison' parameter. Replace this call in 'SunamoHtml.Html.HtmlHelper.ReplaceHtmlNonPairTagsWithXmlValid(string)' with a call to 'string.Replace(string, string?, System.StringComparison)' for clarity of intent. (https://learn.microsoft.com/dotnet/fundamentals/code-analysis/quality-rules/ca1307) [E:\vs\Projects\PlatformIndependentNuGetPackages\SunamoHtml\SunamoHtml\SunamoHtml.csproj::TargetFramework=net10.0]
E:\vs\Projects\PlatformIndependentNuGetPackages\SunamoHtml\SunamoHtml\Html\HtmlHelperShared.cs(30,22): warning CA1307: 'string.Contains(string)' has a method overload that takes a 'StringComparison' parameter. Replace this call in 'SunamoHtml.Html.HtmlHelper.ReplaceHtmlNonPairTagsWithXmlValid(string)' with a call to 'string.Contains(string, System.StringComparison)' for clarity of intent. (https://learn.microsoft.com/dotnet/fundamentals/code-analysis/quality-rules/ca1307) [E:\vs\Projects\PlatformIndependentNuGetPackages\SunamoHtml\SunamoHtml\SunamoHtml.csproj::TargetFramework=net10.0]
E:\vs\Projects\PlatformIndependentNuGetPackages\SunamoHtml\SunamoHtml\Html\HtmlHelperShared.cs(35,32): warning CA1307: 'string.Replace(string, string?)' has a method overload that takes a 'StringComparison' parameter. Replace this call in 'SunamoHtml.Html.HtmlHelper.ReplaceHtmlNonPairTagsWithXmlValid(string)' with a call to 'string.Replace(string, string?, System.StringComparison)' for clarity of intent. (https://learn.microsoft.com/dotnet/fundamentals/code-analysis/quality-rules/ca1307) [E:\vs\Projects\PlatformIndependentNuGetPackages\SunamoHtml\SunamoHtml\SunamoHtml.csproj::TargetFramework=net10.0]
E:\vs\Projects\PlatformIndependentNuGetPackages\SunamoHtml\SunamoHtml\Html\HtmlHelperShared.cs(49,16): warning CA1307: 'string.Replace(string, string?)' has a method overload that takes a 'StringComparison' parameter. Replace this call in 'SunamoHtml.Html.HtmlHelper.ConvertTextToHtml(string)' with a call to 'string.Replace(string, string?, System.StringComparison)' for clarity of intent. (https://learn.microsoft.com/dotnet/fundamentals/code-analysis/quality-rules/ca1307) [E:\vs\Projects\PlatformIndependentNuGetPackages\SunamoHtml\SunamoHtml\SunamoHtml.csproj::TargetFramework=net10.0]
E:\vs\Projects\PlatformIndependentNuGetPackages\SunamoHtml\SunamoHtml\Html\HtmlHelperShared.cs(50,16): warning CA1307: 'string.Replace(string, string?)' has a method overload that takes a 'StringComparison' parameter. Replace this call in 'SunamoHtml.Html.HtmlHelper.ConvertTextToHtml(string)' with a call to 'string.Replace(string, string?, System.StringComparison)' for clarity of intent. (https://learn.microsoft.com/dotnet/fundamentals/code-analysis/quality-rules/ca1307) [E:\vs\Projects\PlatformIndependentNuGetPackages\SunamoHtml\SunamoHtml\SunamoHtml.csproj::TargetFramework=net10.0]
E:\vs\Projects\PlatformIndependentNuGetPackages\SunamoHtml\SunamoHtml\Html\HtmlHelperShared.cs(61,16): warning CA1062: In externally visible method 'string HtmlHelper.PrepareToAttribute(string text)', validate parameter 'text' is non-null before using it. If appropriate, throw an 'ArgumentNullException' when the argument is 'null'. (https://learn.microsoft.com/dotnet/fundamentals/code-analysis/quality-rules/ca1062) [E:\vs\Projects\PlatformIndependentNuGetPackages\SunamoHtml\SunamoHtml\SunamoHtml.csproj::TargetFramework=net10.0]
E:\vs\Projects\PlatformIndependentNuGetPackages\SunamoHtml\SunamoHtml\Html\HtmlHelperShared.cs(49,16): warning CA1062: In externally visible method 'string HtmlHelper.ConvertTextToHtml(string text)', validate parameter 'text' is non-null before using it. If appropriate, throw an 'ArgumentNullException' when the argument is 'null'. (https://learn.microsoft.com/dotnet/fundamentals/code-analysis/quality-rules/ca1062) [E:\vs\Projects\PlatformIndependentNuGetPackages\SunamoHtml\SunamoHtml\SunamoHtml.csproj::TargetFramework=net10.0]
E:\vs\Projects\PlatformIndependentNuGetPackages\SunamoHtml\SunamoHtml\Html\HtmlTableDivParse.cs(19,45): warning CA1002: Change 'List<HtmlNode>' in 'HtmlTableDivParse.HtmlTableDivParse(List<HtmlNode>, int)' to use 'Collection<T>', 'ReadOnlyCollection<T>' or 'KeyedCollection<K,V>' (https://learn.microsoft.com/dotnet/fundamentals/code-analysis/quality-rules/ca1002) [E:\vs\Projects\PlatformIndependentNuGetPackages\SunamoHtml\SunamoHtml\SunamoHtml.csproj::TargetFramework=net10.0]
E:\vs\Projects\PlatformIndependentNuGetPackages\SunamoHtml\SunamoHtml\Html\HtmlHelperShared.cs(72,16): warning CA1307: 'string.Replace(string, string?)' has a method overload that takes a 'StringComparison' parameter. Replace this call in 'SunamoHtml.Html.HtmlHelper.ReplaceAllFontCase(string)' with a call to 'string.Replace(string, string?, System.StringComparison)' for clarity of intent. (https://learn.microsoft.com/dotnet/fundamentals/code-analysis/quality-rules/ca1307) [E:\vs\Projects\PlatformIndependentNuGetPackages\SunamoHtml\SunamoHtml\SunamoHtml.csproj::TargetFramework=net10.0]
E:\vs\Projects\PlatformIndependentNuGetPackages\SunamoHtml\SunamoHtml\Html\HtmlHelperShared.cs(73,16): warning CA1307: 'string.Replace(string, string?)' has a method overload that takes a 'StringComparison' parameter. Replace this call in 'SunamoHtml.Html.HtmlHelper.ReplaceAllFontCase(string)' with a call to 'string.Replace(string, string?, System.StringComparison)' for clarity of intent. (https://learn.microsoft.com/dotnet/fundamentals/code-analysis/quality-rules/ca1307) [E:\vs\Projects\PlatformIndependentNuGetPackages\SunamoHtml\SunamoHtml\SunamoHtml.csproj::TargetFramework=net10.0]
E:\vs\Projects\PlatformIndependentNuGetPackages\SunamoHtml\SunamoHtml\Html\HtmlHelperShared.cs(74,16): warning CA1307: 'string.Replace(string, string?)' has a method overload that takes a 'StringComparison' parameter. Replace this call in 'SunamoHtml.Html.HtmlHelper.ReplaceAllFontCase(string)' with a call to 'string.Replace(string, string?, System.StringComparison)' for clarity of intent. (https://learn.microsoft.com/dotnet/fundamentals/code-analysis/quality-rules/ca1307) [E:\vs\Projects\PlatformIndependentNuGetPackages\SunamoHtml\SunamoHtml\SunamoHtml.csproj::TargetFramework=net10.0]
E:\vs\Projects\PlatformIndependentNuGetPackages\SunamoHtml\SunamoHtml\Html\HtmlHelperShared.cs(75,16): warning CA1307: 'string.Replace(string, string?)' has a method overload that takes a 'StringComparison' parameter. Replace this call in 'SunamoHtml.Html.HtmlHelper.ReplaceAllFontCase(string)' with a call to 'string.Replace(string, string?, System.StringComparison)' for clarity of intent. (https://learn.microsoft.com/dotnet/fundamentals/code-analysis/quality-rules/ca1307) [E:\vs\Projects\PlatformIndependentNuGetPackages\SunamoHtml\SunamoHtml\SunamoHtml.csproj::TargetFramework=net10.0]
E:\vs\Projects\PlatformIndependentNuGetPackages\SunamoHtml\SunamoHtml\Html\HtmlHelperShared.cs(76,16): warning CA1307: 'string.Replace(string, string?)' has a method overload that takes a 'StringComparison' parameter. Replace this call in 'SunamoHtml.Html.HtmlHelper.ReplaceAllFontCase(string)' with a call to 'string.Replace(string, string?, System.StringComparison)' for clarity of intent. (https://learn.microsoft.com/dotnet/fundamentals/code-analysis/quality-rules/ca1307) [E:\vs\Projects\PlatformIndependentNuGetPackages\SunamoHtml\SunamoHtml\SunamoHtml.csproj::TargetFramework=net10.0]
E:\vs\Projects\PlatformIndependentNuGetPackages\SunamoHtml\SunamoHtml\Html\HtmlHelperShared.cs(77,16): warning CA1307: 'string.Replace(string, string?)' has a method overload that takes a 'StringComparison' parameter. Replace this call in 'SunamoHtml.Html.HtmlHelper.ReplaceAllFontCase(string)' with a call to 'string.Replace(string, string?, System.StringComparison)' for clarity of intent. (https://learn.microsoft.com/dotnet/fundamentals/code-analysis/quality-rules/ca1307) [E:\vs\Projects\PlatformIndependentNuGetPackages\SunamoHtml\SunamoHtml\SunamoHtml.csproj::TargetFramework=net10.0]
E:\vs\Projects\PlatformIndependentNuGetPackages\SunamoHtml\SunamoHtml\Html\HtmlHelperShared.cs(78,16): warning CA1307: 'string.Replace(string, string?)' has a method overload that takes a 'StringComparison' parameter. Replace this call in 'SunamoHtml.Html.HtmlHelper.ReplaceAllFontCase(string)' with a call to 'string.Replace(string, string?, System.StringComparison)' for clarity of intent. (https://learn.microsoft.com/dotnet/fundamentals/code-analysis/quality-rules/ca1307) [E:\vs\Projects\PlatformIndependentNuGetPackages\SunamoHtml\SunamoHtml\SunamoHtml.csproj::TargetFramework=net10.0]
E:\vs\Projects\PlatformIndependentNuGetPackages\SunamoHtml\SunamoHtml\Html\HtmlHelperShared.cs(79,16): warning CA1307: 'string.Replace(string, string?)' has a method overload that takes a 'StringComparison' parameter. Replace this call in 'SunamoHtml.Html.HtmlHelper.ReplaceAllFontCase(string)' with a call to 'string.Replace(string, string?, System.StringComparison)' for clarity of intent. (https://learn.microsoft.com/dotnet/fundamentals/code-analysis/quality-rules/ca1307) [E:\vs\Projects\PlatformIndependentNuGetPackages\SunamoHtml\SunamoHtml\SunamoHtml.csproj::TargetFramework=net10.0]
E:\vs\Projects\PlatformIndependentNuGetPackages\SunamoHtml\SunamoHtml\Html\HtmlHelperShared.cs(80,16): warning CA1307: 'string.Replace(string, string?)' has a method overload that takes a 'StringComparison' parameter. Replace this call in 'SunamoHtml.Html.HtmlHelper.ReplaceAllFontCase(string)' with a call to 'string.Replace(string, string?, System.StringComparison)' for clarity of intent. (https://learn.microsoft.com/dotnet/fundamentals/code-analysis/quality-rules/ca1307) [E:\vs\Projects\PlatformIndependentNuGetPackages\SunamoHtml\SunamoHtml\SunamoHtml.csproj::TargetFramework=net10.0]
E:\vs\Projects\PlatformIndependentNuGetPackages\SunamoHtml\SunamoHtml\Html\HtmlHelperShared.cs(81,16): warning CA1307: 'string.Replace(string, string?)' has a method overload that takes a 'StringComparison' parameter. Replace this call in 'SunamoHtml.Html.HtmlHelper.ReplaceAllFontCase(string)' with a call to 'string.Replace(string, string?, System.StringComparison)' for clarity of intent. (https://learn.microsoft.com/dotnet/fundamentals/code-analysis/quality-rules/ca1307) [E:\vs\Projects\PlatformIndependentNuGetPackages\SunamoHtml\SunamoHtml\SunamoHtml.csproj::TargetFramework=net10.0]
E:\vs\Projects\PlatformIndependentNuGetPackages\SunamoHtml\SunamoHtml\Html\HtmlHelperShared.cs(82,16): warning CA1307: 'string.Replace(string, string?)' has a method overload that takes a 'StringComparison' parameter. Replace this call in 'SunamoHtml.Html.HtmlHelper.ReplaceAllFontCase(string)' with a call to 'string.Replace(string, string?, System.StringComparison)' for clarity of intent. (https://learn.microsoft.com/dotnet/fundamentals/code-analysis/quality-rules/ca1307) [E:\vs\Projects\PlatformIndependentNuGetPackages\SunamoHtml\SunamoHtml\SunamoHtml.csproj::TargetFramework=net10.0]
E:\vs\Projects\PlatformIndependentNuGetPackages\SunamoHtml\SunamoHtml\Html\HtmlHelperShared.cs(72,16): warning CA1062: In externally visible method 'string HtmlHelper.ReplaceAllFontCase(string html)', validate parameter 'html' is non-null before using it. If appropriate, throw an 'ArgumentNullException' when the argument is 'null'. (https://learn.microsoft.com/dotnet/fundamentals/code-analysis/quality-rules/ca1062) [E:\vs\Projects\PlatformIndependentNuGetPackages\SunamoHtml\SunamoHtml\SunamoHtml.csproj::TargetFramework=net10.0]
E:\vs\Projects\PlatformIndependentNuGetPackages\SunamoHtml\SunamoHtml\Html\SecurityHelper.cs(43,25): warning CA1308: In method 'RemoveJsAttributesFromEveryNode', replace the call to 'ToLowerInvariant' with 'ToUpperInvariant' (https://learn.microsoft.com/dotnet/fundamentals/code-analysis/quality-rules/ca1308) [E:\vs\Projects\PlatformIndependentNuGetPackages\SunamoHtml\SunamoHtml\SunamoHtml.csproj::TargetFramework=net10.0]
E:\vs\Projects\PlatformIndependentNuGetPackages\SunamoHtml\SunamoHtml\Html\SecurityHelper.cs(45,30): warning CA1308: In method 'RemoveJsAttributesFromEveryNode', replace the call to 'ToLowerInvariant' with 'ToUpperInvariant' (https://learn.microsoft.com/dotnet/fundamentals/code-analysis/quality-rules/ca1308) [E:\vs\Projects\PlatformIndependentNuGetPackages\SunamoHtml\SunamoHtml\SunamoHtml.csproj::TargetFramework=net10.0]
E:\vs\Projects\PlatformIndependentNuGetPackages\SunamoHtml\SunamoHtml\Html\HtmlHelperShared.cs(93,16): warning CA1307: 'string.Replace(string, string?)' has a method overload that takes a 'StringComparison' parameter. Replace this call in 'SunamoHtml.Html.HtmlHelper.ClearSpaces(string)' with a call to 'string.Replace(string, string?, System.StringComparison)' for clarity of intent. (https://learn.microsoft.com/dotnet/fundamentals/code-analysis/quality-rules/ca1307) [E:\vs\Projects\PlatformIndependentNuGetPackages\SunamoHtml\SunamoHtml\SunamoHtml.csproj::TargetFramework=net10.0]
E:\vs\Projects\PlatformIndependentNuGetPackages\SunamoHtml\SunamoHtml\Html\HtmlHelperShared.cs(93,16): warning CA1307: 'string.Replace(string, string?)' has a method overload that takes a 'StringComparison' parameter. Replace this call in 'SunamoHtml.Html.HtmlHelper.ClearSpaces(string)' with a call to 'string.Replace(string, string?, System.StringComparison)' for clarity of intent. (https://learn.microsoft.com/dotnet/fundamentals/code-analysis/quality-rules/ca1307) [E:\vs\Projects\PlatformIndependentNuGetPackages\SunamoHtml\SunamoHtml\SunamoHtml.csproj::TargetFramework=net10.0]
E:\vs\Projects\PlatformIndependentNuGetPackages\SunamoHtml\SunamoHtml\Html\HtmlHelperShared.cs(93,16): warning CA1062: In externally visible method 'string HtmlHelper.ClearSpaces(string text)', validate parameter 'text' is non-null before using it. If appropriate, throw an 'ArgumentNullException' when the argument is 'null'. (https://learn.microsoft.com/dotnet/fundamentals/code-analysis/quality-rules/ca1062) [E:\vs\Projects\PlatformIndependentNuGetPackages\SunamoHtml\SunamoHtml\SunamoHtml.csproj::TargetFramework=net10.0]
E:\vs\Projects\PlatformIndependentNuGetPackages\SunamoHtml\SunamoHtml\Html\HtmlHelperShared.cs(153,34): warning CA1002: Change 'List<HtmlNode>' in 'HtmlHelper.GetWithoutTextNodes(HtmlNode)' to use 'Collection<T>', 'ReadOnlyCollection<T>' or 'KeyedCollection<K,V>' (https://learn.microsoft.com/dotnet/fundamentals/code-analysis/quality-rules/ca1002) [E:\vs\Projects\PlatformIndependentNuGetPackages\SunamoHtml\SunamoHtml\SunamoHtml.csproj::TargetFramework=net10.0]
E:\vs\Projects\PlatformIndependentNuGetPackages\SunamoHtml\SunamoHtml\Html\HtmlHelperShared.cs(142,44): warning CA1062: In externally visible method 'HtmlNode HtmlHelper.ReturnTagWithAttr(HtmlNode htmlNode, string tag, string attributeName, string value)', validate parameter 'htmlNode' is non-null before using it. If appropriate, throw an 'ArgumentNullException' when the argument is 'null'. (https://learn.microsoft.com/dotnet/fundamentals/code-analysis/quality-rules/ca1062) [E:\vs\Projects\PlatformIndependentNuGetPackages\SunamoHtml\SunamoHtml\SunamoHtml.csproj::TargetFramework=net10.0]
E:\vs\Projects\PlatformIndependentNuGetPackages\SunamoHtml\SunamoHtml\Html\HtmlHelperShared.cs(156,30): warning CA1062: In externally visible method 'List<HtmlNode> HtmlHelper.GetWithoutTextNodes(HtmlNode htmlNode)', validate parameter 'htmlNode' is non-null before using it. If appropriate, throw an 'ArgumentNullException' when the argument is 'null'. (https://learn.microsoft.com/dotnet/fundamentals/code-analysis/quality-rules/ca1062) [E:\vs\Projects\PlatformIndependentNuGetPackages\SunamoHtml\SunamoHtml\SunamoHtml.csproj::TargetFramework=net10.0]
E:\vs\Projects\PlatformIndependentNuGetPackages\SunamoHtml\SunamoHtml\_sunamo\SunamoStringReplace\SHReplace.cs(7,16): warning CA1307: 'string.Replace(string, string?)' has a method overload that takes a 'StringComparison' parameter. Replace this call in 'SunamoHtml._sunamo.SunamoStringReplace.SHReplace.ReplaceWhiteSpacesWithoutSpacesWithReplaceWith(string, string)' with a call to 'string.Replace(string, string?, System.StringComparison)' for clarity of intent. (https://learn.microsoft.com/dotnet/fundamentals/code-analysis/quality-rules/ca1307) [E:\vs\Projects\PlatformIndependentNuGetPackages\SunamoHtml\SunamoHtml\SunamoHtml.csproj::TargetFramework=net10.0]
E:\vs\Projects\PlatformIndependentNuGetPackages\SunamoHtml\SunamoHtml\Html\HtmlHelperShared.cs(210,16): warning CA1307: 'string.Replace(string, string?)' has a method overload that takes a 'StringComparison' parameter. Replace this call in 'SunamoHtml.Html.HtmlHelper.TrimOpenAndEndTags(string, string)' with a call to 'string.Replace(string, string?, System.StringComparison)' for clarity of intent. (https://learn.microsoft.com/dotnet/fundamentals/code-analysis/quality-rules/ca1307) [E:\vs\Projects\PlatformIndependentNuGetPackages\SunamoHtml\SunamoHtml\SunamoHtml.csproj::TargetFramework=net10.0]
E:\vs\Projects\PlatformIndependentNuGetPackages\SunamoHtml\SunamoHtml\_sunamo\SunamoStringReplace\SHReplace.cs(7,16): warning CA1307: 'string.Replace(string, string?)' has a method overload that takes a 'StringComparison' parameter. Replace this call in 'SunamoHtml._sunamo.SunamoStringReplace.SHReplace.ReplaceWhiteSpacesWithoutSpacesWithReplaceWith(string, string)' with a call to 'string.Replace(string, string?, System.StringComparison)' for clarity of intent. (https://learn.microsoft.com/dotnet/fundamentals/code-analysis/quality-rules/ca1307) [E:\vs\Projects\PlatformIndependentNuGetPackages\SunamoHtml\SunamoHtml\SunamoHtml.csproj::TargetFramework=net10.0]
E:\vs\Projects\PlatformIndependentNuGetPackages\SunamoHtml\SunamoHtml\Html\HtmlHelperShared.cs(211,16): warning CA1307: 'string.Replace(string, string?)' has a method overload that takes a 'StringComparison' parameter. Replace this call in 'SunamoHtml.Html.HtmlHelper.TrimOpenAndEndTags(string, string)' with a call to 'string.Replace(string, string?, System.StringComparison)' for clarity of intent. (https://learn.microsoft.com/dotnet/fundamentals/code-analysis/quality-rules/ca1307) [E:\vs\Projects\PlatformIndependentNuGetPackages\SunamoHtml\SunamoHtml\SunamoHtml.csproj::TargetFramework=net10.0]
E:\vs\Projects\PlatformIndependentNuGetPackages\SunamoHtml\SunamoHtml\_sunamo\SunamoStringReplace\SHReplace.cs(7,16): warning CA1307: 'string.Replace(string, string?)' has a method overload that takes a 'StringComparison' parameter. Replace this call in 'SunamoHtml._sunamo.SunamoStringReplace.SHReplace.ReplaceWhiteSpacesWithoutSpacesWithReplaceWith(string, string)' with a call to 'string.Replace(string, string?, System.StringComparison)' for clarity of intent. (https://learn.microsoft.com/dotnet/fundamentals/code-analysis/quality-rules/ca1307) [E:\vs\Projects\PlatformIndependentNuGetPackages\SunamoHtml\SunamoHtml\SunamoHtml.csproj::TargetFramework=net10.0]
E:\vs\Projects\PlatformIndependentNuGetPackages\SunamoHtml\SunamoHtml\_sunamo\SunamoCollectionsChangeContent\CAChangeContent.cs(23,25): warning CA1820: Test for empty strings using 'string.Length' property or 'string.IsNullOrEmpty' method instead of an Equality check (https://learn.microsoft.com/dotnet/fundamentals/code-analysis/quality-rules/ca1820) [E:\vs\Projects\PlatformIndependentNuGetPackages\SunamoHtml\SunamoHtml\SunamoHtml.csproj::TargetFramework=net10.0]
E:\vs\Projects\PlatformIndependentNuGetPackages\SunamoHtml\SunamoHtml\Html\HtmlHelperShared.cs(210,16): warning CA1062: In externally visible method 'string HtmlHelper.TrimOpenAndEndTags(string html, string nameOfTag)', validate parameter 'html' is non-null before using it. If appropriate, throw an 'ArgumentNullException' when the argument is 'null'. (https://learn.microsoft.com/dotnet/fundamentals/code-analysis/quality-rules/ca1062) [E:\vs\Projects\PlatformIndependentNuGetPackages\SunamoHtml\SunamoHtml\SunamoHtml.csproj::TargetFramework=net10.0]
E:\vs\Projects\PlatformIndependentNuGetPackages\SunamoHtml\SunamoHtml\_sunamo\SunamoStringReplace\SHReplace.cs(23,53): warning CA1307: 'string.Replace(string, string?)' has a method overload that takes a 'StringComparison' parameter. Replace this call in 'SunamoHtml._sunamo.SunamoStringReplace.SHReplace.ReplaceAllArray(string, string, params string[])' with a call to 'string.Replace(string, string?, System.StringComparison)' for clarity of intent. (https://learn.microsoft.com/dotnet/fundamentals/code-analysis/quality-rules/ca1307) [E:\vs\Projects\PlatformIndependentNuGetPackages\SunamoHtml\SunamoHtml\SunamoHtml.csproj::TargetFramework=net10.0]
E:\vs\Projects\PlatformIndependentNuGetPackages\SunamoHtml\SunamoHtml\_sunamo\SunamoRegex\RegexHelper.cs(91,39): warning CA1310: The behavior of 'string.StartsWith(string)' could vary based on the current user's locale settings. Replace this call in 'SunamoHtml._sunamo.SunamoRegex.RegexHelper.IsUri(string)' with a call to 'string.StartsWith(string, System.StringComparison)'. (https://learn.microsoft.com/dotnet/fundamentals/code-analysis/quality-rules/ca1310) [E:\vs\Projects\PlatformIndependentNuGetPackages\SunamoHtml\SunamoHtml\SunamoHtml.csproj::TargetFramework=net10.0]
E:\vs\Projects\PlatformIndependentNuGetPackages\SunamoHtml\SunamoHtml\_sunamo\SunamoRegex\RegexHelper.cs(91,69): warning CA1310: The behavior of 'string.StartsWith(string)' could vary based on the current user's locale settings. Replace this call in 'SunamoHtml._sunamo.SunamoRegex.RegexHelper.IsUri(string)' with a call to 'string.StartsWith(string, System.StringComparison)'. (https://learn.microsoft.com/dotnet/fundamentals/code-analysis/quality-rules/ca1310) [E:\vs\Projects\PlatformIndependentNuGetPackages\SunamoHtml\SunamoHtml\SunamoHtml.csproj::TargetFramework=net10.0]
E:\vs\Projects\PlatformIndependentNuGetPackages\SunamoHtml\SunamoHtml\_sunamo\SunamoStringReplace\SHReplace.cs(62,53): warning CA1307: 'string.Replace(string, string?)' has a method overload that takes a 'StringComparison' parameter. Replace this call in 'SunamoHtml._sunamo.SunamoStringReplace.SHReplace.ReplaceAll(string, string, params string[])' with a call to 'string.Replace(string, string?, System.StringComparison)' for clarity of intent. (https://learn.microsoft.com/dotnet/fundamentals/code-analysis/quality-rules/ca1307) [E:\vs\Projects\PlatformIndependentNuGetPackages\SunamoHtml\SunamoHtml\SunamoHtml.csproj::TargetFramework=net10.0]
E:\vs\Projects\PlatformIndependentNuGetPackages\SunamoHtml\SunamoHtml\Html\HtmlHelperShared.cs(35,32): warning CA1062: In externally visible method 'string HtmlHelper.ReplaceHtmlNonPairTagsWithXmlValid(string html)', validate parameter 'html' is non-null before using it. If appropriate, throw an 'ArgumentNullException' when the argument is 'null'. (https://learn.microsoft.com/dotnet/fundamentals/code-analysis/quality-rules/ca1062) [E:\vs\Projects\PlatformIndependentNuGetPackages\SunamoHtml\SunamoHtml\SunamoHtml.csproj::TargetFramework=net10.0]
E:\vs\Projects\PlatformIndependentNuGetPackages\SunamoHtml\SunamoHtml\_sunamo\SunamoStringReplace\SHReplace.cs(33,20): warning CA1307: 'string.Replace(string, string?)' has a method overload that takes a 'StringComparison' parameter. Replace this call in 'SunamoHtml._sunamo.SunamoStringReplace.SHReplace.ReplaceAllDoubleSpaceToSingle(string, bool)' with a call to 'string.Replace(string, string?, System.StringComparison)' for clarity of intent. (https://learn.microsoft.com/dotnet/fundamentals/code-analysis/quality-rules/ca1307) [E:\vs\Projects\PlatformIndependentNuGetPackages\SunamoHtml\SunamoHtml\SunamoHtml.csproj::TargetFramework=net10.0]
E:\vs\Projects\PlatformIndependentNuGetPackages\SunamoHtml\SunamoHtml\_sunamo\SunamoStringReplace\SHReplace.cs(34,20): warning CA1307: 'string.Replace(string, string?)' has a method overload that takes a 'StringComparison' parameter. Replace this call in 'SunamoHtml._sunamo.SunamoStringReplace.SHReplace.ReplaceAllDoubleSpaceToSingle(string, bool)' with a call to 'string.Replace(string, string?, System.StringComparison)' for clarity of intent. (https://learn.microsoft.com/dotnet/fundamentals/code-analysis/quality-rules/ca1307) [E:\vs\Projects\PlatformIndependentNuGetPackages\SunamoHtml\SunamoHtml\SunamoHtml.csproj::TargetFramework=net10.0]
E:\vs\Projects\PlatformIndependentNuGetPackages\SunamoHtml\SunamoHtml\_sunamo\SunamoStringReplace\SHReplace.cs(35,20): warning CA1307: 'string.Replace(string, string?)' has a method overload that takes a 'StringComparison' parameter. Replace this call in 'SunamoHtml._sunamo.SunamoStringReplace.SHReplace.ReplaceAllDoubleSpaceToSingle(string, bool)' with a call to 'string.Replace(string, string?, System.StringComparison)' for clarity of intent. (https://learn.microsoft.com/dotnet/fundamentals/code-analysis/quality-rules/ca1307) [E:\vs\Projects\PlatformIndependentNuGetPackages\SunamoHtml\SunamoHtml\SunamoHtml.csproj::TargetFramework=net10.0]
E:\vs\Projects\PlatformIndependentNuGetPackages\SunamoHtml\SunamoHtml\_sunamo\SunamoStringReplace\SHReplace.cs(38,16): warning CA1307: 'string.Contains(string)' has a method overload that takes a 'StringComparison' parameter. Replace this call in 'SunamoHtml._sunamo.SunamoStringReplace.SHReplace.ReplaceAllDoubleSpaceToSingle(string, bool)' with a call to 'string.Contains(string, System.StringComparison)' for clarity of intent. (https://learn.microsoft.com/dotnet/fundamentals/code-analysis/quality-rules/ca1307) [E:\vs\Projects\PlatformIndependentNuGetPackages\SunamoHtml\SunamoHtml\SunamoHtml.csproj::TargetFramework=net10.0]
E:\vs\Projects\PlatformIndependentNuGetPackages\SunamoHtml\SunamoHtml\_sunamo\SunamoStringReplace\SHReplace.cs(39,20): warning CA1307: 'string.Replace(string, string?)' has a method overload that takes a 'StringComparison' parameter. Replace this call in 'SunamoHtml._sunamo.SunamoStringReplace.SHReplace.ReplaceAllDoubleSpaceToSingle(string, bool)' with a call to 'string.Replace(string, string?, System.StringComparison)' for clarity of intent. (https://learn.microsoft.com/dotnet/fundamentals/code-analysis/quality-rules/ca1307) [E:\vs\Projects\PlatformIndependentNuGetPackages\SunamoHtml\SunamoHtml\SunamoHtml.csproj::TargetFramework=net10.0]
E:\vs\Projects\PlatformIndependentNuGetPackages\SunamoHtml\SunamoHtml\_sunamo\SunamoStringSplit\SHSplit.cs(31,21): warning CA1820: Test for empty strings using 'string.Length' property or 'string.IsNullOrEmpty' method instead of an Equality check (https://learn.microsoft.com/dotnet/fundamentals/code-analysis/quality-rules/ca1820) [E:\vs\Projects\PlatformIndependentNuGetPackages\SunamoHtml\SunamoHtml\SunamoHtml.csproj::TargetFramework=net10.0]
E:\vs\Projects\PlatformIndependentNuGetPackages\SunamoHtml\SunamoHtml\_sunamo\SunamoUri\UH.cs(10,14): warning CA1310: The behavior of 'string.StartsWith(string)' could vary based on the current user's locale settings. Replace this call in 'SunamoHtml._sunamo.SunamoUri.UH.AppendHttpIfNotExists(string)' with a call to 'string.StartsWith(string, System.StringComparison)'. (https://learn.microsoft.com/dotnet/fundamentals/code-analysis/quality-rules/ca1310) [E:\vs\Projects\PlatformIndependentNuGetPackages\SunamoHtml\SunamoHtml\SunamoHtml.csproj::TargetFramework=net10.0]
E:\vs\Projects\PlatformIndependentNuGetPackages\SunamoHtml\SunamoHtml\_sunamo\SunamoValues\Constants\HtmlStartingTags.cs(11,25): warning CA1823: Unused field 'Type' (https://learn.microsoft.com/dotnet/fundamentals/code-analysis/quality-rules/ca1823) [E:\vs\Projects\PlatformIndependentNuGetPackages\SunamoHtml\SunamoHtml\SunamoHtml.csproj::TargetFramework=net10.0]
E:\vs\Projects\PlatformIndependentNuGetPackages\SunamoHtml\SunamoHtml\_sunamo\SunamoValues\Constants\HtmlEndingTags.cs(11,25): warning CA1823: Unused field 'Type' (https://learn.microsoft.com/dotnet/fundamentals/code-analysis/quality-rules/ca1823) [E:\vs\Projects\PlatformIndependentNuGetPackages\SunamoHtml\SunamoHtml\SunamoHtml.csproj::TargetFramework=net10.0]
E:\vs\Projects\PlatformIndependentNuGetPackages\SunamoHtml\SunamoHtml\_sunamo\SunamoExceptions\Exceptions.cs(26,22): warning CA1310: The behavior of 'string.StartsWith(string)' could vary based on the current user's locale settings. Replace this call in 'SunamoHtml._sunamo.SunamoExceptions.Exceptions.PlaceOfException(bool)' with a call to 'string.StartsWith(string, System.StringComparison)'. (https://learn.microsoft.com/dotnet/fundamentals/code-analysis/quality-rules/ca1310) [E:\vs\Projects\PlatformIndependentNuGetPackages\SunamoHtml\SunamoHtml\SunamoHtml.csproj::TargetFramework=net10.0]
E:\vs\Projects\PlatformIndependentNuGetPackages\SunamoHtml\SunamoHtml\_sunamo\SunamoExceptions\Exceptions.cs(31,17): warning CA1310: The behavior of 'string.StartsWith(string)' could vary based on the current user's locale settings. Replace this call in 'SunamoHtml._sunamo.SunamoExceptions.Exceptions.PlaceOfException(bool)' with a call to 'string.StartsWith(string, System.StringComparison)'. (https://learn.microsoft.com/dotnet/fundamentals/code-analysis/quality-rules/ca1310) [E:\vs\Projects\PlatformIndependentNuGetPackages\SunamoHtml\SunamoHtml\SunamoHtml.csproj::TargetFramework=net10.0]
E:\vs\Projects\PlatformIndependentNuGetPackages\SunamoHtml\SunamoHtml\_sunamo\SunamoCollectionsChangeContent\CAChangeContent.cs(52,25): warning CA1820: Test for empty strings using 'string.Length' property or 'string.IsNullOrEmpty' method instead of an Equality check (https://learn.microsoft.com/dotnet/fundamentals/code-analysis/quality-rules/ca1820) [E:\vs\Projects\PlatformIndependentNuGetPackages\SunamoHtml\SunamoHtml\SunamoHtml.csproj::TargetFramework=net10.0]
E:\vs\Projects\PlatformIndependentNuGetPackages\SunamoHtml\SunamoHtml\_sunamo\SunamoString\SH.cs(53,39): warning CA1311: Specify a culture or use an invariant version to avoid implicit dependency on current culture (https://learn.microsoft.com/dotnet/fundamentals/code-analysis/quality-rules/ca1311) [E:\vs\Projects\PlatformIndependentNuGetPackages\SunamoHtml\SunamoHtml\SunamoHtml.csproj::TargetFramework=net10.0]
E:\vs\Projects\PlatformIndependentNuGetPackages\SunamoHtml\SunamoHtml\_sunamo\SunamoString\SH.cs(53,25): warning CA1304: The behavior of 'string.ToLower()' could vary based on the current user's locale settings. Replace this call in 'SH.ReturnOccurencesOfStringFromToWord(string, params string[])' with a call to 'string.ToLower(CultureInfo)'. (https://learn.microsoft.com/dotnet/fundamentals/code-analysis/quality-rules/ca1304) [E:\vs\Projects\PlatformIndependentNuGetPackages\SunamoHtml\SunamoHtml\SunamoHtml.csproj::TargetFramework=net10.0]
E:\vs\Projects\PlatformIndependentNuGetPackages\SunamoHtml\SunamoHtml\_sunamo\SunamoExceptions\Exceptions.cs(44,36): warning CA1861: Prefer 'static readonly' fields over constant array arguments if the called method is called repeatedly and is not mutating the passed array (https://learn.microsoft.com/dotnet/fundamentals/code-analysis/quality-rules/ca1861) [E:\vs\Projects\PlatformIndependentNuGetPackages\SunamoHtml\SunamoHtml\SunamoHtml.csproj::TargetFramework=net10.0]
E:\vs\Projects\PlatformIndependentNuGetPackages\SunamoHtml\SunamoHtml\_sunamo\SunamoValues\Values\AllLists1.cs(6,12): warning CA1810: Initialize all static fields in 'AllLists' when those fields are declared and remove the explicit static constructor (https://learn.microsoft.com/dotnet/fundamentals/code-analysis/quality-rules/ca1810) [E:\vs\Projects\PlatformIndependentNuGetPackages\SunamoHtml\SunamoHtml\SunamoHtml.csproj::TargetFramework=net10.0]
E:\vs\Projects\PlatformIndependentNuGetPackages\SunamoHtml\SunamoHtml\_sunamo\SunamoString\SH.cs(105,30): warning CA1307: 'string.IndexOf(char)' has a method overload that takes a 'StringComparison' parameter. Replace this call in 'SunamoHtml._sunamo.SunamoString.SH.GetFirstPartByLocation(string, char)' with a call to 'string.IndexOf(char, System.StringComparison)' for clarity of intent. (https://learn.microsoft.com/dotnet/fundamentals/code-analysis/quality-rules/ca1307) [E:\vs\Projects\PlatformIndependentNuGetPackages\SunamoHtml\SunamoHtml\SunamoHtml.csproj::TargetFramework=net10.0]
E:\vs\Projects\PlatformIndependentNuGetPackages\SunamoHtml\SunamoHtml\_sunamo\SunamoExceptions\ThrowEx.cs(72,23): warning CA2201: Exception type System.Exception is not sufficiently specific (https://learn.microsoft.com/dotnet/fundamentals/code-analysis/quality-rules/ca2201) [E:\vs\Projects\PlatformIndependentNuGetPackages\SunamoHtml\SunamoHtml\SunamoHtml.csproj::TargetFramework=net10.0]
E:\vs\Projects\PlatformIndependentNuGetPackages\SunamoHtml\SunamoHtml\Html\HtmlHelperShared.cs(225,125): warning CA1002: Change 'List<string>' in 'HtmlHelper.HighlightingWords(string, int, int, List<string>)' to use 'Collection<T>', 'ReadOnlyCollection<T>' or 'KeyedCollection<K,V>' (https://learn.microsoft.com/dotnet/fundamentals/code-analysis/quality-rules/ca1002) [E:\vs\Projects\PlatformIndependentNuGetPackages\SunamoHtml\SunamoHtml\SunamoHtml.csproj::TargetFramework=net10.0]
E:\vs\Projects\PlatformIndependentNuGetPackages\SunamoHtml\SunamoHtml\Html\HtmlHelperShared.cs(228,49): warning CA1311: Specify a culture or use an invariant version to avoid implicit dependency on current culture (https://learn.microsoft.com/dotnet/fundamentals/code-analysis/quality-rules/ca1311) [E:\vs\Projects\PlatformIndependentNuGetPackages\SunamoHtml\SunamoHtml\SunamoHtml.csproj::TargetFramework=net10.0]
E:\vs\Projects\PlatformIndependentNuGetPackages\SunamoHtml\SunamoHtml\Html\HtmlHelperShared.cs(291,42): warning CA1311: Specify a culture or use an invariant version to avoid implicit dependency on current culture (https://learn.microsoft.com/dotnet/fundamentals/code-analysis/quality-rules/ca1311) [E:\vs\Projects\PlatformIndependentNuGetPackages\SunamoHtml\SunamoHtml\SunamoHtml.csproj::TargetFramework=net10.0]
E:\vs\Projects\PlatformIndependentNuGetPackages\SunamoHtml\SunamoHtml\Html\HtmlHelperShared.cs(228,32): warning CA1304: The behavior of 'string.ToLower()' could vary based on the current user's locale settings. Replace this call in 'HtmlHelper.HighlightingWords(string, int, int, List<string>)' with a call to 'string.ToLower(CultureInfo)'. (https://learn.microsoft.com/dotnet/fundamentals/code-analysis/quality-rules/ca1304) [E:\vs\Projects\PlatformIndependentNuGetPackages\SunamoHtml\SunamoHtml\SunamoHtml.csproj::TargetFramework=net10.0]
E:\vs\Projects\PlatformIndependentNuGetPackages\SunamoHtml\SunamoHtml\Html\HtmlHelperShared.cs(291,37): warning CA1304: The behavior of 'string.ToLower()' could vary based on the current user's locale settings. Replace this call in 'HtmlHelper.HighlightingWords(string, int, int, List<string>)' with a call to 'string.ToLower(CultureInfo)'. (https://learn.microsoft.com/dotnet/fundamentals/code-analysis/quality-rules/ca1304) [E:\vs\Projects\PlatformIndependentNuGetPackages\SunamoHtml\SunamoHtml\SunamoHtml.csproj::TargetFramework=net10.0]
E:\vs\Projects\PlatformIndependentNuGetPackages\SunamoHtml\SunamoHtml\_sunamo\SunamoString\SH.cs(201,21): warning CA1820: Test for empty strings using 'string.Length' property or 'string.IsNullOrEmpty' method instead of an Equality check (https://learn.microsoft.com/dotnet/fundamentals/code-analysis/quality-rules/ca1820) [E:\vs\Projects\PlatformIndependentNuGetPackages\SunamoHtml\SunamoHtml\SunamoHtml.csproj::TargetFramework=net10.0]
E:\vs\Projects\PlatformIndependentNuGetPackages\SunamoHtml\SunamoHtml\Html\HtmlHelperText.cs(89,71): warning CA1002: Change 'List<string>' in 'HtmlHelperText.CreateH2FromNumberedList(List<string>)' to use 'Collection<T>', 'ReadOnlyCollection<T>' or 'KeyedCollection<K,V>' (https://learn.microsoft.com/dotnet/fundamentals/code-analysis/quality-rules/ca1002) [E:\vs\Projects\PlatformIndependentNuGetPackages\SunamoHtml\SunamoHtml\SunamoHtml.csproj::TargetFramework=net10.0]
E:\vs\Projects\PlatformIndependentNuGetPackages\SunamoHtml\SunamoHtml\_sunamo\SunamoExceptions\Exceptions.cs(93,18): warning CA1307: 'string.Contains(string)' has a method overload that takes a 'StringComparison' parameter. Replace this call in 'SunamoHtml._sunamo.SunamoExceptions.Exceptions.NotContains(string, string, params string[])' with a call to 'string.Contains(string, System.StringComparison)' for clarity of intent. (https://learn.microsoft.com/dotnet/fundamentals/code-analysis/quality-rules/ca1307) [E:\vs\Projects\PlatformIndependentNuGetPackages\SunamoHtml\SunamoHtml\SunamoHtml.csproj::TargetFramework=net10.0]
E:\vs\Projects\PlatformIndependentNuGetPackages\SunamoHtml\SunamoHtml\Html\HtmlHelperShared1.cs(54,13): warning CA1062: In externally visible method 'HtmlNode HtmlHelper.TrimNode(HtmlNode htmlNode)', validate parameter 'htmlNode' is non-null before using it. If appropriate, throw an 'ArgumentNullException' when the argument is 'null'. (https://learn.microsoft.com/dotnet/fundamentals/code-analysis/quality-rules/ca1062) [E:\vs\Projects\PlatformIndependentNuGetPackages\SunamoHtml\SunamoHtml\SunamoHtml.csproj::TargetFramework=net10.0]
E:\vs\Projects\PlatformIndependentNuGetPackages\SunamoHtml\SunamoHtml\Html\HtmlHelperText.cs(36,49): warning CA1062: In externally visible method 'string HtmlHelperText.InsertMissingEndingTags(string text, string tag)', validate parameter 'text' is non-null before using it. If appropriate, throw an 'ArgumentNullException' when the argument is 'null'. (https://learn.microsoft.com/dotnet/fundamentals/code-analysis/quality-rules/ca1062) [E:\vs\Projects\PlatformIndependentNuGetPackages\SunamoHtml\SunamoHtml\SunamoHtml.csproj::TargetFramework=net10.0]
E:\vs\Projects\PlatformIndependentNuGetPackages\SunamoHtml\SunamoHtml\Html\HtmlHelperSunamoCz.cs(18,16): warning CA1307: 'string.Replace(string, string?)' has a method overload that takes a 'StringComparison' parameter. Replace this call in 'SunamoHtml.Html.HtmlHelperSunamoCz.ConvertTextToHtmlWithAnchors(string, ref string)' with a call to 'string.Replace(string, string?, System.StringComparison)' for clarity of intent. (https://learn.microsoft.com/dotnet/fundamentals/code-analysis/quality-rules/ca1307) [E:\vs\Projects\PlatformIndependentNuGetPackages\SunamoHtml\SunamoHtml\SunamoHtml.csproj::TargetFramework=net10.0]
E:\vs\Projects\PlatformIndependentNuGetPackages\SunamoHtml\SunamoHtml\Html\HtmlHelperSunamoCz.cs(22,16): warning CA1307: 'string.Replace(string, string?)' has a method overload that takes a 'StringComparison' parameter. Replace this call in 'SunamoHtml.Html.HtmlHelperSunamoCz.ConvertTextToHtmlWithAnchors(string, ref string)' with a call to 'string.Replace(string, string?, System.StringComparison)' for clarity of intent. (https://learn.microsoft.com/dotnet/fundamentals/code-analysis/quality-rules/ca1307) [E:\vs\Projects\PlatformIndependentNuGetPackages\SunamoHtml\SunamoHtml\SunamoHtml.csproj::TargetFramework=net10.0]
E:\vs\Projects\PlatformIndependentNuGetPackages\SunamoHtml\SunamoHtml\Html\HtmlHelperSunamoCz.cs(29,17): warning CA1310: The behavior of 'string.StartsWith(string)' could vary based on the current user's locale settings. Replace this call in 'SunamoHtml.Html.HtmlHelperSunamoCz.ConvertTextToHtmlWithAnchors(string, ref string)' with a call to 'string.StartsWith(string, System.StringComparison)'. (https://learn.microsoft.com/dotnet/fundamentals/code-analysis/quality-rules/ca1310) [E:\vs\Projects\PlatformIndependentNuGetPackages\SunamoHtml\SunamoHtml\SunamoHtml.csproj::TargetFramework=net10.0]
E:\vs\Projects\PlatformIndependentNuGetPackages\SunamoHtml\SunamoHtml\Html\HtmlHelperSunamoCz.cs(29,48): warning CA1310: The behavior of 'string.StartsWith(string)' could vary based on the current user's locale settings. Replace this call in 'SunamoHtml.Html.HtmlHelperSunamoCz.ConvertTextToHtmlWithAnchors(string, ref string)' with a call to 'string.StartsWith(string, System.StringComparison)'. (https://learn.microsoft.com/dotnet/fundamentals/code-analysis/quality-rules/ca1310) [E:\vs\Projects\PlatformIndependentNuGetPackages\SunamoHtml\SunamoHtml\SunamoHtml.csproj::TargetFramework=net10.0]
E:\vs\Projects\PlatformIndependentNuGetPackages\SunamoHtml\SunamoHtml\Html\HtmlHelperSunamoCz.cs(29,79): warning CA1310: The behavior of 'string.StartsWith(string)' could vary based on the current user's locale settings. Replace this call in 'SunamoHtml.Html.HtmlHelperSunamoCz.ConvertTextToHtmlWithAnchors(string, ref string)' with a call to 'string.StartsWith(string, System.StringComparison)'. (https://learn.microsoft.com/dotnet/fundamentals/code-analysis/quality-rules/ca1310) [E:\vs\Projects\PlatformIndependentNuGetPackages\SunamoHtml\SunamoHtml\SunamoHtml.csproj::TargetFramework=net10.0]
E:\vs\Projects\PlatformIndependentNuGetPackages\SunamoHtml\SunamoHtml\Html\HtmlHelperText.cs(91,29): warning CA1062: In externally visible method 'IList<string> HtmlHelperText.CreateH2FromNumberedList(List<string> lines)', validate parameter 'lines' is non-null before using it. If appropriate, throw an 'ArgumentNullException' when the argument is 'null'. (https://learn.microsoft.com/dotnet/fundamentals/code-analysis/quality-rules/ca1062) [E:\vs\Projects\PlatformIndependentNuGetPackages\SunamoHtml\SunamoHtml\SunamoHtml.csproj::TargetFramework=net10.0]
E:\vs\Projects\PlatformIndependentNuGetPackages\SunamoHtml\SunamoHtml\_sunamo\SunamoExceptions\Exceptions.cs(63,35): warning CA1823: Unused field 'sbAdditionalInfoInner' (https://learn.microsoft.com/dotnet/fundamentals/code-analysis/quality-rules/ca1823) [E:\vs\Projects\PlatformIndependentNuGetPackages\SunamoHtml\SunamoHtml\SunamoHtml.csproj::TargetFramework=net10.0]
E:\vs\Projects\PlatformIndependentNuGetPackages\SunamoHtml\SunamoHtml\_sunamo\SunamoExceptions\Exceptions.cs(64,35): warning CA1823: Unused field 'sbAdditionalInfo' (https://learn.microsoft.com/dotnet/fundamentals/code-analysis/quality-rules/ca1823) [E:\vs\Projects\PlatformIndependentNuGetPackages\SunamoHtml\SunamoHtml\SunamoHtml.csproj::TargetFramework=net10.0]
E:\vs\Projects\PlatformIndependentNuGetPackages\SunamoHtml\SunamoHtml\Html\HtmlHelperShared1.cs(72,34): warning CA1002: Change 'List<HtmlNode>' in 'HtmlHelper.ReturnTagsRek(HtmlNode, string)' to use 'Collection<T>', 'ReadOnlyCollection<T>' or 'KeyedCollection<K,V>' (https://learn.microsoft.com/dotnet/fundamentals/code-analysis/quality-rules/ca1002) [E:\vs\Projects\PlatformIndependentNuGetPackages\SunamoHtml\SunamoHtml\SunamoHtml.csproj::TargetFramework=net10.0]
E:\vs\Projects\PlatformIndependentNuGetPackages\SunamoHtml\SunamoHtml\_sunamo\SunamoString\SH.cs(263,20): warning CA1845: Use span-based 'string.Concat' and 'AsSpan' instead of 'Substring' (https://learn.microsoft.com/dotnet/fundamentals/code-analysis/quality-rules/ca1845) [E:\vs\Projects\PlatformIndependentNuGetPackages\SunamoHtml\SunamoHtml\SunamoHtml.csproj::TargetFramework=net10.0]
E:\vs\Projects\PlatformIndependentNuGetPackages\SunamoHtml\SunamoHtml\_sunamo\SunamoString\SH.cs(258,21): warning CA1820: Test for empty strings using 'string.Length' property or 'string.IsNullOrEmpty' method instead of an Equality check (https://learn.microsoft.com/dotnet/fundamentals/code-analysis/quality-rules/ca1820) [E:\vs\Projects\PlatformIndependentNuGetPackages\SunamoHtml\SunamoHtml\SunamoHtml.csproj::TargetFramework=net10.0]
E:\vs\Projects\PlatformIndependentNuGetPackages\SunamoHtml\SunamoHtml\Html\HtmlHelperShared1.cs(106,34): warning CA1002: Change 'List<HtmlNode>' in 'HtmlHelper.ReturnTagsWithAttrRek(HtmlNode, string, string, string)' to use 'Collection<T>', 'ReadOnlyCollection<T>' or 'KeyedCollection<K,V>' (https://learn.microsoft.com/dotnet/fundamentals/code-analysis/quality-rules/ca1002) [E:\vs\Projects\PlatformIndependentNuGetPackages\SunamoHtml\SunamoHtml\SunamoHtml.csproj::TargetFramework=net10.0]
E:\vs\Projects\PlatformIndependentNuGetPackages\SunamoHtml\SunamoHtml\_sunamo\SunamoString\SH.cs(278,27): warning CA1310: The behavior of 'string.IndexOf(string)' could vary based on the current user's locale settings. Replace this call in 'SunamoHtml._sunamo.SunamoString.SH.GetToFirst(string, string)' with a call to 'string.IndexOf(string, System.StringComparison)'. (https://learn.microsoft.com/dotnet/fundamentals/code-analysis/quality-rules/ca1310) [E:\vs\Projects\PlatformIndependentNuGetPackages\SunamoHtml\SunamoHtml\SunamoHtml.csproj::TargetFramework=net10.0]
E:\vs\Projects\PlatformIndependentNuGetPackages\SunamoHtml\SunamoHtml\Html\HtmlHelperShared1.cs(75,37): warning CA1062: In externally visible method 'List<HtmlNode> HtmlHelper.ReturnTagsRek(HtmlNode htmlNode, string tagName)', validate parameter 'htmlNode' is non-null before using it. If appropriate, throw an 'ArgumentNullException' when the argument is 'null'. (https://learn.microsoft.com/dotnet/fundamentals/code-analysis/quality-rules/ca1062) [E:\vs\Projects\PlatformIndependentNuGetPackages\SunamoHtml\SunamoHtml\SunamoHtml.csproj::TargetFramework=net10.0]
E:\vs\Projects\PlatformIndependentNuGetPackages\SunamoHtml\SunamoHtml\Html\HtmlHelperShared1.cs(109,45): warning CA1062: In externally visible method 'List<HtmlNode> HtmlHelper.ReturnTagsWithAttrRek(HtmlNode htmlNode, string tagName, string attributeName, string attributeValue)', validate parameter 'htmlNode' is non-null before using it. If appropriate, throw an 'ArgumentNullException' when the argument is 'null'. (https://learn.microsoft.com/dotnet/fundamentals/code-analysis/quality-rules/ca1062) [E:\vs\Projects\PlatformIndependentNuGetPackages\SunamoHtml\SunamoHtml\SunamoHtml.csproj::TargetFramework=net10.0]
E:\vs\Projects\PlatformIndependentNuGetPackages\SunamoHtml\SunamoHtml\Html\HtmlHelperShared1.cs(120,34): warning CA1002: Change 'List<HtmlNode>' in 'HtmlHelper.ReturnAllTags(HtmlNode, params string[])' to use 'Collection<T>', 'ReadOnlyCollection<T>' or 'KeyedCollection<K,V>' (https://learn.microsoft.com/dotnet/fundamentals/code-analysis/quality-rules/ca1002) [E:\vs\Projects\PlatformIndependentNuGetPackages\SunamoHtml\SunamoHtml\SunamoHtml.csproj::TargetFramework=net10.0]
E:\vs\Projects\PlatformIndependentNuGetPackages\SunamoHtml\SunamoHtml\Html\HtmlHelperShared1.cs(132,34): warning CA1002: Change 'List<HtmlNode>' in 'HtmlHelper.TrimTexts(HtmlNodeCollection)' to use 'Collection<T>', 'ReadOnlyCollection<T>' or 'KeyedCollection<K,V>' (https://learn.microsoft.com/dotnet/fundamentals/code-analysis/quality-rules/ca1002) [E:\vs\Projects\PlatformIndependentNuGetPackages\SunamoHtml\SunamoHtml\SunamoHtml.csproj::TargetFramework=net10.0]
E:\vs\Projects\PlatformIndependentNuGetPackages\SunamoHtml\SunamoHtml\Html\HtmlHelperShared1.cs(142,34): warning CA1002: Change 'List<HtmlNode>' in 'HtmlHelper.TrimTexts(List<HtmlNode>)' to use 'Collection<T>', 'ReadOnlyCollection<T>' or 'KeyedCollection<K,V>' (https://learn.microsoft.com/dotnet/fundamentals/code-analysis/quality-rules/ca1002) [E:\vs\Projects\PlatformIndependentNuGetPackages\SunamoHtml\SunamoHtml\SunamoHtml.csproj::TargetFramework=net10.0]
E:\vs\Projects\PlatformIndependentNuGetPackages\SunamoHtml\SunamoHtml\Html\HtmlHelperShared1.cs(142,59): warning CA1002: Change 'List<HtmlNode>' in 'HtmlHelper.TrimTexts(List<HtmlNode>)' to use 'Collection<T>', 'ReadOnlyCollection<T>' or 'KeyedCollection<K,V>' (https://learn.microsoft.com/dotnet/fundamentals/code-analysis/quality-rules/ca1002) [E:\vs\Projects\PlatformIndependentNuGetPackages\SunamoHtml\SunamoHtml\SunamoHtml.csproj::TargetFramework=net10.0]
E:\vs\Projects\PlatformIndependentNuGetPackages\SunamoHtml\SunamoHtml\Html\HtmlHelperShared1.cs(154,34): warning CA1002: Change 'List<HtmlNode>' in 'HtmlHelper.TrimTexts(List<HtmlNode>, bool, [bool])' to use 'Collection<T>', 'ReadOnlyCollection<T>' or 'KeyedCollection<K,V>' (https://learn.microsoft.com/dotnet/fundamentals/code-analysis/quality-rules/ca1002) [E:\vs\Projects\PlatformIndependentNuGetPackages\SunamoHtml\SunamoHtml\SunamoHtml.csproj::TargetFramework=net10.0]
E:\vs\Projects\PlatformIndependentNuGetPackages\SunamoHtml\SunamoHtml\Html\HtmlHelperShared1.cs(154,59): warning CA1002: Change 'List<HtmlNode>' in 'HtmlHelper.TrimTexts(List<HtmlNode>, bool, [bool])' to use 'Collection<T>', 'ReadOnlyCollection<T>' or 'KeyedCollection<K,V>' (https://learn.microsoft.com/dotnet/fundamentals/code-analysis/quality-rules/ca1002) [E:\vs\Projects\PlatformIndependentNuGetPackages\SunamoHtml\SunamoHtml\SunamoHtml.csproj::TargetFramework=net10.0]
E:\vs\Projects\PlatformIndependentNuGetPackages\SunamoHtml\SunamoHtml\_sunamo\SunamoString\SH.cs(314,22): warning CA1310: The behavior of 'string.IndexOf(string, int)' could vary based on the current user's locale settings. Replace this call in 'SunamoHtml._sunamo.SunamoString.SH.GetTextBetween(string, string, string, out int, int, bool)' with a call to 'string.IndexOf(string, int, System.StringComparison)'. (https://learn.microsoft.com/dotnet/fundamentals/code-analysis/quality-rules/ca1310) [E:\vs\Projects\PlatformIndependentNuGetPackages\SunamoHtml\SunamoHtml\SunamoHtml.csproj::TargetFramework=net10.0]
E:\vs\Projects\PlatformIndependentNuGetPackages\SunamoHtml\SunamoHtml\_sunamo\SunamoString\SH.cs(315,27): warning CA1310: The behavior of 'string.IndexOf(string, int)' could vary based on the current user's locale settings. Replace this call in 'SunamoHtml._sunamo.SunamoString.SH.GetTextBetween(string, string, string, out int, int, bool)' with a call to 'string.IndexOf(string, int, System.StringComparison)'. (https://learn.microsoft.com/dotnet/fundamentals/code-analysis/quality-rules/ca1310) [E:\vs\Projects\PlatformIndependentNuGetPackages\SunamoHtml\SunamoHtml\SunamoHtml.csproj::TargetFramework=net10.0]
E:\vs\Projects\PlatformIndependentNuGetPackages\SunamoHtml\SunamoHtml\Html\HtmlTableParser.cs(28,13): warning CA1062: In externally visible method 'HtmlTableParser.HtmlTableParser(HtmlNode html, bool isIgnoreFirstRow)', validate parameter 'html' is non-null before using it. If appropriate, throw an 'ArgumentNullException' when the argument is 'null'. (https://learn.microsoft.com/dotnet/fundamentals/code-analysis/quality-rules/ca1062) [E:\vs\Projects\PlatformIndependentNuGetPackages\SunamoHtml\SunamoHtml\SunamoHtml.csproj::TargetFramework=net10.0]
E:\vs\Projects\PlatformIndependentNuGetPackages\SunamoHtml\SunamoHtml\Html\HtmlHelperShared1.cs(123,50): warning CA1062: In externally visible method 'List<HtmlNode> HtmlHelper.ReturnAllTags(HtmlNode htmlNode, params string[] tagNames)', validate parameter 'tagNames' is non-null before using it. If appropriate, throw an 'ArgumentNullException' when the argument is 'null'. (https://learn.microsoft.com/dotnet/fundamentals/code-analysis/quality-rules/ca1062) [E:\vs\Projects\PlatformIndependentNuGetPackages\SunamoHtml\SunamoHtml\SunamoHtml.csproj::TargetFramework=net10.0]
E:\vs\Projects\PlatformIndependentNuGetPackages\SunamoHtml\SunamoHtml\Html\HtmlHelperShared1.cs(123,40): warning CA1062: In externally visible method 'List<HtmlNode> HtmlHelper.ReturnAllTags(HtmlNode htmlNode, params string[] tagNames)', validate parameter 'htmlNode' is non-null before using it. If appropriate, throw an 'ArgumentNullException' when the argument is 'null'. (https://learn.microsoft.com/dotnet/fundamentals/code-analysis/quality-rules/ca1062) [E:\vs\Projects\PlatformIndependentNuGetPackages\SunamoHtml\SunamoHtml\SunamoHtml.csproj::TargetFramework=net10.0]
E:\vs\Projects\PlatformIndependentNuGetPackages\SunamoHtml\SunamoHtml\Html\HtmlAssistant.cs(265,20): warning CA1308: In method 'RemoveAllAttrs', replace the call to 'ToLowerInvariant' with 'ToUpperInvariant' (https://learn.microsoft.com/dotnet/fundamentals/code-analysis/quality-rules/ca1308) [E:\vs\Projects\PlatformIndependentNuGetPackages\SunamoHtml\SunamoHtml\SunamoHtml.csproj::TargetFramework=net10.0]
E:\vs\Projects\PlatformIndependentNuGetPackages\SunamoHtml\SunamoHtml\Html\HtmlHelperShared1.cs(156,52): warning CA1062: In externally visible method 'List<HtmlNode> HtmlHelper.TrimTexts(List<HtmlNode> nodes, bool isRemoveTextNodes, bool isRemoveComments = false)', validate parameter 'nodes' is non-null before using it. If appropriate, throw an 'ArgumentNullException' when the argument is 'null'. (https://learn.microsoft.com/dotnet/fundamentals/code-analysis/quality-rules/ca1062) [E:\vs\Projects\PlatformIndependentNuGetPackages\SunamoHtml\SunamoHtml\SunamoHtml.csproj::TargetFramework=net10.0]
E:\vs\Projects\PlatformIndependentNuGetPackages\SunamoHtml\SunamoHtml\Html\HtmlHelperText.cs(133,29): warning CA1829: Use the "Count" property instead of Enumerable.Count() (https://learn.microsoft.com/dotnet/fundamentals/code-analysis/quality-rules/ca1829) [E:\vs\Projects\PlatformIndependentNuGetPackages\SunamoHtml\SunamoHtml\SunamoHtml.csproj::TargetFramework=net10.0]
E:\vs\Projects\PlatformIndependentNuGetPackages\SunamoHtml\SunamoHtml\_public\SunamoXml\Generators\XmlGeneratorHtml.cs(286,29): warning CA1829: Use the "Length" property instead of Enumerable.Count() (https://learn.microsoft.com/dotnet/fundamentals/code-analysis/quality-rules/ca1829) [E:\vs\Projects\PlatformIndependentNuGetPackages\SunamoHtml\SunamoHtml\SunamoHtml.csproj::TargetFramework=net10.0]
E:\vs\Projects\PlatformIndependentNuGetPackages\SunamoHtml\SunamoHtml\HtmlAgilityHelper.cs(248,71): warning CA1002: Change 'List<string>' in 'HtmlAgilityHelper.InsertGroup(HtmlNode, List<string>)' to use 'Collection<T>', 'ReadOnlyCollection<T>' or 'KeyedCollection<K,V>' (https://learn.microsoft.com/dotnet/fundamentals/code-analysis/quality-rules/ca1002) [E:\vs\Projects\PlatformIndependentNuGetPackages\SunamoHtml\SunamoHtml\SunamoHtml.csproj::TargetFramework=net10.0]
E:\vs\Projects\PlatformIndependentNuGetPackages\SunamoHtml\SunamoHtml\Html\HtmlHelperText.cs(160,29): warning CA1866: Use 'string.EndsWith(char)' instead of 'string.EndsWith(string)' when you have a string with a single char (https://learn.microsoft.com/dotnet/fundamentals/code-analysis/quality-rules/ca1866) [E:\vs\Projects\PlatformIndependentNuGetPackages\SunamoHtml\SunamoHtml\SunamoHtml.csproj::TargetFramework=net10.0]
E:\vs\Projects\PlatformIndependentNuGetPackages\SunamoHtml\SunamoHtml\Html\HtmlHelperShared1.cs(276,24): warning CA1307: 'string.Contains(string)' has a method overload that takes a 'StringComparison' parameter. Replace this call in 'SunamoHtml.Html.HtmlHelper.HasTagAttr(HtmlAgilityPack.HtmlNode, string, string, bool)' with a call to 'string.Contains(string, System.StringComparison)' for clarity of intent. (https://learn.microsoft.com/dotnet/fundamentals/code-analysis/quality-rules/ca1307) [E:\vs\Projects\PlatformIndependentNuGetPackages\SunamoHtml\SunamoHtml\SunamoHtml.csproj::TargetFramework=net10.0]
E:\vs\Projects\PlatformIndependentNuGetPackages\SunamoHtml\SunamoHtml\Html\HtmlHelperText.cs(160,13): warning CA1310: The behavior of 'string.EndsWith(string)' could vary based on the current user's locale settings. Replace this call in 'SunamoHtml.Html.HtmlHelperText.GetTextBetweenTags(string, string, string, bool)' with a call to 'string.EndsWith(string, System.StringComparison)'. (https://learn.microsoft.com/dotnet/fundamentals/code-analysis/quality-rules/ca1310) [E:\vs\Projects\PlatformIndependentNuGetPackages\SunamoHtml\SunamoHtml\SunamoHtml.csproj::TargetFramework=net10.0]
E:\vs\Projects\PlatformIndependentNuGetPackages\SunamoHtml\SunamoHtml\Html\HtmlHelperText.cs(163,18): warning CA1310: The behavior of 'string.IndexOf(string)' could vary based on the current user's locale settings. Replace this call in 'SunamoHtml.Html.HtmlHelperText.GetTextBetweenTags(string, string, string, bool)' with a call to 'string.IndexOf(string, System.StringComparison)'. (https://learn.microsoft.com/dotnet/fundamentals/code-analysis/quality-rules/ca1310) [E:\vs\Projects\PlatformIndependentNuGetPackages\SunamoHtml\SunamoHtml\SunamoHtml.csproj::TargetFramework=net10.0]
E:\vs\Projects\PlatformIndependentNuGetPackages\SunamoHtml\SunamoHtml\Html\HtmlHelperText.cs(168,23): warning CA1310: The behavior of 'string.IndexOf(string, int)' could vary based on the current user's locale settings. Replace this call in 'SunamoHtml.Html.HtmlHelperText.GetTextBetweenTags(string, string, string, bool)' with a call to 'string.IndexOf(string, int, System.StringComparison)'. (https://learn.microsoft.com/dotnet/fundamentals/code-analysis/quality-rules/ca1310) [E:\vs\Projects\PlatformIndependentNuGetPackages\SunamoHtml\SunamoHtml\SunamoHtml.csproj::TargetFramework=net10.0]
E:\vs\Projects\PlatformIndependentNuGetPackages\SunamoHtml\SunamoHtml\Html\HtmlHelperSunamoCz.cs(109,17): warning CA1310: The behavior of 'string.StartsWith(string)' could vary based on the current user's locale settings. Replace this call in 'SunamoHtml.Html.HtmlHelperSunamoCz.ConvertTextToHtmlWithAnchors(string)' with a call to 'string.StartsWith(string, System.StringComparison)'. (https://learn.microsoft.com/dotnet/fundamentals/code-analysis/quality-rules/ca1310) [E:\vs\Projects\PlatformIndependentNuGetPackages\SunamoHtml\SunamoHtml\SunamoHtml.csproj::TargetFramework=net10.0]
E:\vs\Projects\PlatformIndependentNuGetPackages\SunamoHtml\SunamoHtml\Html\HtmlHelperSunamoCz.cs(109,50): warning CA1310: The behavior of 'string.StartsWith(string)' could vary based on the current user's locale settings. Replace this call in 'SunamoHtml.Html.HtmlHelperSunamoCz.ConvertTextToHtmlWithAnchors(string)' with a call to 'string.StartsWith(string, System.StringComparison)'. (https://learn.microsoft.com/dotnet/fundamentals/code-analysis/quality-rules/ca1310) [E:\vs\Projects\PlatformIndependentNuGetPackages\SunamoHtml\SunamoHtml\SunamoHtml.csproj::TargetFramework=net10.0]
E:\vs\Projects\PlatformIndependentNuGetPackages\SunamoHtml\SunamoHtml\Html\HtmlHelperText.cs(190,32): warning CA1002: Change 'List<string>' in 'HtmlHelperText.GetAllTags(string)' to use 'Collection<T>', 'ReadOnlyCollection<T>' or 'KeyedCollection<K,V>' (https://learn.microsoft.com/dotnet/fundamentals/code-analysis/quality-rules/ca1002) [E:\vs\Projects\PlatformIndependentNuGetPackages\SunamoHtml\SunamoHtml\SunamoHtml.csproj::TargetFramework=net10.0]
E:\vs\Projects\PlatformIndependentNuGetPackages\SunamoHtml\SunamoHtml\_public\SunamoXml\Generators\XmlGeneratorHtml.cs(286,72): warning CA1062: In externally visible method 'void XmlGeneratorHtml.WriteTagNamespaceManager(string tagName, XmlNamespaceManager namespaceManager, params string[] attributes)', validate parameter 'attributes' is non-null before using it. If appropriate, throw an 'ArgumentNullException' when the argument is 'null'. (https://learn.microsoft.com/dotnet/fundamentals/code-analysis/quality-rules/ca1062) [E:\vs\Projects\PlatformIndependentNuGetPackages\SunamoHtml\SunamoHtml\SunamoHtml.csproj::TargetFramework=net10.0]
E:\vs\Projects\PlatformIndependentNuGetPackages\SunamoHtml\SunamoHtml\HtmlAgilityHelper.cs(295,34): warning CA1002: Change 'List<HtmlNode>' in 'HtmlAgilityHelper.TrimTexts(HtmlNodeCollection)' to use 'Collection<T>', 'ReadOnlyCollection<T>' or 'KeyedCollection<K,V>' (https://learn.microsoft.com/dotnet/fundamentals/code-analysis/quality-rules/ca1002) [E:\vs\Projects\PlatformIndependentNuGetPackages\SunamoHtml\SunamoHtml\SunamoHtml.csproj::TargetFramework=net10.0]
E:\vs\Projects\PlatformIndependentNuGetPackages\SunamoHtml\SunamoHtml\Html\HtmlHelperShared1.cs(292,30): warning CA1062: In externally visible method 'HtmlNode HtmlHelper.ReturnTag(HtmlNode htmlNode, string tagName)', validate parameter 'htmlNode' is non-null before using it. If appropriate, throw an 'ArgumentNullException' when the argument is 'null'. (https://learn.microsoft.com/dotnet/fundamentals/code-analysis/quality-rules/ca1062) [E:\vs\Projects\PlatformIndependentNuGetPackages\SunamoHtml\SunamoHtml\SunamoHtml.csproj::TargetFramework=net10.0]
E:\vs\Projects\PlatformIndependentNuGetPackages\SunamoHtml\SunamoHtml\Html\HtmlHelperText.cs(160,13): warning CA1062: In externally visible method 'Tuple<string, string> HtmlHelperText.GetTextBetweenTags(string html, string scriptS, string scriptE, bool isThrowExceptionIfNotContains = true)', validate parameter 'scriptS' is non-null before using it. If appropriate, throw an 'ArgumentNullException' when the argument is 'null'. (https://learn.microsoft.com/dotnet/fundamentals/code-analysis/quality-rules/ca1062) [E:\vs\Projects\PlatformIndependentNuGetPackages\SunamoHtml\SunamoHtml\SunamoHtml.csproj::TargetFramework=net10.0]
E:\vs\Projects\PlatformIndependentNuGetPackages\SunamoHtml\SunamoHtml\Html\HtmlHelperText.cs(163,18): warning CA1062: In externally visible method 'Tuple<string, string> HtmlHelperText.GetTextBetweenTags(string html, string scriptS, string scriptE, bool isThrowExceptionIfNotContains = true)', validate parameter 'html' is non-null before using it. If appropriate, throw an 'ArgumentNullException' when the argument is 'null'. (https://learn.microsoft.com/dotnet/fundamentals/code-analysis/quality-rules/ca1062) [E:\vs\Projects\PlatformIndependentNuGetPackages\SunamoHtml\SunamoHtml\SunamoHtml.csproj::TargetFramework=net10.0]
E:\vs\Projects\PlatformIndependentNuGetPackages\SunamoHtml\SunamoHtml\_public\SunamoXml\Generators\XmlGeneratorHtml.cs(311,30): warning CA1834: Use 'StringBuilder.Append(char)' instead of 'StringBuilder.Append(string)' when the input is a constant unit string (https://learn.microsoft.com/dotnet/fundamentals/code-analysis/quality-rules/ca1834) [E:\vs\Projects\PlatformIndependentNuGetPackages\SunamoHtml\SunamoHtml\SunamoHtml.csproj::TargetFramework=net10.0]
E:\vs\Projects\PlatformIndependentNuGetPackages\SunamoHtml\SunamoHtml\Html\HtmlAssistant.cs(356,28): warning CA1847: Use 'string.Contains(char)' instead of 'string.Contains(string)' when searching for a single character (https://learn.microsoft.com/dotnet/fundamentals/code-analysis/quality-rules/ca1847) [E:\vs\Projects\PlatformIndependentNuGetPackages\SunamoHtml\SunamoHtml\SunamoHtml.csproj::TargetFramework=net10.0]
E:\vs\Projects\PlatformIndependentNuGetPackages\SunamoHtml\SunamoHtml\Html\HtmlAssistant.cs(356,14): warning CA1307: 'string.Contains(string)' has a method overload that takes a 'StringComparison' parameter. Replace this call in 'SunamoHtml.Html.HtmlAssistant.GetAttributesPairs(string)' with a call to 'string.Contains(string, System.StringComparison)' for clarity of intent. (https://learn.microsoft.com/dotnet/fundamentals/code-analysis/quality-rules/ca1307) [E:\vs\Projects\PlatformIndependentNuGetPackages\SunamoHtml\SunamoHtml\SunamoHtml.csproj::TargetFramework=net10.0]
E:\vs\Projects\PlatformIndependentNuGetPackages\SunamoHtml\SunamoHtml\HtmlAgilityHelper.cs(300,30): warning CA1062: In externally visible method 'List<HtmlNode> HtmlAgilityHelper.TrimTexts(HtmlNodeCollection htmlNodeCollection)', validate parameter 'htmlNodeCollection' is non-null before using it. If appropriate, throw an 'ArgumentNullException' when the argument is 'null'. (https://learn.microsoft.com/dotnet/fundamentals/code-analysis/quality-rules/ca1062) [E:\vs\Projects\PlatformIndependentNuGetPackages\SunamoHtml\SunamoHtml\SunamoHtml.csproj::TargetFramework=net10.0]
E:\vs\Projects\PlatformIndependentNuGetPackages\SunamoHtml\SunamoHtml\Html\HtmlHelperText.cs(227,62): warning CA1002: Change 'List<string>' in 'HtmlHelperText.ContainsTag(string, List<string>)' to use 'Collection<T>', 'ReadOnlyCollection<T>' or 'KeyedCollection<K,V>' (https://learn.microsoft.com/dotnet/fundamentals/code-analysis/quality-rules/ca1002) [E:\vs\Projects\PlatformIndependentNuGetPackages\SunamoHtml\SunamoHtml\SunamoHtml.csproj::TargetFramework=net10.0]
E:\vs\Projects\PlatformIndependentNuGetPackages\SunamoHtml\SunamoHtml\Html\HtmlHelperText.cs(230,17): warning CA1307: 'string.Contains(string)' has a method overload that takes a 'StringComparison' parameter. Replace this call in 'SunamoHtml.Html.HtmlHelperText.ContainsTag(string, System.Collections.Generic.List<string>)' with a call to 'string.Contains(string, System.StringComparison)' for clarity of intent. (https://learn.microsoft.com/dotnet/fundamentals/code-analysis/quality-rules/ca1307) [E:\vs\Projects\PlatformIndependentNuGetPackages\SunamoHtml\SunamoHtml\SunamoHtml.csproj::TargetFramework=net10.0]
E:\vs\Projects\PlatformIndependentNuGetPackages\SunamoHtml\SunamoHtml\_public\SunamoXml\Generators\XmlGeneratorHtml.cs(337,30): warning CA1834: Use 'StringBuilder.Append(char)' instead of 'StringBuilder.Append(string)' when the input is a constant unit string (https://learn.microsoft.com/dotnet/fundamentals/code-analysis/quality-rules/ca1834) [E:\vs\Projects\PlatformIndependentNuGetPackages\SunamoHtml\SunamoHtml\SunamoHtml.csproj::TargetFramework=net10.0]
E:\vs\Projects\PlatformIndependentNuGetPackages\SunamoHtml\SunamoHtml\Html\HtmlAssistant.cs(300,75): warning CA1062: In externally visible method 'string HtmlAssistant.InnerTextDecodeTrim(string result)', validate parameter 'result' is non-null before using it. If appropriate, throw an 'ArgumentNullException' when the argument is 'null'. (https://learn.microsoft.com/dotnet/fundamentals/code-analysis/quality-rules/ca1062) [E:\vs\Projects\PlatformIndependentNuGetPackages\SunamoHtml\SunamoHtml\SunamoHtml.csproj::TargetFramework=net10.0]
E:\vs\Projects\PlatformIndependentNuGetPackages\SunamoHtml\SunamoHtml\Html\HtmlHelperText.cs(245,54): warning CA1311: Specify a culture or use an invariant version to avoid implicit dependency on current culture (https://learn.microsoft.com/dotnet/fundamentals/code-analysis/quality-rules/ca1311) [E:\vs\Projects\PlatformIndependentNuGetPackages\SunamoHtml\SunamoHtml\SunamoHtml.csproj::TargetFramework=net10.0]
E:\vs\Projects\PlatformIndependentNuGetPackages\SunamoHtml\SunamoHtml\Html\HtmlHelperText.cs(245,15): warning CA1304: The behavior of 'string.ToLower()' could vary based on the current user's locale settings. Replace this call in 'HtmlHelperText.GetSyntax(ref string)' with a call to 'string.ToLower(CultureInfo)'. (https://learn.microsoft.com/dotnet/fundamentals/code-analysis/quality-rules/ca1304) [E:\vs\Projects\PlatformIndependentNuGetPackages\SunamoHtml\SunamoHtml\SunamoHtml.csproj::TargetFramework=net10.0]
E:\vs\Projects\PlatformIndependentNuGetPackages\SunamoHtml\SunamoHtml\Html\HtmlHelperText.cs(229,30): warning CA1062: In externally visible method 'bool HtmlHelperText.ContainsTag(string text, List<string> allHtmlTagsWithLeftArrow)', validate parameter 'allHtmlTagsWithLeftArrow' is non-null before using it. If appropriate, throw an 'ArgumentNullException' when the argument is 'null'. (https://learn.microsoft.com/dotnet/fundamentals/code-analysis/quality-rules/ca1062) [E:\vs\Projects\PlatformIndependentNuGetPackages\SunamoHtml\SunamoHtml\SunamoHtml.csproj::TargetFramework=net10.0]
E:\vs\Projects\PlatformIndependentNuGetPackages\SunamoHtml\SunamoHtml\Html\HtmlHelperText.cs(230,17): warning CA1062: In externally visible method 'bool HtmlHelperText.ContainsTag(string text, List<string> allHtmlTagsWithLeftArrow)', validate parameter 'text' is non-null before using it. If appropriate, throw an 'ArgumentNullException' when the argument is 'null'. (https://learn.microsoft.com/dotnet/fundamentals/code-analysis/quality-rules/ca1062) [E:\vs\Projects\PlatformIndependentNuGetPackages\SunamoHtml\SunamoHtml\SunamoHtml.csproj::TargetFramework=net10.0]
E:\vs\Projects\PlatformIndependentNuGetPackages\SunamoHtml\SunamoHtml\_public\SunamoXml\Generators\XmlGeneratorHtml.cs(301,29): warning CA1062: In externally visible method 'void XmlGeneratorHtml.WriteNonPairTagWithAttrs(bool isAppendNull, string tagName, params string[] attributes)', validate parameter 'attributes' is non-null before using it. If appropriate, throw an 'ArgumentNullException' when the argument is 'null'. (https://learn.microsoft.com/dotnet/fundamentals/code-analysis/quality-rules/ca1062) [E:\vs\Projects\PlatformIndependentNuGetPackages\SunamoHtml\SunamoHtml\SunamoHtml.csproj::TargetFramework=net10.0]
E:\vs\Projects\PlatformIndependentNuGetPackages\SunamoHtml\SunamoHtml\Html\HtmlHelperText.cs(274,32): warning CA1002: Change 'List<string>' in 'HtmlHelperText.SplitBySpaceAndLtGt(string)' to use 'Collection<T>', 'ReadOnlyCollection<T>' or 'KeyedCollection<K,V>' (https://learn.microsoft.com/dotnet/fundamentals/code-analysis/quality-rules/ca1002) [E:\vs\Projects\PlatformIndependentNuGetPackages\SunamoHtml\SunamoHtml\SunamoHtml.csproj::TargetFramework=net10.0]
E:\vs\Projects\PlatformIndependentNuGetPackages\SunamoHtml\SunamoHtml\Html\HtmlHelperText.cs(287,16): warning CA1062: In externally visible method 'bool HtmlHelperText.IsHtmlEntity(string text)', validate parameter 'text' is non-null before using it. If appropriate, throw an 'ArgumentNullException' when the argument is 'null'. (https://learn.microsoft.com/dotnet/fundamentals/code-analysis/quality-rules/ca1062) [E:\vs\Projects\PlatformIndependentNuGetPackages\SunamoHtml\SunamoHtml\SunamoHtml.csproj::TargetFramework=net10.0]
E:\vs\Projects\PlatformIndependentNuGetPackages\SunamoHtml\SunamoHtml\Html\HtmlAssistant.cs(356,14): warning CA1062: In externally visible method 'Dictionary<string, string> HtmlAssistant.GetAttributesPairs(string text)', validate parameter 'text' is non-null before using it. If appropriate, throw an 'ArgumentNullException' when the argument is 'null'. (https://learn.microsoft.com/dotnet/fundamentals/code-analysis/quality-rules/ca1062) [E:\vs\Projects\PlatformIndependentNuGetPackages\SunamoHtml\SunamoHtml\SunamoHtml.csproj::TargetFramework=net10.0]
E:\vs\Projects\PlatformIndependentNuGetPackages\SunamoHtml\SunamoHtml\Html\HtmlHelperText.cs(276,31): warning CA1062: In externally visible method 'List<string> HtmlHelperText.SplitBySpaceAndLtGt(string shortDescription)', validate parameter 'shortDescription' is non-null before using it. If appropriate, throw an 'ArgumentNullException' when the argument is 'null'. (https://learn.microsoft.com/dotnet/fundamentals/code-analysis/quality-rules/ca1062) [E:\vs\Projects\PlatformIndependentNuGetPackages\SunamoHtml\SunamoHtml\SunamoHtml.csproj::TargetFramework=net10.0]
E:\vs\Projects\PlatformIndependentNuGetPackages\SunamoHtml\SunamoHtml\Html\HtmlHelperShared1.cs(307,29): warning CA1062: In externally visible method 'void HtmlHelper.ReplaceChildNodeByOuterHtml(HtmlNode htmlNode, string oldOuterHtml, HtmlNode newNode)', validate parameter 'htmlNode' is non-null before using it. If appropriate, throw an 'ArgumentNullException' when the argument is 'null'. (https://learn.microsoft.com/dotnet/fundamentals/code-analysis/quality-rules/ca1062) [E:\vs\Projects\PlatformIndependentNuGetPackages\SunamoHtml\SunamoHtml\SunamoHtml.csproj::TargetFramework=net10.0]
E:\vs\Projects\PlatformIndependentNuGetPackages\SunamoHtml\SunamoHtml\HtmlAgilityHelper.cs(347,34): warning CA1002: Change 'List<HtmlNode>' in 'HtmlAgilityHelper.TrimTexts(List<HtmlNode>)' to use 'Collection<T>', 'ReadOnlyCollection<T>' or 'KeyedCollection<K,V>' (https://learn.microsoft.com/dotnet/fundamentals/code-analysis/quality-rules/ca1002) [E:\vs\Projects\PlatformIndependentNuGetPackages\SunamoHtml\SunamoHtml\SunamoHtml.csproj::TargetFramework=net10.0]
E:\vs\Projects\PlatformIndependentNuGetPackages\SunamoHtml\SunamoHtml\HtmlAgilityHelper.cs(347,59): warning CA1002: Change 'List<HtmlNode>' in 'HtmlAgilityHelper.TrimTexts(List<HtmlNode>)' to use 'Collection<T>', 'ReadOnlyCollection<T>' or 'KeyedCollection<K,V>' (https://learn.microsoft.com/dotnet/fundamentals/code-analysis/quality-rules/ca1002) [E:\vs\Projects\PlatformIndependentNuGetPackages\SunamoHtml\SunamoHtml\SunamoHtml.csproj::TargetFramework=net10.0]
E:\vs\Projects\PlatformIndependentNuGetPackages\SunamoHtml\SunamoHtml\Html\HtmlHelperShared2.cs(19,123): warning CA1307: 'string.Replace(string, string?)' has a method overload that takes a 'StringComparison' parameter. Replace this call in 'SunamoHtml.Html.HtmlHelper.ToXmlFinal(string)' with a call to 'string.Replace(string, string?, System.StringComparison)' for clarity of intent. (https://learn.microsoft.com/dotnet/fundamentals/code-analysis/quality-rules/ca1307) [E:\vs\Projects\PlatformIndependentNuGetPackages\SunamoHtml\SunamoHtml\SunamoHtml.csproj::TargetFramework=net10.0]
E:\vs\Projects\PlatformIndependentNuGetPackages\SunamoHtml\SunamoHtml\Html\HtmlHelperShared2.cs(26,68): warning CA1002: Change 'List<HtmlNode>' in 'HtmlHelper.DeleteAttributesFromAllNodes(List<HtmlNode>)' to use 'Collection<T>', 'ReadOnlyCollection<T>' or 'KeyedCollection<K,V>' (https://learn.microsoft.com/dotnet/fundamentals/code-analysis/quality-rules/ca1002) [E:\vs\Projects\PlatformIndependentNuGetPackages\SunamoHtml\SunamoHtml\SunamoHtml.csproj::TargetFramework=net10.0]
E:\vs\Projects\PlatformIndependentNuGetPackages\SunamoHtml\SunamoHtml\Html\HtmlHelperShared2.cs(19,123): warning CA1307: 'string.Replace(string, string?)' has a method overload that takes a 'StringComparison' parameter. Replace this call in 'SunamoHtml.Html.HtmlHelper.ToXmlFinal(string)' with a call to 'string.Replace(string, string?, System.StringComparison)' for clarity of intent. (https://learn.microsoft.com/dotnet/fundamentals/code-analysis/quality-rules/ca1307) [E:\vs\Projects\PlatformIndependentNuGetPackages\SunamoHtml\SunamoHtml\SunamoHtml.csproj::TargetFramework=net10.0]
E:\vs\Projects\PlatformIndependentNuGetPackages\SunamoHtml\SunamoHtml\Html\HtmlHelperShared2.cs(19,123): warning CA1307: 'string.Replace(string, string?)' has a method overload that takes a 'StringComparison' parameter. Replace this call in 'SunamoHtml.Html.HtmlHelper.ToXmlFinal(string)' with a call to 'string.Replace(string, string?, System.StringComparison)' for clarity of intent. (https://learn.microsoft.com/dotnet/fundamentals/code-analysis/quality-rules/ca1307) [E:\vs\Projects\PlatformIndependentNuGetPackages\SunamoHtml\SunamoHtml\SunamoHtml.csproj::TargetFramework=net10.0]
E:\vs\Projects\PlatformIndependentNuGetPackages\SunamoHtml\SunamoHtml\Generators\HtmlGenerator21.cs(22,143): warning CA1002: Change 'List<string>' in 'HtmlGenerator2.TopListWithImages(HtmlGenerator, int, int, string, List<string>, List<string>, List<string>, List<string>, List<string>, string)' to use 'Collection<T>', 'ReadOnlyCollection<T>' or 'KeyedCollection<K,V>' (https://learn.microsoft.com/dotnet/fundamentals/code-analysis/quality-rules/ca1002) [E:\vs\Projects\PlatformIndependentNuGetPackages\SunamoHtml\SunamoHtml\SunamoHtml.csproj::TargetFramework=net10.0]
E:\vs\Projects\PlatformIndependentNuGetPackages\SunamoHtml\SunamoHtml\Generators\HtmlGenerator21.cs(22,168): warning CA1002: Change 'List<string>' in 'HtmlGenerator2.TopListWithImages(HtmlGenerator, int, int, string, List<string>, List<string>, List<string>, List<string>, List<string>, string)' to use 'Collection<T>', 'ReadOnlyCollection<T>' or 'KeyedCollection<K,V>' (https://learn.microsoft.com/dotnet/fundamentals/code-analysis/quality-rules/ca1002) [E:\vs\Projects\PlatformIndependentNuGetPackages\SunamoHtml\SunamoHtml\SunamoHtml.csproj::TargetFramework=net10.0]
E:\vs\Projects\PlatformIndependentNuGetPackages\SunamoHtml\SunamoHtml\Generators\HtmlGenerator21.cs(22,192): warning CA1002: Change 'List<string>' in 'HtmlGenerator2.TopListWithImages(HtmlGenerator, int, int, string, List<string>, List<string>, List<string>, List<string>, List<string>, string)' to use 'Collection<T>', 'ReadOnlyCollection<T>' or 'KeyedCollection<K,V>' (https://learn.microsoft.com/dotnet/fundamentals/code-analysis/quality-rules/ca1002) [E:\vs\Projects\PlatformIndependentNuGetPackages\SunamoHtml\SunamoHtml\SunamoHtml.csproj::TargetFramework=net10.0]
E:\vs\Projects\PlatformIndependentNuGetPackages\SunamoHtml\SunamoHtml\Generators\HtmlGenerator21.cs(22,220): warning CA1002: Change 'List<string>' in 'HtmlGenerator2.TopListWithImages(HtmlGenerator, int, int, string, List<string>, List<string>, List<string>, List<string>, List<string>, string)' to use 'Collection<T>', 'ReadOnlyCollection<T>' or 'KeyedCollection<K,V>' (https://learn.microsoft.com/dotnet/fundamentals/code-analysis/quality-rules/ca1002) [E:\vs\Projects\PlatformIndependentNuGetPackages\SunamoHtml\SunamoHtml\SunamoHtml.csproj::TargetFramework=net10.0]
E:\vs\Projects\PlatformIndependentNuGetPackages\SunamoHtml\SunamoHtml\Generators\HtmlGenerator21.cs(22,243): warning CA1002: Change 'List<string>' in 'HtmlGenerator2.TopListWithImages(HtmlGenerator, int, int, string, List<string>, List<string>, List<string>, List<string>, List<string>, string)' to use 'Collection<T>', 'ReadOnlyCollection<T>' or 'KeyedCollection<K,V>' (https://learn.microsoft.com/dotnet/fundamentals/code-analysis/quality-rules/ca1002) [E:\vs\Projects\PlatformIndependentNuGetPackages\SunamoHtml\SunamoHtml\SunamoHtml.csproj::TargetFramework=net10.0]
E:\vs\Projects\PlatformIndependentNuGetPackages\SunamoHtml\SunamoHtml\Html\HtmlHelperText.cs(244,29): warning CA1062: In externally visible method 'HtmlTagSyntax HtmlHelperText.GetSyntax(ref string tag)', validate parameter 'tag' is non-null before using it. If appropriate, throw an 'ArgumentNullException' when the argument is 'null'. (https://learn.microsoft.com/dotnet/fundamentals/code-analysis/quality-rules/ca1062) [E:\vs\Projects\PlatformIndependentNuGetPackages\SunamoHtml\SunamoHtml\SunamoHtml.csproj::TargetFramework=net10.0]
E:\vs\Projects\PlatformIndependentNuGetPackages\SunamoHtml\SunamoHtml\Generators\HtmlGenerator21.cs(22,113): warning CA1054: Change the type of parameter 'initialImageUri' of method 'HtmlGenerator2.TopListWithImages(HtmlGenerator, int, int, string, List<string>, List<string>, List<string>, List<string>, List<string>, string)' from 'string' to 'System.Uri', or provide an overload to 'HtmlGenerator2.TopListWithImages(HtmlGenerator, int, int, string, List<string>, List<string>, List<string>, List<string>, List<string>, string)' that allows 'initialImageUri' to be passed as a 'System.Uri' object (https://learn.microsoft.com/dotnet/fundamentals/code-analysis/quality-rules/ca1054) [E:\vs\Projects\PlatformIndependentNuGetPackages\SunamoHtml\SunamoHtml\SunamoHtml.csproj::TargetFramework=net10.0]
E:\vs\Projects\PlatformIndependentNuGetPackages\SunamoHtml\SunamoHtml\HtmlAgilityHelper.cs(349,34): warning CA1062: In externally visible method 'List<HtmlNode> HtmlAgilityHelper.TrimTexts(List<HtmlNode> nodes)', validate parameter 'nodes' is non-null before using it. If appropriate, throw an 'ArgumentNullException' when the argument is 'null'. (https://learn.microsoft.com/dotnet/fundamentals/code-analysis/quality-rules/ca1062) [E:\vs\Projects\PlatformIndependentNuGetPackages\SunamoHtml\SunamoHtml\SunamoHtml.csproj::TargetFramework=net10.0]
E:\vs\Projects\PlatformIndependentNuGetPackages\SunamoHtml\SunamoHtml\Html\HtmlHelperShared2.cs(28,30): warning CA1062: In externally visible method 'void HtmlHelper.DeleteAttributesFromAllNodes(List<HtmlNode> nodes)', validate parameter 'nodes' is non-null before using it. If appropriate, throw an 'ArgumentNullException' when the argument is 'null'. (https://learn.microsoft.com/dotnet/fundamentals/code-analysis/quality-rules/ca1062) [E:\vs\Projects\PlatformIndependentNuGetPackages\SunamoHtml\SunamoHtml\SunamoHtml.csproj::TargetFramework=net10.0]
E:\vs\Projects\PlatformIndependentNuGetPackages\SunamoHtml\SunamoHtml\Generators\HtmlGenerator21.cs(28,19): warning CA2201: Exception type System.Exception is not sufficiently specific (https://learn.microsoft.com/dotnet/fundamentals/code-analysis/quality-rules/ca2201) [E:\vs\Projects\PlatformIndependentNuGetPackages\SunamoHtml\SunamoHtml\SunamoHtml.csproj::TargetFramework=net10.0]
E:\vs\Projects\PlatformIndependentNuGetPackages\SunamoHtml\SunamoHtml\Generators\HtmlGenerator21.cs(30,19): warning CA2201: Exception type System.Exception is not sufficiently specific (https://learn.microsoft.com/dotnet/fundamentals/code-analysis/quality-rules/ca2201) [E:\vs\Projects\PlatformIndependentNuGetPackages\SunamoHtml\SunamoHtml\SunamoHtml.csproj::TargetFramework=net10.0]
E:\vs\Projects\PlatformIndependentNuGetPackages\SunamoHtml\SunamoHtml\Generators\HtmlGenerator21.cs(32,19): warning CA2201: Exception type System.Exception is not sufficiently specific (https://learn.microsoft.com/dotnet/fundamentals/code-analysis/quality-rules/ca2201) [E:\vs\Projects\PlatformIndependentNuGetPackages\SunamoHtml\SunamoHtml\SunamoHtml.csproj::TargetFramework=net10.0]
E:\vs\Projects\PlatformIndependentNuGetPackages\SunamoHtml\SunamoHtml\Generators\HtmlGenerator21.cs(34,19): warning CA2201: Exception type System.Exception is not sufficiently specific (https://learn.microsoft.com/dotnet/fundamentals/code-analysis/quality-rules/ca2201) [E:\vs\Projects\PlatformIndependentNuGetPackages\SunamoHtml\SunamoHtml\SunamoHtml.csproj::TargetFramework=net10.0]
E:\vs\Projects\PlatformIndependentNuGetPackages\SunamoHtml\SunamoHtml\Html\HtmlHelperText.cs(264,38): warning CA1062: In externally visible method 'string HtmlHelperText.TrimInnerOfEncodedHtml(string value)', validate parameter 'value' is non-null before using it. If appropriate, throw an 'ArgumentNullException' when the argument is 'null'. (https://learn.microsoft.com/dotnet/fundamentals/code-analysis/quality-rules/ca1062) [E:\vs\Projects\PlatformIndependentNuGetPackages\SunamoHtml\SunamoHtml\SunamoHtml.csproj::TargetFramework=net10.0]
E:\vs\Projects\PlatformIndependentNuGetPackages\SunamoHtml\SunamoHtml\_public\SunamoXml\Generators\XmlGeneratorHtml.cs(269,18): warning CA1822: Member 'IsNulledOrEmpty' does not access instance data and can be marked as static (https://learn.microsoft.com/dotnet/fundamentals/code-analysis/quality-rules/ca1822) [E:\vs\Projects\PlatformIndependentNuGetPackages\SunamoHtml\SunamoHtml\SunamoHtml.csproj::TargetFramework=net10.0]
E:\vs\Projects\PlatformIndependentNuGetPackages\SunamoHtml\SunamoHtml\Generators\HtmlGenerator21.cs(63,63): warning CA1002: Change 'List<string>' in 'HtmlGenerator2.GetForUlWCheckDuplicate(List<string>)' to use 'Collection<T>', 'ReadOnlyCollection<T>' or 'KeyedCollection<K,V>' (https://learn.microsoft.com/dotnet/fundamentals/code-analysis/quality-rules/ca1002) [E:\vs\Projects\PlatformIndependentNuGetPackages\SunamoHtml\SunamoHtml\SunamoHtml.csproj::TargetFramework=net10.0]
E:\vs\Projects\PlatformIndependentNuGetPackages\SunamoHtml\SunamoHtml\_sunamo\SunamoString\SH1.cs(131,25): warning CA1311: Specify a culture or use an invariant version to avoid implicit dependency on current culture (https://learn.microsoft.com/dotnet/fundamentals/code-analysis/quality-rules/ca1311) [E:\vs\Projects\PlatformIndependentNuGetPackages\SunamoHtml\SunamoHtml\SunamoHtml.csproj::TargetFramework=net10.0]
E:\vs\Projects\PlatformIndependentNuGetPackages\SunamoHtml\SunamoHtml\_sunamo\SunamoString\SH1.cs(133,35): warning CA1311: Specify a culture or use an invariant version to avoid implicit dependency on current culture (https://learn.microsoft.com/dotnet/fundamentals/code-analysis/quality-rules/ca1311) [E:\vs\Projects\PlatformIndependentNuGetPackages\SunamoHtml\SunamoHtml\SunamoHtml.csproj::TargetFramework=net10.0]
E:\vs\Projects\PlatformIndependentNuGetPackages\SunamoHtml\SunamoHtml\_sunamo\SunamoString\SH1.cs(73,13): warning CA1307: 'string.Contains(string)' has a method overload that takes a 'StringComparison' parameter. Replace this call in 'SunamoHtml._sunamo.SunamoString.SH.XCharsBeforeAndAfterWholeWords(string, int, int)' with a call to 'string.Contains(string, System.StringComparison)' for clarity of intent. (https://learn.microsoft.com/dotnet/fundamentals/code-analysis/quality-rules/ca1307) [E:\vs\Projects\PlatformIndependentNuGetPackages\SunamoHtml\SunamoHtml\SunamoHtml.csproj::TargetFramework=net10.0]
E:\vs\Projects\PlatformIndependentNuGetPackages\SunamoHtml\SunamoHtml\_sunamo\SunamoString\SH1.cs(73,57): warning CA1307: 'string.Contains(string)' has a method overload that takes a 'StringComparison' parameter. Replace this call in 'SunamoHtml._sunamo.SunamoString.SH.XCharsBeforeAndAfterWholeWords(string, int, int)' with a call to 'string.Contains(string, System.StringComparison)' for clarity of intent. (https://learn.microsoft.com/dotnet/fundamentals/code-analysis/quality-rules/ca1307) [E:\vs\Projects\PlatformIndependentNuGetPackages\SunamoHtml\SunamoHtml\SunamoHtml.csproj::TargetFramework=net10.0]
E:\vs\Projects\PlatformIndependentNuGetPackages\SunamoHtml\SunamoHtml\_sunamo\SunamoString\SH1.cs(31,21): warning CA1820: Test for empty strings using 'string.Length' property or 'string.IsNullOrEmpty' method instead of an Equality check (https://learn.microsoft.com/dotnet/fundamentals/code-analysis/quality-rules/ca1820) [E:\vs\Projects\PlatformIndependentNuGetPackages\SunamoHtml\SunamoHtml\SunamoHtml.csproj::TargetFramework=net10.0]
E:\vs\Projects\PlatformIndependentNuGetPackages\SunamoHtml\SunamoHtml\_sunamo\SunamoString\SH1.cs(57,21): warning CA1820: Test for empty strings using 'string.Length' property or 'string.IsNullOrEmpty' method instead of an Equality check (https://learn.microsoft.com/dotnet/fundamentals/code-analysis/quality-rules/ca1820) [E:\vs\Projects\PlatformIndependentNuGetPackages\SunamoHtml\SunamoHtml\SunamoHtml.csproj::TargetFramework=net10.0]
E:\vs\Projects\PlatformIndependentNuGetPackages\SunamoHtml\SunamoHtml\_sunamo\SunamoString\SH1.cs(131,20): warning CA1304: The behavior of 'string.ToUpper()' could vary based on the current user's locale settings. Replace this call in 'SH.FirstCharUpper(string)' with a call to 'string.ToUpper(CultureInfo)'. (https://learn.microsoft.com/dotnet/fundamentals/code-analysis/quality-rules/ca1304) [E:\vs\Projects\PlatformIndependentNuGetPackages\SunamoHtml\SunamoHtml\SunamoHtml.csproj::TargetFramework=net10.0]
E:\vs\Projects\PlatformIndependentNuGetPackages\SunamoHtml\SunamoHtml\_sunamo\SunamoString\SH1.cs(133,16): warning CA1304: The behavior of 'string.ToUpper()' could vary based on the current user's locale settings. Replace this call in 'SH.FirstCharUpper(string)' with a call to 'string.ToUpper(CultureInfo)'. (https://learn.microsoft.com/dotnet/fundamentals/code-analysis/quality-rules/ca1304) [E:\vs\Projects\PlatformIndependentNuGetPackages\SunamoHtml\SunamoHtml\SunamoHtml.csproj::TargetFramework=net10.0]
E:\vs\Projects\PlatformIndependentNuGetPackages\SunamoHtml\SunamoHtml\Html\HtmlHelperShared2.cs(76,32): warning CA1002: Change 'List<string>' in 'HtmlHelper.StripAllTagsList(string)' to use 'Collection<T>', 'ReadOnlyCollection<T>' or 'KeyedCollection<K,V>' (https://learn.microsoft.com/dotnet/fundamentals/code-analysis/quality-rules/ca1002) [E:\vs\Projects\PlatformIndependentNuGetPackages\SunamoHtml\SunamoHtml\SunamoHtml.csproj::TargetFramework=net10.0]
E:\vs\Projects\PlatformIndependentNuGetPackages\SunamoHtml\SunamoHtml\HtmlAgilityHelper1.cs(44,34): warning CA1002: Change 'List<HtmlNode>' in 'HtmlAgilityHelper.TrimComments(List<HtmlNode>)' to use 'Collection<T>', 'ReadOnlyCollection<T>' or 'KeyedCollection<K,V>' (https://learn.microsoft.com/dotnet/fundamentals/code-analysis/quality-rules/ca1002) [E:\vs\Projects\PlatformIndependentNuGetPackages\SunamoHtml\SunamoHtml\SunamoHtml.csproj::TargetFramework=net10.0]
E:\vs\Projects\PlatformIndependentNuGetPackages\SunamoHtml\SunamoHtml\HtmlAgilityHelper1.cs(44,62): warning CA1002: Change 'List<HtmlNode>' in 'HtmlAgilityHelper.TrimComments(List<HtmlNode>)' to use 'Collection<T>', 'ReadOnlyCollection<T>' or 'KeyedCollection<K,V>' (https://learn.microsoft.com/dotnet/fundamentals/code-analysis/quality-rules/ca1002) [E:\vs\Projects\PlatformIndependentNuGetPackages\SunamoHtml\SunamoHtml\SunamoHtml.csproj::TargetFramework=net10.0]
E:\vs\Projects\PlatformIndependentNuGetPackages\SunamoHtml\SunamoHtml\Html\HtmlHelperText.cs(297,32): warning CA1002: Change 'List<string>' in 'HtmlHelperText.GetContentOfTags(string, string)' to use 'Collection<T>', 'ReadOnlyCollection<T>' or 'KeyedCollection<K,V>' (https://learn.microsoft.com/dotnet/fundamentals/code-analysis/quality-rules/ca1002) [E:\vs\Projects\PlatformIndependentNuGetPackages\SunamoHtml\SunamoHtml\SunamoHtml.csproj::TargetFramework=net10.0]
E:\vs\Projects\PlatformIndependentNuGetPackages\SunamoHtml\SunamoHtml\HtmlAgilityHelper1.cs(57,31): warning CA1307: 'string.Contains(string)' has a method overload that takes a 'StringComparison' parameter. Replace this call in 'SunamoHtml.HtmlAgilityHelper.TrimComments(System.Collections.Generic.List<HtmlAgilityPack.HtmlNode>)' with a call to 'string.Contains(string, System.StringComparison)' for clarity of intent. (https://learn.microsoft.com/dotnet/fundamentals/code-analysis/quality-rules/ca1307) [E:\vs\Projects\PlatformIndependentNuGetPackages\SunamoHtml\SunamoHtml\SunamoHtml.csproj::TargetFramework=net10.0]
E:\vs\Projects\PlatformIndependentNuGetPackages\SunamoHtml\SunamoHtml\HtmlAgilityHelper1.cs(58,33): warning CA1307: 'string.Contains(string)' has a method overload that takes a 'StringComparison' parameter. Replace this call in 'SunamoHtml.HtmlAgilityHelper.TrimComments(System.Collections.Generic.List<HtmlAgilityPack.HtmlNode>)' with a call to 'string.Contains(string, System.StringComparison)' for clarity of intent. (https://learn.microsoft.com/dotnet/fundamentals/code-analysis/quality-rules/ca1307) [E:\vs\Projects\PlatformIndependentNuGetPackages\SunamoHtml\SunamoHtml\SunamoHtml.csproj::TargetFramework=net10.0]
E:\vs\Projects\PlatformIndependentNuGetPackages\SunamoHtml\SunamoHtml\Html\HtmlHelperText.cs(312,27): warning CA2201: Exception type System.Exception is not sufficiently specific (https://learn.microsoft.com/dotnet/fundamentals/code-analysis/quality-rules/ca2201) [E:\vs\Projects\PlatformIndependentNuGetPackages\SunamoHtml\SunamoHtml\SunamoHtml.csproj::TargetFramework=net10.0]
E:\vs\Projects\PlatformIndependentNuGetPackages\SunamoHtml\SunamoHtml\HtmlAgilityHelper1.cs(67,35): warning CA1307: 'string.Contains(string)' has a method overload that takes a 'StringComparison' parameter. Replace this call in 'SunamoHtml.HtmlAgilityHelper.TrimComments(System.Collections.Generic.List<HtmlAgilityPack.HtmlNode>)' with a call to 'string.Contains(string, System.StringComparison)' for clarity of intent. (https://learn.microsoft.com/dotnet/fundamentals/code-analysis/quality-rules/ca1307) [E:\vs\Projects\PlatformIndependentNuGetPackages\SunamoHtml\SunamoHtml\SunamoHtml.csproj::TargetFramework=net10.0]
E:\vs\Projects\PlatformIndependentNuGetPackages\SunamoHtml\SunamoHtml\HtmlAgilityHelper1.cs(68,37): warning CA1307: 'string.Contains(string)' has a method overload that takes a 'StringComparison' parameter. Replace this call in 'SunamoHtml.HtmlAgilityHelper.TrimComments(System.Collections.Generic.List<HtmlAgilityPack.HtmlNode>)' with a call to 'string.Contains(string, System.StringComparison)' for clarity of intent. (https://learn.microsoft.com/dotnet/fundamentals/code-analysis/quality-rules/ca1307) [E:\vs\Projects\PlatformIndependentNuGetPackages\SunamoHtml\SunamoHtml\SunamoHtml.csproj::TargetFramework=net10.0]
E:\vs\Projects\PlatformIndependentNuGetPackages\SunamoHtml\SunamoHtml\HtmlAgilityHelper1.cs(75,21): warning CA1310: The behavior of 'string.StartsWith(string)' could vary based on the current user's locale settings. Replace this call in 'SunamoHtml.HtmlAgilityHelper.TrimComments(System.Collections.Generic.List<HtmlAgilityPack.HtmlNode>)' with a call to 'string.StartsWith(string, System.StringComparison)'. (https://learn.microsoft.com/dotnet/fundamentals/code-analysis/quality-rules/ca1310) [E:\vs\Projects\PlatformIndependentNuGetPackages\SunamoHtml\SunamoHtml\SunamoHtml.csproj::TargetFramework=net10.0]
E:\vs\Projects\PlatformIndependentNuGetPackages\SunamoHtml\SunamoHtml\HtmlAgilityHelper1.cs(65,21): warning CA1820: Test for empty strings using 'string.Length' property or 'string.IsNullOrEmpty' method instead of an Equality check (https://learn.microsoft.com/dotnet/fundamentals/code-analysis/quality-rules/ca1820) [E:\vs\Projects\PlatformIndependentNuGetPackages\SunamoHtml\SunamoHtml\SunamoHtml.csproj::TargetFramework=net10.0]
E:\vs\Projects\PlatformIndependentNuGetPackages\SunamoHtml\SunamoHtml\HtmlAgilityHelper1.cs(79,43): warning CA1820: Test for empty strings using 'string.Length' property or 'string.IsNullOrEmpty' method instead of an Equality check (https://learn.microsoft.com/dotnet/fundamentals/code-analysis/quality-rules/ca1820) [E:\vs\Projects\PlatformIndependentNuGetPackages\SunamoHtml\SunamoHtml\SunamoHtml.csproj::TargetFramework=net10.0]
E:\vs\Projects\PlatformIndependentNuGetPackages\SunamoHtml\SunamoHtml\Html\HtmlHelperText.cs(302,19): warning CA1310: The behavior of 'string.IndexOf(string)' could vary based on the current user's locale settings. Replace this call in 'SunamoHtml.Html.HtmlHelperText.GetContentOfTags(string, string)' with a call to 'string.IndexOf(string, System.StringComparison)'. (https://learn.microsoft.com/dotnet/fundamentals/code-analysis/quality-rules/ca1310) [E:\vs\Projects\PlatformIndependentNuGetPackages\SunamoHtml\SunamoHtml\SunamoHtml.csproj::TargetFramework=net10.0]
E:\vs\Projects\PlatformIndependentNuGetPackages\SunamoHtml\SunamoHtml\Html\HtmlHelperText.cs(307,24): warning CA1310: The behavior of 'string.IndexOf(string, int)' could vary based on the current user's locale settings. Replace this call in 'SunamoHtml.Html.HtmlHelperText.GetContentOfTags(string, string)' with a call to 'string.IndexOf(string, int, System.StringComparison)'. (https://learn.microsoft.com/dotnet/fundamentals/code-analysis/quality-rules/ca1310) [E:\vs\Projects\PlatformIndependentNuGetPackages\SunamoHtml\SunamoHtml\SunamoHtml.csproj::TargetFramework=net10.0]
E:\vs\Projects\PlatformIndependentNuGetPackages\SunamoHtml\SunamoHtml\Html\HtmlHelperText.cs(308,26): warning CA1310: The behavior of 'string.IndexOf(string, int)' could vary based on the current user's locale settings. Replace this call in 'SunamoHtml.Html.HtmlHelperText.GetContentOfTags(string, string)' with a call to 'string.IndexOf(string, int, System.StringComparison)'. (https://learn.microsoft.com/dotnet/fundamentals/code-analysis/quality-rules/ca1310) [E:\vs\Projects\PlatformIndependentNuGetPackages\SunamoHtml\SunamoHtml\SunamoHtml.csproj::TargetFramework=net10.0]
E:\vs\Projects\PlatformIndependentNuGetPackages\SunamoHtml\SunamoHtml\Html\HtmlHelperText.cs(316,19): warning CA1310: The behavior of 'string.IndexOf(string, int)' could vary based on the current user's locale settings. Replace this call in 'SunamoHtml.Html.HtmlHelperText.GetContentOfTags(string, string)' with a call to 'string.IndexOf(string, int, System.StringComparison)'. (https://learn.microsoft.com/dotnet/fundamentals/code-analysis/quality-rules/ca1310) [E:\vs\Projects\PlatformIndependentNuGetPackages\SunamoHtml\SunamoHtml\SunamoHtml.csproj::TargetFramework=net10.0]
E:\vs\Projects\PlatformIndependentNuGetPackages\SunamoHtml\SunamoHtml\Generators\HtmlGenerator21.cs(67,29): warning CA1062: In externally visible method 'string HtmlGenerator2.GetForUlWCheckDuplicate(List<string> items)', validate parameter 'items' is non-null before using it. If appropriate, throw an 'ArgumentNullException' when the argument is 'null'. (https://learn.microsoft.com/dotnet/fundamentals/code-analysis/quality-rules/ca1062) [E:\vs\Projects\PlatformIndependentNuGetPackages\SunamoHtml\SunamoHtml\SunamoHtml.csproj::TargetFramework=net10.0]
E:\vs\Projects\PlatformIndependentNuGetPackages\SunamoHtml\SunamoHtml\Html\HtmlHelperText.cs(339,57): warning CA1002: Change 'List<string>' in 'HtmlHelperText.ConvertTextToHtml(List<string>)' to use 'Collection<T>', 'ReadOnlyCollection<T>' or 'KeyedCollection<K,V>' (https://learn.microsoft.com/dotnet/fundamentals/code-analysis/quality-rules/ca1002) [E:\vs\Projects\PlatformIndependentNuGetPackages\SunamoHtml\SunamoHtml\SunamoHtml.csproj::TargetFramework=net10.0]
E:\vs\Projects\PlatformIndependentNuGetPackages\SunamoHtml\SunamoHtml\Generators\HtmlGenerator21.cs(102,40): warning CA1054: Change the type of parameter 'url' of method 'HtmlGenerator2.Anchor(string)' from 'string' to 'System.Uri', or provide an overload to 'HtmlGenerator2.Anchor(string)' that allows 'url' to be passed as a 'System.Uri' object (https://learn.microsoft.com/dotnet/fundamentals/code-analysis/quality-rules/ca1054) [E:\vs\Projects\PlatformIndependentNuGetPackages\SunamoHtml\SunamoHtml\SunamoHtml.csproj::TargetFramework=net10.0]
E:\vs\Projects\PlatformIndependentNuGetPackages\SunamoHtml\SunamoHtml\Generators\HtmlGenerator21.cs(104,13): warning CA1307: 'string.Contains(string)' has a method overload that takes a 'StringComparison' parameter. Replace this call in 'SunamoHtml.Generators.HtmlGenerator2.Anchor(string)' with a call to 'string.Contains(string, System.StringComparison)' for clarity of intent. (https://learn.microsoft.com/dotnet/fundamentals/code-analysis/quality-rules/ca1307) [E:\vs\Projects\PlatformIndependentNuGetPackages\SunamoHtml\SunamoHtml\SunamoHtml.csproj::TargetFramework=net10.0]
E:\vs\Projects\PlatformIndependentNuGetPackages\SunamoHtml\SunamoHtml\Html\HtmlHelperText.cs(348,18): warning CA1307: 'string.Replace(string, string?)' has a method overload that takes a 'StringComparison' parameter. Replace this call in 'SunamoHtml.Html.HtmlHelperText.ConvertTextToHtml(System.Collections.Generic.List<string>)' with a call to 'string.Replace(string, string?, System.StringComparison)' for clarity of intent. (https://learn.microsoft.com/dotnet/fundamentals/code-analysis/quality-rules/ca1307) [E:\vs\Projects\PlatformIndependentNuGetPackages\SunamoHtml\SunamoHtml\SunamoHtml.csproj::TargetFramework=net10.0]
E:\vs\Projects\PlatformIndependentNuGetPackages\SunamoHtml\SunamoHtml\Generators\HtmlGenerator21.cs(127,48): warning CA1054: Change the type of parameter 'url' of method 'HtmlGenerator2.AnchorWithHttp(string)' from 'string' to 'System.Uri', or provide an overload to 'HtmlGenerator2.AnchorWithHttp(string)' that allows 'url' to be passed as a 'System.Uri' object (https://learn.microsoft.com/dotnet/fundamentals/code-analysis/quality-rules/ca1054) [E:\vs\Projects\PlatformIndependentNuGetPackages\SunamoHtml\SunamoHtml\SunamoHtml.csproj::TargetFramework=net10.0]
E:\vs\Projects\PlatformIndependentNuGetPackages\SunamoHtml\SunamoHtml\Html\HtmlHelperText.cs(302,19): warning CA1062: In externally visible method 'List<string> HtmlHelperText.GetContentOfTags(string text, string tagName)', validate parameter 'text' is non-null before using it. If appropriate, throw an 'ArgumentNullException' when the argument is 'null'. (https://learn.microsoft.com/dotnet/fundamentals/code-analysis/quality-rules/ca1062) [E:\vs\Projects\PlatformIndependentNuGetPackages\SunamoHtml\SunamoHtml\SunamoHtml.csproj::TargetFramework=net10.0]
E:\vs\Projects\PlatformIndependentNuGetPackages\SunamoHtml\SunamoHtml\Generators\HtmlGenerator21.cs(130,14): warning CA1310: The behavior of 'string.StartsWith(string)' could vary based on the current user's locale settings. Replace this call in 'SunamoHtml.Generators.HtmlGenerator2.AnchorWithHttp(string)' with a call to 'string.StartsWith(string, System.StringComparison)'. (https://learn.microsoft.com/dotnet/fundamentals/code-analysis/quality-rules/ca1310) [E:\vs\Projects\PlatformIndependentNuGetPackages\SunamoHtml\SunamoHtml\SunamoHtml.csproj::TargetFramework=net10.0]
E:\vs\Projects\PlatformIndependentNuGetPackages\SunamoHtml\SunamoHtml\Html\HtmlHelperText.cs(374,31): warning CA1866: Use 'string.StartsWith(char)' instead of 'string.StartsWith(string)' when you have a string with a single char (https://learn.microsoft.com/dotnet/fundamentals/code-analysis/quality-rules/ca1866) [E:\vs\Projects\PlatformIndependentNuGetPackages\SunamoHtml\SunamoHtml\SunamoHtml.csproj::TargetFramework=net10.0]
E:\vs\Projects\PlatformIndependentNuGetPackages\SunamoHtml\SunamoHtml\Html\HtmlHelperText.cs(370,41): warning CA1311: Specify a culture or use an invariant version to avoid implicit dependency on current culture (https://learn.microsoft.com/dotnet/fundamentals/code-analysis/quality-rules/ca1311) [E:\vs\Projects\PlatformIndependentNuGetPackages\SunamoHtml\SunamoHtml\SunamoHtml.csproj::TargetFramework=net10.0]
E:\vs\Projects\PlatformIndependentNuGetPackages\SunamoHtml\SunamoHtml\Html\HtmlHelperShared2.cs(46,18): warning CA2000: Call System.IDisposable.Dispose on object created by 'XmlWriter.Create(sw)' before all references to it are out of scope (https://learn.microsoft.com/dotnet/fundamentals/code-analysis/quality-rules/ca2000) [E:\vs\Projects\PlatformIndependentNuGetPackages\SunamoHtml\SunamoHtml\SunamoHtml.csproj::TargetFramework=net10.0]
E:\vs\Projects\PlatformIndependentNuGetPackages\SunamoHtml\SunamoHtml\Generators\HtmlGenerator21.cs(144,48): warning CA1054: Change the type of parameter 'url' of method 'HtmlGenerator2.AnchorWithHttp(string, string)' from 'string' to 'System.Uri', or provide an overload to 'HtmlGenerator2.AnchorWithHttp(string, string)' that allows 'url' to be passed as a 'System.Uri' object (https://learn.microsoft.com/dotnet/fundamentals/code-analysis/quality-rules/ca1054) [E:\vs\Projects\PlatformIndependentNuGetPackages\SunamoHtml\SunamoHtml\SunamoHtml.csproj::TargetFramework=net10.0]
E:\vs\Projects\PlatformIndependentNuGetPackages\SunamoHtml\SunamoHtml\Html\HtmlHelperText.cs(370,23): warning CA1304: The behavior of 'string.ToLower()' could vary based on the current user's locale settings. Replace this call in 'HtmlHelperText.AddIntoParagraph(string)' with a call to 'string.ToLower(CultureInfo)'. (https://learn.microsoft.com/dotnet/fundamentals/code-analysis/quality-rules/ca1304) [E:\vs\Projects\PlatformIndependentNuGetPackages\SunamoHtml\SunamoHtml\SunamoHtml.csproj::TargetFramework=net10.0]
E:\vs\Projects\PlatformIndependentNuGetPackages\SunamoHtml\SunamoHtml\Generators\HtmlGenerator21.cs(104,13): warning CA1062: In externally visible method 'string HtmlGenerator2.Anchor(string url)', validate parameter 'url' is non-null before using it. If appropriate, throw an 'ArgumentNullException' when the argument is 'null'. (https://learn.microsoft.com/dotnet/fundamentals/code-analysis/quality-rules/ca1062) [E:\vs\Projects\PlatformIndependentNuGetPackages\SunamoHtml\SunamoHtml\SunamoHtml.csproj::TargetFramework=net10.0]
E:\vs\Projects\PlatformIndependentNuGetPackages\SunamoHtml\SunamoHtml\Generators\HtmlGenerator21.cs(130,14): warning CA1062: In externally visible method 'string HtmlGenerator2.AnchorWithHttp(string url)', validate parameter 'url' is non-null before using it. If appropriate, throw an 'ArgumentNullException' when the argument is 'null'. (https://learn.microsoft.com/dotnet/fundamentals/code-analysis/quality-rules/ca1062) [E:\vs\Projects\PlatformIndependentNuGetPackages\SunamoHtml\SunamoHtml\SunamoHtml.csproj::TargetFramework=net10.0]
E:\vs\Projects\PlatformIndependentNuGetPackages\SunamoHtml\SunamoHtml\Html\HtmlHelperText.cs(362,13): warning CA1307: 'string.Contains(string)' has a method overload that takes a 'StringComparison' parameter. Replace this call in 'SunamoHtml.Html.HtmlHelperText.AddIntoParagraph(string)' with a call to 'string.Contains(string, System.StringComparison)' for clarity of intent. (https://learn.microsoft.com/dotnet/fundamentals/code-analysis/quality-rules/ca1307) [E:\vs\Projects\PlatformIndependentNuGetPackages\SunamoHtml\SunamoHtml\SunamoHtml.csproj::TargetFramework=net10.0]
E:\vs\Projects\PlatformIndependentNuGetPackages\SunamoHtml\SunamoHtml\Html\HtmlHelperText.cs(365,20): warning CA1307: 'string.Replace(string, string?)' has a method overload that takes a 'StringComparison' parameter. Replace this call in 'SunamoHtml.Html.HtmlHelperText.AddIntoParagraph(string)' with a call to 'string.Replace(string, string?, System.StringComparison)' for clarity of intent. (https://learn.microsoft.com/dotnet/fundamentals/code-analysis/quality-rules/ca1307) [E:\vs\Projects\PlatformIndependentNuGetPackages\SunamoHtml\SunamoHtml\SunamoHtml.csproj::TargetFramework=net10.0]
E:\vs\Projects\PlatformIndependentNuGetPackages\SunamoHtml\SunamoHtml\Generators\HtmlGenerator21.cs(157,68): warning CA1054: Change the type of parameter 'url' of method 'HtmlGenerator2.AnchorWithHttp(bool, string, string)' from 'string' to 'System.Uri', or provide an overload to 'HtmlGenerator2.AnchorWithHttp(bool, string, string)' that allows 'url' to be passed as a 'System.Uri' object (https://learn.microsoft.com/dotnet/fundamentals/code-analysis/quality-rules/ca1054) [E:\vs\Projects\PlatformIndependentNuGetPackages\SunamoHtml\SunamoHtml\SunamoHtml.csproj::TargetFramework=net10.0]
E:\vs\Projects\PlatformIndependentNuGetPackages\SunamoHtml\SunamoHtml\Html\HtmlHelperText.cs(374,17): warning CA1310: The behavior of 'string.StartsWith(string)' could vary based on the current user's locale settings. Replace this call in 'SunamoHtml.Html.HtmlHelperText.AddIntoParagraph(string)' with a call to 'string.StartsWith(string, System.StringComparison)'. (https://learn.microsoft.com/dotnet/fundamentals/code-analysis/quality-rules/ca1310) [E:\vs\Projects\PlatformIndependentNuGetPackages\SunamoHtml\SunamoHtml\SunamoHtml.csproj::TargetFramework=net10.0]
E:\vs\Projects\PlatformIndependentNuGetPackages\SunamoHtml\SunamoHtml\Generators\HtmlGenerator21.cs(146,48): warning CA1062: In externally visible method 'string HtmlGenerator2.AnchorWithHttp(string url, string text)', validate parameter 'url' is non-null before using it. If appropriate, throw an 'ArgumentNullException' when the argument is 'null'. (https://learn.microsoft.com/dotnet/fundamentals/code-analysis/quality-rules/ca1062) [E:\vs\Projects\PlatformIndependentNuGetPackages\SunamoHtml\SunamoHtml\SunamoHtml.csproj::TargetFramework=net10.0]
E:\vs\Projects\PlatformIndependentNuGetPackages\SunamoHtml\SunamoHtml\Generators\HtmlGenerator21.cs(170,85): warning CA1054: Change the type of parameter 'httpUrl' of method 'HtmlGenerator2.AnchorWithHttpCore(bool, string, string)' from 'string' to 'System.Uri', or provide an overload to 'HtmlGenerator2.AnchorWithHttpCore(bool, string, string)' that allows 'httpUrl' to be passed as a 'System.Uri' object (https://learn.microsoft.com/dotnet/fundamentals/code-analysis/quality-rules/ca1054) [E:\vs\Projects\PlatformIndependentNuGetPackages\SunamoHtml\SunamoHtml\SunamoHtml.csproj::TargetFramework=net10.0]
E:\vs\Projects\PlatformIndependentNuGetPackages\SunamoHtml\SunamoHtml\Generators\HtmlGenerator21.cs(159,51): warning CA1062: In externally visible method 'string HtmlGenerator2.AnchorWithHttp(bool isTargetBlank, string url, string text)', validate parameter 'url' is non-null before using it. If appropriate, throw an 'ArgumentNullException' when the argument is 'null'. (https://learn.microsoft.com/dotnet/fundamentals/code-analysis/quality-rules/ca1062) [E:\vs\Projects\PlatformIndependentNuGetPackages\SunamoHtml\SunamoHtml\SunamoHtml.csproj::TargetFramework=net10.0]
E:\vs\Projects\PlatformIndependentNuGetPackages\SunamoHtml\SunamoHtml\_sunamo\SunamoString\SH1.cs(191,19): warning CA1307: 'string.Replace(string, string?)' has a method overload that takes a 'StringComparison' parameter. Replace this call in 'SunamoHtml._sunamo.SunamoString.SH.IsMatchRegex(string, string, char, char)' with a call to 'string.Replace(string, string?, System.StringComparison)' for clarity of intent. (https://learn.microsoft.com/dotnet/fundamentals/code-analysis/quality-rules/ca1307) [E:\vs\Projects\PlatformIndependentNuGetPackages\SunamoHtml\SunamoHtml\SunamoHtml.csproj::TargetFramework=net10.0]
E:\vs\Projects\PlatformIndependentNuGetPackages\SunamoHtml\SunamoHtml\Generators\HtmlGenerator21.cs(184,84): warning CA1002: Change 'List<string>' in 'HtmlGenerator2.GetRadioButtonsWoCheckDuplicate(string, List<string>, List<string>)' to use 'Collection<T>', 'ReadOnlyCollection<T>' or 'KeyedCollection<K,V>' (https://learn.microsoft.com/dotnet/fundamentals/code-analysis/quality-rules/ca1002) [E:\vs\Projects\PlatformIndependentNuGetPackages\SunamoHtml\SunamoHtml\SunamoHtml.csproj::TargetFramework=net10.0]
E:\vs\Projects\PlatformIndependentNuGetPackages\SunamoHtml\SunamoHtml\Generators\HtmlGenerator21.cs(184,102): warning CA1002: Change 'List<string>' in 'HtmlGenerator2.GetRadioButtonsWoCheckDuplicate(string, List<string>, List<string>)' to use 'Collection<T>', 'ReadOnlyCollection<T>' or 'KeyedCollection<K,V>' (https://learn.microsoft.com/dotnet/fundamentals/code-analysis/quality-rules/ca1002) [E:\vs\Projects\PlatformIndependentNuGetPackages\SunamoHtml\SunamoHtml\SunamoHtml.csproj::TargetFramework=net10.0]
E:\vs\Projects\PlatformIndependentNuGetPackages\SunamoHtml\SunamoHtml\_sunamo\SunamoString\SH1.cs(192,25): warning CA1307: 'string.Replace(string, string?)' has a method overload that takes a 'StringComparison' parameter. Replace this call in 'SunamoHtml._sunamo.SunamoString.SH.IsMatchRegex(string, string, char, char)' with a call to 'string.Replace(string, string?, System.StringComparison)' for clarity of intent. (https://learn.microsoft.com/dotnet/fundamentals/code-analysis/quality-rules/ca1307) [E:\vs\Projects\PlatformIndependentNuGetPackages\SunamoHtml\SunamoHtml\SunamoHtml.csproj::TargetFramework=net10.0]
E:\vs\Projects\PlatformIndependentNuGetPackages\SunamoHtml\SunamoHtml\Html\HtmlHelperSunamoCz.cs(18,16): warning CA1062: In externally visible method 'string HtmlHelperSunamoCz.ConvertTextToHtmlWithAnchors(string text, ref string error)', validate parameter 'text' is non-null before using it. If appropriate, throw an 'ArgumentNullException' when the argument is 'null'. (https://learn.microsoft.com/dotnet/fundamentals/code-analysis/quality-rules/ca1062) [E:\vs\Projects\PlatformIndependentNuGetPackages\SunamoHtml\SunamoHtml\SunamoHtml.csproj::TargetFramework=net10.0]
E:\vs\Projects\PlatformIndependentNuGetPackages\SunamoHtml\SunamoHtml\Generators\HtmlGenerator21.cs(205,84): warning CA1002: Change 'List<string>' in 'HtmlGenerator2.GetRadioButtonsWoCheckDuplicate(string, List<string>, List<string>, string)' to use 'Collection<T>', 'ReadOnlyCollection<T>' or 'KeyedCollection<K,V>' (https://learn.microsoft.com/dotnet/fundamentals/code-analysis/quality-rules/ca1002) [E:\vs\Projects\PlatformIndependentNuGetPackages\SunamoHtml\SunamoHtml\SunamoHtml.csproj::TargetFramework=net10.0]
E:\vs\Projects\PlatformIndependentNuGetPackages\SunamoHtml\SunamoHtml\Generators\HtmlGenerator21.cs(205,102): warning CA1002: Change 'List<string>' in 'HtmlGenerator2.GetRadioButtonsWoCheckDuplicate(string, List<string>, List<string>, string)' to use 'Collection<T>', 'ReadOnlyCollection<T>' or 'KeyedCollection<K,V>' (https://learn.microsoft.com/dotnet/fundamentals/code-analysis/quality-rules/ca1002) [E:\vs\Projects\PlatformIndependentNuGetPackages\SunamoHtml\SunamoHtml\SunamoHtml.csproj::TargetFramework=net10.0]
E:\vs\Projects\PlatformIndependentNuGetPackages\SunamoHtml\SunamoHtml\Html\HtmlHelperShared2.cs(148,64): warning CA1062: In externally visible method 'string HtmlHelper.ReturnApplyToAllTags(string text, string tagName, EditHtmlWidthHandler handler, string value)', validate parameter 'handler' is non-null before using it. If appropriate, throw an 'ArgumentNullException' when the argument is 'null'. (https://learn.microsoft.com/dotnet/fundamentals/code-analysis/quality-rules/ca1062) [E:\vs\Projects\PlatformIndependentNuGetPackages\SunamoHtml\SunamoHtml\SunamoHtml.csproj::TargetFramework=net10.0]
E:\vs\Projects\PlatformIndependentNuGetPackages\SunamoHtml\SunamoHtml\HtmlAgilityHelper1.cs(159,59): warning CA1002: Change 'List<HtmlNode>' in 'HtmlAgilityHelper.RecursiveReturnTags(List<HtmlNode>, HtmlNode, bool, bool, string)' to use 'Collection<T>', 'ReadOnlyCollection<T>' or 'KeyedCollection<K,V>' (https://learn.microsoft.com/dotnet/fundamentals/code-analysis/quality-rules/ca1002) [E:\vs\Projects\PlatformIndependentNuGetPackages\SunamoHtml\SunamoHtml\SunamoHtml.csproj::TargetFramework=net10.0]
E:\vs\Projects\PlatformIndependentNuGetPackages\SunamoHtml\SunamoHtml\Html\HtmlHelperShared2.cs(199,51): warning CA1311: Specify a culture or use an invariant version to avoid implicit dependency on current culture (https://learn.microsoft.com/dotnet/fundamentals/code-analysis/quality-rules/ca1311) [E:\vs\Projects\PlatformIndependentNuGetPackages\SunamoHtml\SunamoHtml\SunamoHtml.csproj::TargetFramework=net10.0]
E:\vs\Projects\PlatformIndependentNuGetPackages\SunamoHtml\SunamoHtml\Html\HtmlHelperShared2.cs(199,81): warning CA1311: Specify a culture or use an invariant version to avoid implicit dependency on current culture (https://learn.microsoft.com/dotnet/fundamentals/code-analysis/quality-rules/ca1311) [E:\vs\Projects\PlatformIndependentNuGetPackages\SunamoHtml\SunamoHtml\SunamoHtml.csproj::TargetFramework=net10.0]
E:\vs\Projects\PlatformIndependentNuGetPackages\SunamoHtml\SunamoHtml\Html\HtmlHelperShared2.cs(192,37): warning CA1847: Use 'string.Contains(char)' instead of 'string.Contains(string)' when searching for a single character (https://learn.microsoft.com/dotnet/fundamentals/code-analysis/quality-rules/ca1847) [E:\vs\Projects\PlatformIndependentNuGetPackages\SunamoHtml\SunamoHtml\SunamoHtml.csproj::TargetFramework=net10.0]
E:\vs\Projects\PlatformIndependentNuGetPackages\SunamoHtml\SunamoHtml\Html\HtmlHelperShared2.cs(196,35): warning CA1847: Use 'string.Contains(char)' instead of 'string.Contains(string)' when searching for a single character (https://learn.microsoft.com/dotnet/fundamentals/code-analysis/quality-rules/ca1847) [E:\vs\Projects\PlatformIndependentNuGetPackages\SunamoHtml\SunamoHtml\SunamoHtml.csproj::TargetFramework=net10.0]
E:\vs\Projects\PlatformIndependentNuGetPackages\SunamoHtml\SunamoHtml\Html\HtmlHelperShared2.cs(199,32): warning CA1304: The behavior of 'string.ToLower()' could vary based on the current user's locale settings. Replace this call in 'HtmlHelper.GetValuesOfStyle(HtmlNode)' with a call to 'string.ToLower(CultureInfo)'. (https://learn.microsoft.com/dotnet/fundamentals/code-analysis/quality-rules/ca1304) [E:\vs\Projects\PlatformIndependentNuGetPackages\SunamoHtml\SunamoHtml\SunamoHtml.csproj::TargetFramework=net10.0]
E:\vs\Projects\PlatformIndependentNuGetPackages\SunamoHtml\SunamoHtml\Html\HtmlHelperShared2.cs(199,62): warning CA1304: The behavior of 'string.ToLower()' could vary based on the current user's locale settings. Replace this call in 'HtmlHelper.GetValuesOfStyle(HtmlNode)' with a call to 'string.ToLower(CultureInfo)'. (https://learn.microsoft.com/dotnet/fundamentals/code-analysis/quality-rules/ca1304) [E:\vs\Projects\PlatformIndependentNuGetPackages\SunamoHtml\SunamoHtml\SunamoHtml.csproj::TargetFramework=net10.0]
E:\vs\Projects\PlatformIndependentNuGetPackages\SunamoHtml\SunamoHtml\Html\HtmlHelperShared2.cs(192,13): warning CA1307: 'string.Contains(string)' has a method overload that takes a 'StringComparison' parameter. Replace this call in 'SunamoHtml.Html.HtmlHelper.GetValuesOfStyle(HtmlAgilityPack.HtmlNode)' with a call to 'string.Contains(string, System.StringComparison)' for clarity of intent. (https://learn.microsoft.com/dotnet/fundamentals/code-analysis/quality-rules/ca1307) [E:\vs\Projects\PlatformIndependentNuGetPackages\SunamoHtml\SunamoHtml\SunamoHtml.csproj::TargetFramework=net10.0]
E:\vs\Projects\PlatformIndependentNuGetPackages\SunamoHtml\SunamoHtml\Html\HtmlHelperShared2.cs(196,21): warning CA1307: 'string.Contains(string)' has a method overload that takes a 'StringComparison' parameter. Replace this call in 'SunamoHtml.Html.HtmlHelper.GetValuesOfStyle(HtmlAgilityPack.HtmlNode)' with a call to 'string.Contains(string, System.StringComparison)' for clarity of intent. (https://learn.microsoft.com/dotnet/fundamentals/code-analysis/quality-rules/ca1307) [E:\vs\Projects\PlatformIndependentNuGetPackages\SunamoHtml\SunamoHtml\SunamoHtml.csproj::TargetFramework=net10.0]
E:\vs\Projects\PlatformIndependentNuGetPackages\SunamoHtml\SunamoHtml\Generators\HtmlGenerator21.cs(239,36): warning CA1062: In externally visible method 'string HtmlGenerator2.GetWordsForTagCloudManageTags(Dictionary<string, short> wordCount, string cssSelector)', validate parameter 'wordCount' is non-null before using it. If appropriate, throw an 'ArgumentNullException' when the argument is 'null'. (https://learn.microsoft.com/dotnet/fundamentals/code-analysis/quality-rules/ca1062) [E:\vs\Projects\PlatformIndependentNuGetPackages\SunamoHtml\SunamoHtml\SunamoHtml.csproj::TargetFramework=net10.0]
E:\vs\Projects\PlatformIndependentNuGetPackages\SunamoHtml\SunamoHtml\HtmlAgilityHelper1.cs(186,34): warning CA1002: Change 'List<HtmlNode>' in 'HtmlAgilityHelper.Nodes(HtmlNode, bool, string)' to use 'Collection<T>', 'ReadOnlyCollection<T>' or 'KeyedCollection<K,V>' (https://learn.microsoft.com/dotnet/fundamentals/code-analysis/quality-rules/ca1002) [E:\vs\Projects\PlatformIndependentNuGetPackages\SunamoHtml\SunamoHtml\SunamoHtml.csproj::TargetFramework=net10.0]
E:\vs\Projects\PlatformIndependentNuGetPackages\SunamoHtml\SunamoHtml\HtmlAgilityHelper1.cs(188,19): warning CA1311: Specify a culture or use an invariant version to avoid implicit dependency on current culture (https://learn.microsoft.com/dotnet/fundamentals/code-analysis/quality-rules/ca1311) [E:\vs\Projects\PlatformIndependentNuGetPackages\SunamoHtml\SunamoHtml\SunamoHtml.csproj::TargetFramework=net10.0]
E:\vs\Projects\PlatformIndependentNuGetPackages\SunamoHtml\SunamoHtml\Html\HtmlHelperText.cs(391,30): warning CA1847: Use 'string.Contains(char)' instead of 'string.Contains(string)' when searching for a single character (https://learn.microsoft.com/dotnet/fundamentals/code-analysis/quality-rules/ca1847) [E:\vs\Projects\PlatformIndependentNuGetPackages\SunamoHtml\SunamoHtml\SunamoHtml.csproj::TargetFramework=net10.0]
E:\vs\Projects\PlatformIndependentNuGetPackages\SunamoHtml\SunamoHtml\HtmlAgilityHelper1.cs(188,15): warning CA1304: The behavior of 'string.ToLower()' could vary based on the current user's locale settings. Replace this call in 'HtmlAgilityHelper.Nodes(HtmlNode, bool, string)' with a call to 'string.ToLower(CultureInfo)'. (https://learn.microsoft.com/dotnet/fundamentals/code-analysis/quality-rules/ca1304) [E:\vs\Projects\PlatformIndependentNuGetPackages\SunamoHtml\SunamoHtml\SunamoHtml.csproj::TargetFramework=net10.0]
E:\vs\Projects\PlatformIndependentNuGetPackages\SunamoHtml\SunamoHtml\Html\HtmlHelperText.cs(391,13): warning CA1307: 'string.Contains(string)' has a method overload that takes a 'StringComparison' parameter. Replace this call in 'SunamoHtml.Html.HtmlHelperText.GetFirstTag(string)' with a call to 'string.Contains(string, System.StringComparison)' for clarity of intent. (https://learn.microsoft.com/dotnet/fundamentals/code-analysis/quality-rules/ca1307) [E:\vs\Projects\PlatformIndependentNuGetPackages\SunamoHtml\SunamoHtml\SunamoHtml.csproj::TargetFramework=net10.0]
E:\vs\Projects\PlatformIndependentNuGetPackages\SunamoHtml\SunamoHtml\Generators\HtmlGenerator21.cs(31,22): warning CA1062: In externally visible method 'string HtmlGenerator2.TopListWithImages(HtmlGenerator htmlGenerator, int widthImage, int heightImage, string initialImageUri, List<string> photoLinks, List<string> textLinks, List<string> innerHtmlText, List<string> srcPhoto, List<string> idBadges, string arrayName)', validate parameter 'srcPhoto' is non-null before using it. If appropriate, throw an 'ArgumentNullException' when the argument is 'null'. (https://learn.microsoft.com/dotnet/fundamentals/code-analysis/quality-rules/ca1062) [E:\vs\Projects\PlatformIndependentNuGetPackages\SunamoHtml\SunamoHtml\SunamoHtml.csproj::TargetFramework=net10.0]
E:\vs\Projects\PlatformIndependentNuGetPackages\SunamoHtml\SunamoHtml\Generators\HtmlGenerator21.cs(24,21): warning CA1062: In externally visible method 'string HtmlGenerator2.TopListWithImages(HtmlGenerator htmlGenerator, int widthImage, int heightImage, string initialImageUri, List<string> photoLinks, List<string> textLinks, List<string> innerHtmlText, List<string> srcPhoto, List<string> idBadges, string arrayName)', validate parameter 'photoLinks' is non-null before using it. If appropriate, throw an 'ArgumentNullException' when the argument is 'null'. (https://learn.microsoft.com/dotnet/fundamentals/code-analysis/quality-rules/ca1062) [E:\vs\Projects\PlatformIndependentNuGetPackages\SunamoHtml\SunamoHtml\SunamoHtml.csproj::TargetFramework=net10.0]
E:\vs\Projects\PlatformIndependentNuGetPackages\SunamoHtml\SunamoHtml\Generators\HtmlGenerator21.cs(29,22): warning CA1062: In externally visible method 'string HtmlGenerator2.TopListWithImages(HtmlGenerator htmlGenerator, int widthImage, int heightImage, string initialImageUri, List<string> photoLinks, List<string> textLinks, List<string> innerHtmlText, List<string> srcPhoto, List<string> idBadges, string arrayName)', validate parameter 'innerHtmlText' is non-null before using it. If appropriate, throw an 'ArgumentNullException' when the argument is 'null'. (https://learn.microsoft.com/dotnet/fundamentals/code-analysis/quality-rules/ca1062) [E:\vs\Projects\PlatformIndependentNuGetPackages\SunamoHtml\SunamoHtml\SunamoHtml.csproj::TargetFramework=net10.0]
E:\vs\Projects\PlatformIndependentNuGetPackages\SunamoHtml\SunamoHtml\Generators\HtmlGenerator21.cs(40,13): warning CA1062: In externally visible method 'string HtmlGenerator2.TopListWithImages(HtmlGenerator htmlGenerator, int widthImage, int heightImage, string initialImageUri, List<string> photoLinks, List<string> textLinks, List<string> innerHtmlText, List<string> srcPhoto, List<string> idBadges, string arrayName)', validate parameter 'htmlGenerator' is non-null before using it. If appropriate, throw an 'ArgumentNullException' when the argument is 'null'. (https://learn.microsoft.com/dotnet/fundamentals/code-analysis/quality-rules/ca1062) [E:\vs\Projects\PlatformIndependentNuGetPackages\SunamoHtml\SunamoHtml\SunamoHtml.csproj::TargetFramework=net10.0]
E:\vs\Projects\PlatformIndependentNuGetPackages\SunamoHtml\SunamoHtml\Generators\HtmlGenerator21.cs(33,22): warning CA1062: In externally visible method 'string HtmlGenerator2.TopListWithImages(HtmlGenerator htmlGenerator, int widthImage, int heightImage, string initialImageUri, List<string> photoLinks, List<string> textLinks, List<string> innerHtmlText, List<string> srcPhoto, List<string> idBadges, string arrayName)', validate parameter 'idBadges' is non-null before using it. If appropriate, throw an 'ArgumentNullException' when the argument is 'null'. (https://learn.microsoft.com/dotnet/fundamentals/code-analysis/quality-rules/ca1062) [E:\vs\Projects\PlatformIndependentNuGetPackages\SunamoHtml\SunamoHtml\SunamoHtml.csproj::TargetFramework=net10.0]
E:\vs\Projects\PlatformIndependentNuGetPackages\SunamoHtml\SunamoHtml\Generators\HtmlGenerator21.cs(27,22): warning CA1062: In externally visible method 'string HtmlGenerator2.TopListWithImages(HtmlGenerator htmlGenerator, int widthImage, int heightImage, string initialImageUri, List<string> photoLinks, List<string> textLinks, List<string> innerHtmlText, List<string> srcPhoto, List<string> idBadges, string arrayName)', validate parameter 'textLinks' is non-null before using it. If appropriate, throw an 'ArgumentNullException' when the argument is 'null'. (https://learn.microsoft.com/dotnet/fundamentals/code-analysis/quality-rules/ca1062) [E:\vs\Projects\PlatformIndependentNuGetPackages\SunamoHtml\SunamoHtml\SunamoHtml.csproj::TargetFramework=net10.0]
E:\vs\Projects\PlatformIndependentNuGetPackages\SunamoHtml\SunamoHtml\Generators\HtmlGenerator21.cs(208,29): warning CA1062: In externally visible method 'string HtmlGenerator2.GetRadioButtonsWoCheckDuplicate(string name, List<string> ids, List<string> labels, string eventHandlerSelected)', validate parameter 'ids' is non-null before using it. If appropriate, throw an 'ArgumentNullException' when the argument is 'null'. (https://learn.microsoft.com/dotnet/fundamentals/code-analysis/quality-rules/ca1062) [E:\vs\Projects\PlatformIndependentNuGetPackages\SunamoHtml\SunamoHtml\SunamoHtml.csproj::TargetFramework=net10.0]
E:\vs\Projects\PlatformIndependentNuGetPackages\SunamoHtml\SunamoHtml\Generators\HtmlGenerator21.cs(211,32): warning CA1062: In externally visible method 'string HtmlGenerator2.GetRadioButtonsWoCheckDuplicate(string name, List<string> ids, List<string> labels, string eventHandlerSelected)', validate parameter 'labels' is non-null before using it. If appropriate, throw an 'ArgumentNullException' when the argument is 'null'. (https://learn.microsoft.com/dotnet/fundamentals/code-analysis/quality-rules/ca1062) [E:\vs\Projects\PlatformIndependentNuGetPackages\SunamoHtml\SunamoHtml\SunamoHtml.csproj::TargetFramework=net10.0]
E:\vs\Projects\PlatformIndependentNuGetPackages\SunamoHtml\SunamoHtml\HtmlAgilityHelper1.cs(125,44): warning CA1307: 'string.Contains(string)' has a method overload that takes a 'StringComparison' parameter. Replace this call in 'SunamoHtml.HtmlAgilityHelper.HasTagAttr(HtmlAgilityPack.HtmlNode, string, string, bool, bool, bool)' with a call to 'string.Contains(string, System.StringComparison)' for clarity of intent. (https://learn.microsoft.com/dotnet/fundamentals/code-analysis/quality-rules/ca1307) [E:\vs\Projects\PlatformIndependentNuGetPackages\SunamoHtml\SunamoHtml\SunamoHtml.csproj::TargetFramework=net10.0]
E:\vs\Projects\PlatformIndependentNuGetPackages\SunamoHtml\SunamoHtml\HtmlAgilityHelper1.cs(132,26): warning CA1307: 'string.Contains(string)' has a method overload that takes a 'StringComparison' parameter. Replace this call in 'SunamoHtml.HtmlAgilityHelper.HasTagAttr(HtmlAgilityPack.HtmlNode, string, string, bool, bool, bool)' with a call to 'string.Contains(string, System.StringComparison)' for clarity of intent. (https://learn.microsoft.com/dotnet/fundamentals/code-analysis/quality-rules/ca1307) [E:\vs\Projects\PlatformIndependentNuGetPackages\SunamoHtml\SunamoHtml\SunamoHtml.csproj::TargetFramework=net10.0]
E:\vs\Projects\PlatformIndependentNuGetPackages\SunamoHtml\SunamoHtml\Html\HtmlHelperShared2.cs(214,30): warning CA1062: In externally visible method 'HtmlNode HtmlHelper.GetTag(HtmlNode htmlNode, string tagName)', validate parameter 'htmlNode' is non-null before using it. If appropriate, throw an 'ArgumentNullException' when the argument is 'null'. (https://learn.microsoft.com/dotnet/fundamentals/code-analysis/quality-rules/ca1062) [E:\vs\Projects\PlatformIndependentNuGetPackages\SunamoHtml\SunamoHtml\SunamoHtml.csproj::TargetFramework=net10.0]
E:\vs\Projects\PlatformIndependentNuGetPackages\SunamoHtml\SunamoHtml\Generators\HtmlGenerator21.cs(227,36): warning CA1062: In externally visible method 'string HtmlGenerator2.GetWordsForTagCloud(Dictionary<string, short> wordCount, string cssSelector)', validate parameter 'wordCount' is non-null before using it. If appropriate, throw an 'ArgumentNullException' when the argument is 'null'. (https://learn.microsoft.com/dotnet/fundamentals/code-analysis/quality-rules/ca1062) [E:\vs\Projects\PlatformIndependentNuGetPackages\SunamoHtml\SunamoHtml\SunamoHtml.csproj::TargetFramework=net10.0]
E:\vs\Projects\PlatformIndependentNuGetPackages\SunamoHtml\SunamoHtml\Generators\HtmlGenerator21.cs(255,194): warning CA1305: The behavior of 'short.ToString()' could vary based on the current user's locale settings. Replace this call in 'HtmlGenerator2.GetWordsForTagCloud(Dictionary<string, short>, string, string)' with a call to 'short.ToString(IFormatProvider)'. (https://learn.microsoft.com/dotnet/fundamentals/code-analysis/quality-rules/ca1305) [E:\vs\Projects\PlatformIndependentNuGetPackages\SunamoHtml\SunamoHtml\SunamoHtml.csproj::TargetFramework=net10.0]
E:\vs\Projects\PlatformIndependentNuGetPackages\SunamoHtml\SunamoHtml\Generators\HtmlGenerator21.cs(254,33): warning CA1307: 'string.Replace(string, string?)' has a method overload that takes a 'StringComparison' parameter. Replace this call in 'SunamoHtml.Generators.HtmlGenerator2.GetWordsForTagCloud(System.Collections.Generic.Dictionary<string, short>, string, string)' with a call to 'string.Replace(string, string?, System.StringComparison)' for clarity of intent. (https://learn.microsoft.com/dotnet/fundamentals/code-analysis/quality-rules/ca1307) [E:\vs\Projects\PlatformIndependentNuGetPackages\SunamoHtml\SunamoHtml\SunamoHtml.csproj::TargetFramework=net10.0]
E:\vs\Projects\PlatformIndependentNuGetPackages\SunamoHtml\SunamoHtml\HtmlAgilityHelper1.cs(250,75): warning CA1002: Change 'List<HtmlNode>' in 'HtmlAgilityHelper.RecursiveReturnTagsWithContainsAttr(List<HtmlNode>, HtmlNode, bool, string, string, string, bool, [bool])' to use 'Collection<T>', 'ReadOnlyCollection<T>' or 'KeyedCollection<K,V>' (https://learn.microsoft.com/dotnet/fundamentals/code-analysis/quality-rules/ca1002) [E:\vs\Projects\PlatformIndependentNuGetPackages\SunamoHtml\SunamoHtml\SunamoHtml.csproj::TargetFramework=net10.0]
E:\vs\Projects\PlatformIndependentNuGetPackages\SunamoHtml\SunamoHtml\Generators\HtmlGenerator21.cs(187,29): warning CA1062: In externally visible method 'string HtmlGenerator2.GetRadioButtonsWoCheckDuplicate(string name, List<string> ids, List<string> labels)', validate parameter 'ids' is non-null before using it. If appropriate, throw an 'ArgumentNullException' when the argument is 'null'. (https://learn.microsoft.com/dotnet/fundamentals/code-analysis/quality-rules/ca1062) [E:\vs\Projects\PlatformIndependentNuGetPackages\SunamoHtml\SunamoHtml\SunamoHtml.csproj::TargetFramework=net10.0]
E:\vs\Projects\PlatformIndependentNuGetPackages\SunamoHtml\SunamoHtml\Generators\HtmlGenerator21.cs(190,32): warning CA1062: In externally visible method 'string HtmlGenerator2.GetRadioButtonsWoCheckDuplicate(string name, List<string> ids, List<string> labels)', validate parameter 'labels' is non-null before using it. If appropriate, throw an 'ArgumentNullException' when the argument is 'null'. (https://learn.microsoft.com/dotnet/fundamentals/code-analysis/quality-rules/ca1062) [E:\vs\Projects\PlatformIndependentNuGetPackages\SunamoHtml\SunamoHtml\SunamoHtml.csproj::TargetFramework=net10.0]
E:\vs\Projects\PlatformIndependentNuGetPackages\SunamoHtml\SunamoHtml\Generators\HtmlGenerator21.cs(320,16): warning CA1307: 'string.Replace(string, string?)' has a method overload that takes a 'StringComparison' parameter. Replace this call in 'SunamoHtml.Generators.HtmlGenerator2.ShortForLettersCount(string, int)' with a call to 'string.Replace(string, string?, System.StringComparison)' for clarity of intent. (https://learn.microsoft.com/dotnet/fundamentals/code-analysis/quality-rules/ca1307) [E:\vs\Projects\PlatformIndependentNuGetPackages\SunamoHtml\SunamoHtml\SunamoHtml.csproj::TargetFramework=net10.0]
E:\vs\Projects\PlatformIndependentNuGetPackages\SunamoHtml\SunamoHtml\HtmlAgilityHelper1.cs(50,30): warning CA1062: In externally visible method 'List<HtmlNode> HtmlAgilityHelper.TrimComments(List<HtmlNode> nodes)', validate parameter 'nodes' is non-null before using it. If appropriate, throw an 'ArgumentNullException' when the argument is 'null'. (https://learn.microsoft.com/dotnet/fundamentals/code-analysis/quality-rules/ca1062) [E:\vs\Projects\PlatformIndependentNuGetPackages\SunamoHtml\SunamoHtml\SunamoHtml.csproj::TargetFramework=net10.0]
E:\vs\Projects\PlatformIndependentNuGetPackages\SunamoHtml\SunamoHtml\Generators\HtmlGenerator22.cs(16,118): warning CA1002: Change 'List<string>' in 'HtmlGenerator2.GetForCheckBoxListWoCheckDuplicate(string, string, List<string>, List<string>)' to use 'Collection<T>', 'ReadOnlyCollection<T>' or 'KeyedCollection<K,V>' (https://learn.microsoft.com/dotnet/fundamentals/code-analysis/quality-rules/ca1002) [E:\vs\Projects\PlatformIndependentNuGetPackages\SunamoHtml\SunamoHtml\SunamoHtml.csproj::TargetFramework=net10.0]
E:\vs\Projects\PlatformIndependentNuGetPackages\SunamoHtml\SunamoHtml\Generators\HtmlGenerator22.cs(16,145): warning CA1002: Change 'List<string>' in 'HtmlGenerator2.GetForCheckBoxListWoCheckDuplicate(string, string, List<string>, List<string>)' to use 'Collection<T>', 'ReadOnlyCollection<T>' or 'KeyedCollection<K,V>' (https://learn.microsoft.com/dotnet/fundamentals/code-analysis/quality-rules/ca1002) [E:\vs\Projects\PlatformIndependentNuGetPackages\SunamoHtml\SunamoHtml\SunamoHtml.csproj::TargetFramework=net10.0]
E:\vs\Projects\PlatformIndependentNuGetPackages\SunamoHtml\SunamoHtml\Html\HtmlHelperShared2.cs(257,34): warning CA1002: Change 'List<HtmlNode>' in 'HtmlHelper.ReturnAllTagsImg(HtmlNode, string)' to use 'Collection<T>', 'ReadOnlyCollection<T>' or 'KeyedCollection<K,V>' (https://learn.microsoft.com/dotnet/fundamentals/code-analysis/quality-rules/ca1002) [E:\vs\Projects\PlatformIndependentNuGetPackages\SunamoHtml\SunamoHtml\SunamoHtml.csproj::TargetFramework=net10.0]
E:\vs\Projects\PlatformIndependentNuGetPackages\SunamoHtml\SunamoHtml\Generators\HtmlGenerator22.cs(20,19): warning CA2201: Exception type System.Exception is not sufficiently specific (https://learn.microsoft.com/dotnet/fundamentals/code-analysis/quality-rules/ca2201) [E:\vs\Projects\PlatformIndependentNuGetPackages\SunamoHtml\SunamoHtml\SunamoHtml.csproj::TargetFramework=net10.0]
E:\vs\Projects\PlatformIndependentNuGetPackages\SunamoHtml\SunamoHtml\Generators\HtmlGenerator21.cs(320,16): warning CA1062: In externally visible method 'string HtmlGenerator2.ShortForLettersCount(string text, int maxLength)', validate parameter 'text' is non-null before using it. If appropriate, throw an 'ArgumentNullException' when the argument is 'null'. (https://learn.microsoft.com/dotnet/fundamentals/code-analysis/quality-rules/ca1062) [E:\vs\Projects\PlatformIndependentNuGetPackages\SunamoHtml\SunamoHtml\SunamoHtml.csproj::TargetFramework=net10.0]
E:\vs\Projects\PlatformIndependentNuGetPackages\SunamoHtml\SunamoHtml\HtmlAgilityHelper1.cs(268,75): warning CA1002: Change 'List<HtmlNode>' in 'HtmlAgilityHelper.RecursiveReturnTagsWithContainsAttr(List<HtmlNode>, HtmlNode, bool, string, string, string, bool, bool, [bool])' to use 'Collection<T>', 'ReadOnlyCollection<T>' or 'KeyedCollection<K,V>' (https://learn.microsoft.com/dotnet/fundamentals/code-analysis/quality-rules/ca1002) [E:\vs\Projects\PlatformIndependentNuGetPackages\SunamoHtml\SunamoHtml\SunamoHtml.csproj::TargetFramework=net10.0]
E:\vs\Projects\PlatformIndependentNuGetPackages\SunamoHtml\SunamoHtml\HtmlAgilityHelper1.cs(188,15): warning CA1062: In externally visible method 'List<HtmlNode> HtmlAgilityHelper.Nodes(HtmlNode node, bool isRecursive, string tag)', validate parameter 'tag' is non-null before using it. If appropriate, throw an 'ArgumentNullException' when the argument is 'null'. (https://learn.microsoft.com/dotnet/fundamentals/code-analysis/quality-rules/ca1062) [E:\vs\Projects\PlatformIndependentNuGetPackages\SunamoHtml\SunamoHtml\SunamoHtml.csproj::TargetFramework=net10.0]
E:\vs\Projects\PlatformIndependentNuGetPackages\SunamoHtml\SunamoHtml\Html\HtmlHelperShared2.cs(283,34): warning CA1002: Change 'List<HtmlNode>' in 'HtmlHelper.ReturnTags(HtmlNode, string)' to use 'Collection<T>', 'ReadOnlyCollection<T>' or 'KeyedCollection<K,V>' (https://learn.microsoft.com/dotnet/fundamentals/code-analysis/quality-rules/ca1002) [E:\vs\Projects\PlatformIndependentNuGetPackages\SunamoHtml\SunamoHtml\SunamoHtml.csproj::TargetFramework=net10.0]
E:\vs\Projects\PlatformIndependentNuGetPackages\SunamoHtml\SunamoHtml\HtmlAgilityHelper1.cs(271,27): warning CA1311: Specify a culture or use an invariant version to avoid implicit dependency on current culture (https://learn.microsoft.com/dotnet/fundamentals/code-analysis/quality-rules/ca1311) [E:\vs\Projects\PlatformIndependentNuGetPackages\SunamoHtml\SunamoHtml\SunamoHtml.csproj::TargetFramework=net10.0]
E:\vs\Projects\PlatformIndependentNuGetPackages\SunamoHtml\SunamoHtml\HtmlAgilityHelper1.cs(302,34): warning CA1002: Change 'List<HtmlNode>' in 'HtmlAgilityHelper.NodesWithAttrWildCard(HtmlNode, bool, string, string, string, [bool])' to use 'Collection<T>', 'ReadOnlyCollection<T>' or 'KeyedCollection<K,V>' (https://learn.microsoft.com/dotnet/fundamentals/code-analysis/quality-rules/ca1002) [E:\vs\Projects\PlatformIndependentNuGetPackages\SunamoHtml\SunamoHtml\SunamoHtml.csproj::TargetFramework=net10.0]
E:\vs\Projects\PlatformIndependentNuGetPackages\SunamoHtml\SunamoHtml\HtmlAgilityHelper1.cs(317,34): warning CA1002: Change 'List<HtmlNode>' in 'HtmlAgilityHelper.NodesWithAttr(HtmlNode, bool, string, string, string, [bool])' to use 'Collection<T>', 'ReadOnlyCollection<T>' or 'KeyedCollection<K,V>' (https://learn.microsoft.com/dotnet/fundamentals/code-analysis/quality-rules/ca1002) [E:\vs\Projects\PlatformIndependentNuGetPackages\SunamoHtml\SunamoHtml\SunamoHtml.csproj::TargetFramework=net10.0]
E:\vs\Projects\PlatformIndependentNuGetPackages\SunamoHtml\SunamoHtml\HtmlAgilityHelper1.cs(271,19): warning CA1304: The behavior of 'string.ToLower()' could vary based on the current user's locale settings. Replace this call in 'HtmlAgilityHelper.RecursiveReturnTagsWithContainsAttr(List<HtmlNode>, HtmlNode, bool, string, string, string, bool, bool, [bool])' with a call to 'string.ToLower(CultureInfo)'. (https://learn.microsoft.com/dotnet/fundamentals/code-analysis/quality-rules/ca1304) [E:\vs\Projects\PlatformIndependentNuGetPackages\SunamoHtml\SunamoHtml\SunamoHtml.csproj::TargetFramework=net10.0]
E:\vs\Projects\PlatformIndependentNuGetPackages\SunamoHtml\SunamoHtml\Generators\HtmlGenerator21.cs(282,13): warning CA1820: Test for empty strings using 'string.Length' property or 'string.IsNullOrEmpty' method instead of an Equality check (https://learn.microsoft.com/dotnet/fundamentals/code-analysis/quality-rules/ca1820) [E:\vs\Projects\PlatformIndependentNuGetPackages\SunamoHtml\SunamoHtml\SunamoHtml.csproj::TargetFramework=net10.0]
E:\vs\Projects\PlatformIndependentNuGetPackages\SunamoHtml\SunamoHtml\Generators\HtmlGenerator22.cs(42,9): warning CA1062: In externally visible method 'string HtmlGenerator2.HtmlGeneratorToString(Action<HtmlGenerator> action)', validate parameter 'action' is non-null before using it. If appropriate, throw an 'ArgumentNullException' when the argument is 'null'. (https://learn.microsoft.com/dotnet/fundamentals/code-analysis/quality-rules/ca1062) [E:\vs\Projects\PlatformIndependentNuGetPackages\SunamoHtml\SunamoHtml\SunamoHtml.csproj::TargetFramework=net10.0]
E:\vs\Projects\PlatformIndependentNuGetPackages\SunamoHtml\SunamoHtml\Html\HtmlHelperShared3.cs(47,34): warning CA1002: Change 'List<HtmlNode>' in 'HtmlHelper.ReturnTagsWithAttrRek2(HtmlNode, string, string, string)' to use 'Collection<T>', 'ReadOnlyCollection<T>' or 'KeyedCollection<K,V>' (https://learn.microsoft.com/dotnet/fundamentals/code-analysis/quality-rules/ca1002) [E:\vs\Projects\PlatformIndependentNuGetPackages\SunamoHtml\SunamoHtml\SunamoHtml.csproj::TargetFramework=net10.0]
E:\vs\Projects\PlatformIndependentNuGetPackages\SunamoHtml\SunamoHtml\Generators\HtmlGenerator22.cs(89,55): warning CA1054: Change the type of parameter 'uri' of method 'HtmlGenerator2.AnchorWithCustomLabel(string, string)' from 'string' to 'System.Uri', or provide an overload to 'HtmlGenerator2.AnchorWithCustomLabel(string, string)' that allows 'uri' to be passed as a 'System.Uri' object (https://learn.microsoft.com/dotnet/fundamentals/code-analysis/quality-rules/ca1054) [E:\vs\Projects\PlatformIndependentNuGetPackages\SunamoHtml\SunamoHtml\SunamoHtml.csproj::TargetFramework=net10.0]
E:\vs\Projects\PlatformIndependentNuGetPackages\SunamoHtml\SunamoHtml\Html\HtmlHelperShared3.cs(66,34): warning CA1002: Change 'List<HtmlNode>' in 'HtmlHelper.GetTagsOfAtribute(HtmlNode, string, string, string)' to use 'Collection<T>', 'ReadOnlyCollection<T>' or 'KeyedCollection<K,V>' (https://learn.microsoft.com/dotnet/fundamentals/code-analysis/quality-rules/ca1002) [E:\vs\Projects\PlatformIndependentNuGetPackages\SunamoHtml\SunamoHtml\SunamoHtml.csproj::TargetFramework=net10.0]
E:\vs\Projects\PlatformIndependentNuGetPackages\SunamoHtml\SunamoHtml\Html\HtmlHelperShared2.cs(286,30): warning CA1062: In externally visible method 'List<HtmlNode> HtmlHelper.ReturnTags(HtmlNode htmlNode, string tagName)', validate parameter 'htmlNode' is non-null before using it. If appropriate, throw an 'ArgumentNullException' when the argument is 'null'. (https://learn.microsoft.com/dotnet/fundamentals/code-analysis/quality-rules/ca1062) [E:\vs\Projects\PlatformIndependentNuGetPackages\SunamoHtml\SunamoHtml\SunamoHtml.csproj::TargetFramework=net10.0]
E:\vs\Projects\PlatformIndependentNuGetPackages\SunamoHtml\SunamoHtml\Generators\HtmlGenerator22.cs(100,54): warning CA1002: Change 'List<string>' in 'HtmlGenerator2.AllMonthsTable(List<string>, List<string>)' to use 'Collection<T>', 'ReadOnlyCollection<T>' or 'KeyedCollection<K,V>' (https://learn.microsoft.com/dotnet/fundamentals/code-analysis/quality-rules/ca1002) [E:\vs\Projects\PlatformIndependentNuGetPackages\SunamoHtml\SunamoHtml\SunamoHtml.csproj::TargetFramework=net10.0]
E:\vs\Projects\PlatformIndependentNuGetPackages\SunamoHtml\SunamoHtml\Generators\HtmlGenerator22.cs(100,86): warning CA1002: Change 'List<string>' in 'HtmlGenerator2.AllMonthsTable(List<string>, List<string>)' to use 'Collection<T>', 'ReadOnlyCollection<T>' or 'KeyedCollection<K,V>' (https://learn.microsoft.com/dotnet/fundamentals/code-analysis/quality-rules/ca1002) [E:\vs\Projects\PlatformIndependentNuGetPackages\SunamoHtml\SunamoHtml\SunamoHtml.csproj::TargetFramework=net10.0]
E:\vs\Projects\PlatformIndependentNuGetPackages\SunamoHtml\SunamoHtml\Html\HtmlHelperShared3.cs(102,75): warning CA1002: Change 'List<HtmlNode>' in 'HtmlHelper.RecursiveReturnTagsWithContainsAttr(List<HtmlNode>, HtmlNode, string, string, string, bool, bool)' to use 'Collection<T>', 'ReadOnlyCollection<T>' or 'KeyedCollection<K,V>' (https://learn.microsoft.com/dotnet/fundamentals/code-analysis/quality-rules/ca1002) [E:\vs\Projects\PlatformIndependentNuGetPackages\SunamoHtml\SunamoHtml\SunamoHtml.csproj::TargetFramework=net10.0]
E:\vs\Projects\PlatformIndependentNuGetPackages\SunamoHtml\SunamoHtml\Html\HtmlHelperShared2.cs(260,30): warning CA1062: In externally visible method 'List<HtmlNode> HtmlHelper.ReturnAllTagsImg(HtmlNode htmlNode, string tagName)', validate parameter 'htmlNode' is non-null before using it. If appropriate, throw an 'ArgumentNullException' when the argument is 'null'. (https://learn.microsoft.com/dotnet/fundamentals/code-analysis/quality-rules/ca1062) [E:\vs\Projects\PlatformIndependentNuGetPackages\SunamoHtml\SunamoHtml\SunamoHtml.csproj::TargetFramework=net10.0]
E:\vs\Projects\PlatformIndependentNuGetPackages\SunamoHtml\SunamoHtml\Generators\HtmlGenerator22.cs(66,9): warning CA1062: In externally visible method 'void HtmlGenerator2.ButtonDelete(HtmlGenerator htmlGenerator, string text, string attributeName, string attributeValue)', validate parameter 'htmlGenerator' is non-null before using it. If appropriate, throw an 'ArgumentNullException' when the argument is 'null'. (https://learn.microsoft.com/dotnet/fundamentals/code-analysis/quality-rules/ca1062) [E:\vs\Projects\PlatformIndependentNuGetPackages\SunamoHtml\SunamoHtml\SunamoHtml.csproj::TargetFramework=net10.0]
E:\vs\Projects\PlatformIndependentNuGetPackages\SunamoHtml\SunamoHtml\Html\HtmlHelperShared3.cs(108,30): warning CA1307: 'string.Contains(string)' has a method overload that takes a 'StringComparison' parameter. Replace this call in 'SunamoHtml.Html.HtmlHelper.RecursiveReturnTagsWithContainsAttr(System.Collections.Generic.List<HtmlAgilityPack.HtmlNode>, HtmlAgilityPack.HtmlNode, string, string, string, bool, bool)' with a call to 'string.Contains(string, System.StringComparison)' for clarity of intent. (https://learn.microsoft.com/dotnet/fundamentals/code-analysis/quality-rules/ca1307) [E:\vs\Projects\PlatformIndependentNuGetPackages\SunamoHtml\SunamoHtml\SunamoHtml.csproj::TargetFramework=net10.0]
E:\vs\Projects\PlatformIndependentNuGetPackages\SunamoHtml\SunamoHtml\Html\HtmlHelperShared3.cs(159,34): warning CA1002: Change 'List<HtmlNode>' in 'HtmlHelper.ReturnTagsWithContainsAttrRek(HtmlNode, string, string, string)' to use 'Collection<T>', 'ReadOnlyCollection<T>' or 'KeyedCollection<K,V>' (https://learn.microsoft.com/dotnet/fundamentals/code-analysis/quality-rules/ca1002) [E:\vs\Projects\PlatformIndependentNuGetPackages\SunamoHtml\SunamoHtml\SunamoHtml.csproj::TargetFramework=net10.0]
E:\vs\Projects\PlatformIndependentNuGetPackages\SunamoHtml\SunamoHtml\Generators\HtmlGenerator22.cs(103,19): warning CA2201: Exception type System.Exception is not sufficiently specific (https://learn.microsoft.com/dotnet/fundamentals/code-analysis/quality-rules/ca2201) [E:\vs\Projects\PlatformIndependentNuGetPackages\SunamoHtml\SunamoHtml\SunamoHtml.csproj::TargetFramework=net10.0]
E:\vs\Projects\PlatformIndependentNuGetPackages\SunamoHtml\SunamoHtml\Generators\HtmlGenerator22.cs(105,19): warning CA2201: Exception type System.Exception is not sufficiently specific (https://learn.microsoft.com/dotnet/fundamentals/code-analysis/quality-rules/ca2201) [E:\vs\Projects\PlatformIndependentNuGetPackages\SunamoHtml\SunamoHtml\SunamoHtml.csproj::TargetFramework=net10.0]
E:\vs\Projects\PlatformIndependentNuGetPackages\SunamoHtml\SunamoHtml\Html\HtmlHelperShared.cs(227,29): warning CA1062: In externally visible method 'string HtmlHelper.HighlightingWords(string entireContent, int maxLettersPerSentence, int sentenceCount, List<string> searchedWords)', validate parameter 'searchedWords' is non-null before using it. If appropriate, throw an 'ArgumentNullException' when the argument is 'null'. (https://learn.microsoft.com/dotnet/fundamentals/code-analysis/quality-rules/ca1062) [E:\vs\Projects\PlatformIndependentNuGetPackages\SunamoHtml\SunamoHtml\SunamoHtml.csproj::TargetFramework=net10.0]
E:\vs\Projects\PlatformIndependentNuGetPackages\SunamoHtml\SunamoHtml\Html\HtmlHelperShared.cs(229,25): warning CA1062: In externally visible method 'string HtmlHelper.HighlightingWords(string entireContent, int maxLettersPerSentence, int sentenceCount, List<string> searchedWords)', validate parameter 'entireContent' is non-null before using it. If appropriate, throw an 'ArgumentNullException' when the argument is 'null'. (https://learn.microsoft.com/dotnet/fundamentals/code-analysis/quality-rules/ca1062) [E:\vs\Projects\PlatformIndependentNuGetPackages\SunamoHtml\SunamoHtml\SunamoHtml.csproj::TargetFramework=net10.0]
E:\vs\Projects\PlatformIndependentNuGetPackages\SunamoHtml\SunamoHtml\Generators\HtmlGenerator22.cs(19,35): warning CA1062: In externally visible method 'string HtmlGenerator2.GetForCheckBoxListWoCheckDuplicate(string idClassCheckbox, string idClassSpan, List<string> idCheckBoxes, List<string> list)', validate parameter 'list' is non-null before using it. If appropriate, throw an 'ArgumentNullException' when the argument is 'null'. (https://learn.microsoft.com/dotnet/fundamentals/code-analysis/quality-rules/ca1062) [E:\vs\Projects\PlatformIndependentNuGetPackages\SunamoHtml\SunamoHtml\SunamoHtml.csproj::TargetFramework=net10.0]
E:\vs\Projects\PlatformIndependentNuGetPackages\SunamoHtml\SunamoHtml\Generators\HtmlGenerator22.cs(19,13): warning CA1062: In externally visible method 'string HtmlGenerator2.GetForCheckBoxListWoCheckDuplicate(string idClassCheckbox, string idClassSpan, List<string> idCheckBoxes, List<string> list)', validate parameter 'idCheckBoxes' is non-null before using it. If appropriate, throw an 'ArgumentNullException' when the argument is 'null'. (https://learn.microsoft.com/dotnet/fundamentals/code-analysis/quality-rules/ca1062) [E:\vs\Projects\PlatformIndependentNuGetPackages\SunamoHtml\SunamoHtml\SunamoHtml.csproj::TargetFramework=net10.0]
E:\vs\Projects\PlatformIndependentNuGetPackages\SunamoHtml\SunamoHtml\Generators\HtmlGenerator22.cs(156,53): warning CA1002: Change 'List<string>' in 'HtmlGenerator2.AllYearsTable(List<string>, List<string>, List<string>)' to use 'Collection<T>', 'ReadOnlyCollection<T>' or 'KeyedCollection<K,V>' (https://learn.microsoft.com/dotnet/fundamentals/code-analysis/quality-rules/ca1002) [E:\vs\Projects\PlatformIndependentNuGetPackages\SunamoHtml\SunamoHtml\SunamoHtml.csproj::TargetFramework=net10.0]
E:\vs\Projects\PlatformIndependentNuGetPackages\SunamoHtml\SunamoHtml\Generators\HtmlGenerator22.cs(156,73): warning CA1002: Change 'List<string>' in 'HtmlGenerator2.AllYearsTable(List<string>, List<string>, List<string>)' to use 'Collection<T>', 'ReadOnlyCollection<T>' or 'KeyedCollection<K,V>' (https://learn.microsoft.com/dotnet/fundamentals/code-analysis/quality-rules/ca1002) [E:\vs\Projects\PlatformIndependentNuGetPackages\SunamoHtml\SunamoHtml\SunamoHtml.csproj::TargetFramework=net10.0]
E:\vs\Projects\PlatformIndependentNuGetPackages\SunamoHtml\SunamoHtml\Generators\HtmlGenerator22.cs(156,105): warning CA1002: Change 'List<string>' in 'HtmlGenerator2.AllYearsTable(List<string>, List<string>, List<string>)' to use 'Collection<T>', 'ReadOnlyCollection<T>' or 'KeyedCollection<K,V>' (https://learn.microsoft.com/dotnet/fundamentals/code-analysis/quality-rules/ca1002) [E:\vs\Projects\PlatformIndependentNuGetPackages\SunamoHtml\SunamoHtml\SunamoHtml.csproj::TargetFramework=net10.0]
E:\vs\Projects\PlatformIndependentNuGetPackages\SunamoHtml\SunamoHtml\Html\HtmlHelperShared3.cs(177,34): warning CA1002: Change 'List<HtmlNode>' in 'HtmlHelper.ReturnTagsWithContainsAttrRek(HtmlNode, string, string, string, bool, bool)' to use 'Collection<T>', 'ReadOnlyCollection<T>' or 'KeyedCollection<K,V>' (https://learn.microsoft.com/dotnet/fundamentals/code-analysis/quality-rules/ca1002) [E:\vs\Projects\PlatformIndependentNuGetPackages\SunamoHtml\SunamoHtml\SunamoHtml.csproj::TargetFramework=net10.0]
E:\vs\Projects\PlatformIndependentNuGetPackages\SunamoHtml\SunamoHtml\Html\HtmlHelperShared3.cs(193,34): warning CA1002: Change 'List<HtmlNode>' in 'HtmlHelper.ReturnTagsWithContainsClassRek(HtmlNode, string, string)' to use 'Collection<T>', 'ReadOnlyCollection<T>' or 'KeyedCollection<K,V>' (https://learn.microsoft.com/dotnet/fundamentals/code-analysis/quality-rules/ca1002) [E:\vs\Projects\PlatformIndependentNuGetPackages\SunamoHtml\SunamoHtml\SunamoHtml.csproj::TargetFramework=net10.0]
E:\vs\Projects\PlatformIndependentNuGetPackages\SunamoHtml\SunamoHtml\Generators\HtmlGenerator22.cs(160,19): warning CA2201: Exception type System.Exception is not sufficiently specific (https://learn.microsoft.com/dotnet/fundamentals/code-analysis/quality-rules/ca2201) [E:\vs\Projects\PlatformIndependentNuGetPackages\SunamoHtml\SunamoHtml\SunamoHtml.csproj::TargetFramework=net10.0]
E:\vs\Projects\PlatformIndependentNuGetPackages\SunamoHtml\SunamoHtml\Generators\HtmlGenerator22.cs(162,19): warning CA2201: Exception type System.Exception is not sufficiently specific (https://learn.microsoft.com/dotnet/fundamentals/code-analysis/quality-rules/ca2201) [E:\vs\Projects\PlatformIndependentNuGetPackages\SunamoHtml\SunamoHtml\SunamoHtml.csproj::TargetFramework=net10.0]
E:\vs\Projects\PlatformIndependentNuGetPackages\SunamoHtml\SunamoHtml\Html\HtmlHelperShared3.cs(69,35): warning CA1062: In externally visible method 'List<HtmlNode> HtmlHelper.GetTagsOfAtribute(HtmlNode htmlNode, string tagName, string attributeName, string attributeValue)', validate parameter 'htmlNode' is non-null before using it. If appropriate, throw an 'ArgumentNullException' when the argument is 'null'. (https://learn.microsoft.com/dotnet/fundamentals/code-analysis/quality-rules/ca1062) [E:\vs\Projects\PlatformIndependentNuGetPackages\SunamoHtml\SunamoHtml\SunamoHtml.csproj::TargetFramework=net10.0]
E:\vs\Projects\PlatformIndependentNuGetPackages\SunamoHtml\SunamoHtml\Html\HtmlHelperShared3.cs(196,72): warning CA1062: In externally visible method 'List<HtmlNode> HtmlHelper.ReturnTagsWithContainsClassRek(HtmlNode htmlNode, string tagName, string className)', validate parameter 'htmlNode' is non-null before using it. If appropriate, throw an 'ArgumentNullException' when the argument is 'null'. (https://learn.microsoft.com/dotnet/fundamentals/code-analysis/quality-rules/ca1062) [E:\vs\Projects\PlatformIndependentNuGetPackages\SunamoHtml\SunamoHtml\SunamoHtml.csproj::TargetFramework=net10.0]
E:\vs\Projects\PlatformIndependentNuGetPackages\SunamoHtml\SunamoHtml\Generators\HtmlGenerator22.cs(247,83): warning CA1002: Change 'List<string>' in 'HtmlGenerator2.GetForUlWoCheckDuplicate(string, List<string>)' to use 'Collection<T>', 'ReadOnlyCollection<T>' or 'KeyedCollection<K,V>' (https://learn.microsoft.com/dotnet/fundamentals/code-analysis/quality-rules/ca1002) [E:\vs\Projects\PlatformIndependentNuGetPackages\SunamoHtml\SunamoHtml\SunamoHtml.csproj::TargetFramework=net10.0]
E:\vs\Projects\PlatformIndependentNuGetPackages\SunamoHtml\SunamoHtml\Html\HtmlHelperShared3.cs(50,40): warning CA1062: In externally visible method 'List<HtmlNode> HtmlHelper.ReturnTagsWithAttrRek2(HtmlNode htmlNode, string tagName, string attributeName, string attributeValue)', validate parameter 'htmlNode' is non-null before using it. If appropriate, throw an 'ArgumentNullException' when the argument is 'null'. (https://learn.microsoft.com/dotnet/fundamentals/code-analysis/quality-rules/ca1062) [E:\vs\Projects\PlatformIndependentNuGetPackages\SunamoHtml\SunamoHtml\SunamoHtml.csproj::TargetFramework=net10.0]
E:\vs\Projects\PlatformIndependentNuGetPackages\SunamoHtml\SunamoHtml\Generators\HtmlGenerator22.cs(261,83): warning CA1002: Change 'List<string>' in 'HtmlGenerator2.GetForUlWoCheckDuplicate(string, List<string>, string, string, [string])' to use 'Collection<T>', 'ReadOnlyCollection<T>' or 'KeyedCollection<K,V>' (https://learn.microsoft.com/dotnet/fundamentals/code-analysis/quality-rules/ca1002) [E:\vs\Projects\PlatformIndependentNuGetPackages\SunamoHtml\SunamoHtml\SunamoHtml.csproj::TargetFramework=net10.0]
E:\vs\Projects\PlatformIndependentNuGetPackages\SunamoHtml\SunamoHtml\HtmlAgilityHelper1.cs(166,17): warning CA1062: In externally visible method 'void HtmlAgilityHelper.RecursiveReturnTags(List<HtmlNode> result, HtmlNode htmlNode, bool isRecursive, bool isSingle, string tagName)', validate parameter 'result' is non-null before using it. If appropriate, throw an 'ArgumentNullException' when the argument is 'null'. (https://learn.microsoft.com/dotnet/fundamentals/code-analysis/quality-rules/ca1062) [E:\vs\Projects\PlatformIndependentNuGetPackages\SunamoHtml\SunamoHtml\SunamoHtml.csproj::TargetFramework=net10.0]
E:\vs\Projects\PlatformIndependentNuGetPackages\SunamoHtml\SunamoHtml\Generators\HtmlGenerator22.cs(201,39): warning CA1062: In externally visible method 'string HtmlGenerator2.GenerateTreeWithCheckBoxes(NTreeHtml<string> tree)', validate parameter 'tree' is non-null before using it. If appropriate, throw an 'ArgumentNullException' when the argument is 'null'. (https://learn.microsoft.com/dotnet/fundamentals/code-analysis/quality-rules/ca1062) [E:\vs\Projects\PlatformIndependentNuGetPackages\SunamoHtml\SunamoHtml\SunamoHtml.csproj::TargetFramework=net10.0]
E:\vs\Projects\PlatformIndependentNuGetPackages\SunamoHtml\SunamoHtml\Generators\HtmlGenerator22.cs(301,67): warning CA1002: Change 'List<string>' in 'HtmlGenerator2.GetForUl(string, List<string>, List<string>, bool)' to use 'Collection<T>', 'ReadOnlyCollection<T>' or 'KeyedCollection<K,V>' (https://learn.microsoft.com/dotnet/fundamentals/code-analysis/quality-rules/ca1002) [E:\vs\Projects\PlatformIndependentNuGetPackages\SunamoHtml\SunamoHtml\SunamoHtml.csproj::TargetFramework=net10.0]
E:\vs\Projects\PlatformIndependentNuGetPackages\SunamoHtml\SunamoHtml\Generators\HtmlGenerator22.cs(301,85): warning CA1002: Change 'List<string>' in 'HtmlGenerator2.GetForUl(string, List<string>, List<string>, bool)' to use 'Collection<T>', 'ReadOnlyCollection<T>' or 'KeyedCollection<K,V>' (https://learn.microsoft.com/dotnet/fundamentals/code-analysis/quality-rules/ca1002) [E:\vs\Projects\PlatformIndependentNuGetPackages\SunamoHtml\SunamoHtml\SunamoHtml.csproj::TargetFramework=net10.0]
E:\vs\Projects\PlatformIndependentNuGetPackages\SunamoHtml\SunamoHtml\Generators\HtmlGenerator22.cs(270,36): warning CA1307: 'string.Replace(string, string?)' has a method overload that takes a 'StringComparison' parameter. Replace this call in 'SunamoHtml.Generators.HtmlGenerator2.GetForUlWoCheckDuplicate(string, System.Collections.Generic.List<string>, string, string, string)' with a call to 'string.Replace(string, string?, System.StringComparison)' for clarity of intent. (https://learn.microsoft.com/dotnet/fundamentals/code-analysis/quality-rules/ca1307) [E:\vs\Projects\PlatformIndependentNuGetPackages\SunamoHtml\SunamoHtml\SunamoHtml.csproj::TargetFramework=net10.0]
E:\vs\Projects\PlatformIndependentNuGetPackages\SunamoHtml\SunamoHtml\Generators\HtmlGenerator23.cs(27,64): warning CA1002: Change 'List<string>' in 'HtmlGenerator2.GetForUlWoCheckDuplicate(List<string>, List<string>)' to use 'Collection<T>', 'ReadOnlyCollection<T>' or 'KeyedCollection<K,V>' (https://learn.microsoft.com/dotnet/fundamentals/code-analysis/quality-rules/ca1002) [E:\vs\Projects\PlatformIndependentNuGetPackages\SunamoHtml\SunamoHtml\SunamoHtml.csproj::TargetFramework=net10.0]
E:\vs\Projects\PlatformIndependentNuGetPackages\SunamoHtml\SunamoHtml\Generators\HtmlGenerator23.cs(38,64): warning CA1002: Change 'List<string>' in 'HtmlGenerator2.GetForUlWoCheckDuplicate(List<string>)' to use 'Collection<T>', 'ReadOnlyCollection<T>' or 'KeyedCollection<K,V>' (https://learn.microsoft.com/dotnet/fundamentals/code-analysis/quality-rules/ca1002) [E:\vs\Projects\PlatformIndependentNuGetPackages\SunamoHtml\SunamoHtml\SunamoHtml.csproj::TargetFramework=net10.0]
E:\vs\Projects\PlatformIndependentNuGetPackages\SunamoHtml\SunamoHtml\Generators\HtmlGenerator23.cs(15,83): warning CA1002: Change 'List<string>' in 'HtmlGenerator2.GetForUlWoCheckDuplicate(string, List<string>, List<string>)' to use 'Collection<T>', 'ReadOnlyCollection<T>' or 'KeyedCollection<K,V>' (https://learn.microsoft.com/dotnet/fundamentals/code-analysis/quality-rules/ca1002) [E:\vs\Projects\PlatformIndependentNuGetPackages\SunamoHtml\SunamoHtml\SunamoHtml.csproj::TargetFramework=net10.0]
E:\vs\Projects\PlatformIndependentNuGetPackages\SunamoHtml\SunamoHtml\Generators\HtmlGenerator23.cs(27,86): warning CA1002: Change 'List<string>' in 'HtmlGenerator2.GetForUlWoCheckDuplicate(List<string>, List<string>)' to use 'Collection<T>', 'ReadOnlyCollection<T>' or 'KeyedCollection<K,V>' (https://learn.microsoft.com/dotnet/fundamentals/code-analysis/quality-rules/ca1002) [E:\vs\Projects\PlatformIndependentNuGetPackages\SunamoHtml\SunamoHtml\SunamoHtml.csproj::TargetFramework=net10.0]
E:\vs\Projects\PlatformIndependentNuGetPackages\SunamoHtml\SunamoHtml\Generators\HtmlGenerator23.cs(15,101): warning CA1002: Change 'List<string>' in 'HtmlGenerator2.GetForUlWoCheckDuplicate(string, List<string>, List<string>)' to use 'Collection<T>', 'ReadOnlyCollection<T>' or 'KeyedCollection<K,V>' (https://learn.microsoft.com/dotnet/fundamentals/code-analysis/quality-rules/ca1002) [E:\vs\Projects\PlatformIndependentNuGetPackages\SunamoHtml\SunamoHtml\SunamoHtml.csproj::TargetFramework=net10.0]
E:\vs\Projects\PlatformIndependentNuGetPackages\SunamoHtml\SunamoHtml\Generators\HtmlGenerator23.cs(57,80): warning CA1002: Change 'List<string>' in 'HtmlGenerator2.GetUlWoCheckDuplicate(string, List<string>)' to use 'Collection<T>', 'ReadOnlyCollection<T>' or 'KeyedCollection<K,V>' (https://learn.microsoft.com/dotnet/fundamentals/code-analysis/quality-rules/ca1002) [E:\vs\Projects\PlatformIndependentNuGetPackages\SunamoHtml\SunamoHtml\SunamoHtml.csproj::TargetFramework=net10.0]
E:\vs\Projects\PlatformIndependentNuGetPackages\SunamoHtml\SunamoHtml\Generators\HtmlGenerator23.cs(64,67): warning CA1305: The behavior of 'int.ToString()' could vary based on the current user's locale settings. Replace this call in 'HtmlGenerator2.GetUlWoCheckDuplicate(string, List<string>)' with a call to 'int.ToString(IFormatProvider)'. (https://learn.microsoft.com/dotnet/fundamentals/code-analysis/quality-rules/ca1305) [E:\vs\Projects\PlatformIndependentNuGetPackages\SunamoHtml\SunamoHtml\SunamoHtml.csproj::TargetFramework=net10.0]
E:\vs\Projects\PlatformIndependentNuGetPackages\SunamoHtml\SunamoHtml\Generators\HtmlGenerator23.cs(80,61): warning CA1002: Change 'List<string>' in 'HtmlGenerator2.GetUlWoCheckDuplicate(List<string>, string)' to use 'Collection<T>', 'ReadOnlyCollection<T>' or 'KeyedCollection<K,V>' (https://learn.microsoft.com/dotnet/fundamentals/code-analysis/quality-rules/ca1002) [E:\vs\Projects\PlatformIndependentNuGetPackages\SunamoHtml\SunamoHtml\SunamoHtml.csproj::TargetFramework=net10.0]
E:\vs\Projects\PlatformIndependentNuGetPackages\SunamoHtml\SunamoHtml\Generators\HtmlGenerator23.cs(91,61): warning CA1002: Change 'List<string>' in 'HtmlGenerator2.GetUlWoCheckDuplicate(List<string>, List<string>)' to use 'Collection<T>', 'ReadOnlyCollection<T>' or 'KeyedCollection<K,V>' (https://learn.microsoft.com/dotnet/fundamentals/code-analysis/quality-rules/ca1002) [E:\vs\Projects\PlatformIndependentNuGetPackages\SunamoHtml\SunamoHtml\SunamoHtml.csproj::TargetFramework=net10.0]
E:\vs\Projects\PlatformIndependentNuGetPackages\SunamoHtml\SunamoHtml\Generators\HtmlGenerator23.cs(91,83): warning CA1002: Change 'List<string>' in 'HtmlGenerator2.GetUlWoCheckDuplicate(List<string>, List<string>)' to use 'Collection<T>', 'ReadOnlyCollection<T>' or 'KeyedCollection<K,V>' (https://learn.microsoft.com/dotnet/fundamentals/code-analysis/quality-rules/ca1002) [E:\vs\Projects\PlatformIndependentNuGetPackages\SunamoHtml\SunamoHtml\SunamoHtml.csproj::TargetFramework=net10.0]
E:\vs\Projects\PlatformIndependentNuGetPackages\SunamoHtml\SunamoHtml\Generators\HtmlGenerator23.cs(41,29): warning CA1062: In externally visible method 'string HtmlGenerator2.GetForUlWoCheckDuplicate(List<string> items)', validate parameter 'items' is non-null before using it. If appropriate, throw an 'ArgumentNullException' when the argument is 'null'. (https://learn.microsoft.com/dotnet/fundamentals/code-analysis/quality-rules/ca1062) [E:\vs\Projects\PlatformIndependentNuGetPackages\SunamoHtml\SunamoHtml\SunamoHtml.csproj::TargetFramework=net10.0]
E:\vs\Projects\PlatformIndependentNuGetPackages\SunamoHtml\SunamoHtml\Generators\HtmlGenerator22.cs(159,13): warning CA1062: In externally visible method 'string HtmlGenerator2.AllYearsTable(List<string> years, List<string> allYearsHtmlBoxes, List<string> allYearsBoxColors)', validate parameter 'allYearsHtmlBoxes' is non-null before using it. If appropriate, throw an 'ArgumentNullException' when the argument is 'null'. (https://learn.microsoft.com/dotnet/fundamentals/code-analysis/quality-rules/ca1062) [E:\vs\Projects\PlatformIndependentNuGetPackages\SunamoHtml\SunamoHtml\SunamoHtml.csproj::TargetFramework=net10.0]
E:\vs\Projects\PlatformIndependentNuGetPackages\SunamoHtml\SunamoHtml\Generators\HtmlGenerator22.cs(158,26): warning CA1062: In externally visible method 'string HtmlGenerator2.AllYearsTable(List<string> years, List<string> allYearsHtmlBoxes, List<string> allYearsBoxColors)', validate parameter 'years' is non-null before using it. If appropriate, throw an 'ArgumentNullException' when the argument is 'null'. (https://learn.microsoft.com/dotnet/fundamentals/code-analysis/quality-rules/ca1062) [E:\vs\Projects\PlatformIndependentNuGetPackages\SunamoHtml\SunamoHtml\SunamoHtml.csproj::TargetFramework=net10.0]
E:\vs\Projects\PlatformIndependentNuGetPackages\SunamoHtml\SunamoHtml\Generators\HtmlGenerator22.cs(161,13): warning CA1062: In externally visible method 'string HtmlGenerator2.AllYearsTable(List<string> years, List<string> allYearsHtmlBoxes, List<string> allYearsBoxColors)', validate parameter 'allYearsBoxColors' is non-null before using it. If appropriate, throw an 'ArgumentNullException' when the argument is 'null'. (https://learn.microsoft.com/dotnet/fundamentals/code-analysis/quality-rules/ca1062) [E:\vs\Projects\PlatformIndependentNuGetPackages\SunamoHtml\SunamoHtml\SunamoHtml.csproj::TargetFramework=net10.0]
E:\vs\Projects\PlatformIndependentNuGetPackages\SunamoHtml\SunamoHtml\Generators\HtmlGenerator22.cs(264,29): warning CA1062: In externally visible method 'string HtmlGenerator2.GetForUlWoCheckDuplicate(string baseAnchor, List<string> ids, string findInText, string replaceInText, string suffix = "")', validate parameter 'ids' is non-null before using it. If appropriate, throw an 'ArgumentNullException' when the argument is 'null'. (https://learn.microsoft.com/dotnet/fundamentals/code-analysis/quality-rules/ca1062) [E:\vs\Projects\PlatformIndependentNuGetPackages\SunamoHtml\SunamoHtml\SunamoHtml.csproj::TargetFramework=net10.0]
E:\vs\Projects\PlatformIndependentNuGetPackages\SunamoHtml\SunamoHtml\Generators\HtmlGenerator23.cs(102,45): warning CA1002: Change 'List<string>' in 'HtmlGenerator2.GetOl(List<string>, [bool])' to use 'Collection<T>', 'ReadOnlyCollection<T>' or 'KeyedCollection<K,V>' (https://learn.microsoft.com/dotnet/fundamentals/code-analysis/quality-rules/ca1002) [E:\vs\Projects\PlatformIndependentNuGetPackages\SunamoHtml\SunamoHtml\SunamoHtml.csproj::TargetFramework=net10.0]
E:\vs\Projects\PlatformIndependentNuGetPackages\SunamoHtml\SunamoHtml\Generators\HtmlGenerator23.cs(113,61): warning CA1002: Change 'List<string>' in 'HtmlGenerator2.GetOlWoCheckDuplicate(List<string>, List<string>)' to use 'Collection<T>', 'ReadOnlyCollection<T>' or 'KeyedCollection<K,V>' (https://learn.microsoft.com/dotnet/fundamentals/code-analysis/quality-rules/ca1002) [E:\vs\Projects\PlatformIndependentNuGetPackages\SunamoHtml\SunamoHtml\SunamoHtml.csproj::TargetFramework=net10.0]
E:\vs\Projects\PlatformIndependentNuGetPackages\SunamoHtml\SunamoHtml\Generators\HtmlGenerator23.cs(113,83): warning CA1002: Change 'List<string>' in 'HtmlGenerator2.GetOlWoCheckDuplicate(List<string>, List<string>)' to use 'Collection<T>', 'ReadOnlyCollection<T>' or 'KeyedCollection<K,V>' (https://learn.microsoft.com/dotnet/fundamentals/code-analysis/quality-rules/ca1002) [E:\vs\Projects\PlatformIndependentNuGetPackages\SunamoHtml\SunamoHtml\SunamoHtml.csproj::TargetFramework=net10.0]
E:\vs\Projects\PlatformIndependentNuGetPackages\SunamoHtml\SunamoHtml\Generators\HtmlGenerator23.cs(116,19): warning CA2201: Exception type System.Exception is not sufficiently specific (https://learn.microsoft.com/dotnet/fundamentals/code-analysis/quality-rules/ca2201) [E:\vs\Projects\PlatformIndependentNuGetPackages\SunamoHtml\SunamoHtml\SunamoHtml.csproj::TargetFramework=net10.0]
E:\vs\Projects\PlatformIndependentNuGetPackages\SunamoHtml\SunamoHtml\Generators\HtmlGenerator22.cs(303,13): warning CA1062: In externally visible method 'string HtmlGenerator2.GetForUl(string baseAnchor, List<string> ids, List<string> texts, bool isSkipDuplicates)', validate parameter 'ids' is non-null before using it. If appropriate, throw an 'ArgumentNullException' when the argument is 'null'. (https://learn.microsoft.com/dotnet/fundamentals/code-analysis/quality-rules/ca1062) [E:\vs\Projects\PlatformIndependentNuGetPackages\SunamoHtml\SunamoHtml\SunamoHtml.csproj::TargetFramework=net10.0]
E:\vs\Projects\PlatformIndependentNuGetPackages\SunamoHtml\SunamoHtml\Generators\HtmlGenerator22.cs(303,26): warning CA1062: In externally visible method 'string HtmlGenerator2.GetForUl(string baseAnchor, List<string> ids, List<string> texts, bool isSkipDuplicates)', validate parameter 'texts' is non-null before using it. If appropriate, throw an 'ArgumentNullException' when the argument is 'null'. (https://learn.microsoft.com/dotnet/fundamentals/code-analysis/quality-rules/ca1062) [E:\vs\Projects\PlatformIndependentNuGetPackages\SunamoHtml\SunamoHtml\SunamoHtml.csproj::TargetFramework=net10.0]
E:\vs\Projects\PlatformIndependentNuGetPackages\SunamoHtml\SunamoHtml\Html\HtmlHelperShared3.cs(104,30): warning CA1062: In externally visible method 'void HtmlHelper.RecursiveReturnTagsWithContainsAttr(List<HtmlNode> result, HtmlNode htmlNode, string tagName, string attributeName, string attributeValue, bool isContains, bool isRecursively)', validate parameter 'htmlNode' is non-null before using it. If appropriate, throw an 'ArgumentNullException' when the argument is 'null'. (https://learn.microsoft.com/dotnet/fundamentals/code-analysis/quality-rules/ca1062) [E:\vs\Projects\PlatformIndependentNuGetPackages\SunamoHtml\SunamoHtml\SunamoHtml.csproj::TargetFramework=net10.0]
E:\vs\Projects\PlatformIndependentNuGetPackages\SunamoHtml\SunamoHtml\Html\HtmlHelperShared3.cs(113,22): warning CA1062: In externally visible method 'void HtmlHelper.RecursiveReturnTagsWithContainsAttr(List<HtmlNode> result, HtmlNode htmlNode, string tagName, string attributeName, string attributeValue, bool isContains, bool isRecursively)', validate parameter 'result' is non-null before using it. If appropriate, throw an 'ArgumentNullException' when the argument is 'null'. (https://learn.microsoft.com/dotnet/fundamentals/code-analysis/quality-rules/ca1062) [E:\vs\Projects\PlatformIndependentNuGetPackages\SunamoHtml\SunamoHtml\SunamoHtml.csproj::TargetFramework=net10.0]
E:\vs\Projects\PlatformIndependentNuGetPackages\SunamoHtml\SunamoHtml\Generators\HtmlGenerator23.cs(60,29): warning CA1062: In externally visible method 'string HtmlGenerator2.GetUlWoCheckDuplicate(string baseAnchor, List<string> items)', validate parameter 'items' is non-null before using it. If appropriate, throw an 'ArgumentNullException' when the argument is 'null'. (https://learn.microsoft.com/dotnet/fundamentals/code-analysis/quality-rules/ca1062) [E:\vs\Projects\PlatformIndependentNuGetPackages\SunamoHtml\SunamoHtml\SunamoHtml.csproj::TargetFramework=net10.0]
E:\vs\Projects\PlatformIndependentNuGetPackages\SunamoHtml\SunamoHtml\Generators\HtmlGenerator22.cs(104,13): warning CA1062: In externally visible method 'string HtmlGenerator2.AllMonthsTable(List<string> allYearsHtmlBoxes, List<string> allMonthsBoxColors)', validate parameter 'allMonthsBoxColors' is non-null before using it. If appropriate, throw an 'ArgumentNullException' when the argument is 'null'. (https://learn.microsoft.com/dotnet/fundamentals/code-analysis/quality-rules/ca1062) [E:\vs\Projects\PlatformIndependentNuGetPackages\SunamoHtml\SunamoHtml\SunamoHtml.csproj::TargetFramework=net10.0]
E:\vs\Projects\PlatformIndependentNuGetPackages\SunamoHtml\SunamoHtml\Generators\HtmlGenerator22.cs(102,13): warning CA1062: In externally visible method 'string HtmlGenerator2.AllMonthsTable(List<string> allYearsHtmlBoxes, List<string> allMonthsBoxColors)', validate parameter 'allYearsHtmlBoxes' is non-null before using it. If appropriate, throw an 'ArgumentNullException' when the argument is 'null'. (https://learn.microsoft.com/dotnet/fundamentals/code-analysis/quality-rules/ca1062) [E:\vs\Projects\PlatformIndependentNuGetPackages\SunamoHtml\SunamoHtml\SunamoHtml.csproj::TargetFramework=net10.0]
E:\vs\Projects\PlatformIndependentNuGetPackages\SunamoHtml\SunamoHtml\Generators\HtmlGenerator23.cs(115,30): warning CA1062: In externally visible method 'string HtmlGenerator2.GetOlWoCheckDuplicate(List<string> anchors, List<string> texts)', validate parameter 'texts' is non-null before using it. If appropriate, throw an 'ArgumentNullException' when the argument is 'null'. (https://learn.microsoft.com/dotnet/fundamentals/code-analysis/quality-rules/ca1062) [E:\vs\Projects\PlatformIndependentNuGetPackages\SunamoHtml\SunamoHtml\SunamoHtml.csproj::TargetFramework=net10.0]
E:\vs\Projects\PlatformIndependentNuGetPackages\SunamoHtml\SunamoHtml\Generators\HtmlGenerator23.cs(115,13): warning CA1062: In externally visible method 'string HtmlGenerator2.GetOlWoCheckDuplicate(List<string> anchors, List<string> texts)', validate parameter 'anchors' is non-null before using it. If appropriate, throw an 'ArgumentNullException' when the argument is 'null'. (https://learn.microsoft.com/dotnet/fundamentals/code-analysis/quality-rules/ca1062) [E:\vs\Projects\PlatformIndependentNuGetPackages\SunamoHtml\SunamoHtml\SunamoHtml.csproj::TargetFramework=net10.0]
E:\vs\Projects\PlatformIndependentNuGetPackages\SunamoHtml\SunamoHtml\HtmlAgilityHelper1.cs(270,47): warning CA1062: In externally visible method 'void HtmlAgilityHelper.RecursiveReturnTagsWithContainsAttr(List<HtmlNode> result, HtmlNode htmlNode, bool isRecursive, string tagName, string attributeName, string attributeValue, bool isWildCard, bool isEnoughContainsAttribute, bool isSearchAsSingleString = true)', validate parameter 'htmlNode' is non-null before using it. If appropriate, throw an 'ArgumentNullException' when the argument is 'null'. (https://learn.microsoft.com/dotnet/fundamentals/code-analysis/quality-rules/ca1062) [E:\vs\Projects\PlatformIndependentNuGetPackages\SunamoHtml\SunamoHtml\SunamoHtml.csproj::TargetFramework=net10.0]
E:\vs\Projects\PlatformIndependentNuGetPackages\SunamoHtml\SunamoHtml\HtmlAgilityHelper1.cs(271,19): warning CA1062: In externally visible method 'void HtmlAgilityHelper.RecursiveReturnTagsWithContainsAttr(List<HtmlNode> result, HtmlNode htmlNode, bool isRecursive, string tagName, string attributeName, string attributeValue, bool isWildCard, bool isEnoughContainsAttribute, bool isSearchAsSingleString = true)', validate parameter 'tagName' is non-null before using it. If appropriate, throw an 'ArgumentNullException' when the argument is 'null'. (https://learn.microsoft.com/dotnet/fundamentals/code-analysis/quality-rules/ca1062) [E:\vs\Projects\PlatformIndependentNuGetPackages\SunamoHtml\SunamoHtml\SunamoHtml.csproj::TargetFramework=net10.0]
E:\vs\Projects\PlatformIndependentNuGetPackages\SunamoHtml\SunamoHtml\HtmlAgilityHelper1.cs(280,21): warning CA1062: In externally visible method 'void HtmlAgilityHelper.RecursiveReturnTagsWithContainsAttr(List<HtmlNode> result, HtmlNode htmlNode, bool isRecursive, string tagName, string attributeName, string attributeValue, bool isWildCard, bool isEnoughContainsAttribute, bool isSearchAsSingleString = true)', validate parameter 'result' is non-null before using it. If appropriate, throw an 'ArgumentNullException' when the argument is 'null'. (https://learn.microsoft.com/dotnet/fundamentals/code-analysis/quality-rules/ca1062) [E:\vs\Projects\PlatformIndependentNuGetPackages\SunamoHtml\SunamoHtml\SunamoHtml.csproj::TargetFramework=net10.0]
E:\vs\Projects\PlatformIndependentNuGetPackages\SunamoHtml\SunamoHtml\_sunamo\SunamoExceptions\Exceptions.cs(4,31): warning CA1812: 'Exceptions' is an internal class that is apparently never instantiated. If so, remove the code from the assembly. If this class is intended to contain only static members, make it 'static' (Module in Visual Basic). (https://learn.microsoft.com/dotnet/fundamentals/code-analysis/quality-rules/ca1812) [E:\vs\Projects\PlatformIndependentNuGetPackages\SunamoHtml\SunamoHtml\SunamoHtml.csproj::TargetFramework=net10.0]
E:\vs\Projects\PlatformIndependentNuGetPackages\SunamoHtml\SunamoHtml\_sunamo\SunamoXml\Generators\XmlGeneratorSelective.cs(3,16): warning CA1812: 'XmlGeneratorSelective' is an internal class that is apparently never instantiated. If so, remove the code from the assembly. If this class is intended to contain only static members, make it 'static' (Module in Visual Basic). (https://learn.microsoft.com/dotnet/fundamentals/code-analysis/quality-rules/ca1812) [E:\vs\Projects\PlatformIndependentNuGetPackages\SunamoHtml\SunamoHtml\SunamoHtml.csproj::TargetFramework=net10.0]
E:\vs\Projects\PlatformIndependentNuGetPackages\SunamoHtml\SunamoHtml\_sunamo\SunamoLang\SunamoI18N\Translate.cs(3,16): warning CA1852: Type 'Translate' can be sealed because it has no subtypes in its containing assembly and is not externally visible (https://learn.microsoft.com/dotnet/fundamentals/code-analysis/quality-rules/ca1852) [E:\vs\Projects\PlatformIndependentNuGetPackages\SunamoHtml\SunamoHtml\SunamoHtml.csproj::TargetFramework=net10.0]
E:\vs\Projects\PlatformIndependentNuGetPackages\SunamoHtml\SunamoHtml\_sunamo\SunamoValues\Constants\HtmlTags.cs(6,16): warning CA1852: Type 'HtmlTags' can be sealed because it has no subtypes in its containing assembly and is not externally visible (https://learn.microsoft.com/dotnet/fundamentals/code-analysis/quality-rules/ca1852) [E:\vs\Projects\PlatformIndependentNuGetPackages\SunamoHtml\SunamoHtml\SunamoHtml.csproj::TargetFramework=net10.0]
E:\vs\Projects\PlatformIndependentNuGetPackages\SunamoHtml\SunamoHtml\_sunamo\SunamoBts\BTS.cs(7,16): warning CA1852: Type 'BTS' can be sealed because it has no subtypes in its containing assembly and is not externally visible (https://learn.microsoft.com/dotnet/fundamentals/code-analysis/quality-rules/ca1852) [E:\vs\Projects\PlatformIndependentNuGetPackages\SunamoHtml\SunamoHtml\SunamoHtml.csproj::TargetFramework=net10.0]
E:\vs\Projects\PlatformIndependentNuGetPackages\SunamoHtml\SunamoHtml\_sunamo\SunamoValues\Constants\HtmlStartingTags.cs(6,16): warning CA1852: Type 'HtmlStartingTags' can be sealed because it has no subtypes in its containing assembly and is not externally visible (https://learn.microsoft.com/dotnet/fundamentals/code-analysis/quality-rules/ca1852) [E:\vs\Projects\PlatformIndependentNuGetPackages\SunamoHtml\SunamoHtml\SunamoHtml.csproj::TargetFramework=net10.0]
E:\vs\Projects\PlatformIndependentNuGetPackages\SunamoHtml\SunamoHtml\_sunamo\SunamoArgs\ChangeContentArgsHtml.cs(3,16): warning CA1852: Type 'ChangeContentArgsHtml' can be sealed because it has no subtypes in its containing assembly and is not externally visible (https://learn.microsoft.com/dotnet/fundamentals/code-analysis/quality-rules/ca1852) [E:\vs\Projects\PlatformIndependentNuGetPackages\SunamoHtml\SunamoHtml\SunamoHtml.csproj::TargetFramework=net10.0]
E:\vs\Projects\PlatformIndependentNuGetPackages\SunamoHtml\SunamoHtml\_sunamo\SunamoCollectionsGeneric\CAGConsts.cs(3,16): warning CA1852: Type 'CAGConsts' can be sealed because it has no subtypes in its containing assembly and is not externally visible (https://learn.microsoft.com/dotnet/fundamentals/code-analysis/quality-rules/ca1852) [E:\vs\Projects\PlatformIndependentNuGetPackages\SunamoHtml\SunamoHtml\SunamoHtml.csproj::TargetFramework=net10.0]
E:\vs\Projects\PlatformIndependentNuGetPackages\SunamoHtml\SunamoHtml\_sunamo\SunamoValues\Values\StatusPrefixes.cs(3,16): warning CA1852: Type 'StatusPrefixes' can be sealed because it has no subtypes in its containing assembly and is not externally visible (https://learn.microsoft.com/dotnet/fundamentals/code-analysis/quality-rules/ca1852) [E:\vs\Projects\PlatformIndependentNuGetPackages\SunamoHtml\SunamoHtml\SunamoHtml.csproj::TargetFramework=net10.0]
E:\vs\Projects\PlatformIndependentNuGetPackages\SunamoHtml\SunamoHtml\_sunamo\SunamoCollectionsChangeContent\CAChangeContent.cs(3,16): warning CA1852: Type 'CAChangeContent' can be sealed because it has no subtypes in its containing assembly and is not externally visible (https://learn.microsoft.com/dotnet/fundamentals/code-analysis/quality-rules/ca1852) [E:\vs\Projects\PlatformIndependentNuGetPackages\SunamoHtml\SunamoHtml\SunamoHtml.csproj::TargetFramework=net10.0]
E:\vs\Projects\PlatformIndependentNuGetPackages\SunamoHtml\SunamoHtml\_sunamo\SunamoValues\Constants\HtmlAttrValue.cs(7,16): warning CA1852: Type 'HtmlAttrValue' can be sealed because it has no subtypes in its containing assembly and is not externally visible (https://learn.microsoft.com/dotnet/fundamentals/code-analysis/quality-rules/ca1852) [E:\vs\Projects\PlatformIndependentNuGetPackages\SunamoHtml\SunamoHtml\SunamoHtml.csproj::TargetFramework=net10.0]
E:\vs\Projects\PlatformIndependentNuGetPackages\SunamoHtml\SunamoHtml\_sunamo\SunamoXml\XHelper.cs(3,16): warning CA1852: Type 'XHelper' can be sealed because it has no subtypes in its containing assembly and is not externally visible (https://learn.microsoft.com/dotnet/fundamentals/code-analysis/quality-rules/ca1852) [E:\vs\Projects\PlatformIndependentNuGetPackages\SunamoHtml\SunamoHtml\SunamoHtml.csproj::TargetFramework=net10.0]
E:\vs\Projects\PlatformIndependentNuGetPackages\SunamoHtml\SunamoHtml\_sunamo\SunamoStringSplit\SHSplit.cs(7,16): warning CA1852: Type 'SHSplit' can be sealed because it has no subtypes in its containing assembly and is not externally visible (https://learn.microsoft.com/dotnet/fundamentals/code-analysis/quality-rules/ca1852) [E:\vs\Projects\PlatformIndependentNuGetPackages\SunamoHtml\SunamoHtml\SunamoHtml.csproj::TargetFramework=net10.0]
E:\vs\Projects\PlatformIndependentNuGetPackages\SunamoHtml\SunamoHtml\_sunamo\XlfKeys.cs(4,16): warning CA1852: Type 'XlfKeys' can be sealed because it has no subtypes in its containing assembly and is not externally visible (https://learn.microsoft.com/dotnet/fundamentals/code-analysis/quality-rules/ca1852) [E:\vs\Projects\PlatformIndependentNuGetPackages\SunamoHtml\SunamoHtml\SunamoHtml.csproj::TargetFramework=net10.0]
E:\vs\Projects\PlatformIndependentNuGetPackages\SunamoHtml\SunamoHtml\_sunamo\SunamoValues\Values\AllLists.cs(4,24): warning CA1852: Type 'AllLists' can be sealed because it has no subtypes in its containing assembly and is not externally visible (https://learn.microsoft.com/dotnet/fundamentals/code-analysis/quality-rules/ca1852) [E:\vs\Projects\PlatformIndependentNuGetPackages\SunamoHtml\SunamoHtml\SunamoHtml.csproj::TargetFramework=net10.0]
E:\vs\Projects\PlatformIndependentNuGetPackages\SunamoHtml\SunamoHtml\_sunamo\SunamoDictionary\DictionaryHelper.cs(3,16): warning CA1852: Type 'DictionaryHelper' can be sealed because it has no subtypes in its containing assembly and is not externally visible (https://learn.microsoft.com/dotnet/fundamentals/code-analysis/quality-rules/ca1852) [E:\vs\Projects\PlatformIndependentNuGetPackages\SunamoHtml\SunamoHtml\SunamoHtml.csproj::TargetFramework=net10.0]
E:\vs\Projects\PlatformIndependentNuGetPackages\SunamoHtml\SunamoHtml\_sunamo\SunamoXml\Generators\XmlGeneratorSelective.cs(3,16): warning CA1852: Type 'XmlGeneratorSelective' can be sealed because it has no subtypes in its containing assembly and is not externally visible (https://learn.microsoft.com/dotnet/fundamentals/code-analysis/quality-rules/ca1852) [E:\vs\Projects\PlatformIndependentNuGetPackages\SunamoHtml\SunamoHtml\SunamoHtml.csproj::TargetFramework=net10.0]
E:\vs\Projects\PlatformIndependentNuGetPackages\SunamoHtml\SunamoHtml\_sunamo\SunamoUri\UH.cs(3,16): warning CA1852: Type 'UH' can be sealed because it has no subtypes in its containing assembly and is not externally visible (https://learn.microsoft.com/dotnet/fundamentals/code-analysis/quality-rules/ca1852) [E:\vs\Projects\PlatformIndependentNuGetPackages\SunamoHtml\SunamoHtml\SunamoHtml.csproj::TargetFramework=net10.0]
E:\vs\Projects\PlatformIndependentNuGetPackages\SunamoHtml\SunamoHtml\_sunamo\SunamoStringData\SHData.cs(3,16): warning CA1852: Type 'SHData' can be sealed because it has no subtypes in its containing assembly and is not externally visible (https://learn.microsoft.com/dotnet/fundamentals/code-analysis/quality-rules/ca1852) [E:\vs\Projects\PlatformIndependentNuGetPackages\SunamoHtml\SunamoHtml\SunamoHtml.csproj::TargetFramework=net10.0]
E:\vs\Projects\PlatformIndependentNuGetPackages\SunamoHtml\SunamoHtml\_sunamo\WhitespaceCharService.cs(3,16): warning CA1852: Type 'WhitespaceCharService' can be sealed because it has no subtypes in its containing assembly and is not externally visible (https://learn.microsoft.com/dotnet/fundamentals/code-analysis/quality-rules/ca1852) [E:\vs\Projects\PlatformIndependentNuGetPackages\SunamoHtml\SunamoHtml\SunamoHtml.csproj::TargetFramework=net10.0]
E:\vs\Projects\PlatformIndependentNuGetPackages\SunamoHtml\SunamoHtml\_sunamo\SunamoValues\Constants\HtmlAttrs.cs(8,16): warning CA1852: Type 'HtmlAttrs' can be sealed because it has no subtypes in its containing assembly and is not externally visible (https://learn.microsoft.com/dotnet/fundamentals/code-analysis/quality-rules/ca1852) [E:\vs\Projects\PlatformIndependentNuGetPackages\SunamoHtml\SunamoHtml\SunamoHtml.csproj::TargetFramework=net10.0]
E:\vs\Projects\PlatformIndependentNuGetPackages\SunamoHtml\SunamoHtml\_sunamo\SunamoStringReplace\SHReplace.cs(3,16): warning CA1852: Type 'SHReplace' can be sealed because it has no subtypes in its containing assembly and is not externally visible (https://learn.microsoft.com/dotnet/fundamentals/code-analysis/quality-rules/ca1852) [E:\vs\Projects\PlatformIndependentNuGetPackages\SunamoHtml\SunamoHtml\SunamoHtml.csproj::TargetFramework=net10.0]
E:\vs\Projects\PlatformIndependentNuGetPackages\SunamoHtml\SunamoHtml\_sunamo\SunamoValues\Constants\HtmlEndingTags.cs(6,16): warning CA1852: Type 'HtmlEndingTags' can be sealed because it has no subtypes in its containing assembly and is not externally visible (https://learn.microsoft.com/dotnet/fundamentals/code-analysis/quality-rules/ca1852) [E:\vs\Projects\PlatformIndependentNuGetPackages\SunamoHtml\SunamoHtml\SunamoHtml.csproj::TargetFramework=net10.0]
E:\vs\Projects\PlatformIndependentNuGetPackages\SunamoHtml\SunamoHtml\_sunamo\SunamoXml\XH.cs(3,16): warning CA1852: Type 'XH' can be sealed because it has no subtypes in its containing assembly and is not externally visible (https://learn.microsoft.com/dotnet/fundamentals/code-analysis/quality-rules/ca1852) [E:\vs\Projects\PlatformIndependentNuGetPackages\SunamoHtml\SunamoHtml\SunamoHtml.csproj::TargetFramework=net10.0]
E:\vs\Projects\PlatformIndependentNuGetPackages\SunamoHtml\SunamoHtml\_sunamo\SunamoValues\Values\ConstsAspx.cs(3,16): warning CA1852: Type 'ConstsAspx' can be sealed because it has no subtypes in its containing assembly and is not externally visible (https://learn.microsoft.com/dotnet/fundamentals/code-analysis/quality-rules/ca1852) [E:\vs\Projects\PlatformIndependentNuGetPackages\SunamoHtml\SunamoHtml\SunamoHtml.csproj::TargetFramework=net10.0]
E:\vs\Projects\PlatformIndependentNuGetPackages\SunamoHtml\SunamoHtml\_sunamo\SunamoExceptions\ThrowEx.cs(4,24): warning CA1852: Type 'ThrowEx' can be sealed because it has no subtypes in its containing assembly and is not externally visible (https://learn.microsoft.com/dotnet/fundamentals/code-analysis/quality-rules/ca1852) [E:\vs\Projects\PlatformIndependentNuGetPackages\SunamoHtml\SunamoHtml\SunamoHtml.csproj::TargetFramework=net10.0]
E:\vs\Projects\PlatformIndependentNuGetPackages\SunamoHtml\SunamoHtml\_sunamo\SunamoString\SH.cs(7,24): warning CA1852: Type 'SH' can be sealed because it has no subtypes in its containing assembly and is not externally visible (https://learn.microsoft.com/dotnet/fundamentals/code-analysis/quality-rules/ca1852) [E:\vs\Projects\PlatformIndependentNuGetPackages\SunamoHtml\SunamoHtml\SunamoHtml.csproj::TargetFramework=net10.0]
E:\vs\Projects\PlatformIndependentNuGetPackages\SunamoHtml\SunamoHtml\_sunamo\SunamoData\Data\FromToWord.cs(3,16): warning CA1852: Type 'FromToWord' can be sealed because it has no subtypes in its containing assembly and is not externally visible (https://learn.microsoft.com/dotnet/fundamentals/code-analysis/quality-rules/ca1852) [E:\vs\Projects\PlatformIndependentNuGetPackages\SunamoHtml\SunamoHtml\SunamoHtml.csproj::TargetFramework=net10.0]
E:\vs\Projects\PlatformIndependentNuGetPackages\SunamoHtml\SunamoHtml\_sunamo\CA.cs(7,16): warning CA1852: Type 'CA' can be sealed because it has no subtypes in its containing assembly and is not externally visible (https://learn.microsoft.com/dotnet/fundamentals/code-analysis/quality-rules/ca1852) [E:\vs\Projects\PlatformIndependentNuGetPackages\SunamoHtml\SunamoHtml\SunamoHtml.csproj::TargetFramework=net10.0]
E:\vs\Projects\PlatformIndependentNuGetPackages\SunamoHtml\SunamoHtml\_sunamo\SunamoValues\Constants\DTConstants.cs(7,16): warning CA1852: Type 'DTConstants' can be sealed because it has no subtypes in its containing assembly and is not externally visible (https://learn.microsoft.com/dotnet/fundamentals/code-analysis/quality-rules/ca1852) [E:\vs\Projects\PlatformIndependentNuGetPackages\SunamoHtml\SunamoHtml\SunamoHtml.csproj::TargetFramework=net10.0]
  SunamoHtml -> E:\vs\Projects\PlatformIndependentNuGetPackages\SunamoHtml\SunamoHtml\bin\Debug\net10.0\SunamoHtml.dll
E:\vs\Projects\PlatformIndependentNuGetPackages\SunamoHtml\SunamoHtml.Tests\_\HtmlTableParserManipulationWithoutMockTests.cs(25,54): warning CS8604: Possible null reference argument for parameter 'html' in 'HtmlTableParser.HtmlTableParser(HtmlNode html, bool isIgnoreFirstRow)'. [E:\vs\Projects\PlatformIndependentNuGetPackages\SunamoHtml\SunamoHtml.Tests\SunamoHtml.Tests.csproj::TargetFramework=net9.0]
E:\vs\Projects\PlatformIndependentNuGetPackages\SunamoHtml\SunamoHtml.Tests\HtmlAgilityHelperTests.cs(102,59): warning CS8604: Possible null reference argument for parameter 'node' in 'List<HtmlNode> HtmlAgilityHelper.NodesWithAttr(HtmlNode node, bool isRecursive, string tag, string attributeName, string attributeValue, bool isContains = false)'. [E:\vs\Projects\PlatformIndependentNuGetPackages\SunamoHtml\SunamoHtml.Tests\SunamoHtml.Tests.csproj::TargetFramework=net9.0]
E:\vs\Projects\PlatformIndependentNuGetPackages\SunamoHtml\SunamoHtml.Tests\HtmlAgilityHelperTests.cs(125,49): warning CS8604: Possible null reference argument for parameter 'node' in 'HtmlNode? HtmlAgilityHelper.Node(HtmlNode node, bool recursive, string tag)'. [E:\vs\Projects\PlatformIndependentNuGetPackages\SunamoHtml\SunamoHtml.Tests\SunamoHtml.Tests.csproj::TargetFramework=net9.0]
E:\vs\Projects\PlatformIndependentNuGetPackages\SunamoHtml\SunamoHtml.Tests\_\HtmlAgilityHelperManipulationWithoutMockTests.cs(122,16): warning CS8600: Converting null literal or possible null value to non-nullable type. [E:\vs\Projects\PlatformIndependentNuGetPackages\SunamoHtml\SunamoHtml.Tests\SunamoHtml.Tests.csproj::TargetFramework=net9.0]
E:\vs\Projects\PlatformIndependentNuGetPackages\SunamoHtml\SunamoHtml.Tests\_\HtmlAgilityHelperManipulationWithoutMockTests.cs(125,16): warning CS8600: Converting null literal or possible null value to non-nullable type. [E:\vs\Projects\PlatformIndependentNuGetPackages\SunamoHtml\SunamoHtml.Tests\SunamoHtml.Tests.csproj::TargetFramework=net9.0]
E:\vs\Projects\PlatformIndependentNuGetPackages\SunamoHtml\SunamoHtml.Tests\_\HtmlAgilityHelperManipulationWithoutMockTests.cs(128,16): warning CS8600: Converting null literal or possible null value to non-nullable type. [E:\vs\Projects\PlatformIndependentNuGetPackages\SunamoHtml\SunamoHtml.Tests\SunamoHtml.Tests.csproj::TargetFramework=net9.0]
E:\vs\Projects\PlatformIndependentNuGetPackages\SunamoHtml\SunamoHtml.Tests\_\HtmlAgilityHelperManipulationWithoutMockTests.cs(134,20): warning CS8600: Converting null literal or possible null value to non-nullable type. [E:\vs\Projects\PlatformIndependentNuGetPackages\SunamoHtml\SunamoHtml.Tests\SunamoHtml.Tests.csproj::TargetFramework=net9.0]
E:\vs\Projects\PlatformIndependentNuGetPackages\SunamoHtml\SunamoHtml.Tests\_\HtmlAgilityHelperManipulationWithoutMockTests.cs(137,20): warning CS8600: Converting null literal or possible null value to non-nullable type. [E:\vs\Projects\PlatformIndependentNuGetPackages\SunamoHtml\SunamoHtml.Tests\SunamoHtml.Tests.csproj::TargetFramework=net9.0]
E:\vs\Projects\PlatformIndependentNuGetPackages\SunamoHtml\SunamoHtml.Tests\_\HtmlAgilityHelperManipulationWithoutMockTests.cs(140,20): warning CS8600: Converting null literal or possible null value to non-nullable type. [E:\vs\Projects\PlatformIndependentNuGetPackages\SunamoHtml\SunamoHtml.Tests\SunamoHtml.Tests.csproj::TargetFramework=net9.0]
E:\vs\Projects\PlatformIndependentNuGetPackages\SunamoHtml\SunamoHtml.Tests\_\HtmlAgilityHelperManipulationWithoutMockTests.cs(151,16): warning CS8600: Converting null literal or possible null value to non-nullable type. [E:\vs\Projects\PlatformIndependentNuGetPackages\SunamoHtml\SunamoHtml.Tests\SunamoHtml.Tests.csproj::TargetFramework=net9.0]
E:\vs\Projects\PlatformIndependentNuGetPackages\SunamoHtml\SunamoHtml.Tests\_\HtmlAgilityHelperManipulationWithoutMockTests.cs(155,16): warning CS8600: Converting null literal or possible null value to non-nullable type. [E:\vs\Projects\PlatformIndependentNuGetPackages\SunamoHtml\SunamoHtml.Tests\SunamoHtml.Tests.csproj::TargetFramework=net9.0]
E:\vs\Projects\PlatformIndependentNuGetPackages\SunamoHtml\SunamoHtml.Tests\_\HtmlAgilityHelperManipulationWithoutMockTests.cs(158,16): warning CS8600: Converting null literal or possible null value to non-nullable type. [E:\vs\Projects\PlatformIndependentNuGetPackages\SunamoHtml\SunamoHtml.Tests\SunamoHtml.Tests.csproj::TargetFramework=net9.0]
E:\vs\Projects\PlatformIndependentNuGetPackages\SunamoHtml\SunamoHtml.Tests\_\HtmlAgilityHelperManipulationWithoutMockTests.cs(161,16): warning CS8600: Converting null literal or possible null value to non-nullable type. [E:\vs\Projects\PlatformIndependentNuGetPackages\SunamoHtml\SunamoHtml.Tests\SunamoHtml.Tests.csproj::TargetFramework=net9.0]
E:\vs\Projects\PlatformIndependentNuGetPackages\SunamoHtml\SunamoHtml.Tests\_\HtmlAgilityHelperManipulationWithoutMockTests.cs(167,20): warning CS8600: Converting null literal or possible null value to non-nullable type. [E:\vs\Projects\PlatformIndependentNuGetPackages\SunamoHtml\SunamoHtml.Tests\SunamoHtml.Tests.csproj::TargetFramework=net9.0]
E:\vs\Projects\PlatformIndependentNuGetPackages\SunamoHtml\SunamoHtml.Tests\_\HtmlAgilityHelperManipulationWithoutMockTests.cs(171,20): warning CS8600: Converting null literal or possible null value to non-nullable type. [E:\vs\Projects\PlatformIndependentNuGetPackages\SunamoHtml\SunamoHtml.Tests\SunamoHtml.Tests.csproj::TargetFramework=net9.0]
E:\vs\Projects\PlatformIndependentNuGetPackages\SunamoHtml\SunamoHtml.Tests\_\HtmlAgilityHelperManipulationWithoutMockTests.cs(174,20): warning CS8600: Converting null literal or possible null value to non-nullable type. [E:\vs\Projects\PlatformIndependentNuGetPackages\SunamoHtml\SunamoHtml.Tests\SunamoHtml.Tests.csproj::TargetFramework=net9.0]
E:\vs\Projects\PlatformIndependentNuGetPackages\SunamoHtml\SunamoHtml.Tests\_\HtmlHelperSunamoCzTests.cs(4,14): warning CA1050: Declare types in namespaces (https://learn.microsoft.com/dotnet/fundamentals/code-analysis/quality-rules/ca1050) [E:\vs\Projects\PlatformIndependentNuGetPackages\SunamoHtml\SunamoHtml.Tests\SunamoHtml.Tests.csproj::TargetFramework=net9.0]
E:\vs\Projects\PlatformIndependentNuGetPackages\SunamoHtml\SunamoHtml.Tests\_\HtmlHelperTextTests.cs(4,14): warning CA1050: Declare types in namespaces (https://learn.microsoft.com/dotnet/fundamentals/code-analysis/quality-rules/ca1050) [E:\vs\Projects\PlatformIndependentNuGetPackages\SunamoHtml\SunamoHtml.Tests\SunamoHtml.Tests.csproj::TargetFramework=net9.0]
E:\vs\Projects\PlatformIndependentNuGetPackages\SunamoHtml\SunamoHtml.Tests\_\HtmlTableParserManipulationWithoutMockTests.cs(6,14): warning CA1515: Because an application's API isn't typically referenced from outside the assembly, types can be made internal (https://learn.microsoft.com/dotnet/fundamentals/code-analysis/quality-rules/ca1515) [E:\vs\Projects\PlatformIndependentNuGetPackages\SunamoHtml\SunamoHtml.Tests\SunamoHtml.Tests.csproj::TargetFramework=net9.0]
E:\vs\Projects\PlatformIndependentNuGetPackages\SunamoHtml\SunamoHtml.Tests\_\HtmlTableParserManipulationWithoutMockTests.cs(6,14): warning CA1050: Declare types in namespaces (https://learn.microsoft.com/dotnet/fundamentals/code-analysis/quality-rules/ca1050) [E:\vs\Projects\PlatformIndependentNuGetPackages\SunamoHtml\SunamoHtml.Tests\SunamoHtml.Tests.csproj::TargetFramework=net9.0]
E:\vs\Projects\PlatformIndependentNuGetPackages\SunamoHtml\SunamoHtml.Tests\_\HtmlAgilityHelperManipulationWithoutMockTests.cs(7,14): warning CA1515: Because an application's API isn't typically referenced from outside the assembly, types can be made internal (https://learn.microsoft.com/dotnet/fundamentals/code-analysis/quality-rules/ca1515) [E:\vs\Projects\PlatformIndependentNuGetPackages\SunamoHtml\SunamoHtml.Tests\SunamoHtml.Tests.csproj::TargetFramework=net9.0]
E:\vs\Projects\PlatformIndependentNuGetPackages\SunamoHtml\SunamoHtml.Tests\_\HtmlHelperGoogleFormTests.cs(11,14): warning CA1515: Because an application's API isn't typically referenced from outside the assembly, types can be made internal (https://learn.microsoft.com/dotnet/fundamentals/code-analysis/quality-rules/ca1515) [E:\vs\Projects\PlatformIndependentNuGetPackages\SunamoHtml\SunamoHtml.Tests\SunamoHtml.Tests.csproj::TargetFramework=net9.0]
E:\vs\Projects\PlatformIndependentNuGetPackages\SunamoHtml\SunamoHtml.Tests\_\HtmlHelperBaseTests.cs(8,14): warning CA1515: Because an application's API isn't typically referenced from outside the assembly, types can be made internal (https://learn.microsoft.com/dotnet/fundamentals/code-analysis/quality-rules/ca1515) [E:\vs\Projects\PlatformIndependentNuGetPackages\SunamoHtml\SunamoHtml.Tests\SunamoHtml.Tests.csproj::TargetFramework=net9.0]
E:\vs\Projects\PlatformIndependentNuGetPackages\SunamoHtml\SunamoHtml.Tests\_\HtmlHelperBaseTests.cs(11,24): warning CA1051: Do not declare visible instance fields (https://learn.microsoft.com/dotnet/fundamentals/code-analysis/quality-rules/ca1051) [E:\vs\Projects\PlatformIndependentNuGetPackages\SunamoHtml\SunamoHtml.Tests\SunamoHtml.Tests.csproj::TargetFramework=net9.0]
E:\vs\Projects\PlatformIndependentNuGetPackages\SunamoHtml\SunamoHtml.Tests\_\HtmlHelperBaseTests.cs(10,24): warning CA1051: Do not declare visible instance fields (https://learn.microsoft.com/dotnet/fundamentals/code-analysis/quality-rules/ca1051) [E:\vs\Projects\PlatformIndependentNuGetPackages\SunamoHtml\SunamoHtml.Tests\SunamoHtml.Tests.csproj::TargetFramework=net9.0]
E:\vs\Projects\PlatformIndependentNuGetPackages\SunamoHtml\SunamoHtml.Tests\_\HtmlHelperBaseTests.cs(13,28): warning CA1051: Do not declare visible instance fields (https://learn.microsoft.com/dotnet/fundamentals/code-analysis/quality-rules/ca1051) [E:\vs\Projects\PlatformIndependentNuGetPackages\SunamoHtml\SunamoHtml.Tests\SunamoHtml.Tests.csproj::TargetFramework=net9.0]
E:\vs\Projects\PlatformIndependentNuGetPackages\SunamoHtml\SunamoHtml.Tests\_\HtmlHelperBaseTests.cs(14,28): warning CA1051: Do not declare visible instance fields (https://learn.microsoft.com/dotnet/fundamentals/code-analysis/quality-rules/ca1051) [E:\vs\Projects\PlatformIndependentNuGetPackages\SunamoHtml\SunamoHtml.Tests\SunamoHtml.Tests.csproj::TargetFramework=net9.0]
E:\vs\Projects\PlatformIndependentNuGetPackages\SunamoHtml\SunamoHtml.Tests\_\HtmlHelperBaseTests.cs(15,28): warning CA1051: Do not declare visible instance fields (https://learn.microsoft.com/dotnet/fundamentals/code-analysis/quality-rules/ca1051) [E:\vs\Projects\PlatformIndependentNuGetPackages\SunamoHtml\SunamoHtml.Tests\SunamoHtml.Tests.csproj::TargetFramework=net9.0]
E:\vs\Projects\PlatformIndependentNuGetPackages\SunamoHtml\SunamoHtml.Tests\_\HtmlHelperBaseTests.cs(16,28): warning CA1051: Do not declare visible instance fields (https://learn.microsoft.com/dotnet/fundamentals/code-analysis/quality-rules/ca1051) [E:\vs\Projects\PlatformIndependentNuGetPackages\SunamoHtml\SunamoHtml.Tests\SunamoHtml.Tests.csproj::TargetFramework=net9.0]
E:\vs\Projects\PlatformIndependentNuGetPackages\SunamoHtml\SunamoHtml.Tests\_\HtmlHelperGoogleFormTests.cs(15,18): warning CA1823: Unused field 'mainQuestionTitle' (https://learn.microsoft.com/dotnet/fundamentals/code-analysis/quality-rules/ca1823) [E:\vs\Projects\PlatformIndependentNuGetPackages\SunamoHtml\SunamoHtml.Tests\SunamoHtml.Tests.csproj::TargetFramework=net9.0]
E:\vs\Projects\PlatformIndependentNuGetPackages\SunamoHtml\SunamoHtml.Tests\_\HtmlHelperGoogleFormTests.cs(16,18): warning CA1823: Unused field 'additionalQuestionTitle' (https://learn.microsoft.com/dotnet/fundamentals/code-analysis/quality-rules/ca1823) [E:\vs\Projects\PlatformIndependentNuGetPackages\SunamoHtml\SunamoHtml.Tests\SunamoHtml.Tests.csproj::TargetFramework=net9.0]
E:\vs\Projects\PlatformIndependentNuGetPackages\SunamoHtml\SunamoHtml.Tests\_\HtmlHelperGoogleFormTests.cs(17,18): warning CA1823: Unused field 'possibleAnswerTitle' (https://learn.microsoft.com/dotnet/fundamentals/code-analysis/quality-rules/ca1823) [E:\vs\Projects\PlatformIndependentNuGetPackages\SunamoHtml\SunamoHtml.Tests\SunamoHtml.Tests.csproj::TargetFramework=net9.0]
E:\vs\Projects\PlatformIndependentNuGetPackages\SunamoHtml\SunamoHtml.Tests\_\HtmlHelperGoogleFormTests.cs(18,18): warning CA1823: Unused field 'cssClassMainQuestions' (https://learn.microsoft.com/dotnet/fundamentals/code-analysis/quality-rules/ca1823) [E:\vs\Projects\PlatformIndependentNuGetPackages\SunamoHtml\SunamoHtml.Tests\SunamoHtml.Tests.csproj::TargetFramework=net9.0]
E:\vs\Projects\PlatformIndependentNuGetPackages\SunamoHtml\SunamoHtml.Tests\_\HtmlHelperGoogleFormTests.cs(19,18): warning CA1823: Unused field 'cssClassAdditionalQuestion' (https://learn.microsoft.com/dotnet/fundamentals/code-analysis/quality-rules/ca1823) [E:\vs\Projects\PlatformIndependentNuGetPackages\SunamoHtml\SunamoHtml.Tests\SunamoHtml.Tests.csproj::TargetFramework=net9.0]
E:\vs\Projects\PlatformIndependentNuGetPackages\SunamoHtml\SunamoHtml.Tests\HtmlAgilityHelperTests.cs(16,26): warning CA2234: Modify 'HtmlAgilityHelperTests.CreateHtmlDocumentTest()' to call 'HttpClient.GetStringAsync(Uri)' instead of 'HttpClient.GetStringAsync(string)' (https://learn.microsoft.com/dotnet/fundamentals/code-analysis/quality-rules/ca2234) [E:\vs\Projects\PlatformIndependentNuGetPackages\SunamoHtml\SunamoHtml.Tests\SunamoHtml.Tests.csproj::TargetFramework=net9.0]
E:\vs\Projects\PlatformIndependentNuGetPackages\SunamoHtml\SunamoHtml.Tests\HtmlAgilityHelperTests.cs(15,33): warning CA2000: Call System.IDisposable.Dispose on object created by 'new()' before all references to it are out of scope (https://learn.microsoft.com/dotnet/fundamentals/code-analysis/quality-rules/ca2000) [E:\vs\Projects\PlatformIndependentNuGetPackages\SunamoHtml\SunamoHtml.Tests\SunamoHtml.Tests.csproj::TargetFramework=net9.0]
E:\vs\Projects\PlatformIndependentNuGetPackages\SunamoHtml\SunamoHtml.Tests\_\HtmlTableParserManipulationWithoutMockTests.cs(23,2): warning CA2007: Consider calling ConfigureAwait on the awaited task (https://learn.microsoft.com/dotnet/fundamentals/code-analysis/quality-rules/ca2007) [E:\vs\Projects\PlatformIndependentNuGetPackages\SunamoHtml\SunamoHtml.Tests\SunamoHtml.Tests.csproj::TargetFramework=net9.0]
E:\vs\Projects\PlatformIndependentNuGetPackages\SunamoHtml\SunamoHtml.Tests\_\HtmlTableParserManipulationWithoutMockTests.cs(15,2): warning CA1822: Member 'HtmlTableParserTest' does not access instance data and can be marked as static (https://learn.microsoft.com/dotnet/fundamentals/code-analysis/quality-rules/ca1822) [E:\vs\Projects\PlatformIndependentNuGetPackages\SunamoHtml\SunamoHtml.Tests\SunamoHtml.Tests.csproj::TargetFramework=net9.0]
E:\vs\Projects\PlatformIndependentNuGetPackages\SunamoHtml\SunamoHtml.Tests\_\HtmlAgilityHelperManipulationWithoutMockTests.cs(180,17): warning CA1822: Member 'ReplacePlainUriForAnchors' does not access instance data and can be marked as static (https://learn.microsoft.com/dotnet/fundamentals/code-analysis/quality-rules/ca1822) [E:\vs\Projects\PlatformIndependentNuGetPackages\SunamoHtml\SunamoHtml.Tests\SunamoHtml.Tests.csproj::TargetFramework=net9.0]
E:\vs\Projects\PlatformIndependentNuGetPackages\SunamoHtml\SunamoHtml.Tests\HtmlAgilityHelperTests.cs(121,35): warning CA1303: Method 'void HtmlAgilityHelperTests.Test1()' passes a literal string as parameter 'value' of a call to 'void Console.WriteLine(string? value)'. Retrieve the following string(s) from a resource table instead: "wrapperInz == null". (https://learn.microsoft.com/dotnet/fundamentals/code-analysis/quality-rules/ca1303) [E:\vs\Projects\PlatformIndependentNuGetPackages\SunamoHtml\SunamoHtml.Tests\SunamoHtml.Tests.csproj::TargetFramework=net9.0]
E:\vs\Projects\PlatformIndependentNuGetPackages\SunamoHtml\SunamoHtml.Tests\HtmlAgilityHelperTests.cs(128,35): warning CA1303: Method 'void HtmlAgilityHelperTests.Test1()' passes a literal string as parameter 'value' of a call to 'void Console.WriteLine(string? value)'. Retrieve the following string(s) from a resource table instead: "Ad was skipped". (https://learn.microsoft.com/dotnet/fundamentals/code-analysis/quality-rules/ca1303) [E:\vs\Projects\PlatformIndependentNuGetPackages\SunamoHtml\SunamoHtml.Tests\SunamoHtml.Tests.csproj::TargetFramework=net9.0]
E:\vs\Projects\PlatformIndependentNuGetPackages\SunamoHtml\SunamoHtml.Tests\HtmlTags.cs(6,16): warning CA1852: Type 'HtmlTags' can be sealed because it has no subtypes in its containing assembly and is not externally visible (https://learn.microsoft.com/dotnet/fundamentals/code-analysis/quality-rules/ca1852) [E:\vs\Projects\PlatformIndependentNuGetPackages\SunamoHtml\SunamoHtml.Tests\SunamoHtml.Tests.csproj::TargetFramework=net9.0]
E:\vs\Projects\PlatformIndependentNuGetPackages\SunamoHtml\SunamoHtml.Tests\HtmlAttrs.cs(8,16): warning CA1852: Type 'HtmlAttrs' can be sealed because it has no subtypes in its containing assembly and is not externally visible (https://learn.microsoft.com/dotnet/fundamentals/code-analysis/quality-rules/ca1852) [E:\vs\Projects\PlatformIndependentNuGetPackages\SunamoHtml\SunamoHtml.Tests\SunamoHtml.Tests.csproj::TargetFramework=net9.0]
E:\vs\Projects\PlatformIndependentNuGetPackages\SunamoHtml\SunamoHtml.Tests\_\HtmlTableParserManipulationWithoutMockTests.cs(25,54): warning CS8604: Possible null reference argument for parameter 'html' in 'HtmlTableParser.HtmlTableParser(HtmlNode html, bool isIgnoreFirstRow)'. [E:\vs\Projects\PlatformIndependentNuGetPackages\SunamoHtml\SunamoHtml.Tests\SunamoHtml.Tests.csproj::TargetFramework=net8.0]
E:\vs\Projects\PlatformIndependentNuGetPackages\SunamoHtml\SunamoHtml.Tests\HtmlAgilityHelperTests.cs(102,59): warning CS8604: Possible null reference argument for parameter 'node' in 'List<HtmlNode> HtmlAgilityHelper.NodesWithAttr(HtmlNode node, bool isRecursive, string tag, string attributeName, string attributeValue, bool isContains = false)'. [E:\vs\Projects\PlatformIndependentNuGetPackages\SunamoHtml\SunamoHtml.Tests\SunamoHtml.Tests.csproj::TargetFramework=net8.0]
E:\vs\Projects\PlatformIndependentNuGetPackages\SunamoHtml\SunamoHtml.Tests\_\HtmlAgilityHelperManipulationWithoutMockTests.cs(122,16): warning CS8600: Converting null literal or possible null value to non-nullable type. [E:\vs\Projects\PlatformIndependentNuGetPackages\SunamoHtml\SunamoHtml.Tests\SunamoHtml.Tests.csproj::TargetFramework=net8.0]
E:\vs\Projects\PlatformIndependentNuGetPackages\SunamoHtml\SunamoHtml.Tests\_\HtmlAgilityHelperManipulationWithoutMockTests.cs(125,16): warning CS8600: Converting null literal or possible null value to non-nullable type. [E:\vs\Projects\PlatformIndependentNuGetPackages\SunamoHtml\SunamoHtml.Tests\SunamoHtml.Tests.csproj::TargetFramework=net8.0]
E:\vs\Projects\PlatformIndependentNuGetPackages\SunamoHtml\SunamoHtml.Tests\_\HtmlAgilityHelperManipulationWithoutMockTests.cs(128,16): warning CS8600: Converting null literal or possible null value to non-nullable type. [E:\vs\Projects\PlatformIndependentNuGetPackages\SunamoHtml\SunamoHtml.Tests\SunamoHtml.Tests.csproj::TargetFramework=net8.0]
E:\vs\Projects\PlatformIndependentNuGetPackages\SunamoHtml\SunamoHtml.Tests\_\HtmlAgilityHelperManipulationWithoutMockTests.cs(134,20): warning CS8600: Converting null literal or possible null value to non-nullable type. [E:\vs\Projects\PlatformIndependentNuGetPackages\SunamoHtml\SunamoHtml.Tests\SunamoHtml.Tests.csproj::TargetFramework=net8.0]
E:\vs\Projects\PlatformIndependentNuGetPackages\SunamoHtml\SunamoHtml.Tests\_\HtmlAgilityHelperManipulationWithoutMockTests.cs(137,20): warning CS8600: Converting null literal or possible null value to non-nullable type. [E:\vs\Projects\PlatformIndependentNuGetPackages\SunamoHtml\SunamoHtml.Tests\SunamoHtml.Tests.csproj::TargetFramework=net8.0]
E:\vs\Projects\PlatformIndependentNuGetPackages\SunamoHtml\SunamoHtml.Tests\_\HtmlAgilityHelperManipulationWithoutMockTests.cs(140,20): warning CS8600: Converting null literal or possible null value to non-nullable type. [E:\vs\Projects\PlatformIndependentNuGetPackages\SunamoHtml\SunamoHtml.Tests\SunamoHtml.Tests.csproj::TargetFramework=net8.0]
E:\vs\Projects\PlatformIndependentNuGetPackages\SunamoHtml\SunamoHtml.Tests\_\HtmlAgilityHelperManipulationWithoutMockTests.cs(151,16): warning CS8600: Converting null literal or possible null value to non-nullable type. [E:\vs\Projects\PlatformIndependentNuGetPackages\SunamoHtml\SunamoHtml.Tests\SunamoHtml.Tests.csproj::TargetFramework=net8.0]
E:\vs\Projects\PlatformIndependentNuGetPackages\SunamoHtml\SunamoHtml.Tests\_\HtmlAgilityHelperManipulationWithoutMockTests.cs(155,16): warning CS8600: Converting null literal or possible null value to non-nullable type. [E:\vs\Projects\PlatformIndependentNuGetPackages\SunamoHtml\SunamoHtml.Tests\SunamoHtml.Tests.csproj::TargetFramework=net8.0]
E:\vs\Projects\PlatformIndependentNuGetPackages\SunamoHtml\SunamoHtml.Tests\_\HtmlAgilityHelperManipulationWithoutMockTests.cs(158,16): warning CS8600: Converting null literal or possible null value to non-nullable type. [E:\vs\Projects\PlatformIndependentNuGetPackages\SunamoHtml\SunamoHtml.Tests\SunamoHtml.Tests.csproj::TargetFramework=net8.0]
E:\vs\Projects\PlatformIndependentNuGetPackages\SunamoHtml\SunamoHtml.Tests\_\HtmlAgilityHelperManipulationWithoutMockTests.cs(161,16): warning CS8600: Converting null literal or possible null value to non-nullable type. [E:\vs\Projects\PlatformIndependentNuGetPackages\SunamoHtml\SunamoHtml.Tests\SunamoHtml.Tests.csproj::TargetFramework=net8.0]
E:\vs\Projects\PlatformIndependentNuGetPackages\SunamoHtml\SunamoHtml.Tests\_\HtmlAgilityHelperManipulationWithoutMockTests.cs(167,20): warning CS8600: Converting null literal or possible null value to non-nullable type. [E:\vs\Projects\PlatformIndependentNuGetPackages\SunamoHtml\SunamoHtml.Tests\SunamoHtml.Tests.csproj::TargetFramework=net8.0]
E:\vs\Projects\PlatformIndependentNuGetPackages\SunamoHtml\SunamoHtml.Tests\_\HtmlAgilityHelperManipulationWithoutMockTests.cs(171,20): warning CS8600: Converting null literal or possible null value to non-nullable type. [E:\vs\Projects\PlatformIndependentNuGetPackages\SunamoHtml\SunamoHtml.Tests\SunamoHtml.Tests.csproj::TargetFramework=net8.0]
E:\vs\Projects\PlatformIndependentNuGetPackages\SunamoHtml\SunamoHtml.Tests\_\HtmlAgilityHelperManipulationWithoutMockTests.cs(174,20): warning CS8600: Converting null literal or possible null value to non-nullable type. [E:\vs\Projects\PlatformIndependentNuGetPackages\SunamoHtml\SunamoHtml.Tests\SunamoHtml.Tests.csproj::TargetFramework=net8.0]
E:\vs\Projects\PlatformIndependentNuGetPackages\SunamoHtml\SunamoHtml.Tests\HtmlAgilityHelperTests.cs(125,49): warning CS8604: Possible null reference argument for parameter 'node' in 'HtmlNode? HtmlAgilityHelper.Node(HtmlNode node, bool recursive, string tag)'. [E:\vs\Projects\PlatformIndependentNuGetPackages\SunamoHtml\SunamoHtml.Tests\SunamoHtml.Tests.csproj::TargetFramework=net8.0]
E:\vs\Projects\PlatformIndependentNuGetPackages\SunamoHtml\SunamoHtml.Tests\_\HtmlHelperSunamoCzTests.cs(4,14): warning CA1050: Declare types in namespaces (https://learn.microsoft.com/dotnet/fundamentals/code-analysis/quality-rules/ca1050) [E:\vs\Projects\PlatformIndependentNuGetPackages\SunamoHtml\SunamoHtml.Tests\SunamoHtml.Tests.csproj::TargetFramework=net8.0]
E:\vs\Projects\PlatformIndependentNuGetPackages\SunamoHtml\SunamoHtml.Tests\_\HtmlHelperTextTests.cs(4,14): warning CA1050: Declare types in namespaces (https://learn.microsoft.com/dotnet/fundamentals/code-analysis/quality-rules/ca1050) [E:\vs\Projects\PlatformIndependentNuGetPackages\SunamoHtml\SunamoHtml.Tests\SunamoHtml.Tests.csproj::TargetFramework=net8.0]
E:\vs\Projects\PlatformIndependentNuGetPackages\SunamoHtml\SunamoHtml.Tests\_\HtmlAgilityHelperManipulationWithoutMockTests.cs(7,14): warning CA1515: Because an application's API isn't typically referenced from outside the assembly, types can be made internal (https://learn.microsoft.com/dotnet/fundamentals/code-analysis/quality-rules/ca1515) [E:\vs\Projects\PlatformIndependentNuGetPackages\SunamoHtml\SunamoHtml.Tests\SunamoHtml.Tests.csproj::TargetFramework=net8.0]
E:\vs\Projects\PlatformIndependentNuGetPackages\SunamoHtml\SunamoHtml.Tests\_\HtmlTableParserManipulationWithoutMockTests.cs(6,14): warning CA1515: Because an application's API isn't typically referenced from outside the assembly, types can be made internal (https://learn.microsoft.com/dotnet/fundamentals/code-analysis/quality-rules/ca1515) [E:\vs\Projects\PlatformIndependentNuGetPackages\SunamoHtml\SunamoHtml.Tests\SunamoHtml.Tests.csproj::TargetFramework=net8.0]
E:\vs\Projects\PlatformIndependentNuGetPackages\SunamoHtml\SunamoHtml.Tests\_\HtmlTableParserManipulationWithoutMockTests.cs(6,14): warning CA1050: Declare types in namespaces (https://learn.microsoft.com/dotnet/fundamentals/code-analysis/quality-rules/ca1050) [E:\vs\Projects\PlatformIndependentNuGetPackages\SunamoHtml\SunamoHtml.Tests\SunamoHtml.Tests.csproj::TargetFramework=net8.0]
E:\vs\Projects\PlatformIndependentNuGetPackages\SunamoHtml\SunamoHtml.Tests\_\HtmlHelperBaseTests.cs(8,14): warning CA1515: Because an application's API isn't typically referenced from outside the assembly, types can be made internal (https://learn.microsoft.com/dotnet/fundamentals/code-analysis/quality-rules/ca1515) [E:\vs\Projects\PlatformIndependentNuGetPackages\SunamoHtml\SunamoHtml.Tests\SunamoHtml.Tests.csproj::TargetFramework=net8.0]
E:\vs\Projects\PlatformIndependentNuGetPackages\SunamoHtml\SunamoHtml.Tests\_\HtmlHelperBaseTests.cs(11,24): warning CA1051: Do not declare visible instance fields (https://learn.microsoft.com/dotnet/fundamentals/code-analysis/quality-rules/ca1051) [E:\vs\Projects\PlatformIndependentNuGetPackages\SunamoHtml\SunamoHtml.Tests\SunamoHtml.Tests.csproj::TargetFramework=net8.0]
E:\vs\Projects\PlatformIndependentNuGetPackages\SunamoHtml\SunamoHtml.Tests\_\HtmlHelperBaseTests.cs(10,24): warning CA1051: Do not declare visible instance fields (https://learn.microsoft.com/dotnet/fundamentals/code-analysis/quality-rules/ca1051) [E:\vs\Projects\PlatformIndependentNuGetPackages\SunamoHtml\SunamoHtml.Tests\SunamoHtml.Tests.csproj::TargetFramework=net8.0]
E:\vs\Projects\PlatformIndependentNuGetPackages\SunamoHtml\SunamoHtml.Tests\_\HtmlHelperBaseTests.cs(13,28): warning CA1051: Do not declare visible instance fields (https://learn.microsoft.com/dotnet/fundamentals/code-analysis/quality-rules/ca1051) [E:\vs\Projects\PlatformIndependentNuGetPackages\SunamoHtml\SunamoHtml.Tests\SunamoHtml.Tests.csproj::TargetFramework=net8.0]
E:\vs\Projects\PlatformIndependentNuGetPackages\SunamoHtml\SunamoHtml.Tests\_\HtmlHelperBaseTests.cs(15,28): warning CA1051: Do not declare visible instance fields (https://learn.microsoft.com/dotnet/fundamentals/code-analysis/quality-rules/ca1051) [E:\vs\Projects\PlatformIndependentNuGetPackages\SunamoHtml\SunamoHtml.Tests\SunamoHtml.Tests.csproj::TargetFramework=net8.0]
E:\vs\Projects\PlatformIndependentNuGetPackages\SunamoHtml\SunamoHtml.Tests\_\HtmlHelperBaseTests.cs(14,28): warning CA1051: Do not declare visible instance fields (https://learn.microsoft.com/dotnet/fundamentals/code-analysis/quality-rules/ca1051) [E:\vs\Projects\PlatformIndependentNuGetPackages\SunamoHtml\SunamoHtml.Tests\SunamoHtml.Tests.csproj::TargetFramework=net8.0]
E:\vs\Projects\PlatformIndependentNuGetPackages\SunamoHtml\SunamoHtml.Tests\_\HtmlHelperBaseTests.cs(16,28): warning CA1051: Do not declare visible instance fields (https://learn.microsoft.com/dotnet/fundamentals/code-analysis/quality-rules/ca1051) [E:\vs\Projects\PlatformIndependentNuGetPackages\SunamoHtml\SunamoHtml.Tests\SunamoHtml.Tests.csproj::TargetFramework=net8.0]
E:\vs\Projects\PlatformIndependentNuGetPackages\SunamoHtml\SunamoHtml.Tests\_\HtmlHelperGoogleFormTests.cs(11,14): warning CA1515: Because an application's API isn't typically referenced from outside the assembly, types can be made internal (https://learn.microsoft.com/dotnet/fundamentals/code-analysis/quality-rules/ca1515) [E:\vs\Projects\PlatformIndependentNuGetPackages\SunamoHtml\SunamoHtml.Tests\SunamoHtml.Tests.csproj::TargetFramework=net8.0]
E:\vs\Projects\PlatformIndependentNuGetPackages\SunamoHtml\SunamoHtml.Tests\_\HtmlTableParserManipulationWithoutMockTests.cs(23,2): warning CA2007: Consider calling ConfigureAwait on the awaited task (https://learn.microsoft.com/dotnet/fundamentals/code-analysis/quality-rules/ca2007) [E:\vs\Projects\PlatformIndependentNuGetPackages\SunamoHtml\SunamoHtml.Tests\SunamoHtml.Tests.csproj::TargetFramework=net8.0]
E:\vs\Projects\PlatformIndependentNuGetPackages\SunamoHtml\SunamoHtml.Tests\_\HtmlTableParserManipulationWithoutMockTests.cs(15,2): warning CA1822: Member 'HtmlTableParserTest' does not access instance data and can be marked as static (https://learn.microsoft.com/dotnet/fundamentals/code-analysis/quality-rules/ca1822) [E:\vs\Projects\PlatformIndependentNuGetPackages\SunamoHtml\SunamoHtml.Tests\SunamoHtml.Tests.csproj::TargetFramework=net8.0]
E:\vs\Projects\PlatformIndependentNuGetPackages\SunamoHtml\SunamoHtml.Tests\HtmlAgilityHelperTests.cs(16,26): warning CA2234: Modify 'HtmlAgilityHelperTests.CreateHtmlDocumentTest()' to call 'HttpClient.GetStringAsync(Uri)' instead of 'HttpClient.GetStringAsync(string)' (https://learn.microsoft.com/dotnet/fundamentals/code-analysis/quality-rules/ca2234) [E:\vs\Projects\PlatformIndependentNuGetPackages\SunamoHtml\SunamoHtml.Tests\SunamoHtml.Tests.csproj::TargetFramework=net8.0]
E:\vs\Projects\PlatformIndependentNuGetPackages\SunamoHtml\SunamoHtml.Tests\HtmlAgilityHelperTests.cs(15,33): warning CA2000: Call System.IDisposable.Dispose on object created by 'new()' before all references to it are out of scope (https://learn.microsoft.com/dotnet/fundamentals/code-analysis/quality-rules/ca2000) [E:\vs\Projects\PlatformIndependentNuGetPackages\SunamoHtml\SunamoHtml.Tests\SunamoHtml.Tests.csproj::TargetFramework=net8.0]
E:\vs\Projects\PlatformIndependentNuGetPackages\SunamoHtml\SunamoHtml.Tests\_\HtmlAgilityHelperManipulationWithoutMockTests.cs(180,17): warning CA1822: Member 'ReplacePlainUriForAnchors' does not access instance data and can be marked as static (https://learn.microsoft.com/dotnet/fundamentals/code-analysis/quality-rules/ca1822) [E:\vs\Projects\PlatformIndependentNuGetPackages\SunamoHtml\SunamoHtml.Tests\SunamoHtml.Tests.csproj::TargetFramework=net8.0]
E:\vs\Projects\PlatformIndependentNuGetPackages\SunamoHtml\SunamoHtml.Tests\_\HtmlHelperGoogleFormTests.cs(15,18): warning CA1823: Unused field 'mainQuestionTitle' (https://learn.microsoft.com/dotnet/fundamentals/code-analysis/quality-rules/ca1823) [E:\vs\Projects\PlatformIndependentNuGetPackages\SunamoHtml\SunamoHtml.Tests\SunamoHtml.Tests.csproj::TargetFramework=net8.0]
E:\vs\Projects\PlatformIndependentNuGetPackages\SunamoHtml\SunamoHtml.Tests\_\HtmlHelperGoogleFormTests.cs(16,18): warning CA1823: Unused field 'additionalQuestionTitle' (https://learn.microsoft.com/dotnet/fundamentals/code-analysis/quality-rules/ca1823) [E:\vs\Projects\PlatformIndependentNuGetPackages\SunamoHtml\SunamoHtml.Tests\SunamoHtml.Tests.csproj::TargetFramework=net8.0]
E:\vs\Projects\PlatformIndependentNuGetPackages\SunamoHtml\SunamoHtml.Tests\_\HtmlHelperGoogleFormTests.cs(17,18): warning CA1823: Unused field 'possibleAnswerTitle' (https://learn.microsoft.com/dotnet/fundamentals/code-analysis/quality-rules/ca1823) [E:\vs\Projects\PlatformIndependentNuGetPackages\SunamoHtml\SunamoHtml.Tests\SunamoHtml.Tests.csproj::TargetFramework=net8.0]
E:\vs\Projects\PlatformIndependentNuGetPackages\SunamoHtml\SunamoHtml.Tests\_\HtmlHelperGoogleFormTests.cs(18,18): warning CA1823: Unused field 'cssClassMainQuestions' (https://learn.microsoft.com/dotnet/fundamentals/code-analysis/quality-rules/ca1823) [E:\vs\Projects\PlatformIndependentNuGetPackages\SunamoHtml\SunamoHtml.Tests\SunamoHtml.Tests.csproj::TargetFramework=net8.0]
E:\vs\Projects\PlatformIndependentNuGetPackages\SunamoHtml\SunamoHtml.Tests\_\HtmlHelperGoogleFormTests.cs(19,18): warning CA1823: Unused field 'cssClassAdditionalQuestion' (https://learn.microsoft.com/dotnet/fundamentals/code-analysis/quality-rules/ca1823) [E:\vs\Projects\PlatformIndependentNuGetPackages\SunamoHtml\SunamoHtml.Tests\SunamoHtml.Tests.csproj::TargetFramework=net8.0]
E:\vs\Projects\PlatformIndependentNuGetPackages\SunamoHtml\SunamoHtml.Tests\HtmlAgilityHelperTests.cs(121,35): warning CA1303: Method 'void HtmlAgilityHelperTests.Test1()' passes a literal string as parameter 'value' of a call to 'void Console.WriteLine(string? value)'. Retrieve the following string(s) from a resource table instead: "wrapperInz == null". (https://learn.microsoft.com/dotnet/fundamentals/code-analysis/quality-rules/ca1303) [E:\vs\Projects\PlatformIndependentNuGetPackages\SunamoHtml\SunamoHtml.Tests\SunamoHtml.Tests.csproj::TargetFramework=net8.0]
E:\vs\Projects\PlatformIndependentNuGetPackages\SunamoHtml\SunamoHtml.Tests\HtmlAgilityHelperTests.cs(128,35): warning CA1303: Method 'void HtmlAgilityHelperTests.Test1()' passes a literal string as parameter 'value' of a call to 'void Console.WriteLine(string? value)'. Retrieve the following string(s) from a resource table instead: "Ad was skipped". (https://learn.microsoft.com/dotnet/fundamentals/code-analysis/quality-rules/ca1303) [E:\vs\Projects\PlatformIndependentNuGetPackages\SunamoHtml\SunamoHtml.Tests\SunamoHtml.Tests.csproj::TargetFramework=net8.0]
E:\vs\Projects\PlatformIndependentNuGetPackages\SunamoHtml\SunamoHtml.Tests\HtmlAttrs.cs(8,16): warning CA1852: Type 'HtmlAttrs' can be sealed because it has no subtypes in its containing assembly and is not externally visible (https://learn.microsoft.com/dotnet/fundamentals/code-analysis/quality-rules/ca1852) [E:\vs\Projects\PlatformIndependentNuGetPackages\SunamoHtml\SunamoHtml.Tests\SunamoHtml.Tests.csproj::TargetFramework=net8.0]
E:\vs\Projects\PlatformIndependentNuGetPackages\SunamoHtml\SunamoHtml.Tests\HtmlTags.cs(6,16): warning CA1852: Type 'HtmlTags' can be sealed because it has no subtypes in its containing assembly and is not externally visible (https://learn.microsoft.com/dotnet/fundamentals/code-analysis/quality-rules/ca1852) [E:\vs\Projects\PlatformIndependentNuGetPackages\SunamoHtml\SunamoHtml.Tests\SunamoHtml.Tests.csproj::TargetFramework=net8.0]
  SunamoHtml.Tests -> E:\vs\Projects\PlatformIndependentNuGetPackages\SunamoHtml\SunamoHtml.Tests\bin\Debug\net9.0\SunamoHtml.Tests.dll
E:\vs\Projects\PlatformIndependentNuGetPackages\SunamoHtml\SunamoHtml.Tests\HtmlAgilityHelperTests.cs(102,59): warning CS8604: Possible null reference argument for parameter 'node' in 'List<HtmlNode> HtmlAgilityHelper.NodesWithAttr(HtmlNode node, bool isRecursive, string tag, string attributeName, string attributeValue, bool isContains = false)'. [E:\vs\Projects\PlatformIndependentNuGetPackages\SunamoHtml\SunamoHtml.Tests\SunamoHtml.Tests.csproj::TargetFramework=net10.0]
E:\vs\Projects\PlatformIndependentNuGetPackages\SunamoHtml\SunamoHtml.Tests\_\HtmlTableParserManipulationWithoutMockTests.cs(25,54): warning CS8604: Possible null reference argument for parameter 'html' in 'HtmlTableParser.HtmlTableParser(HtmlNode html, bool isIgnoreFirstRow)'. [E:\vs\Projects\PlatformIndependentNuGetPackages\SunamoHtml\SunamoHtml.Tests\SunamoHtml.Tests.csproj::TargetFramework=net10.0]
E:\vs\Projects\PlatformIndependentNuGetPackages\SunamoHtml\SunamoHtml.Tests\_\HtmlAgilityHelperManipulationWithoutMockTests.cs(122,16): warning CS8600: Converting null literal or possible null value to non-nullable type. [E:\vs\Projects\PlatformIndependentNuGetPackages\SunamoHtml\SunamoHtml.Tests\SunamoHtml.Tests.csproj::TargetFramework=net10.0]
E:\vs\Projects\PlatformIndependentNuGetPackages\SunamoHtml\SunamoHtml.Tests\_\HtmlAgilityHelperManipulationWithoutMockTests.cs(125,16): warning CS8600: Converting null literal or possible null value to non-nullable type. [E:\vs\Projects\PlatformIndependentNuGetPackages\SunamoHtml\SunamoHtml.Tests\SunamoHtml.Tests.csproj::TargetFramework=net10.0]
E:\vs\Projects\PlatformIndependentNuGetPackages\SunamoHtml\SunamoHtml.Tests\_\HtmlAgilityHelperManipulationWithoutMockTests.cs(128,16): warning CS8600: Converting null literal or possible null value to non-nullable type. [E:\vs\Projects\PlatformIndependentNuGetPackages\SunamoHtml\SunamoHtml.Tests\SunamoHtml.Tests.csproj::TargetFramework=net10.0]
E:\vs\Projects\PlatformIndependentNuGetPackages\SunamoHtml\SunamoHtml.Tests\_\HtmlAgilityHelperManipulationWithoutMockTests.cs(134,20): warning CS8600: Converting null literal or possible null value to non-nullable type. [E:\vs\Projects\PlatformIndependentNuGetPackages\SunamoHtml\SunamoHtml.Tests\SunamoHtml.Tests.csproj::TargetFramework=net10.0]
E:\vs\Projects\PlatformIndependentNuGetPackages\SunamoHtml\SunamoHtml.Tests\_\HtmlAgilityHelperManipulationWithoutMockTests.cs(137,20): warning CS8600: Converting null literal or possible null value to non-nullable type. [E:\vs\Projects\PlatformIndependentNuGetPackages\SunamoHtml\SunamoHtml.Tests\SunamoHtml.Tests.csproj::TargetFramework=net10.0]
E:\vs\Projects\PlatformIndependentNuGetPackages\SunamoHtml\SunamoHtml.Tests\_\HtmlAgilityHelperManipulationWithoutMockTests.cs(140,20): warning CS8600: Converting null literal or possible null value to non-nullable type. [E:\vs\Projects\PlatformIndependentNuGetPackages\SunamoHtml\SunamoHtml.Tests\SunamoHtml.Tests.csproj::TargetFramework=net10.0]
E:\vs\Projects\PlatformIndependentNuGetPackages\SunamoHtml\SunamoHtml.Tests\_\HtmlAgilityHelperManipulationWithoutMockTests.cs(151,16): warning CS8600: Converting null literal or possible null value to non-nullable type. [E:\vs\Projects\PlatformIndependentNuGetPackages\SunamoHtml\SunamoHtml.Tests\SunamoHtml.Tests.csproj::TargetFramework=net10.0]
E:\vs\Projects\PlatformIndependentNuGetPackages\SunamoHtml\SunamoHtml.Tests\_\HtmlAgilityHelperManipulationWithoutMockTests.cs(155,16): warning CS8600: Converting null literal or possible null value to non-nullable type. [E:\vs\Projects\PlatformIndependentNuGetPackages\SunamoHtml\SunamoHtml.Tests\SunamoHtml.Tests.csproj::TargetFramework=net10.0]
E:\vs\Projects\PlatformIndependentNuGetPackages\SunamoHtml\SunamoHtml.Tests\_\HtmlAgilityHelperManipulationWithoutMockTests.cs(158,16): warning CS8600: Converting null literal or possible null value to non-nullable type. [E:\vs\Projects\PlatformIndependentNuGetPackages\SunamoHtml\SunamoHtml.Tests\SunamoHtml.Tests.csproj::TargetFramework=net10.0]
E:\vs\Projects\PlatformIndependentNuGetPackages\SunamoHtml\SunamoHtml.Tests\_\HtmlAgilityHelperManipulationWithoutMockTests.cs(161,16): warning CS8600: Converting null literal or possible null value to non-nullable type. [E:\vs\Projects\PlatformIndependentNuGetPackages\SunamoHtml\SunamoHtml.Tests\SunamoHtml.Tests.csproj::TargetFramework=net10.0]
E:\vs\Projects\PlatformIndependentNuGetPackages\SunamoHtml\SunamoHtml.Tests\_\HtmlAgilityHelperManipulationWithoutMockTests.cs(167,20): warning CS8600: Converting null literal or possible null value to non-nullable type. [E:\vs\Projects\PlatformIndependentNuGetPackages\SunamoHtml\SunamoHtml.Tests\SunamoHtml.Tests.csproj::TargetFramework=net10.0]
E:\vs\Projects\PlatformIndependentNuGetPackages\SunamoHtml\SunamoHtml.Tests\_\HtmlAgilityHelperManipulationWithoutMockTests.cs(171,20): warning CS8600: Converting null literal or possible null value to non-nullable type. [E:\vs\Projects\PlatformIndependentNuGetPackages\SunamoHtml\SunamoHtml.Tests\SunamoHtml.Tests.csproj::TargetFramework=net10.0]
E:\vs\Projects\PlatformIndependentNuGetPackages\SunamoHtml\SunamoHtml.Tests\_\HtmlAgilityHelperManipulationWithoutMockTests.cs(174,20): warning CS8600: Converting null literal or possible null value to non-nullable type. [E:\vs\Projects\PlatformIndependentNuGetPackages\SunamoHtml\SunamoHtml.Tests\SunamoHtml.Tests.csproj::TargetFramework=net10.0]
E:\vs\Projects\PlatformIndependentNuGetPackages\SunamoHtml\SunamoHtml.Tests\HtmlAgilityHelperTests.cs(125,49): warning CS8604: Possible null reference argument for parameter 'node' in 'HtmlNode? HtmlAgilityHelper.Node(HtmlNode node, bool recursive, string tag)'. [E:\vs\Projects\PlatformIndependentNuGetPackages\SunamoHtml\SunamoHtml.Tests\SunamoHtml.Tests.csproj::TargetFramework=net10.0]
E:\vs\Projects\PlatformIndependentNuGetPackages\SunamoHtml\SunamoHtml.Tests\_\HtmlAgilityHelperManipulationWithoutMockTests.cs(7,14): warning CA1515: Because an application's API isn't typically referenced from outside the assembly, types can be made internal (https://learn.microsoft.com/dotnet/fundamentals/code-analysis/quality-rules/ca1515) [E:\vs\Projects\PlatformIndependentNuGetPackages\SunamoHtml\SunamoHtml.Tests\SunamoHtml.Tests.csproj::TargetFramework=net10.0]
E:\vs\Projects\PlatformIndependentNuGetPackages\SunamoHtml\SunamoHtml.Tests\_\HtmlHelperBaseTests.cs(8,14): warning CA1515: Because an application's API isn't typically referenced from outside the assembly, types can be made internal (https://learn.microsoft.com/dotnet/fundamentals/code-analysis/quality-rules/ca1515) [E:\vs\Projects\PlatformIndependentNuGetPackages\SunamoHtml\SunamoHtml.Tests\SunamoHtml.Tests.csproj::TargetFramework=net10.0]
E:\vs\Projects\PlatformIndependentNuGetPackages\SunamoHtml\SunamoHtml.Tests\_\HtmlHelperBaseTests.cs(13,28): warning CA1051: Do not declare visible instance fields (https://learn.microsoft.com/dotnet/fundamentals/code-analysis/quality-rules/ca1051) [E:\vs\Projects\PlatformIndependentNuGetPackages\SunamoHtml\SunamoHtml.Tests\SunamoHtml.Tests.csproj::TargetFramework=net10.0]
E:\vs\Projects\PlatformIndependentNuGetPackages\SunamoHtml\SunamoHtml.Tests\_\HtmlHelperBaseTests.cs(14,28): warning CA1051: Do not declare visible instance fields (https://learn.microsoft.com/dotnet/fundamentals/code-analysis/quality-rules/ca1051) [E:\vs\Projects\PlatformIndependentNuGetPackages\SunamoHtml\SunamoHtml.Tests\SunamoHtml.Tests.csproj::TargetFramework=net10.0]
E:\vs\Projects\PlatformIndependentNuGetPackages\SunamoHtml\SunamoHtml.Tests\_\HtmlHelperBaseTests.cs(15,28): warning CA1051: Do not declare visible instance fields (https://learn.microsoft.com/dotnet/fundamentals/code-analysis/quality-rules/ca1051) [E:\vs\Projects\PlatformIndependentNuGetPackages\SunamoHtml\SunamoHtml.Tests\SunamoHtml.Tests.csproj::TargetFramework=net10.0]
E:\vs\Projects\PlatformIndependentNuGetPackages\SunamoHtml\SunamoHtml.Tests\_\HtmlHelperBaseTests.cs(16,28): warning CA1051: Do not declare visible instance fields (https://learn.microsoft.com/dotnet/fundamentals/code-analysis/quality-rules/ca1051) [E:\vs\Projects\PlatformIndependentNuGetPackages\SunamoHtml\SunamoHtml.Tests\SunamoHtml.Tests.csproj::TargetFramework=net10.0]
E:\vs\Projects\PlatformIndependentNuGetPackages\SunamoHtml\SunamoHtml.Tests\_\HtmlHelperBaseTests.cs(10,24): warning CA1051: Do not declare visible instance fields (https://learn.microsoft.com/dotnet/fundamentals/code-analysis/quality-rules/ca1051) [E:\vs\Projects\PlatformIndependentNuGetPackages\SunamoHtml\SunamoHtml.Tests\SunamoHtml.Tests.csproj::TargetFramework=net10.0]
E:\vs\Projects\PlatformIndependentNuGetPackages\SunamoHtml\SunamoHtml.Tests\_\HtmlHelperBaseTests.cs(11,24): warning CA1051: Do not declare visible instance fields (https://learn.microsoft.com/dotnet/fundamentals/code-analysis/quality-rules/ca1051) [E:\vs\Projects\PlatformIndependentNuGetPackages\SunamoHtml\SunamoHtml.Tests\SunamoHtml.Tests.csproj::TargetFramework=net10.0]
E:\vs\Projects\PlatformIndependentNuGetPackages\SunamoHtml\SunamoHtml.Tests\_\HtmlHelperGoogleFormTests.cs(11,14): warning CA1515: Because an application's API isn't typically referenced from outside the assembly, types can be made internal (https://learn.microsoft.com/dotnet/fundamentals/code-analysis/quality-rules/ca1515) [E:\vs\Projects\PlatformIndependentNuGetPackages\SunamoHtml\SunamoHtml.Tests\SunamoHtml.Tests.csproj::TargetFramework=net10.0]
E:\vs\Projects\PlatformIndependentNuGetPackages\SunamoHtml\SunamoHtml.Tests\_\HtmlHelperSunamoCzTests.cs(4,14): warning CA1050: Declare types in namespaces (https://learn.microsoft.com/dotnet/fundamentals/code-analysis/quality-rules/ca1050) [E:\vs\Projects\PlatformIndependentNuGetPackages\SunamoHtml\SunamoHtml.Tests\SunamoHtml.Tests.csproj::TargetFramework=net10.0]
E:\vs\Projects\PlatformIndependentNuGetPackages\SunamoHtml\SunamoHtml.Tests\_\HtmlHelperTextTests.cs(4,14): warning CA1050: Declare types in namespaces (https://learn.microsoft.com/dotnet/fundamentals/code-analysis/quality-rules/ca1050) [E:\vs\Projects\PlatformIndependentNuGetPackages\SunamoHtml\SunamoHtml.Tests\SunamoHtml.Tests.csproj::TargetFramework=net10.0]
E:\vs\Projects\PlatformIndependentNuGetPackages\SunamoHtml\SunamoHtml.Tests\_\HtmlTableParserManipulationWithoutMockTests.cs(6,14): warning CA1515: Because an application's API isn't typically referenced from outside the assembly, types can be made internal (https://learn.microsoft.com/dotnet/fundamentals/code-analysis/quality-rules/ca1515) [E:\vs\Projects\PlatformIndependentNuGetPackages\SunamoHtml\SunamoHtml.Tests\SunamoHtml.Tests.csproj::TargetFramework=net10.0]
E:\vs\Projects\PlatformIndependentNuGetPackages\SunamoHtml\SunamoHtml.Tests\_\HtmlTableParserManipulationWithoutMockTests.cs(6,14): warning CA1050: Declare types in namespaces (https://learn.microsoft.com/dotnet/fundamentals/code-analysis/quality-rules/ca1050) [E:\vs\Projects\PlatformIndependentNuGetPackages\SunamoHtml\SunamoHtml.Tests\SunamoHtml.Tests.csproj::TargetFramework=net10.0]
E:\vs\Projects\PlatformIndependentNuGetPackages\SunamoHtml\SunamoHtml.Tests\_\HtmlHelperGoogleFormTests.cs(15,18): warning CA1823: Unused field 'mainQuestionTitle' (https://learn.microsoft.com/dotnet/fundamentals/code-analysis/quality-rules/ca1823) [E:\vs\Projects\PlatformIndependentNuGetPackages\SunamoHtml\SunamoHtml.Tests\SunamoHtml.Tests.csproj::TargetFramework=net10.0]
E:\vs\Projects\PlatformIndependentNuGetPackages\SunamoHtml\SunamoHtml.Tests\_\HtmlHelperGoogleFormTests.cs(16,18): warning CA1823: Unused field 'additionalQuestionTitle' (https://learn.microsoft.com/dotnet/fundamentals/code-analysis/quality-rules/ca1823) [E:\vs\Projects\PlatformIndependentNuGetPackages\SunamoHtml\SunamoHtml.Tests\SunamoHtml.Tests.csproj::TargetFramework=net10.0]
E:\vs\Projects\PlatformIndependentNuGetPackages\SunamoHtml\SunamoHtml.Tests\_\HtmlHelperGoogleFormTests.cs(17,18): warning CA1823: Unused field 'possibleAnswerTitle' (https://learn.microsoft.com/dotnet/fundamentals/code-analysis/quality-rules/ca1823) [E:\vs\Projects\PlatformIndependentNuGetPackages\SunamoHtml\SunamoHtml.Tests\SunamoHtml.Tests.csproj::TargetFramework=net10.0]
E:\vs\Projects\PlatformIndependentNuGetPackages\SunamoHtml\SunamoHtml.Tests\_\HtmlHelperGoogleFormTests.cs(18,18): warning CA1823: Unused field 'cssClassMainQuestions' (https://learn.microsoft.com/dotnet/fundamentals/code-analysis/quality-rules/ca1823) [E:\vs\Projects\PlatformIndependentNuGetPackages\SunamoHtml\SunamoHtml.Tests\SunamoHtml.Tests.csproj::TargetFramework=net10.0]
E:\vs\Projects\PlatformIndependentNuGetPackages\SunamoHtml\SunamoHtml.Tests\_\HtmlHelperGoogleFormTests.cs(19,18): warning CA1823: Unused field 'cssClassAdditionalQuestion' (https://learn.microsoft.com/dotnet/fundamentals/code-analysis/quality-rules/ca1823) [E:\vs\Projects\PlatformIndependentNuGetPackages\SunamoHtml\SunamoHtml.Tests\SunamoHtml.Tests.csproj::TargetFramework=net10.0]
E:\vs\Projects\PlatformIndependentNuGetPackages\SunamoHtml\SunamoHtml.Tests\HtmlAgilityHelperTests.cs(16,26): warning CA2234: Modify 'HtmlAgilityHelperTests.CreateHtmlDocumentTest()' to call 'HttpClient.GetStringAsync(Uri)' instead of 'HttpClient.GetStringAsync(string)' (https://learn.microsoft.com/dotnet/fundamentals/code-analysis/quality-rules/ca2234) [E:\vs\Projects\PlatformIndependentNuGetPackages\SunamoHtml\SunamoHtml.Tests\SunamoHtml.Tests.csproj::TargetFramework=net10.0]
E:\vs\Projects\PlatformIndependentNuGetPackages\SunamoHtml\SunamoHtml.Tests\_\HtmlTableParserManipulationWithoutMockTests.cs(23,2): warning CA2007: Consider calling ConfigureAwait on the awaited task (https://learn.microsoft.com/dotnet/fundamentals/code-analysis/quality-rules/ca2007) [E:\vs\Projects\PlatformIndependentNuGetPackages\SunamoHtml\SunamoHtml.Tests\SunamoHtml.Tests.csproj::TargetFramework=net10.0]
E:\vs\Projects\PlatformIndependentNuGetPackages\SunamoHtml\SunamoHtml.Tests\_\HtmlAgilityHelperManipulationWithoutMockTests.cs(180,17): warning CA1822: Member 'ReplacePlainUriForAnchors' does not access instance data and can be marked as static (https://learn.microsoft.com/dotnet/fundamentals/code-analysis/quality-rules/ca1822) [E:\vs\Projects\PlatformIndependentNuGetPackages\SunamoHtml\SunamoHtml.Tests\SunamoHtml.Tests.csproj::TargetFramework=net10.0]
E:\vs\Projects\PlatformIndependentNuGetPackages\SunamoHtml\SunamoHtml.Tests\_\HtmlTableParserManipulationWithoutMockTests.cs(15,2): warning CA1822: Member 'HtmlTableParserTest' does not access instance data and can be marked as static (https://learn.microsoft.com/dotnet/fundamentals/code-analysis/quality-rules/ca1822) [E:\vs\Projects\PlatformIndependentNuGetPackages\SunamoHtml\SunamoHtml.Tests\SunamoHtml.Tests.csproj::TargetFramework=net10.0]
E:\vs\Projects\PlatformIndependentNuGetPackages\SunamoHtml\SunamoHtml.Tests\HtmlAgilityHelperTests.cs(15,33): warning CA2000: Call System.IDisposable.Dispose on object created by 'new()' before all references to it are out of scope (https://learn.microsoft.com/dotnet/fundamentals/code-analysis/quality-rules/ca2000) [E:\vs\Projects\PlatformIndependentNuGetPackages\SunamoHtml\SunamoHtml.Tests\SunamoHtml.Tests.csproj::TargetFramework=net10.0]
E:\vs\Projects\PlatformIndependentNuGetPackages\SunamoHtml\SunamoHtml.Tests\HtmlAgilityHelperTests.cs(121,35): warning CA1303: Method 'void HtmlAgilityHelperTests.Test1()' passes a literal string as parameter 'value' of a call to 'void Console.WriteLine(string? value)'. Retrieve the following string(s) from a resource table instead: "wrapperInz == null". (https://learn.microsoft.com/dotnet/fundamentals/code-analysis/quality-rules/ca1303) [E:\vs\Projects\PlatformIndependentNuGetPackages\SunamoHtml\SunamoHtml.Tests\SunamoHtml.Tests.csproj::TargetFramework=net10.0]
E:\vs\Projects\PlatformIndependentNuGetPackages\SunamoHtml\SunamoHtml.Tests\HtmlAgilityHelperTests.cs(128,35): warning CA1303: Method 'void HtmlAgilityHelperTests.Test1()' passes a literal string as parameter 'value' of a call to 'void Console.WriteLine(string? value)'. Retrieve the following string(s) from a resource table instead: "Ad was skipped". (https://learn.microsoft.com/dotnet/fundamentals/code-analysis/quality-rules/ca1303) [E:\vs\Projects\PlatformIndependentNuGetPackages\SunamoHtml\SunamoHtml.Tests\SunamoHtml.Tests.csproj::TargetFramework=net10.0]
E:\vs\Projects\PlatformIndependentNuGetPackages\SunamoHtml\SunamoHtml.Tests\HtmlTags.cs(6,16): warning CA1852: Type 'HtmlTags' can be sealed because it has no subtypes in its containing assembly and is not externally visible (https://learn.microsoft.com/dotnet/fundamentals/code-analysis/quality-rules/ca1852) [E:\vs\Projects\PlatformIndependentNuGetPackages\SunamoHtml\SunamoHtml.Tests\SunamoHtml.Tests.csproj::TargetFramework=net10.0]
E:\vs\Projects\PlatformIndependentNuGetPackages\SunamoHtml\SunamoHtml.Tests\HtmlAttrs.cs(8,16): warning CA1852: Type 'HtmlAttrs' can be sealed because it has no subtypes in its containing assembly and is not externally visible (https://learn.microsoft.com/dotnet/fundamentals/code-analysis/quality-rules/ca1852) [E:\vs\Projects\PlatformIndependentNuGetPackages\SunamoHtml\SunamoHtml.Tests\SunamoHtml.Tests.csproj::TargetFramework=net10.0]
  SunamoHtml.Tests -> E:\vs\Projects\PlatformIndependentNuGetPackages\SunamoHtml\SunamoHtml.Tests\bin\Debug\net10.0\SunamoHtml.Tests.dll
  SunamoHtml.Tests -> E:\vs\Projects\PlatformIndependentNuGetPackages\SunamoHtml\SunamoHtml.Tests\bin\Debug\net8.0\SunamoHtml.Tests.dll
E:\vs\Projects\PlatformIndependentNuGetPackages\SunamoHtml\RunnerHtml\Program.cs(16,15): warning CA2007: Consider calling ConfigureAwait on the awaited task (https://learn.microsoft.com/dotnet/fundamentals/code-analysis/quality-rules/ca2007) [E:\vs\Projects\PlatformIndependentNuGetPackages\SunamoHtml\RunnerHtml\RunnerHtml.csproj::TargetFramework=net10.0]
E:\vs\Projects\PlatformIndependentNuGetPackages\SunamoHtml\RunnerHtml\Program.cs(6,16): warning CA1852: Type 'Program' can be sealed because it has no subtypes in its containing assembly and is not externally visible (https://learn.microsoft.com/dotnet/fundamentals/code-analysis/quality-rules/ca1852) [E:\vs\Projects\PlatformIndependentNuGetPackages\SunamoHtml\RunnerHtml\RunnerHtml.csproj::TargetFramework=net10.0]
  RunnerHtml -> E:\vs\Projects\PlatformIndependentNuGetPackages\SunamoHtml\RunnerHtml\bin\Debug\net10.0\RunnerHtml.dll
E:\vs\Projects\PlatformIndependentNuGetPackages\SunamoHtml\RunnerHtml\Program.cs(16,15): warning CA2007: Consider calling ConfigureAwait on the awaited task (https://learn.microsoft.com/dotnet/fundamentals/code-analysis/quality-rules/ca2007) [E:\vs\Projects\PlatformIndependentNuGetPackages\SunamoHtml\RunnerHtml\RunnerHtml.csproj::TargetFramework=net8.0]
E:\vs\Projects\PlatformIndependentNuGetPackages\SunamoHtml\RunnerHtml\Program.cs(6,16): warning CA1852: Type 'Program' can be sealed because it has no subtypes in its containing assembly and is not externally visible (https://learn.microsoft.com/dotnet/fundamentals/code-analysis/quality-rules/ca1852) [E:\vs\Projects\PlatformIndependentNuGetPackages\SunamoHtml\RunnerHtml\RunnerHtml.csproj::TargetFramework=net8.0]
E:\vs\Projects\PlatformIndependentNuGetPackages\SunamoHtml\RunnerHtml\Program.cs(16,15): warning CA2007: Consider calling ConfigureAwait on the awaited task (https://learn.microsoft.com/dotnet/fundamentals/code-analysis/quality-rules/ca2007) [E:\vs\Projects\PlatformIndependentNuGetPackages\SunamoHtml\RunnerHtml\RunnerHtml.csproj::TargetFramework=net9.0]
E:\vs\Projects\PlatformIndependentNuGetPackages\SunamoHtml\RunnerHtml\Program.cs(6,16): warning CA1852: Type 'Program' can be sealed because it has no subtypes in its containing assembly and is not externally visible (https://learn.microsoft.com/dotnet/fundamentals/code-analysis/quality-rules/ca1852) [E:\vs\Projects\PlatformIndependentNuGetPackages\SunamoHtml\RunnerHtml\RunnerHtml.csproj::TargetFramework=net9.0]
  RunnerHtml -> E:\vs\Projects\PlatformIndependentNuGetPackages\SunamoHtml\RunnerHtml\bin\Debug\net9.0\RunnerHtml.dll
  RunnerHtml -> E:\vs\Projects\PlatformIndependentNuGetPackages\SunamoHtml\RunnerHtml\bin\Debug\net8.0\RunnerHtml.dll

Build succeeded.

E:\vs\Projects\PlatformIndependentNuGetPackages\SunamoHtml\SunamoHtml\Html\HtmlDocumentS.cs(58,39): warning CS8604: Possible null reference argument for parameter 'htmlNode' in 'string HtmlDocumentS.InnerHtmlToStringEmpty(HtmlNode htmlNode)'. [E:\vs\Projects\PlatformIndependentNuGetPackages\SunamoHtml\SunamoHtml\SunamoHtml.csproj::TargetFramework=net8.0]
E:\vs\Projects\PlatformIndependentNuGetPackages\SunamoHtml\SunamoHtml\XmlAgilityHelper.cs(19,16): warning CS8603: Possible null reference return. [E:\vs\Projects\PlatformIndependentNuGetPackages\SunamoHtml\SunamoHtml\SunamoHtml.csproj::TargetFramework=net8.0]
E:\vs\Projects\PlatformIndependentNuGetPackages\SunamoHtml\SunamoHtml\Html\HtmlHelperShared.cs(145,16): warning CS8603: Possible null reference return. [E:\vs\Projects\PlatformIndependentNuGetPackages\SunamoHtml\SunamoHtml\SunamoHtml.csproj::TargetFramework=net8.0]
E:\vs\Projects\PlatformIndependentNuGetPackages\SunamoHtml\SunamoHtml\_sunamo\SunamoString\SH.cs(297,16): warning CS8603: Possible null reference return. [E:\vs\Projects\PlatformIndependentNuGetPackages\SunamoHtml\SunamoHtml\SunamoHtml.csproj::TargetFramework=net8.0]
E:\vs\Projects\PlatformIndependentNuGetPackages\SunamoHtml\SunamoHtml\Html\HtmlHelperShared1.cs(295,16): warning CS8603: Possible null reference return. [E:\vs\Projects\PlatformIndependentNuGetPackages\SunamoHtml\SunamoHtml\SunamoHtml.csproj::TargetFramework=net8.0]
E:\vs\Projects\PlatformIndependentNuGetPackages\SunamoHtml\SunamoHtml\Html\HtmlHelperShared2.cs(217,16): warning CS8603: Possible null reference return. [E:\vs\Projects\PlatformIndependentNuGetPackages\SunamoHtml\SunamoHtml\SunamoHtml.csproj::TargetFramework=net8.0]
E:\vs\Projects\PlatformIndependentNuGetPackages\SunamoHtml\SunamoHtml\Html\HtmlHelperShared2.cs(246,16): warning CS8603: Possible null reference return. [E:\vs\Projects\PlatformIndependentNuGetPackages\SunamoHtml\SunamoHtml\SunamoHtml.csproj::TargetFramework=net8.0]
E:\vs\Projects\PlatformIndependentNuGetPackages\SunamoHtml\SunamoHtml\Html\HtmlHelperShared3.cs(34,16): warning CS8603: Possible null reference return. [E:\vs\Projects\PlatformIndependentNuGetPackages\SunamoHtml\SunamoHtml\SunamoHtml.csproj::TargetFramework=net8.0]
E:\vs\Projects\PlatformIndependentNuGetPackages\SunamoHtml\SunamoHtml\_sunamo\SunamoValues\Values\AllLists.cs(12,35): warning CS0649: Field 'AllLists.OstravaCityParts' is never assigned to, and will always have its default value null [E:\vs\Projects\PlatformIndependentNuGetPackages\SunamoHtml\SunamoHtml\SunamoHtml.csproj::TargetFramework=net8.0]
E:\vs\Projects\PlatformIndependentNuGetPackages\SunamoHtml\SunamoHtml\Generators\HtmlGeneratorExtended.cs(21,17): warning CS1591: Missing XML comment for publicly visible type or member 'HtmlGeneratorExtended.DetailAnchor(string, string, string)' [E:\vs\Projects\PlatformIndependentNuGetPackages\SunamoHtml\SunamoHtml\SunamoHtml.csproj::TargetFramework=net8.0]
E:\vs\Projects\PlatformIndependentNuGetPackages\SunamoHtml\SunamoHtml\HtmlAgilityHelper.cs(8,22): warning CA1052: Type 'HtmlAgilityHelper' is a static holder type but is neither static nor NotInheritable (https://learn.microsoft.com/dotnet/fundamentals/code-analysis/quality-rules/ca1052) [E:\vs\Projects\PlatformIndependentNuGetPackages\SunamoHtml\SunamoHtml\SunamoHtml.csproj::TargetFramework=net8.0]
E:\vs\Projects\PlatformIndependentNuGetPackages\SunamoHtml\SunamoHtml\Html\SecurityHelper.cs(43,25): warning CA1308: In method 'RemoveJsAttributesFromEveryNode', replace the call to 'ToLowerInvariant' with 'ToUpperInvariant' (https://learn.microsoft.com/dotnet/fundamentals/code-analysis/quality-rules/ca1308) [E:\vs\Projects\PlatformIndependentNuGetPackages\SunamoHtml\SunamoHtml\SunamoHtml.csproj::TargetFramework=net8.0]
E:\vs\Projects\PlatformIndependentNuGetPackages\SunamoHtml\SunamoHtml\Html\SecurityHelper.cs(45,30): warning CA1308: In method 'RemoveJsAttributesFromEveryNode', replace the call to 'ToLowerInvariant' with 'ToUpperInvariant' (https://learn.microsoft.com/dotnet/fundamentals/code-analysis/quality-rules/ca1308) [E:\vs\Projects\PlatformIndependentNuGetPackages\SunamoHtml\SunamoHtml\SunamoHtml.csproj::TargetFramework=net8.0]
E:\vs\Projects\PlatformIndependentNuGetPackages\SunamoHtml\SunamoHtml\Html\HtmlHelperShared.cs(28,45): warning CA1311: Specify a culture or use an invariant version to avoid implicit dependency on current culture (https://learn.microsoft.com/dotnet/fundamentals/code-analysis/quality-rules/ca1311) [E:\vs\Projects\PlatformIndependentNuGetPackages\SunamoHtml\SunamoHtml\SunamoHtml.csproj::TargetFramework=net8.0]
E:\vs\Projects\PlatformIndependentNuGetPackages\SunamoHtml\SunamoHtml\Html\HtmlHelperShared.cs(34,34): warning CA1845: Use span-based 'string.Concat' and 'AsSpan' instead of 'Substring' (https://learn.microsoft.com/dotnet/fundamentals/code-analysis/quality-rules/ca1845) [E:\vs\Projects\PlatformIndependentNuGetPackages\SunamoHtml\SunamoHtml\SunamoHtml.csproj::TargetFramework=net8.0]
E:\vs\Projects\PlatformIndependentNuGetPackages\SunamoHtml\SunamoHtml\Html\HtmlHelperShared.cs(61,16): warning CA1062: In externally visible method 'string HtmlHelper.PrepareToAttribute(string text)', validate parameter 'text' is non-null before using it. If appropriate, throw an 'ArgumentNullException' when the argument is 'null'. (https://learn.microsoft.com/dotnet/fundamentals/code-analysis/quality-rules/ca1062) [E:\vs\Projects\PlatformIndependentNuGetPackages\SunamoHtml\SunamoHtml\SunamoHtml.csproj::TargetFramework=net8.0]
E:\vs\Projects\PlatformIndependentNuGetPackages\SunamoHtml\SunamoHtml\Html\HtmlTableDivParse.cs(19,45): warning CA1002: Change 'List<HtmlNode>' in 'HtmlTableDivParse.HtmlTableDivParse(List<HtmlNode>, int)' to use 'Collection<T>', 'ReadOnlyCollection<T>' or 'KeyedCollection<K,V>' (https://learn.microsoft.com/dotnet/fundamentals/code-analysis/quality-rules/ca1002) [E:\vs\Projects\PlatformIndependentNuGetPackages\SunamoHtml\SunamoHtml\SunamoHtml.csproj::TargetFramework=net8.0]
E:\vs\Projects\PlatformIndependentNuGetPackages\SunamoHtml\SunamoHtml\Html\HtmlHelperShared.cs(49,16): warning CA1307: 'string.Replace(string, string?)' has a method overload that takes a 'StringComparison' parameter. Replace this call in 'SunamoHtml.Html.HtmlHelper.ConvertTextToHtml(string)' with a call to 'string.Replace(string, string?, System.StringComparison)' for clarity of intent. (https://learn.microsoft.com/dotnet/fundamentals/code-analysis/quality-rules/ca1307) [E:\vs\Projects\PlatformIndependentNuGetPackages\SunamoHtml\SunamoHtml\SunamoHtml.csproj::TargetFramework=net8.0]
E:\vs\Projects\PlatformIndependentNuGetPackages\SunamoHtml\SunamoHtml\Html\HtmlHelperShared.cs(50,16): warning CA1307: 'string.Replace(string, string?)' has a method overload that takes a 'StringComparison' parameter. Replace this call in 'SunamoHtml.Html.HtmlHelper.ConvertTextToHtml(string)' with a call to 'string.Replace(string, string?, System.StringComparison)' for clarity of intent. (https://learn.microsoft.com/dotnet/fundamentals/code-analysis/quality-rules/ca1307) [E:\vs\Projects\PlatformIndependentNuGetPackages\SunamoHtml\SunamoHtml\SunamoHtml.csproj::TargetFramework=net8.0]
E:\vs\Projects\PlatformIndependentNuGetPackages\SunamoHtml\SunamoHtml\Html\HtmlHelperShared.cs(24,37): warning CA1847: Use 'string.Contains(char)' instead of 'string.Contains(string)' when searching for a single character (https://learn.microsoft.com/dotnet/fundamentals/code-analysis/quality-rules/ca1847) [E:\vs\Projects\PlatformIndependentNuGetPackages\SunamoHtml\SunamoHtml\SunamoHtml.csproj::TargetFramework=net8.0]
E:\vs\Projects\PlatformIndependentNuGetPackages\SunamoHtml\SunamoHtml\Html\HtmlHelperShared.cs(28,19): warning CA1304: The behavior of 'string.ToLower()' could vary based on the current user's locale settings. Replace this call in 'HtmlHelper.ReplaceHtmlNonPairTagsWithXmlValid(string)' with a call to 'string.ToLower(CultureInfo)'. (https://learn.microsoft.com/dotnet/fundamentals/code-analysis/quality-rules/ca1304) [E:\vs\Projects\PlatformIndependentNuGetPackages\SunamoHtml\SunamoHtml\SunamoHtml.csproj::TargetFramework=net8.0]
E:\vs\Projects\PlatformIndependentNuGetPackages\SunamoHtml\SunamoHtml\Html\HtmlHelperShared.cs(49,16): warning CA1062: In externally visible method 'string HtmlHelper.ConvertTextToHtml(string text)', validate parameter 'text' is non-null before using it. If appropriate, throw an 'ArgumentNullException' when the argument is 'null'. (https://learn.microsoft.com/dotnet/fundamentals/code-analysis/quality-rules/ca1062) [E:\vs\Projects\PlatformIndependentNuGetPackages\SunamoHtml\SunamoHtml\SunamoHtml.csproj::TargetFramework=net8.0]
E:\vs\Projects\PlatformIndependentNuGetPackages\SunamoHtml\SunamoHtml\Html\HtmlHelperShared.cs(72,16): warning CA1307: 'string.Replace(string, string?)' has a method overload that takes a 'StringComparison' parameter. Replace this call in 'SunamoHtml.Html.HtmlHelper.ReplaceAllFontCase(string)' with a call to 'string.Replace(string, string?, System.StringComparison)' for clarity of intent. (https://learn.microsoft.com/dotnet/fundamentals/code-analysis/quality-rules/ca1307) [E:\vs\Projects\PlatformIndependentNuGetPackages\SunamoHtml\SunamoHtml\SunamoHtml.csproj::TargetFramework=net8.0]
E:\vs\Projects\PlatformIndependentNuGetPackages\SunamoHtml\SunamoHtml\Html\HtmlHelperShared.cs(73,16): warning CA1307: 'string.Replace(string, string?)' has a method overload that takes a 'StringComparison' parameter. Replace this call in 'SunamoHtml.Html.HtmlHelper.ReplaceAllFontCase(string)' with a call to 'string.Replace(string, string?, System.StringComparison)' for clarity of intent. (https://learn.microsoft.com/dotnet/fundamentals/code-analysis/quality-rules/ca1307) [E:\vs\Projects\PlatformIndependentNuGetPackages\SunamoHtml\SunamoHtml\SunamoHtml.csproj::TargetFramework=net8.0]
E:\vs\Projects\PlatformIndependentNuGetPackages\SunamoHtml\SunamoHtml\Html\HtmlHelperShared.cs(74,16): warning CA1307: 'string.Replace(string, string?)' has a method overload that takes a 'StringComparison' parameter. Replace this call in 'SunamoHtml.Html.HtmlHelper.ReplaceAllFontCase(string)' with a call to 'string.Replace(string, string?, System.StringComparison)' for clarity of intent. (https://learn.microsoft.com/dotnet/fundamentals/code-analysis/quality-rules/ca1307) [E:\vs\Projects\PlatformIndependentNuGetPackages\SunamoHtml\SunamoHtml\SunamoHtml.csproj::TargetFramework=net8.0]
E:\vs\Projects\PlatformIndependentNuGetPackages\SunamoHtml\SunamoHtml\Html\HtmlHelperShared.cs(75,16): warning CA1307: 'string.Replace(string, string?)' has a method overload that takes a 'StringComparison' parameter. Replace this call in 'SunamoHtml.Html.HtmlHelper.ReplaceAllFontCase(string)' with a call to 'string.Replace(string, string?, System.StringComparison)' for clarity of intent. (https://learn.microsoft.com/dotnet/fundamentals/code-analysis/quality-rules/ca1307) [E:\vs\Projects\PlatformIndependentNuGetPackages\SunamoHtml\SunamoHtml\SunamoHtml.csproj::TargetFramework=net8.0]
E:\vs\Projects\PlatformIndependentNuGetPackages\SunamoHtml\SunamoHtml\Html\HtmlHelperShared.cs(76,16): warning CA1307: 'string.Replace(string, string?)' has a method overload that takes a 'StringComparison' parameter. Replace this call in 'SunamoHtml.Html.HtmlHelper.ReplaceAllFontCase(string)' with a call to 'string.Replace(string, string?, System.StringComparison)' for clarity of intent. (https://learn.microsoft.com/dotnet/fundamentals/code-analysis/quality-rules/ca1307) [E:\vs\Projects\PlatformIndependentNuGetPackages\SunamoHtml\SunamoHtml\SunamoHtml.csproj::TargetFramework=net8.0]
E:\vs\Projects\PlatformIndependentNuGetPackages\SunamoHtml\SunamoHtml\Html\HtmlHelperShared.cs(22,24): warning CA1307: 'string.Replace(string, string?)' has a method overload that takes a 'StringComparison' parameter. Replace this call in 'SunamoHtml.Html.HtmlHelper.ReplaceHtmlNonPairTagsWithXmlValid(string)' with a call to 'string.Replace(string, string?, System.StringComparison)' for clarity of intent. (https://learn.microsoft.com/dotnet/fundamentals/code-analysis/quality-rules/ca1307) [E:\vs\Projects\PlatformIndependentNuGetPackages\SunamoHtml\SunamoHtml\SunamoHtml.csproj::TargetFramework=net8.0]
E:\vs\Projects\PlatformIndependentNuGetPackages\SunamoHtml\SunamoHtml\Html\HtmlHelperShared.cs(77,16): warning CA1307: 'string.Replace(string, string?)' has a method overload that takes a 'StringComparison' parameter. Replace this call in 'SunamoHtml.Html.HtmlHelper.ReplaceAllFontCase(string)' with a call to 'string.Replace(string, string?, System.StringComparison)' for clarity of intent. (https://learn.microsoft.com/dotnet/fundamentals/code-analysis/quality-rules/ca1307) [E:\vs\Projects\PlatformIndependentNuGetPackages\SunamoHtml\SunamoHtml\SunamoHtml.csproj::TargetFramework=net8.0]
E:\vs\Projects\PlatformIndependentNuGetPackages\SunamoHtml\SunamoHtml\Html\HtmlHelperShared.cs(93,16): warning CA1307: 'string.Replace(string, string?)' has a method overload that takes a 'StringComparison' parameter. Replace this call in 'SunamoHtml.Html.HtmlHelper.ClearSpaces(string)' with a call to 'string.Replace(string, string?, System.StringComparison)' for clarity of intent. (https://learn.microsoft.com/dotnet/fundamentals/code-analysis/quality-rules/ca1307) [E:\vs\Projects\PlatformIndependentNuGetPackages\SunamoHtml\SunamoHtml\SunamoHtml.csproj::TargetFramework=net8.0]
E:\vs\Projects\PlatformIndependentNuGetPackages\SunamoHtml\SunamoHtml\Html\HtmlHelperShared.cs(24,17): warning CA1307: 'string.Contains(string)' has a method overload that takes a 'StringComparison' parameter. Replace this call in 'SunamoHtml.Html.HtmlHelper.ReplaceHtmlNonPairTagsWithXmlValid(string)' with a call to 'string.Contains(string, System.StringComparison)' for clarity of intent. (https://learn.microsoft.com/dotnet/fundamentals/code-analysis/quality-rules/ca1307) [E:\vs\Projects\PlatformIndependentNuGetPackages\SunamoHtml\SunamoHtml\SunamoHtml.csproj::TargetFramework=net8.0]
E:\vs\Projects\PlatformIndependentNuGetPackages\SunamoHtml\SunamoHtml\Html\HtmlHelperShared.cs(93,16): warning CA1307: 'string.Replace(string, string?)' has a method overload that takes a 'StringComparison' parameter. Replace this call in 'SunamoHtml.Html.HtmlHelper.ClearSpaces(string)' with a call to 'string.Replace(string, string?, System.StringComparison)' for clarity of intent. (https://learn.microsoft.com/dotnet/fundamentals/code-analysis/quality-rules/ca1307) [E:\vs\Projects\PlatformIndependentNuGetPackages\SunamoHtml\SunamoHtml\SunamoHtml.csproj::TargetFramework=net8.0]
E:\vs\Projects\PlatformIndependentNuGetPackages\SunamoHtml\SunamoHtml\Html\HtmlHelperShared.cs(78,16): warning CA1307: 'string.Replace(string, string?)' has a method overload that takes a 'StringComparison' parameter. Replace this call in 'SunamoHtml.Html.HtmlHelper.ReplaceAllFontCase(string)' with a call to 'string.Replace(string, string?, System.StringComparison)' for clarity of intent. (https://learn.microsoft.com/dotnet/fundamentals/code-analysis/quality-rules/ca1307) [E:\vs\Projects\PlatformIndependentNuGetPackages\SunamoHtml\SunamoHtml\SunamoHtml.csproj::TargetFramework=net8.0]
E:\vs\Projects\PlatformIndependentNuGetPackages\SunamoHtml\SunamoHtml\Html\HtmlHelperShared.cs(27,23): warning CA1307: 'string.Replace(string, string?)' has a method overload that takes a 'StringComparison' parameter. Replace this call in 'SunamoHtml.Html.HtmlHelper.ReplaceHtmlNonPairTagsWithXmlValid(string)' with a call to 'string.Replace(string, string?, System.StringComparison)' for clarity of intent. (https://learn.microsoft.com/dotnet/fundamentals/code-analysis/quality-rules/ca1307) [E:\vs\Projects\PlatformIndependentNuGetPackages\SunamoHtml\SunamoHtml\SunamoHtml.csproj::TargetFramework=net8.0]
E:\vs\Projects\PlatformIndependentNuGetPackages\SunamoHtml\SunamoHtml\Html\HtmlHelperShared.cs(79,16): warning CA1307: 'string.Replace(string, string?)' has a method overload that takes a 'StringComparison' parameter. Replace this call in 'SunamoHtml.Html.HtmlHelper.ReplaceAllFontCase(string)' with a call to 'string.Replace(string, string?, System.StringComparison)' for clarity of intent. (https://learn.microsoft.com/dotnet/fundamentals/code-analysis/quality-rules/ca1307) [E:\vs\Projects\PlatformIndependentNuGetPackages\SunamoHtml\SunamoHtml\SunamoHtml.csproj::TargetFramework=net8.0]
E:\vs\Projects\PlatformIndependentNuGetPackages\SunamoHtml\SunamoHtml\Html\HtmlHelperShared.cs(27,23): warning CA1307: 'string.Replace(string, string?)' has a method overload that takes a 'StringComparison' parameter. Replace this call in 'SunamoHtml.Html.HtmlHelper.ReplaceHtmlNonPairTagsWithXmlValid(string)' with a call to 'string.Replace(string, string?, System.StringComparison)' for clarity of intent. (https://learn.microsoft.com/dotnet/fundamentals/code-analysis/quality-rules/ca1307) [E:\vs\Projects\PlatformIndependentNuGetPackages\SunamoHtml\SunamoHtml\SunamoHtml.csproj::TargetFramework=net8.0]
E:\vs\Projects\PlatformIndependentNuGetPackages\SunamoHtml\SunamoHtml\Html\HtmlHelperShared.cs(80,16): warning CA1307: 'string.Replace(string, string?)' has a method overload that takes a 'StringComparison' parameter. Replace this call in 'SunamoHtml.Html.HtmlHelper.ReplaceAllFontCase(string)' with a call to 'string.Replace(string, string?, System.StringComparison)' for clarity of intent. (https://learn.microsoft.com/dotnet/fundamentals/code-analysis/quality-rules/ca1307) [E:\vs\Projects\PlatformIndependentNuGetPackages\SunamoHtml\SunamoHtml\SunamoHtml.csproj::TargetFramework=net8.0]
E:\vs\Projects\PlatformIndependentNuGetPackages\SunamoHtml\SunamoHtml\Html\HtmlHelperShared.cs(81,16): warning CA1307: 'string.Replace(string, string?)' has a method overload that takes a 'StringComparison' parameter. Replace this call in 'SunamoHtml.Html.HtmlHelper.ReplaceAllFontCase(string)' with a call to 'string.Replace(string, string?, System.StringComparison)' for clarity of intent. (https://learn.microsoft.com/dotnet/fundamentals/code-analysis/quality-rules/ca1307) [E:\vs\Projects\PlatformIndependentNuGetPackages\SunamoHtml\SunamoHtml\SunamoHtml.csproj::TargetFramework=net8.0]
E:\vs\Projects\PlatformIndependentNuGetPackages\SunamoHtml\SunamoHtml\Html\HtmlHelperShared.cs(82,16): warning CA1307: 'string.Replace(string, string?)' has a method overload that takes a 'StringComparison' parameter. Replace this call in 'SunamoHtml.Html.HtmlHelper.ReplaceAllFontCase(string)' with a call to 'string.Replace(string, string?, System.StringComparison)' for clarity of intent. (https://learn.microsoft.com/dotnet/fundamentals/code-analysis/quality-rules/ca1307) [E:\vs\Projects\PlatformIndependentNuGetPackages\SunamoHtml\SunamoHtml\SunamoHtml.csproj::TargetFramework=net8.0]
E:\vs\Projects\PlatformIndependentNuGetPackages\SunamoHtml\SunamoHtml\Html\HtmlHelperShared.cs(30,22): warning CA1307: 'string.Contains(string)' has a method overload that takes a 'StringComparison' parameter. Replace this call in 'SunamoHtml.Html.HtmlHelper.ReplaceHtmlNonPairTagsWithXmlValid(string)' with a call to 'string.Contains(string, System.StringComparison)' for clarity of intent. (https://learn.microsoft.com/dotnet/fundamentals/code-analysis/quality-rules/ca1307) [E:\vs\Projects\PlatformIndependentNuGetPackages\SunamoHtml\SunamoHtml\SunamoHtml.csproj::TargetFramework=net8.0]
E:\vs\Projects\PlatformIndependentNuGetPackages\SunamoHtml\SunamoHtml\Html\HtmlHelperShared.cs(35,32): warning CA1307: 'string.Replace(string, string?)' has a method overload that takes a 'StringComparison' parameter. Replace this call in 'SunamoHtml.Html.HtmlHelper.ReplaceHtmlNonPairTagsWithXmlValid(string)' with a call to 'string.Replace(string, string?, System.StringComparison)' for clarity of intent. (https://learn.microsoft.com/dotnet/fundamentals/code-analysis/quality-rules/ca1307) [E:\vs\Projects\PlatformIndependentNuGetPackages\SunamoHtml\SunamoHtml\SunamoHtml.csproj::TargetFramework=net8.0]
E:\vs\Projects\PlatformIndependentNuGetPackages\SunamoHtml\SunamoHtml\Html\HtmlHelperShared.cs(93,16): warning CA1062: In externally visible method 'string HtmlHelper.ClearSpaces(string text)', validate parameter 'text' is non-null before using it. If appropriate, throw an 'ArgumentNullException' when the argument is 'null'. (https://learn.microsoft.com/dotnet/fundamentals/code-analysis/quality-rules/ca1062) [E:\vs\Projects\PlatformIndependentNuGetPackages\SunamoHtml\SunamoHtml\SunamoHtml.csproj::TargetFramework=net8.0]
E:\vs\Projects\PlatformIndependentNuGetPackages\SunamoHtml\SunamoHtml\Html\HtmlHelperShared.cs(153,34): warning CA1002: Change 'List<HtmlNode>' in 'HtmlHelper.GetWithoutTextNodes(HtmlNode)' to use 'Collection<T>', 'ReadOnlyCollection<T>' or 'KeyedCollection<K,V>' (https://learn.microsoft.com/dotnet/fundamentals/code-analysis/quality-rules/ca1002) [E:\vs\Projects\PlatformIndependentNuGetPackages\SunamoHtml\SunamoHtml\SunamoHtml.csproj::TargetFramework=net8.0]
E:\vs\Projects\PlatformIndependentNuGetPackages\SunamoHtml\SunamoHtml\Html\HtmlHelperShared.cs(72,16): warning CA1062: In externally visible method 'string HtmlHelper.ReplaceAllFontCase(string html)', validate parameter 'html' is non-null before using it. If appropriate, throw an 'ArgumentNullException' when the argument is 'null'. (https://learn.microsoft.com/dotnet/fundamentals/code-analysis/quality-rules/ca1062) [E:\vs\Projects\PlatformIndependentNuGetPackages\SunamoHtml\SunamoHtml\SunamoHtml.csproj::TargetFramework=net8.0]
E:\vs\Projects\PlatformIndependentNuGetPackages\SunamoHtml\SunamoHtml\Html\HtmlHelperShared.cs(210,16): warning CA1307: 'string.Replace(string, string?)' has a method overload that takes a 'StringComparison' parameter. Replace this call in 'SunamoHtml.Html.HtmlHelper.TrimOpenAndEndTags(string, string)' with a call to 'string.Replace(string, string?, System.StringComparison)' for clarity of intent. (https://learn.microsoft.com/dotnet/fundamentals/code-analysis/quality-rules/ca1307) [E:\vs\Projects\PlatformIndependentNuGetPackages\SunamoHtml\SunamoHtml\SunamoHtml.csproj::TargetFramework=net8.0]
E:\vs\Projects\PlatformIndependentNuGetPackages\SunamoHtml\SunamoHtml\Html\HtmlHelperShared.cs(211,16): warning CA1307: 'string.Replace(string, string?)' has a method overload that takes a 'StringComparison' parameter. Replace this call in 'SunamoHtml.Html.HtmlHelper.TrimOpenAndEndTags(string, string)' with a call to 'string.Replace(string, string?, System.StringComparison)' for clarity of intent. (https://learn.microsoft.com/dotnet/fundamentals/code-analysis/quality-rules/ca1307) [E:\vs\Projects\PlatformIndependentNuGetPackages\SunamoHtml\SunamoHtml\SunamoHtml.csproj::TargetFramework=net8.0]
E:\vs\Projects\PlatformIndependentNuGetPackages\SunamoHtml\SunamoHtml\Html\HtmlHelperShared.cs(156,30): warning CA1062: In externally visible method 'List<HtmlNode> HtmlHelper.GetWithoutTextNodes(HtmlNode htmlNode)', validate parameter 'htmlNode' is non-null before using it. If appropriate, throw an 'ArgumentNullException' when the argument is 'null'. (https://learn.microsoft.com/dotnet/fundamentals/code-analysis/quality-rules/ca1062) [E:\vs\Projects\PlatformIndependentNuGetPackages\SunamoHtml\SunamoHtml\SunamoHtml.csproj::TargetFramework=net8.0]
E:\vs\Projects\PlatformIndependentNuGetPackages\SunamoHtml\SunamoHtml\Html\HtmlHelperShared.cs(210,16): warning CA1062: In externally visible method 'string HtmlHelper.TrimOpenAndEndTags(string html, string nameOfTag)', validate parameter 'html' is non-null before using it. If appropriate, throw an 'ArgumentNullException' when the argument is 'null'. (https://learn.microsoft.com/dotnet/fundamentals/code-analysis/quality-rules/ca1062) [E:\vs\Projects\PlatformIndependentNuGetPackages\SunamoHtml\SunamoHtml\SunamoHtml.csproj::TargetFramework=net8.0]
E:\vs\Projects\PlatformIndependentNuGetPackages\SunamoHtml\SunamoHtml\Html\HtmlHelperShared.cs(142,44): warning CA1062: In externally visible method 'HtmlNode HtmlHelper.ReturnTagWithAttr(HtmlNode htmlNode, string tag, string attributeName, string value)', validate parameter 'htmlNode' is non-null before using it. If appropriate, throw an 'ArgumentNullException' when the argument is 'null'. (https://learn.microsoft.com/dotnet/fundamentals/code-analysis/quality-rules/ca1062) [E:\vs\Projects\PlatformIndependentNuGetPackages\SunamoHtml\SunamoHtml\SunamoHtml.csproj::TargetFramework=net8.0]
E:\vs\Projects\PlatformIndependentNuGetPackages\SunamoHtml\SunamoHtml\Html\HtmlHelperText.cs(89,71): warning CA1002: Change 'List<string>' in 'HtmlHelperText.CreateH2FromNumberedList(List<string>)' to use 'Collection<T>', 'ReadOnlyCollection<T>' or 'KeyedCollection<K,V>' (https://learn.microsoft.com/dotnet/fundamentals/code-analysis/quality-rules/ca1002) [E:\vs\Projects\PlatformIndependentNuGetPackages\SunamoHtml\SunamoHtml\SunamoHtml.csproj::TargetFramework=net8.0]
E:\vs\Projects\PlatformIndependentNuGetPackages\SunamoHtml\SunamoHtml\Html\HtmlHelperShared.cs(35,32): warning CA1062: In externally visible method 'string HtmlHelper.ReplaceHtmlNonPairTagsWithXmlValid(string html)', validate parameter 'html' is non-null before using it. If appropriate, throw an 'ArgumentNullException' when the argument is 'null'. (https://learn.microsoft.com/dotnet/fundamentals/code-analysis/quality-rules/ca1062) [E:\vs\Projects\PlatformIndependentNuGetPackages\SunamoHtml\SunamoHtml\SunamoHtml.csproj::TargetFramework=net8.0]
E:\vs\Projects\PlatformIndependentNuGetPackages\SunamoHtml\SunamoHtml\Html\HtmlHelperText.cs(36,49): warning CA1062: In externally visible method 'string HtmlHelperText.InsertMissingEndingTags(string text, string tag)', validate parameter 'text' is non-null before using it. If appropriate, throw an 'ArgumentNullException' when the argument is 'null'. (https://learn.microsoft.com/dotnet/fundamentals/code-analysis/quality-rules/ca1062) [E:\vs\Projects\PlatformIndependentNuGetPackages\SunamoHtml\SunamoHtml\SunamoHtml.csproj::TargetFramework=net8.0]
E:\vs\Projects\PlatformIndependentNuGetPackages\SunamoHtml\SunamoHtml\Html\HtmlHelperText.cs(91,29): warning CA1062: In externally visible method 'IList<string> HtmlHelperText.CreateH2FromNumberedList(List<string> lines)', validate parameter 'lines' is non-null before using it. If appropriate, throw an 'ArgumentNullException' when the argument is 'null'. (https://learn.microsoft.com/dotnet/fundamentals/code-analysis/quality-rules/ca1062) [E:\vs\Projects\PlatformIndependentNuGetPackages\SunamoHtml\SunamoHtml\SunamoHtml.csproj::TargetFramework=net8.0]
E:\vs\Projects\PlatformIndependentNuGetPackages\SunamoHtml\SunamoHtml\Html\HtmlHelperText.cs(133,29): warning CA1829: Use the "Count" property instead of Enumerable.Count() (https://learn.microsoft.com/dotnet/fundamentals/code-analysis/quality-rules/ca1829) [E:\vs\Projects\PlatformIndependentNuGetPackages\SunamoHtml\SunamoHtml\SunamoHtml.csproj::TargetFramework=net8.0]
E:\vs\Projects\PlatformIndependentNuGetPackages\SunamoHtml\SunamoHtml\_sunamo\SunamoCollectionsChangeContent\CAChangeContent.cs(23,25): warning CA1820: Test for empty strings using 'string.Length' property or 'string.IsNullOrEmpty' method instead of an Equality check (https://learn.microsoft.com/dotnet/fundamentals/code-analysis/quality-rules/ca1820) [E:\vs\Projects\PlatformIndependentNuGetPackages\SunamoHtml\SunamoHtml\SunamoHtml.csproj::TargetFramework=net8.0]
E:\vs\Projects\PlatformIndependentNuGetPackages\SunamoHtml\SunamoHtml\_sunamo\SunamoStringReplace\SHReplace.cs(7,16): warning CA1307: 'string.Replace(string, string?)' has a method overload that takes a 'StringComparison' parameter. Replace this call in 'SunamoHtml._sunamo.SunamoStringReplace.SHReplace.ReplaceWhiteSpacesWithoutSpacesWithReplaceWith(string, string)' with a call to 'string.Replace(string, string?, System.StringComparison)' for clarity of intent. (https://learn.microsoft.com/dotnet/fundamentals/code-analysis/quality-rules/ca1307) [E:\vs\Projects\PlatformIndependentNuGetPackages\SunamoHtml\SunamoHtml\SunamoHtml.csproj::TargetFramework=net8.0]
E:\vs\Projects\PlatformIndependentNuGetPackages\SunamoHtml\SunamoHtml\_sunamo\SunamoStringReplace\SHReplace.cs(7,16): warning CA1307: 'string.Replace(string, string?)' has a method overload that takes a 'StringComparison' parameter. Replace this call in 'SunamoHtml._sunamo.SunamoStringReplace.SHReplace.ReplaceWhiteSpacesWithoutSpacesWithReplaceWith(string, string)' with a call to 'string.Replace(string, string?, System.StringComparison)' for clarity of intent. (https://learn.microsoft.com/dotnet/fundamentals/code-analysis/quality-rules/ca1307) [E:\vs\Projects\PlatformIndependentNuGetPackages\SunamoHtml\SunamoHtml\SunamoHtml.csproj::TargetFramework=net8.0]
E:\vs\Projects\PlatformIndependentNuGetPackages\SunamoHtml\SunamoHtml\_sunamo\SunamoStringReplace\SHReplace.cs(7,16): warning CA1307: 'string.Replace(string, string?)' has a method overload that takes a 'StringComparison' parameter. Replace this call in 'SunamoHtml._sunamo.SunamoStringReplace.SHReplace.ReplaceWhiteSpacesWithoutSpacesWithReplaceWith(string, string)' with a call to 'string.Replace(string, string?, System.StringComparison)' for clarity of intent. (https://learn.microsoft.com/dotnet/fundamentals/code-analysis/quality-rules/ca1307) [E:\vs\Projects\PlatformIndependentNuGetPackages\SunamoHtml\SunamoHtml\SunamoHtml.csproj::TargetFramework=net8.0]
E:\vs\Projects\PlatformIndependentNuGetPackages\SunamoHtml\SunamoHtml\_sunamo\SunamoStringReplace\SHReplace.cs(23,53): warning CA1307: 'string.Replace(string, string?)' has a method overload that takes a 'StringComparison' parameter. Replace this call in 'SunamoHtml._sunamo.SunamoStringReplace.SHReplace.ReplaceAllArray(string, string, params string[])' with a call to 'string.Replace(string, string?, System.StringComparison)' for clarity of intent. (https://learn.microsoft.com/dotnet/fundamentals/code-analysis/quality-rules/ca1307) [E:\vs\Projects\PlatformIndependentNuGetPackages\SunamoHtml\SunamoHtml\SunamoHtml.csproj::TargetFramework=net8.0]
E:\vs\Projects\PlatformIndependentNuGetPackages\SunamoHtml\SunamoHtml\Html\HtmlHelperText.cs(160,29): warning CA1866: Use 'string.EndsWith(char)' instead of 'string.EndsWith(string)' when you have a string with a single char (https://learn.microsoft.com/dotnet/fundamentals/code-analysis/quality-rules/ca1866) [E:\vs\Projects\PlatformIndependentNuGetPackages\SunamoHtml\SunamoHtml\SunamoHtml.csproj::TargetFramework=net8.0]
E:\vs\Projects\PlatformIndependentNuGetPackages\SunamoHtml\SunamoHtml\Html\HtmlHelperText.cs(160,13): warning CA1310: The behavior of 'string.EndsWith(string)' could vary based on the current user's locale settings. Replace this call in 'SunamoHtml.Html.HtmlHelperText.GetTextBetweenTags(string, string, string, bool)' with a call to 'string.EndsWith(string, System.StringComparison)'. (https://learn.microsoft.com/dotnet/fundamentals/code-analysis/quality-rules/ca1310) [E:\vs\Projects\PlatformIndependentNuGetPackages\SunamoHtml\SunamoHtml\SunamoHtml.csproj::TargetFramework=net8.0]
E:\vs\Projects\PlatformIndependentNuGetPackages\SunamoHtml\SunamoHtml\Html\HtmlHelperText.cs(163,18): warning CA1310: The behavior of 'string.IndexOf(string)' could vary based on the current user's locale settings. Replace this call in 'SunamoHtml.Html.HtmlHelperText.GetTextBetweenTags(string, string, string, bool)' with a call to 'string.IndexOf(string, System.StringComparison)'. (https://learn.microsoft.com/dotnet/fundamentals/code-analysis/quality-rules/ca1310) [E:\vs\Projects\PlatformIndependentNuGetPackages\SunamoHtml\SunamoHtml\SunamoHtml.csproj::TargetFramework=net8.0]
E:\vs\Projects\PlatformIndependentNuGetPackages\SunamoHtml\SunamoHtml\Html\HtmlHelperText.cs(168,23): warning CA1310: The behavior of 'string.IndexOf(string, int)' could vary based on the current user's locale settings. Replace this call in 'SunamoHtml.Html.HtmlHelperText.GetTextBetweenTags(string, string, string, bool)' with a call to 'string.IndexOf(string, int, System.StringComparison)'. (https://learn.microsoft.com/dotnet/fundamentals/code-analysis/quality-rules/ca1310) [E:\vs\Projects\PlatformIndependentNuGetPackages\SunamoHtml\SunamoHtml\SunamoHtml.csproj::TargetFramework=net8.0]
E:\vs\Projects\PlatformIndependentNuGetPackages\SunamoHtml\SunamoHtml\_sunamo\SunamoRegex\RegexHelper.cs(91,39): warning CA1310: The behavior of 'string.StartsWith(string)' could vary based on the current user's locale settings. Replace this call in 'SunamoHtml._sunamo.SunamoRegex.RegexHelper.IsUri(string)' with a call to 'string.StartsWith(string, System.StringComparison)'. (https://learn.microsoft.com/dotnet/fundamentals/code-analysis/quality-rules/ca1310) [E:\vs\Projects\PlatformIndependentNuGetPackages\SunamoHtml\SunamoHtml\SunamoHtml.csproj::TargetFramework=net8.0]
E:\vs\Projects\PlatformIndependentNuGetPackages\SunamoHtml\SunamoHtml\_sunamo\SunamoRegex\RegexHelper.cs(91,69): warning CA1310: The behavior of 'string.StartsWith(string)' could vary based on the current user's locale settings. Replace this call in 'SunamoHtml._sunamo.SunamoRegex.RegexHelper.IsUri(string)' with a call to 'string.StartsWith(string, System.StringComparison)'. (https://learn.microsoft.com/dotnet/fundamentals/code-analysis/quality-rules/ca1310) [E:\vs\Projects\PlatformIndependentNuGetPackages\SunamoHtml\SunamoHtml\SunamoHtml.csproj::TargetFramework=net8.0]
E:\vs\Projects\PlatformIndependentNuGetPackages\SunamoHtml\SunamoHtml\_sunamo\SunamoStringReplace\SHReplace.cs(33,20): warning CA1307: 'string.Replace(string, string?)' has a method overload that takes a 'StringComparison' parameter. Replace this call in 'SunamoHtml._sunamo.SunamoStringReplace.SHReplace.ReplaceAllDoubleSpaceToSingle(string, bool)' with a call to 'string.Replace(string, string?, System.StringComparison)' for clarity of intent. (https://learn.microsoft.com/dotnet/fundamentals/code-analysis/quality-rules/ca1307) [E:\vs\Projects\PlatformIndependentNuGetPackages\SunamoHtml\SunamoHtml\SunamoHtml.csproj::TargetFramework=net8.0]
E:\vs\Projects\PlatformIndependentNuGetPackages\SunamoHtml\SunamoHtml\_sunamo\SunamoStringReplace\SHReplace.cs(34,20): warning CA1307: 'string.Replace(string, string?)' has a method overload that takes a 'StringComparison' parameter. Replace this call in 'SunamoHtml._sunamo.SunamoStringReplace.SHReplace.ReplaceAllDoubleSpaceToSingle(string, bool)' with a call to 'string.Replace(string, string?, System.StringComparison)' for clarity of intent. (https://learn.microsoft.com/dotnet/fundamentals/code-analysis/quality-rules/ca1307) [E:\vs\Projects\PlatformIndependentNuGetPackages\SunamoHtml\SunamoHtml\SunamoHtml.csproj::TargetFramework=net8.0]
E:\vs\Projects\PlatformIndependentNuGetPackages\SunamoHtml\SunamoHtml\_sunamo\SunamoStringReplace\SHReplace.cs(35,20): warning CA1307: 'string.Replace(string, string?)' has a method overload that takes a 'StringComparison' parameter. Replace this call in 'SunamoHtml._sunamo.SunamoStringReplace.SHReplace.ReplaceAllDoubleSpaceToSingle(string, bool)' with a call to 'string.Replace(string, string?, System.StringComparison)' for clarity of intent. (https://learn.microsoft.com/dotnet/fundamentals/code-analysis/quality-rules/ca1307) [E:\vs\Projects\PlatformIndependentNuGetPackages\SunamoHtml\SunamoHtml\SunamoHtml.csproj::TargetFramework=net8.0]
E:\vs\Projects\PlatformIndependentNuGetPackages\SunamoHtml\SunamoHtml\_sunamo\SunamoStringReplace\SHReplace.cs(38,16): warning CA1307: 'string.Contains(string)' has a method overload that takes a 'StringComparison' parameter. Replace this call in 'SunamoHtml._sunamo.SunamoStringReplace.SHReplace.ReplaceAllDoubleSpaceToSingle(string, bool)' with a call to 'string.Contains(string, System.StringComparison)' for clarity of intent. (https://learn.microsoft.com/dotnet/fundamentals/code-analysis/quality-rules/ca1307) [E:\vs\Projects\PlatformIndependentNuGetPackages\SunamoHtml\SunamoHtml\SunamoHtml.csproj::TargetFramework=net8.0]
E:\vs\Projects\PlatformIndependentNuGetPackages\SunamoHtml\SunamoHtml\_sunamo\SunamoStringReplace\SHReplace.cs(39,20): warning CA1307: 'string.Replace(string, string?)' has a method overload that takes a 'StringComparison' parameter. Replace this call in 'SunamoHtml._sunamo.SunamoStringReplace.SHReplace.ReplaceAllDoubleSpaceToSingle(string, bool)' with a call to 'string.Replace(string, string?, System.StringComparison)' for clarity of intent. (https://learn.microsoft.com/dotnet/fundamentals/code-analysis/quality-rules/ca1307) [E:\vs\Projects\PlatformIndependentNuGetPackages\SunamoHtml\SunamoHtml\SunamoHtml.csproj::TargetFramework=net8.0]
E:\vs\Projects\PlatformIndependentNuGetPackages\SunamoHtml\SunamoHtml\Html\HtmlHelperText.cs(190,32): warning CA1002: Change 'List<string>' in 'HtmlHelperText.GetAllTags(string)' to use 'Collection<T>', 'ReadOnlyCollection<T>' or 'KeyedCollection<K,V>' (https://learn.microsoft.com/dotnet/fundamentals/code-analysis/quality-rules/ca1002) [E:\vs\Projects\PlatformIndependentNuGetPackages\SunamoHtml\SunamoHtml\SunamoHtml.csproj::TargetFramework=net8.0]
E:\vs\Projects\PlatformIndependentNuGetPackages\SunamoHtml\SunamoHtml\_sunamo\SunamoUri\UH.cs(10,14): warning CA1310: The behavior of 'string.StartsWith(string)' could vary based on the current user's locale settings. Replace this call in 'SunamoHtml._sunamo.SunamoUri.UH.AppendHttpIfNotExists(string)' with a call to 'string.StartsWith(string, System.StringComparison)'. (https://learn.microsoft.com/dotnet/fundamentals/code-analysis/quality-rules/ca1310) [E:\vs\Projects\PlatformIndependentNuGetPackages\SunamoHtml\SunamoHtml\SunamoHtml.csproj::TargetFramework=net8.0]
E:\vs\Projects\PlatformIndependentNuGetPackages\SunamoHtml\SunamoHtml\_sunamo\SunamoExceptions\Exceptions.cs(26,22): warning CA1310: The behavior of 'string.StartsWith(string)' could vary based on the current user's locale settings. Replace this call in 'SunamoHtml._sunamo.SunamoExceptions.Exceptions.PlaceOfException(bool)' with a call to 'string.StartsWith(string, System.StringComparison)'. (https://learn.microsoft.com/dotnet/fundamentals/code-analysis/quality-rules/ca1310) [E:\vs\Projects\PlatformIndependentNuGetPackages\SunamoHtml\SunamoHtml\SunamoHtml.csproj::TargetFramework=net8.0]
E:\vs\Projects\PlatformIndependentNuGetPackages\SunamoHtml\SunamoHtml\_sunamo\SunamoValues\Values\AllLists1.cs(6,12): warning CA1810: Initialize all static fields in 'AllLists' when those fields are declared and remove the explicit static constructor (https://learn.microsoft.com/dotnet/fundamentals/code-analysis/quality-rules/ca1810) [E:\vs\Projects\PlatformIndependentNuGetPackages\SunamoHtml\SunamoHtml\SunamoHtml.csproj::TargetFramework=net8.0]
E:\vs\Projects\PlatformIndependentNuGetPackages\SunamoHtml\SunamoHtml\_sunamo\SunamoExceptions\Exceptions.cs(31,17): warning CA1310: The behavior of 'string.StartsWith(string)' could vary based on the current user's locale settings. Replace this call in 'SunamoHtml._sunamo.SunamoExceptions.Exceptions.PlaceOfException(bool)' with a call to 'string.StartsWith(string, System.StringComparison)'. (https://learn.microsoft.com/dotnet/fundamentals/code-analysis/quality-rules/ca1310) [E:\vs\Projects\PlatformIndependentNuGetPackages\SunamoHtml\SunamoHtml\SunamoHtml.csproj::TargetFramework=net8.0]
E:\vs\Projects\PlatformIndependentNuGetPackages\SunamoHtml\SunamoHtml\Html\HtmlHelperShared.cs(225,125): warning CA1002: Change 'List<string>' in 'HtmlHelper.HighlightingWords(string, int, int, List<string>)' to use 'Collection<T>', 'ReadOnlyCollection<T>' or 'KeyedCollection<K,V>' (https://learn.microsoft.com/dotnet/fundamentals/code-analysis/quality-rules/ca1002) [E:\vs\Projects\PlatformIndependentNuGetPackages\SunamoHtml\SunamoHtml\SunamoHtml.csproj::TargetFramework=net8.0]
E:\vs\Projects\PlatformIndependentNuGetPackages\SunamoHtml\SunamoHtml\Html\HtmlHelperShared.cs(228,49): warning CA1311: Specify a culture or use an invariant version to avoid implicit dependency on current culture (https://learn.microsoft.com/dotnet/fundamentals/code-analysis/quality-rules/ca1311) [E:\vs\Projects\PlatformIndependentNuGetPackages\SunamoHtml\SunamoHtml\SunamoHtml.csproj::TargetFramework=net8.0]
E:\vs\Projects\PlatformIndependentNuGetPackages\SunamoHtml\SunamoHtml\Html\HtmlHelperShared.cs(291,42): warning CA1311: Specify a culture or use an invariant version to avoid implicit dependency on current culture (https://learn.microsoft.com/dotnet/fundamentals/code-analysis/quality-rules/ca1311) [E:\vs\Projects\PlatformIndependentNuGetPackages\SunamoHtml\SunamoHtml\SunamoHtml.csproj::TargetFramework=net8.0]
E:\vs\Projects\PlatformIndependentNuGetPackages\SunamoHtml\SunamoHtml\Html\HtmlHelperShared.cs(228,32): warning CA1304: The behavior of 'string.ToLower()' could vary based on the current user's locale settings. Replace this call in 'HtmlHelper.HighlightingWords(string, int, int, List<string>)' with a call to 'string.ToLower(CultureInfo)'. (https://learn.microsoft.com/dotnet/fundamentals/code-analysis/quality-rules/ca1304) [E:\vs\Projects\PlatformIndependentNuGetPackages\SunamoHtml\SunamoHtml\SunamoHtml.csproj::TargetFramework=net8.0]
E:\vs\Projects\PlatformIndependentNuGetPackages\SunamoHtml\SunamoHtml\Html\HtmlHelperShared.cs(291,37): warning CA1304: The behavior of 'string.ToLower()' could vary based on the current user's locale settings. Replace this call in 'HtmlHelper.HighlightingWords(string, int, int, List<string>)' with a call to 'string.ToLower(CultureInfo)'. (https://learn.microsoft.com/dotnet/fundamentals/code-analysis/quality-rules/ca1304) [E:\vs\Projects\PlatformIndependentNuGetPackages\SunamoHtml\SunamoHtml\SunamoHtml.csproj::TargetFramework=net8.0]
E:\vs\Projects\PlatformIndependentNuGetPackages\SunamoHtml\SunamoHtml\Html\HtmlHelperText.cs(160,13): warning CA1062: In externally visible method 'Tuple<string, string> HtmlHelperText.GetTextBetweenTags(string html, string scriptS, string scriptE, bool isThrowExceptionIfNotContains = true)', validate parameter 'scriptS' is non-null before using it. If appropriate, throw an 'ArgumentNullException' when the argument is 'null'. (https://learn.microsoft.com/dotnet/fundamentals/code-analysis/quality-rules/ca1062) [E:\vs\Projects\PlatformIndependentNuGetPackages\SunamoHtml\SunamoHtml\SunamoHtml.csproj::TargetFramework=net8.0]
E:\vs\Projects\PlatformIndependentNuGetPackages\SunamoHtml\SunamoHtml\Html\HtmlHelperText.cs(163,18): warning CA1062: In externally visible method 'Tuple<string, string> HtmlHelperText.GetTextBetweenTags(string html, string scriptS, string scriptE, bool isThrowExceptionIfNotContains = true)', validate parameter 'html' is non-null before using it. If appropriate, throw an 'ArgumentNullException' when the argument is 'null'. (https://learn.microsoft.com/dotnet/fundamentals/code-analysis/quality-rules/ca1062) [E:\vs\Projects\PlatformIndependentNuGetPackages\SunamoHtml\SunamoHtml\SunamoHtml.csproj::TargetFramework=net8.0]
E:\vs\Projects\PlatformIndependentNuGetPackages\SunamoHtml\SunamoHtml\_sunamo\SunamoValues\Constants\HtmlStartingTags.cs(11,25): warning CA1823: Unused field 'Type' (https://learn.microsoft.com/dotnet/fundamentals/code-analysis/quality-rules/ca1823) [E:\vs\Projects\PlatformIndependentNuGetPackages\SunamoHtml\SunamoHtml\SunamoHtml.csproj::TargetFramework=net8.0]
E:\vs\Projects\PlatformIndependentNuGetPackages\SunamoHtml\SunamoHtml\_sunamo\SunamoStringReplace\SHReplace.cs(62,53): warning CA1307: 'string.Replace(string, string?)' has a method overload that takes a 'StringComparison' parameter. Replace this call in 'SunamoHtml._sunamo.SunamoStringReplace.SHReplace.ReplaceAll(string, string, params string[])' with a call to 'string.Replace(string, string?, System.StringComparison)' for clarity of intent. (https://learn.microsoft.com/dotnet/fundamentals/code-analysis/quality-rules/ca1307) [E:\vs\Projects\PlatformIndependentNuGetPackages\SunamoHtml\SunamoHtml\SunamoHtml.csproj::TargetFramework=net8.0]
E:\vs\Projects\PlatformIndependentNuGetPackages\SunamoHtml\SunamoHtml\_sunamo\SunamoStringSplit\SHSplit.cs(31,21): warning CA1820: Test for empty strings using 'string.Length' property or 'string.IsNullOrEmpty' method instead of an Equality check (https://learn.microsoft.com/dotnet/fundamentals/code-analysis/quality-rules/ca1820) [E:\vs\Projects\PlatformIndependentNuGetPackages\SunamoHtml\SunamoHtml\SunamoHtml.csproj::TargetFramework=net8.0]
E:\vs\Projects\PlatformIndependentNuGetPackages\SunamoHtml\SunamoHtml\Html\HtmlHelperText.cs(227,62): warning CA1002: Change 'List<string>' in 'HtmlHelperText.ContainsTag(string, List<string>)' to use 'Collection<T>', 'ReadOnlyCollection<T>' or 'KeyedCollection<K,V>' (https://learn.microsoft.com/dotnet/fundamentals/code-analysis/quality-rules/ca1002) [E:\vs\Projects\PlatformIndependentNuGetPackages\SunamoHtml\SunamoHtml\SunamoHtml.csproj::TargetFramework=net8.0]
E:\vs\Projects\PlatformIndependentNuGetPackages\SunamoHtml\SunamoHtml\_sunamo\SunamoValues\Constants\HtmlEndingTags.cs(11,25): warning CA1823: Unused field 'Type' (https://learn.microsoft.com/dotnet/fundamentals/code-analysis/quality-rules/ca1823) [E:\vs\Projects\PlatformIndependentNuGetPackages\SunamoHtml\SunamoHtml\SunamoHtml.csproj::TargetFramework=net8.0]
E:\vs\Projects\PlatformIndependentNuGetPackages\SunamoHtml\SunamoHtml\Html\HtmlHelperText.cs(230,17): warning CA1307: 'string.Contains(string)' has a method overload that takes a 'StringComparison' parameter. Replace this call in 'SunamoHtml.Html.HtmlHelperText.ContainsTag(string, System.Collections.Generic.List<string>)' with a call to 'string.Contains(string, System.StringComparison)' for clarity of intent. (https://learn.microsoft.com/dotnet/fundamentals/code-analysis/quality-rules/ca1307) [E:\vs\Projects\PlatformIndependentNuGetPackages\SunamoHtml\SunamoHtml\SunamoHtml.csproj::TargetFramework=net8.0]
E:\vs\Projects\PlatformIndependentNuGetPackages\SunamoHtml\SunamoHtml\Html\HtmlHelperText.cs(245,54): warning CA1311: Specify a culture or use an invariant version to avoid implicit dependency on current culture (https://learn.microsoft.com/dotnet/fundamentals/code-analysis/quality-rules/ca1311) [E:\vs\Projects\PlatformIndependentNuGetPackages\SunamoHtml\SunamoHtml\SunamoHtml.csproj::TargetFramework=net8.0]
E:\vs\Projects\PlatformIndependentNuGetPackages\SunamoHtml\SunamoHtml\Html\HtmlHelperText.cs(245,15): warning CA1304: The behavior of 'string.ToLower()' could vary based on the current user's locale settings. Replace this call in 'HtmlHelperText.GetSyntax(ref string)' with a call to 'string.ToLower(CultureInfo)'. (https://learn.microsoft.com/dotnet/fundamentals/code-analysis/quality-rules/ca1304) [E:\vs\Projects\PlatformIndependentNuGetPackages\SunamoHtml\SunamoHtml\SunamoHtml.csproj::TargetFramework=net8.0]
E:\vs\Projects\PlatformIndependentNuGetPackages\SunamoHtml\SunamoHtml\Html\HtmlHelperText.cs(229,30): warning CA1062: In externally visible method 'bool HtmlHelperText.ContainsTag(string text, List<string> allHtmlTagsWithLeftArrow)', validate parameter 'allHtmlTagsWithLeftArrow' is non-null before using it. If appropriate, throw an 'ArgumentNullException' when the argument is 'null'. (https://learn.microsoft.com/dotnet/fundamentals/code-analysis/quality-rules/ca1062) [E:\vs\Projects\PlatformIndependentNuGetPackages\SunamoHtml\SunamoHtml\SunamoHtml.csproj::TargetFramework=net8.0]
E:\vs\Projects\PlatformIndependentNuGetPackages\SunamoHtml\SunamoHtml\Html\HtmlHelperText.cs(230,17): warning CA1062: In externally visible method 'bool HtmlHelperText.ContainsTag(string text, List<string> allHtmlTagsWithLeftArrow)', validate parameter 'text' is non-null before using it. If appropriate, throw an 'ArgumentNullException' when the argument is 'null'. (https://learn.microsoft.com/dotnet/fundamentals/code-analysis/quality-rules/ca1062) [E:\vs\Projects\PlatformIndependentNuGetPackages\SunamoHtml\SunamoHtml\SunamoHtml.csproj::TargetFramework=net8.0]
E:\vs\Projects\PlatformIndependentNuGetPackages\SunamoHtml\SunamoHtml\Html\HtmlHelperText.cs(274,32): warning CA1002: Change 'List<string>' in 'HtmlHelperText.SplitBySpaceAndLtGt(string)' to use 'Collection<T>', 'ReadOnlyCollection<T>' or 'KeyedCollection<K,V>' (https://learn.microsoft.com/dotnet/fundamentals/code-analysis/quality-rules/ca1002) [E:\vs\Projects\PlatformIndependentNuGetPackages\SunamoHtml\SunamoHtml\SunamoHtml.csproj::TargetFramework=net8.0]
E:\vs\Projects\PlatformIndependentNuGetPackages\SunamoHtml\SunamoHtml\Html\HtmlHelperText.cs(276,31): warning CA1062: In externally visible method 'List<string> HtmlHelperText.SplitBySpaceAndLtGt(string shortDescription)', validate parameter 'shortDescription' is non-null before using it. If appropriate, throw an 'ArgumentNullException' when the argument is 'null'. (https://learn.microsoft.com/dotnet/fundamentals/code-analysis/quality-rules/ca1062) [E:\vs\Projects\PlatformIndependentNuGetPackages\SunamoHtml\SunamoHtml\SunamoHtml.csproj::TargetFramework=net8.0]
E:\vs\Projects\PlatformIndependentNuGetPackages\SunamoHtml\SunamoHtml\Html\HtmlHelperText.cs(287,16): warning CA1062: In externally visible method 'bool HtmlHelperText.IsHtmlEntity(string text)', validate parameter 'text' is non-null before using it. If appropriate, throw an 'ArgumentNullException' when the argument is 'null'. (https://learn.microsoft.com/dotnet/fundamentals/code-analysis/quality-rules/ca1062) [E:\vs\Projects\PlatformIndependentNuGetPackages\SunamoHtml\SunamoHtml\SunamoHtml.csproj::TargetFramework=net8.0]
E:\vs\Projects\PlatformIndependentNuGetPackages\SunamoHtml\SunamoHtml\Html\HtmlHelperText.cs(244,29): warning CA1062: In externally visible method 'HtmlTagSyntax HtmlHelperText.GetSyntax(ref string tag)', validate parameter 'tag' is non-null before using it. If appropriate, throw an 'ArgumentNullException' when the argument is 'null'. (https://learn.microsoft.com/dotnet/fundamentals/code-analysis/quality-rules/ca1062) [E:\vs\Projects\PlatformIndependentNuGetPackages\SunamoHtml\SunamoHtml\SunamoHtml.csproj::TargetFramework=net8.0]
E:\vs\Projects\PlatformIndependentNuGetPackages\SunamoHtml\SunamoHtml\_sunamo\SunamoCollectionsChangeContent\CAChangeContent.cs(52,25): warning CA1820: Test for empty strings using 'string.Length' property or 'string.IsNullOrEmpty' method instead of an Equality check (https://learn.microsoft.com/dotnet/fundamentals/code-analysis/quality-rules/ca1820) [E:\vs\Projects\PlatformIndependentNuGetPackages\SunamoHtml\SunamoHtml\SunamoHtml.csproj::TargetFramework=net8.0]
E:\vs\Projects\PlatformIndependentNuGetPackages\SunamoHtml\SunamoHtml\Html\HtmlTableParser.cs(28,13): warning CA1062: In externally visible method 'HtmlTableParser.HtmlTableParser(HtmlNode html, bool isIgnoreFirstRow)', validate parameter 'html' is non-null before using it. If appropriate, throw an 'ArgumentNullException' when the argument is 'null'. (https://learn.microsoft.com/dotnet/fundamentals/code-analysis/quality-rules/ca1062) [E:\vs\Projects\PlatformIndependentNuGetPackages\SunamoHtml\SunamoHtml\SunamoHtml.csproj::TargetFramework=net8.0]
E:\vs\Projects\PlatformIndependentNuGetPackages\SunamoHtml\SunamoHtml\Html\HtmlHelperText.cs(297,32): warning CA1002: Change 'List<string>' in 'HtmlHelperText.GetContentOfTags(string, string)' to use 'Collection<T>', 'ReadOnlyCollection<T>' or 'KeyedCollection<K,V>' (https://learn.microsoft.com/dotnet/fundamentals/code-analysis/quality-rules/ca1002) [E:\vs\Projects\PlatformIndependentNuGetPackages\SunamoHtml\SunamoHtml\SunamoHtml.csproj::TargetFramework=net8.0]
E:\vs\Projects\PlatformIndependentNuGetPackages\SunamoHtml\SunamoHtml\_sunamo\SunamoExceptions\ThrowEx.cs(72,23): warning CA2201: Exception type System.Exception is not sufficiently specific (https://learn.microsoft.com/dotnet/fundamentals/code-analysis/quality-rules/ca2201) [E:\vs\Projects\PlatformIndependentNuGetPackages\SunamoHtml\SunamoHtml\SunamoHtml.csproj::TargetFramework=net8.0]
E:\vs\Projects\PlatformIndependentNuGetPackages\SunamoHtml\SunamoHtml\Html\HtmlHelperText.cs(312,27): warning CA2201: Exception type System.Exception is not sufficiently specific (https://learn.microsoft.com/dotnet/fundamentals/code-analysis/quality-rules/ca2201) [E:\vs\Projects\PlatformIndependentNuGetPackages\SunamoHtml\SunamoHtml\SunamoHtml.csproj::TargetFramework=net8.0]
E:\vs\Projects\PlatformIndependentNuGetPackages\SunamoHtml\SunamoHtml\Html\HtmlHelperText.cs(302,19): warning CA1310: The behavior of 'string.IndexOf(string)' could vary based on the current user's locale settings. Replace this call in 'SunamoHtml.Html.HtmlHelperText.GetContentOfTags(string, string)' with a call to 'string.IndexOf(string, System.StringComparison)'. (https://learn.microsoft.com/dotnet/fundamentals/code-analysis/quality-rules/ca1310) [E:\vs\Projects\PlatformIndependentNuGetPackages\SunamoHtml\SunamoHtml\SunamoHtml.csproj::TargetFramework=net8.0]
E:\vs\Projects\PlatformIndependentNuGetPackages\SunamoHtml\SunamoHtml\Html\HtmlHelperText.cs(307,24): warning CA1310: The behavior of 'string.IndexOf(string, int)' could vary based on the current user's locale settings. Replace this call in 'SunamoHtml.Html.HtmlHelperText.GetContentOfTags(string, string)' with a call to 'string.IndexOf(string, int, System.StringComparison)'. (https://learn.microsoft.com/dotnet/fundamentals/code-analysis/quality-rules/ca1310) [E:\vs\Projects\PlatformIndependentNuGetPackages\SunamoHtml\SunamoHtml\SunamoHtml.csproj::TargetFramework=net8.0]
E:\vs\Projects\PlatformIndependentNuGetPackages\SunamoHtml\SunamoHtml\Html\HtmlHelperText.cs(308,26): warning CA1310: The behavior of 'string.IndexOf(string, int)' could vary based on the current user's locale settings. Replace this call in 'SunamoHtml.Html.HtmlHelperText.GetContentOfTags(string, string)' with a call to 'string.IndexOf(string, int, System.StringComparison)'. (https://learn.microsoft.com/dotnet/fundamentals/code-analysis/quality-rules/ca1310) [E:\vs\Projects\PlatformIndependentNuGetPackages\SunamoHtml\SunamoHtml\SunamoHtml.csproj::TargetFramework=net8.0]
E:\vs\Projects\PlatformIndependentNuGetPackages\SunamoHtml\SunamoHtml\Html\HtmlHelperText.cs(316,19): warning CA1310: The behavior of 'string.IndexOf(string, int)' could vary based on the current user's locale settings. Replace this call in 'SunamoHtml.Html.HtmlHelperText.GetContentOfTags(string, string)' with a call to 'string.IndexOf(string, int, System.StringComparison)'. (https://learn.microsoft.com/dotnet/fundamentals/code-analysis/quality-rules/ca1310) [E:\vs\Projects\PlatformIndependentNuGetPackages\SunamoHtml\SunamoHtml\SunamoHtml.csproj::TargetFramework=net8.0]
E:\vs\Projects\PlatformIndependentNuGetPackages\SunamoHtml\SunamoHtml\_sunamo\SunamoExceptions\Exceptions.cs(44,36): warning CA1861: Prefer 'static readonly' fields over constant array arguments if the called method is called repeatedly and is not mutating the passed array (https://learn.microsoft.com/dotnet/fundamentals/code-analysis/quality-rules/ca1861) [E:\vs\Projects\PlatformIndependentNuGetPackages\SunamoHtml\SunamoHtml\SunamoHtml.csproj::TargetFramework=net8.0]
E:\vs\Projects\PlatformIndependentNuGetPackages\SunamoHtml\SunamoHtml\_sunamo\SunamoString\SH.cs(53,39): warning CA1311: Specify a culture or use an invariant version to avoid implicit dependency on current culture (https://learn.microsoft.com/dotnet/fundamentals/code-analysis/quality-rules/ca1311) [E:\vs\Projects\PlatformIndependentNuGetPackages\SunamoHtml\SunamoHtml\SunamoHtml.csproj::TargetFramework=net8.0]
E:\vs\Projects\PlatformIndependentNuGetPackages\SunamoHtml\SunamoHtml\Html\HtmlHelperText.cs(264,38): warning CA1062: In externally visible method 'string HtmlHelperText.TrimInnerOfEncodedHtml(string value)', validate parameter 'value' is non-null before using it. If appropriate, throw an 'ArgumentNullException' when the argument is 'null'. (https://learn.microsoft.com/dotnet/fundamentals/code-analysis/quality-rules/ca1062) [E:\vs\Projects\PlatformIndependentNuGetPackages\SunamoHtml\SunamoHtml\SunamoHtml.csproj::TargetFramework=net8.0]
E:\vs\Projects\PlatformIndependentNuGetPackages\SunamoHtml\SunamoHtml\Html\HtmlHelperText.cs(302,19): warning CA1062: In externally visible method 'List<string> HtmlHelperText.GetContentOfTags(string text, string tagName)', validate parameter 'text' is non-null before using it. If appropriate, throw an 'ArgumentNullException' when the argument is 'null'. (https://learn.microsoft.com/dotnet/fundamentals/code-analysis/quality-rules/ca1062) [E:\vs\Projects\PlatformIndependentNuGetPackages\SunamoHtml\SunamoHtml\SunamoHtml.csproj::TargetFramework=net8.0]
E:\vs\Projects\PlatformIndependentNuGetPackages\SunamoHtml\SunamoHtml\Html\HtmlHelperSunamoCz.cs(18,16): warning CA1307: 'string.Replace(string, string?)' has a method overload that takes a 'StringComparison' parameter. Replace this call in 'SunamoHtml.Html.HtmlHelperSunamoCz.ConvertTextToHtmlWithAnchors(string, ref string)' with a call to 'string.Replace(string, string?, System.StringComparison)' for clarity of intent. (https://learn.microsoft.com/dotnet/fundamentals/code-analysis/quality-rules/ca1307) [E:\vs\Projects\PlatformIndependentNuGetPackages\SunamoHtml\SunamoHtml\SunamoHtml.csproj::TargetFramework=net8.0]
E:\vs\Projects\PlatformIndependentNuGetPackages\SunamoHtml\SunamoHtml\Html\HtmlHelperSunamoCz.cs(22,16): warning CA1307: 'string.Replace(string, string?)' has a method overload that takes a 'StringComparison' parameter. Replace this call in 'SunamoHtml.Html.HtmlHelperSunamoCz.ConvertTextToHtmlWithAnchors(string, ref string)' with a call to 'string.Replace(string, string?, System.StringComparison)' for clarity of intent. (https://learn.microsoft.com/dotnet/fundamentals/code-analysis/quality-rules/ca1307) [E:\vs\Projects\PlatformIndependentNuGetPackages\SunamoHtml\SunamoHtml\SunamoHtml.csproj::TargetFramework=net8.0]
E:\vs\Projects\PlatformIndependentNuGetPackages\SunamoHtml\SunamoHtml\Html\HtmlHelperSunamoCz.cs(29,17): warning CA1310: The behavior of 'string.StartsWith(string)' could vary based on the current user's locale settings. Replace this call in 'SunamoHtml.Html.HtmlHelperSunamoCz.ConvertTextToHtmlWithAnchors(string, ref string)' with a call to 'string.StartsWith(string, System.StringComparison)'. (https://learn.microsoft.com/dotnet/fundamentals/code-analysis/quality-rules/ca1310) [E:\vs\Projects\PlatformIndependentNuGetPackages\SunamoHtml\SunamoHtml\SunamoHtml.csproj::TargetFramework=net8.0]
E:\vs\Projects\PlatformIndependentNuGetPackages\SunamoHtml\SunamoHtml\Html\HtmlHelperSunamoCz.cs(29,48): warning CA1310: The behavior of 'string.StartsWith(string)' could vary based on the current user's locale settings. Replace this call in 'SunamoHtml.Html.HtmlHelperSunamoCz.ConvertTextToHtmlWithAnchors(string, ref string)' with a call to 'string.StartsWith(string, System.StringComparison)'. (https://learn.microsoft.com/dotnet/fundamentals/code-analysis/quality-rules/ca1310) [E:\vs\Projects\PlatformIndependentNuGetPackages\SunamoHtml\SunamoHtml\SunamoHtml.csproj::TargetFramework=net8.0]
E:\vs\Projects\PlatformIndependentNuGetPackages\SunamoHtml\SunamoHtml\Html\HtmlHelperSunamoCz.cs(29,79): warning CA1310: The behavior of 'string.StartsWith(string)' could vary based on the current user's locale settings. Replace this call in 'SunamoHtml.Html.HtmlHelperSunamoCz.ConvertTextToHtmlWithAnchors(string, ref string)' with a call to 'string.StartsWith(string, System.StringComparison)'. (https://learn.microsoft.com/dotnet/fundamentals/code-analysis/quality-rules/ca1310) [E:\vs\Projects\PlatformIndependentNuGetPackages\SunamoHtml\SunamoHtml\SunamoHtml.csproj::TargetFramework=net8.0]
E:\vs\Projects\PlatformIndependentNuGetPackages\SunamoHtml\SunamoHtml\_sunamo\SunamoString\SH.cs(53,25): warning CA1304: The behavior of 'string.ToLower()' could vary based on the current user's locale settings. Replace this call in 'SH.ReturnOccurencesOfStringFromToWord(string, params string[])' with a call to 'string.ToLower(CultureInfo)'. (https://learn.microsoft.com/dotnet/fundamentals/code-analysis/quality-rules/ca1304) [E:\vs\Projects\PlatformIndependentNuGetPackages\SunamoHtml\SunamoHtml\SunamoHtml.csproj::TargetFramework=net8.0]
E:\vs\Projects\PlatformIndependentNuGetPackages\SunamoHtml\SunamoHtml\_sunamo\SunamoString\SH.cs(105,30): warning CA1307: 'string.IndexOf(char)' has a method overload that takes a 'StringComparison' parameter. Replace this call in 'SunamoHtml._sunamo.SunamoString.SH.GetFirstPartByLocation(string, char)' with a call to 'string.IndexOf(char, System.StringComparison)' for clarity of intent. (https://learn.microsoft.com/dotnet/fundamentals/code-analysis/quality-rules/ca1307) [E:\vs\Projects\PlatformIndependentNuGetPackages\SunamoHtml\SunamoHtml\SunamoHtml.csproj::TargetFramework=net8.0]
E:\vs\Projects\PlatformIndependentNuGetPackages\SunamoHtml\SunamoHtml\Html\HtmlHelperText.cs(339,57): warning CA1002: Change 'List<string>' in 'HtmlHelperText.ConvertTextToHtml(List<string>)' to use 'Collection<T>', 'ReadOnlyCollection<T>' or 'KeyedCollection<K,V>' (https://learn.microsoft.com/dotnet/fundamentals/code-analysis/quality-rules/ca1002) [E:\vs\Projects\PlatformIndependentNuGetPackages\SunamoHtml\SunamoHtml\SunamoHtml.csproj::TargetFramework=net8.0]
E:\vs\Projects\PlatformIndependentNuGetPackages\SunamoHtml\SunamoHtml\Html\HtmlHelperText.cs(348,18): warning CA1307: 'string.Replace(string, string?)' has a method overload that takes a 'StringComparison' parameter. Replace this call in 'SunamoHtml.Html.HtmlHelperText.ConvertTextToHtml(System.Collections.Generic.List<string>)' with a call to 'string.Replace(string, string?, System.StringComparison)' for clarity of intent. (https://learn.microsoft.com/dotnet/fundamentals/code-analysis/quality-rules/ca1307) [E:\vs\Projects\PlatformIndependentNuGetPackages\SunamoHtml\SunamoHtml\SunamoHtml.csproj::TargetFramework=net8.0]
E:\vs\Projects\PlatformIndependentNuGetPackages\SunamoHtml\SunamoHtml\Html\HtmlHelperText.cs(374,31): warning CA1866: Use 'string.StartsWith(char)' instead of 'string.StartsWith(string)' when you have a string with a single char (https://learn.microsoft.com/dotnet/fundamentals/code-analysis/quality-rules/ca1866) [E:\vs\Projects\PlatformIndependentNuGetPackages\SunamoHtml\SunamoHtml\SunamoHtml.csproj::TargetFramework=net8.0]
E:\vs\Projects\PlatformIndependentNuGetPackages\SunamoHtml\SunamoHtml\Html\HtmlHelperText.cs(370,41): warning CA1311: Specify a culture or use an invariant version to avoid implicit dependency on current culture (https://learn.microsoft.com/dotnet/fundamentals/code-analysis/quality-rules/ca1311) [E:\vs\Projects\PlatformIndependentNuGetPackages\SunamoHtml\SunamoHtml\SunamoHtml.csproj::TargetFramework=net8.0]
E:\vs\Projects\PlatformIndependentNuGetPackages\SunamoHtml\SunamoHtml\Html\HtmlHelperShared1.cs(54,13): warning CA1062: In externally visible method 'HtmlNode HtmlHelper.TrimNode(HtmlNode htmlNode)', validate parameter 'htmlNode' is non-null before using it. If appropriate, throw an 'ArgumentNullException' when the argument is 'null'. (https://learn.microsoft.com/dotnet/fundamentals/code-analysis/quality-rules/ca1062) [E:\vs\Projects\PlatformIndependentNuGetPackages\SunamoHtml\SunamoHtml\SunamoHtml.csproj::TargetFramework=net8.0]
E:\vs\Projects\PlatformIndependentNuGetPackages\SunamoHtml\SunamoHtml\_sunamo\SunamoExceptions\Exceptions.cs(93,18): warning CA1307: 'string.Contains(string)' has a method overload that takes a 'StringComparison' parameter. Replace this call in 'SunamoHtml._sunamo.SunamoExceptions.Exceptions.NotContains(string, string, params string[])' with a call to 'string.Contains(string, System.StringComparison)' for clarity of intent. (https://learn.microsoft.com/dotnet/fundamentals/code-analysis/quality-rules/ca1307) [E:\vs\Projects\PlatformIndependentNuGetPackages\SunamoHtml\SunamoHtml\SunamoHtml.csproj::TargetFramework=net8.0]
E:\vs\Projects\PlatformIndependentNuGetPackages\SunamoHtml\SunamoHtml\Html\HtmlHelperText.cs(370,23): warning CA1304: The behavior of 'string.ToLower()' could vary based on the current user's locale settings. Replace this call in 'HtmlHelperText.AddIntoParagraph(string)' with a call to 'string.ToLower(CultureInfo)'. (https://learn.microsoft.com/dotnet/fundamentals/code-analysis/quality-rules/ca1304) [E:\vs\Projects\PlatformIndependentNuGetPackages\SunamoHtml\SunamoHtml\SunamoHtml.csproj::TargetFramework=net8.0]
E:\vs\Projects\PlatformIndependentNuGetPackages\SunamoHtml\SunamoHtml\Html\HtmlHelperText.cs(362,13): warning CA1307: 'string.Contains(string)' has a method overload that takes a 'StringComparison' parameter. Replace this call in 'SunamoHtml.Html.HtmlHelperText.AddIntoParagraph(string)' with a call to 'string.Contains(string, System.StringComparison)' for clarity of intent. (https://learn.microsoft.com/dotnet/fundamentals/code-analysis/quality-rules/ca1307) [E:\vs\Projects\PlatformIndependentNuGetPackages\SunamoHtml\SunamoHtml\SunamoHtml.csproj::TargetFramework=net8.0]
E:\vs\Projects\PlatformIndependentNuGetPackages\SunamoHtml\SunamoHtml\Html\HtmlHelperText.cs(365,20): warning CA1307: 'string.Replace(string, string?)' has a method overload that takes a 'StringComparison' parameter. Replace this call in 'SunamoHtml.Html.HtmlHelperText.AddIntoParagraph(string)' with a call to 'string.Replace(string, string?, System.StringComparison)' for clarity of intent. (https://learn.microsoft.com/dotnet/fundamentals/code-analysis/quality-rules/ca1307) [E:\vs\Projects\PlatformIndependentNuGetPackages\SunamoHtml\SunamoHtml\SunamoHtml.csproj::TargetFramework=net8.0]
E:\vs\Projects\PlatformIndependentNuGetPackages\SunamoHtml\SunamoHtml\Html\HtmlHelperText.cs(374,17): warning CA1310: The behavior of 'string.StartsWith(string)' could vary based on the current user's locale settings. Replace this call in 'SunamoHtml.Html.HtmlHelperText.AddIntoParagraph(string)' with a call to 'string.StartsWith(string, System.StringComparison)'. (https://learn.microsoft.com/dotnet/fundamentals/code-analysis/quality-rules/ca1310) [E:\vs\Projects\PlatformIndependentNuGetPackages\SunamoHtml\SunamoHtml\SunamoHtml.csproj::TargetFramework=net8.0]
E:\vs\Projects\PlatformIndependentNuGetPackages\SunamoHtml\SunamoHtml\Html\HtmlHelperText.cs(391,30): warning CA1847: Use 'string.Contains(char)' instead of 'string.Contains(string)' when searching for a single character (https://learn.microsoft.com/dotnet/fundamentals/code-analysis/quality-rules/ca1847) [E:\vs\Projects\PlatformIndependentNuGetPackages\SunamoHtml\SunamoHtml\SunamoHtml.csproj::TargetFramework=net8.0]
E:\vs\Projects\PlatformIndependentNuGetPackages\SunamoHtml\SunamoHtml\Html\HtmlAssistant.cs(265,20): warning CA1308: In method 'RemoveAllAttrs', replace the call to 'ToLowerInvariant' with 'ToUpperInvariant' (https://learn.microsoft.com/dotnet/fundamentals/code-analysis/quality-rules/ca1308) [E:\vs\Projects\PlatformIndependentNuGetPackages\SunamoHtml\SunamoHtml\SunamoHtml.csproj::TargetFramework=net8.0]
E:\vs\Projects\PlatformIndependentNuGetPackages\SunamoHtml\SunamoHtml\_public\SunamoXml\Generators\XmlGeneratorHtml.cs(286,29): warning CA1829: Use the "Length" property instead of Enumerable.Count() (https://learn.microsoft.com/dotnet/fundamentals/code-analysis/quality-rules/ca1829) [E:\vs\Projects\PlatformIndependentNuGetPackages\SunamoHtml\SunamoHtml\SunamoHtml.csproj::TargetFramework=net8.0]
E:\vs\Projects\PlatformIndependentNuGetPackages\SunamoHtml\SunamoHtml\Html\HtmlHelperText.cs(391,13): warning CA1307: 'string.Contains(string)' has a method overload that takes a 'StringComparison' parameter. Replace this call in 'SunamoHtml.Html.HtmlHelperText.GetFirstTag(string)' with a call to 'string.Contains(string, System.StringComparison)' for clarity of intent. (https://learn.microsoft.com/dotnet/fundamentals/code-analysis/quality-rules/ca1307) [E:\vs\Projects\PlatformIndependentNuGetPackages\SunamoHtml\SunamoHtml\SunamoHtml.csproj::TargetFramework=net8.0]
E:\vs\Projects\PlatformIndependentNuGetPackages\SunamoHtml\SunamoHtml\Html\HtmlHelperShared1.cs(72,34): warning CA1002: Change 'List<HtmlNode>' in 'HtmlHelper.ReturnTagsRek(HtmlNode, string)' to use 'Collection<T>', 'ReadOnlyCollection<T>' or 'KeyedCollection<K,V>' (https://learn.microsoft.com/dotnet/fundamentals/code-analysis/quality-rules/ca1002) [E:\vs\Projects\PlatformIndependentNuGetPackages\SunamoHtml\SunamoHtml\SunamoHtml.csproj::TargetFramework=net8.0]
E:\vs\Projects\PlatformIndependentNuGetPackages\SunamoHtml\SunamoHtml\HtmlAgilityHelper.cs(248,71): warning CA1002: Change 'List<string>' in 'HtmlAgilityHelper.InsertGroup(HtmlNode, List<string>)' to use 'Collection<T>', 'ReadOnlyCollection<T>' or 'KeyedCollection<K,V>' (https://learn.microsoft.com/dotnet/fundamentals/code-analysis/quality-rules/ca1002) [E:\vs\Projects\PlatformIndependentNuGetPackages\SunamoHtml\SunamoHtml\SunamoHtml.csproj::TargetFramework=net8.0]
E:\vs\Projects\PlatformIndependentNuGetPackages\SunamoHtml\SunamoHtml\Html\HtmlAssistant.cs(300,75): warning CA1062: In externally visible method 'string HtmlAssistant.InnerTextDecodeTrim(string result)', validate parameter 'result' is non-null before using it. If appropriate, throw an 'ArgumentNullException' when the argument is 'null'. (https://learn.microsoft.com/dotnet/fundamentals/code-analysis/quality-rules/ca1062) [E:\vs\Projects\PlatformIndependentNuGetPackages\SunamoHtml\SunamoHtml\SunamoHtml.csproj::TargetFramework=net8.0]
E:\vs\Projects\PlatformIndependentNuGetPackages\SunamoHtml\SunamoHtml\_sunamo\SunamoExceptions\Exceptions.cs(63,35): warning CA1823: Unused field 'sbAdditionalInfoInner' (https://learn.microsoft.com/dotnet/fundamentals/code-analysis/quality-rules/ca1823) [E:\vs\Projects\PlatformIndependentNuGetPackages\SunamoHtml\SunamoHtml\SunamoHtml.csproj::TargetFramework=net8.0]
E:\vs\Projects\PlatformIndependentNuGetPackages\SunamoHtml\SunamoHtml\_sunamo\SunamoExceptions\Exceptions.cs(64,35): warning CA1823: Unused field 'sbAdditionalInfo' (https://learn.microsoft.com/dotnet/fundamentals/code-analysis/quality-rules/ca1823) [E:\vs\Projects\PlatformIndependentNuGetPackages\SunamoHtml\SunamoHtml\SunamoHtml.csproj::TargetFramework=net8.0]
E:\vs\Projects\PlatformIndependentNuGetPackages\SunamoHtml\SunamoHtml\_public\SunamoXml\Generators\XmlGeneratorHtml.cs(286,72): warning CA1062: In externally visible method 'void XmlGeneratorHtml.WriteTagNamespaceManager(string tagName, XmlNamespaceManager namespaceManager, params string[] attributes)', validate parameter 'attributes' is non-null before using it. If appropriate, throw an 'ArgumentNullException' when the argument is 'null'. (https://learn.microsoft.com/dotnet/fundamentals/code-analysis/quality-rules/ca1062) [E:\vs\Projects\PlatformIndependentNuGetPackages\SunamoHtml\SunamoHtml\SunamoHtml.csproj::TargetFramework=net8.0]
E:\vs\Projects\PlatformIndependentNuGetPackages\SunamoHtml\SunamoHtml\Html\HtmlHelperShared1.cs(75,37): warning CA1062: In externally visible method 'List<HtmlNode> HtmlHelper.ReturnTagsRek(HtmlNode htmlNode, string tagName)', validate parameter 'htmlNode' is non-null before using it. If appropriate, throw an 'ArgumentNullException' when the argument is 'null'. (https://learn.microsoft.com/dotnet/fundamentals/code-analysis/quality-rules/ca1062) [E:\vs\Projects\PlatformIndependentNuGetPackages\SunamoHtml\SunamoHtml\SunamoHtml.csproj::TargetFramework=net8.0]
E:\vs\Projects\PlatformIndependentNuGetPackages\SunamoHtml\SunamoHtml\Html\HtmlHelperShared1.cs(106,34): warning CA1002: Change 'List<HtmlNode>' in 'HtmlHelper.ReturnTagsWithAttrRek(HtmlNode, string, string, string)' to use 'Collection<T>', 'ReadOnlyCollection<T>' or 'KeyedCollection<K,V>' (https://learn.microsoft.com/dotnet/fundamentals/code-analysis/quality-rules/ca1002) [E:\vs\Projects\PlatformIndependentNuGetPackages\SunamoHtml\SunamoHtml\SunamoHtml.csproj::TargetFramework=net8.0]
E:\vs\Projects\PlatformIndependentNuGetPackages\SunamoHtml\SunamoHtml\Html\HtmlHelperShared1.cs(120,34): warning CA1002: Change 'List<HtmlNode>' in 'HtmlHelper.ReturnAllTags(HtmlNode, params string[])' to use 'Collection<T>', 'ReadOnlyCollection<T>' or 'KeyedCollection<K,V>' (https://learn.microsoft.com/dotnet/fundamentals/code-analysis/quality-rules/ca1002) [E:\vs\Projects\PlatformIndependentNuGetPackages\SunamoHtml\SunamoHtml\SunamoHtml.csproj::TargetFramework=net8.0]
E:\vs\Projects\PlatformIndependentNuGetPackages\SunamoHtml\SunamoHtml\Html\HtmlHelperShared1.cs(109,45): warning CA1062: In externally visible method 'List<HtmlNode> HtmlHelper.ReturnTagsWithAttrRek(HtmlNode htmlNode, string tagName, string attributeName, string attributeValue)', validate parameter 'htmlNode' is non-null before using it. If appropriate, throw an 'ArgumentNullException' when the argument is 'null'. (https://learn.microsoft.com/dotnet/fundamentals/code-analysis/quality-rules/ca1062) [E:\vs\Projects\PlatformIndependentNuGetPackages\SunamoHtml\SunamoHtml\SunamoHtml.csproj::TargetFramework=net8.0]
E:\vs\Projects\PlatformIndependentNuGetPackages\SunamoHtml\SunamoHtml\Html\HtmlHelperShared1.cs(132,34): warning CA1002: Change 'List<HtmlNode>' in 'HtmlHelper.TrimTexts(HtmlNodeCollection)' to use 'Collection<T>', 'ReadOnlyCollection<T>' or 'KeyedCollection<K,V>' (https://learn.microsoft.com/dotnet/fundamentals/code-analysis/quality-rules/ca1002) [E:\vs\Projects\PlatformIndependentNuGetPackages\SunamoHtml\SunamoHtml\SunamoHtml.csproj::TargetFramework=net8.0]
E:\vs\Projects\PlatformIndependentNuGetPackages\SunamoHtml\SunamoHtml\Generators\HtmlGenerator21.cs(22,143): warning CA1002: Change 'List<string>' in 'HtmlGenerator2.TopListWithImages(HtmlGenerator, int, int, string, List<string>, List<string>, List<string>, List<string>, List<string>, string)' to use 'Collection<T>', 'ReadOnlyCollection<T>' or 'KeyedCollection<K,V>' (https://learn.microsoft.com/dotnet/fundamentals/code-analysis/quality-rules/ca1002) [E:\vs\Projects\PlatformIndependentNuGetPackages\SunamoHtml\SunamoHtml\SunamoHtml.csproj::TargetFramework=net8.0]
E:\vs\Projects\PlatformIndependentNuGetPackages\SunamoHtml\SunamoHtml\Generators\HtmlGenerator21.cs(22,168): warning CA1002: Change 'List<string>' in 'HtmlGenerator2.TopListWithImages(HtmlGenerator, int, int, string, List<string>, List<string>, List<string>, List<string>, List<string>, string)' to use 'Collection<T>', 'ReadOnlyCollection<T>' or 'KeyedCollection<K,V>' (https://learn.microsoft.com/dotnet/fundamentals/code-analysis/quality-rules/ca1002) [E:\vs\Projects\PlatformIndependentNuGetPackages\SunamoHtml\SunamoHtml\SunamoHtml.csproj::TargetFramework=net8.0]
E:\vs\Projects\PlatformIndependentNuGetPackages\SunamoHtml\SunamoHtml\Generators\HtmlGenerator21.cs(22,192): warning CA1002: Change 'List<string>' in 'HtmlGenerator2.TopListWithImages(HtmlGenerator, int, int, string, List<string>, List<string>, List<string>, List<string>, List<string>, string)' to use 'Collection<T>', 'ReadOnlyCollection<T>' or 'KeyedCollection<K,V>' (https://learn.microsoft.com/dotnet/fundamentals/code-analysis/quality-rules/ca1002) [E:\vs\Projects\PlatformIndependentNuGetPackages\SunamoHtml\SunamoHtml\SunamoHtml.csproj::TargetFramework=net8.0]
E:\vs\Projects\PlatformIndependentNuGetPackages\SunamoHtml\SunamoHtml\Generators\HtmlGenerator21.cs(22,220): warning CA1002: Change 'List<string>' in 'HtmlGenerator2.TopListWithImages(HtmlGenerator, int, int, string, List<string>, List<string>, List<string>, List<string>, List<string>, string)' to use 'Collection<T>', 'ReadOnlyCollection<T>' or 'KeyedCollection<K,V>' (https://learn.microsoft.com/dotnet/fundamentals/code-analysis/quality-rules/ca1002) [E:\vs\Projects\PlatformIndependentNuGetPackages\SunamoHtml\SunamoHtml\SunamoHtml.csproj::TargetFramework=net8.0]
E:\vs\Projects\PlatformIndependentNuGetPackages\SunamoHtml\SunamoHtml\Generators\HtmlGenerator21.cs(22,243): warning CA1002: Change 'List<string>' in 'HtmlGenerator2.TopListWithImages(HtmlGenerator, int, int, string, List<string>, List<string>, List<string>, List<string>, List<string>, string)' to use 'Collection<T>', 'ReadOnlyCollection<T>' or 'KeyedCollection<K,V>' (https://learn.microsoft.com/dotnet/fundamentals/code-analysis/quality-rules/ca1002) [E:\vs\Projects\PlatformIndependentNuGetPackages\SunamoHtml\SunamoHtml\SunamoHtml.csproj::TargetFramework=net8.0]
E:\vs\Projects\PlatformIndependentNuGetPackages\SunamoHtml\SunamoHtml\Generators\HtmlGenerator21.cs(22,113): warning CA1054: Change the type of parameter 'initialImageUri' of method 'HtmlGenerator2.TopListWithImages(HtmlGenerator, int, int, string, List<string>, List<string>, List<string>, List<string>, List<string>, string)' from 'string' to 'System.Uri', or provide an overload to 'HtmlGenerator2.TopListWithImages(HtmlGenerator, int, int, string, List<string>, List<string>, List<string>, List<string>, List<string>, string)' that allows 'initialImageUri' to be passed as a 'System.Uri' object (https://learn.microsoft.com/dotnet/fundamentals/code-analysis/quality-rules/ca1054) [E:\vs\Projects\PlatformIndependentNuGetPackages\SunamoHtml\SunamoHtml\SunamoHtml.csproj::TargetFramework=net8.0]
E:\vs\Projects\PlatformIndependentNuGetPackages\SunamoHtml\SunamoHtml\_sunamo\SunamoString\SH.cs(201,21): warning CA1820: Test for empty strings using 'string.Length' property or 'string.IsNullOrEmpty' method instead of an Equality check (https://learn.microsoft.com/dotnet/fundamentals/code-analysis/quality-rules/ca1820) [E:\vs\Projects\PlatformIndependentNuGetPackages\SunamoHtml\SunamoHtml\SunamoHtml.csproj::TargetFramework=net8.0]
E:\vs\Projects\PlatformIndependentNuGetPackages\SunamoHtml\SunamoHtml\Html\HtmlAssistant.cs(356,28): warning CA1847: Use 'string.Contains(char)' instead of 'string.Contains(string)' when searching for a single character (https://learn.microsoft.com/dotnet/fundamentals/code-analysis/quality-rules/ca1847) [E:\vs\Projects\PlatformIndependentNuGetPackages\SunamoHtml\SunamoHtml\SunamoHtml.csproj::TargetFramework=net8.0]
E:\vs\Projects\PlatformIndependentNuGetPackages\SunamoHtml\SunamoHtml\Html\HtmlHelperShared1.cs(142,34): warning CA1002: Change 'List<HtmlNode>' in 'HtmlHelper.TrimTexts(List<HtmlNode>)' to use 'Collection<T>', 'ReadOnlyCollection<T>' or 'KeyedCollection<K,V>' (https://learn.microsoft.com/dotnet/fundamentals/code-analysis/quality-rules/ca1002) [E:\vs\Projects\PlatformIndependentNuGetPackages\SunamoHtml\SunamoHtml\SunamoHtml.csproj::TargetFramework=net8.0]
E:\vs\Projects\PlatformIndependentNuGetPackages\SunamoHtml\SunamoHtml\Html\HtmlHelperShared1.cs(142,59): warning CA1002: Change 'List<HtmlNode>' in 'HtmlHelper.TrimTexts(List<HtmlNode>)' to use 'Collection<T>', 'ReadOnlyCollection<T>' or 'KeyedCollection<K,V>' (https://learn.microsoft.com/dotnet/fundamentals/code-analysis/quality-rules/ca1002) [E:\vs\Projects\PlatformIndependentNuGetPackages\SunamoHtml\SunamoHtml\SunamoHtml.csproj::TargetFramework=net8.0]
E:\vs\Projects\PlatformIndependentNuGetPackages\SunamoHtml\SunamoHtml\Generators\HtmlGenerator21.cs(28,19): warning CA2201: Exception type System.Exception is not sufficiently specific (https://learn.microsoft.com/dotnet/fundamentals/code-analysis/quality-rules/ca2201) [E:\vs\Projects\PlatformIndependentNuGetPackages\SunamoHtml\SunamoHtml\SunamoHtml.csproj::TargetFramework=net8.0]
E:\vs\Projects\PlatformIndependentNuGetPackages\SunamoHtml\SunamoHtml\Generators\HtmlGenerator21.cs(30,19): warning CA2201: Exception type System.Exception is not sufficiently specific (https://learn.microsoft.com/dotnet/fundamentals/code-analysis/quality-rules/ca2201) [E:\vs\Projects\PlatformIndependentNuGetPackages\SunamoHtml\SunamoHtml\SunamoHtml.csproj::TargetFramework=net8.0]
E:\vs\Projects\PlatformIndependentNuGetPackages\SunamoHtml\SunamoHtml\Generators\HtmlGenerator21.cs(32,19): warning CA2201: Exception type System.Exception is not sufficiently specific (https://learn.microsoft.com/dotnet/fundamentals/code-analysis/quality-rules/ca2201) [E:\vs\Projects\PlatformIndependentNuGetPackages\SunamoHtml\SunamoHtml\SunamoHtml.csproj::TargetFramework=net8.0]
E:\vs\Projects\PlatformIndependentNuGetPackages\SunamoHtml\SunamoHtml\Generators\HtmlGenerator21.cs(34,19): warning CA2201: Exception type System.Exception is not sufficiently specific (https://learn.microsoft.com/dotnet/fundamentals/code-analysis/quality-rules/ca2201) [E:\vs\Projects\PlatformIndependentNuGetPackages\SunamoHtml\SunamoHtml\SunamoHtml.csproj::TargetFramework=net8.0]
E:\vs\Projects\PlatformIndependentNuGetPackages\SunamoHtml\SunamoHtml\Html\HtmlAssistant.cs(356,14): warning CA1307: 'string.Contains(string)' has a method overload that takes a 'StringComparison' parameter. Replace this call in 'SunamoHtml.Html.HtmlAssistant.GetAttributesPairs(string)' with a call to 'string.Contains(string, System.StringComparison)' for clarity of intent. (https://learn.microsoft.com/dotnet/fundamentals/code-analysis/quality-rules/ca1307) [E:\vs\Projects\PlatformIndependentNuGetPackages\SunamoHtml\SunamoHtml\SunamoHtml.csproj::TargetFramework=net8.0]
E:\vs\Projects\PlatformIndependentNuGetPackages\SunamoHtml\SunamoHtml\Html\HtmlHelperShared1.cs(154,34): warning CA1002: Change 'List<HtmlNode>' in 'HtmlHelper.TrimTexts(List<HtmlNode>, bool, [bool])' to use 'Collection<T>', 'ReadOnlyCollection<T>' or 'KeyedCollection<K,V>' (https://learn.microsoft.com/dotnet/fundamentals/code-analysis/quality-rules/ca1002) [E:\vs\Projects\PlatformIndependentNuGetPackages\SunamoHtml\SunamoHtml\SunamoHtml.csproj::TargetFramework=net8.0]
E:\vs\Projects\PlatformIndependentNuGetPackages\SunamoHtml\SunamoHtml\Html\HtmlHelperShared1.cs(154,59): warning CA1002: Change 'List<HtmlNode>' in 'HtmlHelper.TrimTexts(List<HtmlNode>, bool, [bool])' to use 'Collection<T>', 'ReadOnlyCollection<T>' or 'KeyedCollection<K,V>' (https://learn.microsoft.com/dotnet/fundamentals/code-analysis/quality-rules/ca1002) [E:\vs\Projects\PlatformIndependentNuGetPackages\SunamoHtml\SunamoHtml\SunamoHtml.csproj::TargetFramework=net8.0]
E:\vs\Projects\PlatformIndependentNuGetPackages\SunamoHtml\SunamoHtml\_public\SunamoXml\Generators\XmlGeneratorHtml.cs(311,30): warning CA1834: Use 'StringBuilder.Append(char)' instead of 'StringBuilder.Append(string)' when the input is a constant unit string (https://learn.microsoft.com/dotnet/fundamentals/code-analysis/quality-rules/ca1834) [E:\vs\Projects\PlatformIndependentNuGetPackages\SunamoHtml\SunamoHtml\SunamoHtml.csproj::TargetFramework=net8.0]
E:\vs\Projects\PlatformIndependentNuGetPackages\SunamoHtml\SunamoHtml\_sunamo\SunamoString\SH.cs(263,20): warning CA1845: Use span-based 'string.Concat' and 'AsSpan' instead of 'Substring' (https://learn.microsoft.com/dotnet/fundamentals/code-analysis/quality-rules/ca1845) [E:\vs\Projects\PlatformIndependentNuGetPackages\SunamoHtml\SunamoHtml\SunamoHtml.csproj::TargetFramework=net8.0]
E:\vs\Projects\PlatformIndependentNuGetPackages\SunamoHtml\SunamoHtml\_sunamo\SunamoString\SH.cs(258,21): warning CA1820: Test for empty strings using 'string.Length' property or 'string.IsNullOrEmpty' method instead of an Equality check (https://learn.microsoft.com/dotnet/fundamentals/code-analysis/quality-rules/ca1820) [E:\vs\Projects\PlatformIndependentNuGetPackages\SunamoHtml\SunamoHtml\SunamoHtml.csproj::TargetFramework=net8.0]
E:\vs\Projects\PlatformIndependentNuGetPackages\SunamoHtml\SunamoHtml\Html\HtmlHelperShared1.cs(156,52): warning CA1062: In externally visible method 'List<HtmlNode> HtmlHelper.TrimTexts(List<HtmlNode> nodes, bool isRemoveTextNodes, bool isRemoveComments = false)', validate parameter 'nodes' is non-null before using it. If appropriate, throw an 'ArgumentNullException' when the argument is 'null'. (https://learn.microsoft.com/dotnet/fundamentals/code-analysis/quality-rules/ca1062) [E:\vs\Projects\PlatformIndependentNuGetPackages\SunamoHtml\SunamoHtml\SunamoHtml.csproj::TargetFramework=net8.0]
E:\vs\Projects\PlatformIndependentNuGetPackages\SunamoHtml\SunamoHtml\Html\HtmlAssistant.cs(356,14): warning CA1062: In externally visible method 'Dictionary<string, string> HtmlAssistant.GetAttributesPairs(string text)', validate parameter 'text' is non-null before using it. If appropriate, throw an 'ArgumentNullException' when the argument is 'null'. (https://learn.microsoft.com/dotnet/fundamentals/code-analysis/quality-rules/ca1062) [E:\vs\Projects\PlatformIndependentNuGetPackages\SunamoHtml\SunamoHtml\SunamoHtml.csproj::TargetFramework=net8.0]
E:\vs\Projects\PlatformIndependentNuGetPackages\SunamoHtml\SunamoHtml\_sunamo\SunamoString\SH.cs(278,27): warning CA1310: The behavior of 'string.IndexOf(string)' could vary based on the current user's locale settings. Replace this call in 'SunamoHtml._sunamo.SunamoString.SH.GetToFirst(string, string)' with a call to 'string.IndexOf(string, System.StringComparison)'. (https://learn.microsoft.com/dotnet/fundamentals/code-analysis/quality-rules/ca1310) [E:\vs\Projects\PlatformIndependentNuGetPackages\SunamoHtml\SunamoHtml\SunamoHtml.csproj::TargetFramework=net8.0]
E:\vs\Projects\PlatformIndependentNuGetPackages\SunamoHtml\SunamoHtml\HtmlAgilityHelper.cs(295,34): warning CA1002: Change 'List<HtmlNode>' in 'HtmlAgilityHelper.TrimTexts(HtmlNodeCollection)' to use 'Collection<T>', 'ReadOnlyCollection<T>' or 'KeyedCollection<K,V>' (https://learn.microsoft.com/dotnet/fundamentals/code-analysis/quality-rules/ca1002) [E:\vs\Projects\PlatformIndependentNuGetPackages\SunamoHtml\SunamoHtml\SunamoHtml.csproj::TargetFramework=net8.0]
E:\vs\Projects\PlatformIndependentNuGetPackages\SunamoHtml\SunamoHtml\Html\HtmlHelperSunamoCz.cs(109,17): warning CA1310: The behavior of 'string.StartsWith(string)' could vary based on the current user's locale settings. Replace this call in 'SunamoHtml.Html.HtmlHelperSunamoCz.ConvertTextToHtmlWithAnchors(string)' with a call to 'string.StartsWith(string, System.StringComparison)'. (https://learn.microsoft.com/dotnet/fundamentals/code-analysis/quality-rules/ca1310) [E:\vs\Projects\PlatformIndependentNuGetPackages\SunamoHtml\SunamoHtml\SunamoHtml.csproj::TargetFramework=net8.0]
E:\vs\Projects\PlatformIndependentNuGetPackages\SunamoHtml\SunamoHtml\Html\HtmlHelperSunamoCz.cs(109,50): warning CA1310: The behavior of 'string.StartsWith(string)' could vary based on the current user's locale settings. Replace this call in 'SunamoHtml.Html.HtmlHelperSunamoCz.ConvertTextToHtmlWithAnchors(string)' with a call to 'string.StartsWith(string, System.StringComparison)'. (https://learn.microsoft.com/dotnet/fundamentals/code-analysis/quality-rules/ca1310) [E:\vs\Projects\PlatformIndependentNuGetPackages\SunamoHtml\SunamoHtml\SunamoHtml.csproj::TargetFramework=net8.0]
E:\vs\Projects\PlatformIndependentNuGetPackages\SunamoHtml\SunamoHtml\_sunamo\SunamoString\SH.cs(314,22): warning CA1310: The behavior of 'string.IndexOf(string, int)' could vary based on the current user's locale settings. Replace this call in 'SunamoHtml._sunamo.SunamoString.SH.GetTextBetween(string, string, string, out int, int, bool)' with a call to 'string.IndexOf(string, int, System.StringComparison)'. (https://learn.microsoft.com/dotnet/fundamentals/code-analysis/quality-rules/ca1310) [E:\vs\Projects\PlatformIndependentNuGetPackages\SunamoHtml\SunamoHtml\SunamoHtml.csproj::TargetFramework=net8.0]
E:\vs\Projects\PlatformIndependentNuGetPackages\SunamoHtml\SunamoHtml\_sunamo\SunamoString\SH.cs(315,27): warning CA1310: The behavior of 'string.IndexOf(string, int)' could vary based on the current user's locale settings. Replace this call in 'SunamoHtml._sunamo.SunamoString.SH.GetTextBetween(string, string, string, out int, int, bool)' with a call to 'string.IndexOf(string, int, System.StringComparison)'. (https://learn.microsoft.com/dotnet/fundamentals/code-analysis/quality-rules/ca1310) [E:\vs\Projects\PlatformIndependentNuGetPackages\SunamoHtml\SunamoHtml\SunamoHtml.csproj::TargetFramework=net8.0]
E:\vs\Projects\PlatformIndependentNuGetPackages\SunamoHtml\SunamoHtml\Html\HtmlHelperShared1.cs(123,50): warning CA1062: In externally visible method 'List<HtmlNode> HtmlHelper.ReturnAllTags(HtmlNode htmlNode, params string[] tagNames)', validate parameter 'tagNames' is non-null before using it. If appropriate, throw an 'ArgumentNullException' when the argument is 'null'. (https://learn.microsoft.com/dotnet/fundamentals/code-analysis/quality-rules/ca1062) [E:\vs\Projects\PlatformIndependentNuGetPackages\SunamoHtml\SunamoHtml\SunamoHtml.csproj::TargetFramework=net8.0]
E:\vs\Projects\PlatformIndependentNuGetPackages\SunamoHtml\SunamoHtml\Html\HtmlHelperShared1.cs(123,40): warning CA1062: In externally visible method 'List<HtmlNode> HtmlHelper.ReturnAllTags(HtmlNode htmlNode, params string[] tagNames)', validate parameter 'htmlNode' is non-null before using it. If appropriate, throw an 'ArgumentNullException' when the argument is 'null'. (https://learn.microsoft.com/dotnet/fundamentals/code-analysis/quality-rules/ca1062) [E:\vs\Projects\PlatformIndependentNuGetPackages\SunamoHtml\SunamoHtml\SunamoHtml.csproj::TargetFramework=net8.0]
E:\vs\Projects\PlatformIndependentNuGetPackages\SunamoHtml\SunamoHtml\HtmlAgilityHelper.cs(347,34): warning CA1002: Change 'List<HtmlNode>' in 'HtmlAgilityHelper.TrimTexts(List<HtmlNode>)' to use 'Collection<T>', 'ReadOnlyCollection<T>' or 'KeyedCollection<K,V>' (https://learn.microsoft.com/dotnet/fundamentals/code-analysis/quality-rules/ca1002) [E:\vs\Projects\PlatformIndependentNuGetPackages\SunamoHtml\SunamoHtml\SunamoHtml.csproj::TargetFramework=net8.0]
E:\vs\Projects\PlatformIndependentNuGetPackages\SunamoHtml\SunamoHtml\HtmlAgilityHelper.cs(347,59): warning CA1002: Change 'List<HtmlNode>' in 'HtmlAgilityHelper.TrimTexts(List<HtmlNode>)' to use 'Collection<T>', 'ReadOnlyCollection<T>' or 'KeyedCollection<K,V>' (https://learn.microsoft.com/dotnet/fundamentals/code-analysis/quality-rules/ca1002) [E:\vs\Projects\PlatformIndependentNuGetPackages\SunamoHtml\SunamoHtml\SunamoHtml.csproj::TargetFramework=net8.0]
E:\vs\Projects\PlatformIndependentNuGetPackages\SunamoHtml\SunamoHtml\Generators\HtmlGenerator21.cs(63,63): warning CA1002: Change 'List<string>' in 'HtmlGenerator2.GetForUlWCheckDuplicate(List<string>)' to use 'Collection<T>', 'ReadOnlyCollection<T>' or 'KeyedCollection<K,V>' (https://learn.microsoft.com/dotnet/fundamentals/code-analysis/quality-rules/ca1002) [E:\vs\Projects\PlatformIndependentNuGetPackages\SunamoHtml\SunamoHtml\SunamoHtml.csproj::TargetFramework=net8.0]
E:\vs\Projects\PlatformIndependentNuGetPackages\SunamoHtml\SunamoHtml\_public\SunamoXml\Generators\XmlGeneratorHtml.cs(337,30): warning CA1834: Use 'StringBuilder.Append(char)' instead of 'StringBuilder.Append(string)' when the input is a constant unit string (https://learn.microsoft.com/dotnet/fundamentals/code-analysis/quality-rules/ca1834) [E:\vs\Projects\PlatformIndependentNuGetPackages\SunamoHtml\SunamoHtml\SunamoHtml.csproj::TargetFramework=net8.0]
E:\vs\Projects\PlatformIndependentNuGetPackages\SunamoHtml\SunamoHtml\HtmlAgilityHelper.cs(300,30): warning CA1062: In externally visible method 'List<HtmlNode> HtmlAgilityHelper.TrimTexts(HtmlNodeCollection htmlNodeCollection)', validate parameter 'htmlNodeCollection' is non-null before using it. If appropriate, throw an 'ArgumentNullException' when the argument is 'null'. (https://learn.microsoft.com/dotnet/fundamentals/code-analysis/quality-rules/ca1062) [E:\vs\Projects\PlatformIndependentNuGetPackages\SunamoHtml\SunamoHtml\SunamoHtml.csproj::TargetFramework=net8.0]
E:\vs\Projects\PlatformIndependentNuGetPackages\SunamoHtml\SunamoHtml\HtmlAgilityHelper.cs(349,34): warning CA1062: In externally visible method 'List<HtmlNode> HtmlAgilityHelper.TrimTexts(List<HtmlNode> nodes)', validate parameter 'nodes' is non-null before using it. If appropriate, throw an 'ArgumentNullException' when the argument is 'null'. (https://learn.microsoft.com/dotnet/fundamentals/code-analysis/quality-rules/ca1062) [E:\vs\Projects\PlatformIndependentNuGetPackages\SunamoHtml\SunamoHtml\SunamoHtml.csproj::TargetFramework=net8.0]
E:\vs\Projects\PlatformIndependentNuGetPackages\SunamoHtml\SunamoHtml\Html\HtmlHelperShared1.cs(276,24): warning CA1307: 'string.Contains(string)' has a method overload that takes a 'StringComparison' parameter. Replace this call in 'SunamoHtml.Html.HtmlHelper.HasTagAttr(HtmlAgilityPack.HtmlNode, string, string, bool)' with a call to 'string.Contains(string, System.StringComparison)' for clarity of intent. (https://learn.microsoft.com/dotnet/fundamentals/code-analysis/quality-rules/ca1307) [E:\vs\Projects\PlatformIndependentNuGetPackages\SunamoHtml\SunamoHtml\SunamoHtml.csproj::TargetFramework=net8.0]
E:\vs\Projects\PlatformIndependentNuGetPackages\SunamoHtml\SunamoHtml\Generators\HtmlGenerator21.cs(102,40): warning CA1054: Change the type of parameter 'url' of method 'HtmlGenerator2.Anchor(string)' from 'string' to 'System.Uri', or provide an overload to 'HtmlGenerator2.Anchor(string)' that allows 'url' to be passed as a 'System.Uri' object (https://learn.microsoft.com/dotnet/fundamentals/code-analysis/quality-rules/ca1054) [E:\vs\Projects\PlatformIndependentNuGetPackages\SunamoHtml\SunamoHtml\SunamoHtml.csproj::TargetFramework=net8.0]
E:\vs\Projects\PlatformIndependentNuGetPackages\SunamoHtml\SunamoHtml\Generators\HtmlGenerator21.cs(104,13): warning CA1307: 'string.Contains(string)' has a method overload that takes a 'StringComparison' parameter. Replace this call in 'SunamoHtml.Generators.HtmlGenerator2.Anchor(string)' with a call to 'string.Contains(string, System.StringComparison)' for clarity of intent. (https://learn.microsoft.com/dotnet/fundamentals/code-analysis/quality-rules/ca1307) [E:\vs\Projects\PlatformIndependentNuGetPackages\SunamoHtml\SunamoHtml\SunamoHtml.csproj::TargetFramework=net8.0]
E:\vs\Projects\PlatformIndependentNuGetPackages\SunamoHtml\SunamoHtml\Generators\HtmlGenerator21.cs(67,29): warning CA1062: In externally visible method 'string HtmlGenerator2.GetForUlWCheckDuplicate(List<string> items)', validate parameter 'items' is non-null before using it. If appropriate, throw an 'ArgumentNullException' when the argument is 'null'. (https://learn.microsoft.com/dotnet/fundamentals/code-analysis/quality-rules/ca1062) [E:\vs\Projects\PlatformIndependentNuGetPackages\SunamoHtml\SunamoHtml\SunamoHtml.csproj::TargetFramework=net8.0]
E:\vs\Projects\PlatformIndependentNuGetPackages\SunamoHtml\SunamoHtml\_public\SunamoXml\Generators\XmlGeneratorHtml.cs(301,29): warning CA1062: In externally visible method 'void XmlGeneratorHtml.WriteNonPairTagWithAttrs(bool isAppendNull, string tagName, params string[] attributes)', validate parameter 'attributes' is non-null before using it. If appropriate, throw an 'ArgumentNullException' when the argument is 'null'. (https://learn.microsoft.com/dotnet/fundamentals/code-analysis/quality-rules/ca1062) [E:\vs\Projects\PlatformIndependentNuGetPackages\SunamoHtml\SunamoHtml\SunamoHtml.csproj::TargetFramework=net8.0]
E:\vs\Projects\PlatformIndependentNuGetPackages\SunamoHtml\SunamoHtml\Generators\HtmlGenerator21.cs(127,48): warning CA1054: Change the type of parameter 'url' of method 'HtmlGenerator2.AnchorWithHttp(string)' from 'string' to 'System.Uri', or provide an overload to 'HtmlGenerator2.AnchorWithHttp(string)' that allows 'url' to be passed as a 'System.Uri' object (https://learn.microsoft.com/dotnet/fundamentals/code-analysis/quality-rules/ca1054) [E:\vs\Projects\PlatformIndependentNuGetPackages\SunamoHtml\SunamoHtml\SunamoHtml.csproj::TargetFramework=net8.0]
E:\vs\Projects\PlatformIndependentNuGetPackages\SunamoHtml\SunamoHtml\Generators\HtmlGenerator21.cs(104,13): warning CA1062: In externally visible method 'string HtmlGenerator2.Anchor(string url)', validate parameter 'url' is non-null before using it. If appropriate, throw an 'ArgumentNullException' when the argument is 'null'. (https://learn.microsoft.com/dotnet/fundamentals/code-analysis/quality-rules/ca1062) [E:\vs\Projects\PlatformIndependentNuGetPackages\SunamoHtml\SunamoHtml\SunamoHtml.csproj::TargetFramework=net8.0]
E:\vs\Projects\PlatformIndependentNuGetPackages\SunamoHtml\SunamoHtml\Generators\HtmlGenerator21.cs(130,14): warning CA1310: The behavior of 'string.StartsWith(string)' could vary based on the current user's locale settings. Replace this call in 'SunamoHtml.Generators.HtmlGenerator2.AnchorWithHttp(string)' with a call to 'string.StartsWith(string, System.StringComparison)'. (https://learn.microsoft.com/dotnet/fundamentals/code-analysis/quality-rules/ca1310) [E:\vs\Projects\PlatformIndependentNuGetPackages\SunamoHtml\SunamoHtml\SunamoHtml.csproj::TargetFramework=net8.0]
E:\vs\Projects\PlatformIndependentNuGetPackages\SunamoHtml\SunamoHtml\Generators\HtmlGenerator21.cs(144,48): warning CA1054: Change the type of parameter 'url' of method 'HtmlGenerator2.AnchorWithHttp(string, string)' from 'string' to 'System.Uri', or provide an overload to 'HtmlGenerator2.AnchorWithHttp(string, string)' that allows 'url' to be passed as a 'System.Uri' object (https://learn.microsoft.com/dotnet/fundamentals/code-analysis/quality-rules/ca1054) [E:\vs\Projects\PlatformIndependentNuGetPackages\SunamoHtml\SunamoHtml\SunamoHtml.csproj::TargetFramework=net8.0]
E:\vs\Projects\PlatformIndependentNuGetPackages\SunamoHtml\SunamoHtml\Html\HtmlHelperShared1.cs(307,29): warning CA1062: In externally visible method 'void HtmlHelper.ReplaceChildNodeByOuterHtml(HtmlNode htmlNode, string oldOuterHtml, HtmlNode newNode)', validate parameter 'htmlNode' is non-null before using it. If appropriate, throw an 'ArgumentNullException' when the argument is 'null'. (https://learn.microsoft.com/dotnet/fundamentals/code-analysis/quality-rules/ca1062) [E:\vs\Projects\PlatformIndependentNuGetPackages\SunamoHtml\SunamoHtml\SunamoHtml.csproj::TargetFramework=net8.0]
E:\vs\Projects\PlatformIndependentNuGetPackages\SunamoHtml\SunamoHtml\_public\SunamoXml\Generators\XmlGeneratorHtml.cs(269,18): warning CA1822: Member 'IsNulledOrEmpty' does not access instance data and can be marked as static (https://learn.microsoft.com/dotnet/fundamentals/code-analysis/quality-rules/ca1822) [E:\vs\Projects\PlatformIndependentNuGetPackages\SunamoHtml\SunamoHtml\SunamoHtml.csproj::TargetFramework=net8.0]
E:\vs\Projects\PlatformIndependentNuGetPackages\SunamoHtml\SunamoHtml\Generators\HtmlGenerator21.cs(157,68): warning CA1054: Change the type of parameter 'url' of method 'HtmlGenerator2.AnchorWithHttp(bool, string, string)' from 'string' to 'System.Uri', or provide an overload to 'HtmlGenerator2.AnchorWithHttp(bool, string, string)' that allows 'url' to be passed as a 'System.Uri' object (https://learn.microsoft.com/dotnet/fundamentals/code-analysis/quality-rules/ca1054) [E:\vs\Projects\PlatformIndependentNuGetPackages\SunamoHtml\SunamoHtml\SunamoHtml.csproj::TargetFramework=net8.0]
E:\vs\Projects\PlatformIndependentNuGetPackages\SunamoHtml\SunamoHtml\Generators\HtmlGenerator21.cs(130,14): warning CA1062: In externally visible method 'string HtmlGenerator2.AnchorWithHttp(string url)', validate parameter 'url' is non-null before using it. If appropriate, throw an 'ArgumentNullException' when the argument is 'null'. (https://learn.microsoft.com/dotnet/fundamentals/code-analysis/quality-rules/ca1062) [E:\vs\Projects\PlatformIndependentNuGetPackages\SunamoHtml\SunamoHtml\SunamoHtml.csproj::TargetFramework=net8.0]
E:\vs\Projects\PlatformIndependentNuGetPackages\SunamoHtml\SunamoHtml\Html\HtmlHelperShared2.cs(26,68): warning CA1002: Change 'List<HtmlNode>' in 'HtmlHelper.DeleteAttributesFromAllNodes(List<HtmlNode>)' to use 'Collection<T>', 'ReadOnlyCollection<T>' or 'KeyedCollection<K,V>' (https://learn.microsoft.com/dotnet/fundamentals/code-analysis/quality-rules/ca1002) [E:\vs\Projects\PlatformIndependentNuGetPackages\SunamoHtml\SunamoHtml\SunamoHtml.csproj::TargetFramework=net8.0]
E:\vs\Projects\PlatformIndependentNuGetPackages\SunamoHtml\SunamoHtml\Html\HtmlHelperShared1.cs(292,30): warning CA1062: In externally visible method 'HtmlNode HtmlHelper.ReturnTag(HtmlNode htmlNode, string tagName)', validate parameter 'htmlNode' is non-null before using it. If appropriate, throw an 'ArgumentNullException' when the argument is 'null'. (https://learn.microsoft.com/dotnet/fundamentals/code-analysis/quality-rules/ca1062) [E:\vs\Projects\PlatformIndependentNuGetPackages\SunamoHtml\SunamoHtml\SunamoHtml.csproj::TargetFramework=net8.0]
E:\vs\Projects\PlatformIndependentNuGetPackages\SunamoHtml\SunamoHtml\Generators\HtmlGenerator21.cs(184,84): warning CA1002: Change 'List<string>' in 'HtmlGenerator2.GetRadioButtonsWoCheckDuplicate(string, List<string>, List<string>)' to use 'Collection<T>', 'ReadOnlyCollection<T>' or 'KeyedCollection<K,V>' (https://learn.microsoft.com/dotnet/fundamentals/code-analysis/quality-rules/ca1002) [E:\vs\Projects\PlatformIndependentNuGetPackages\SunamoHtml\SunamoHtml\SunamoHtml.csproj::TargetFramework=net8.0]
E:\vs\Projects\PlatformIndependentNuGetPackages\SunamoHtml\SunamoHtml\Generators\HtmlGenerator21.cs(184,102): warning CA1002: Change 'List<string>' in 'HtmlGenerator2.GetRadioButtonsWoCheckDuplicate(string, List<string>, List<string>)' to use 'Collection<T>', 'ReadOnlyCollection<T>' or 'KeyedCollection<K,V>' (https://learn.microsoft.com/dotnet/fundamentals/code-analysis/quality-rules/ca1002) [E:\vs\Projects\PlatformIndependentNuGetPackages\SunamoHtml\SunamoHtml\SunamoHtml.csproj::TargetFramework=net8.0]
E:\vs\Projects\PlatformIndependentNuGetPackages\SunamoHtml\SunamoHtml\Generators\HtmlGenerator21.cs(146,48): warning CA1062: In externally visible method 'string HtmlGenerator2.AnchorWithHttp(string url, string text)', validate parameter 'url' is non-null before using it. If appropriate, throw an 'ArgumentNullException' when the argument is 'null'. (https://learn.microsoft.com/dotnet/fundamentals/code-analysis/quality-rules/ca1062) [E:\vs\Projects\PlatformIndependentNuGetPackages\SunamoHtml\SunamoHtml\SunamoHtml.csproj::TargetFramework=net8.0]
E:\vs\Projects\PlatformIndependentNuGetPackages\SunamoHtml\SunamoHtml\Html\HtmlHelperShared2.cs(19,123): warning CA1307: 'string.Replace(string, string?)' has a method overload that takes a 'StringComparison' parameter. Replace this call in 'SunamoHtml.Html.HtmlHelper.ToXmlFinal(string)' with a call to 'string.Replace(string, string?, System.StringComparison)' for clarity of intent. (https://learn.microsoft.com/dotnet/fundamentals/code-analysis/quality-rules/ca1307) [E:\vs\Projects\PlatformIndependentNuGetPackages\SunamoHtml\SunamoHtml\SunamoHtml.csproj::TargetFramework=net8.0]
E:\vs\Projects\PlatformIndependentNuGetPackages\SunamoHtml\SunamoHtml\Generators\HtmlGenerator21.cs(170,85): warning CA1054: Change the type of parameter 'httpUrl' of method 'HtmlGenerator2.AnchorWithHttpCore(bool, string, string)' from 'string' to 'System.Uri', or provide an overload to 'HtmlGenerator2.AnchorWithHttpCore(bool, string, string)' that allows 'httpUrl' to be passed as a 'System.Uri' object (https://learn.microsoft.com/dotnet/fundamentals/code-analysis/quality-rules/ca1054) [E:\vs\Projects\PlatformIndependentNuGetPackages\SunamoHtml\SunamoHtml\SunamoHtml.csproj::TargetFramework=net8.0]
E:\vs\Projects\PlatformIndependentNuGetPackages\SunamoHtml\SunamoHtml\Html\HtmlHelperShared2.cs(19,123): warning CA1307: 'string.Replace(string, string?)' has a method overload that takes a 'StringComparison' parameter. Replace this call in 'SunamoHtml.Html.HtmlHelper.ToXmlFinal(string)' with a call to 'string.Replace(string, string?, System.StringComparison)' for clarity of intent. (https://learn.microsoft.com/dotnet/fundamentals/code-analysis/quality-rules/ca1307) [E:\vs\Projects\PlatformIndependentNuGetPackages\SunamoHtml\SunamoHtml\SunamoHtml.csproj::TargetFramework=net8.0]
E:\vs\Projects\PlatformIndependentNuGetPackages\SunamoHtml\SunamoHtml\HtmlAgilityHelper1.cs(125,44): warning CA1307: 'string.Contains(string)' has a method overload that takes a 'StringComparison' parameter. Replace this call in 'SunamoHtml.HtmlAgilityHelper.HasTagAttr(HtmlAgilityPack.HtmlNode, string, string, bool, bool, bool)' with a call to 'string.Contains(string, System.StringComparison)' for clarity of intent. (https://learn.microsoft.com/dotnet/fundamentals/code-analysis/quality-rules/ca1307) [E:\vs\Projects\PlatformIndependentNuGetPackages\SunamoHtml\SunamoHtml\SunamoHtml.csproj::TargetFramework=net8.0]
E:\vs\Projects\PlatformIndependentNuGetPackages\SunamoHtml\SunamoHtml\HtmlAgilityHelper1.cs(132,26): warning CA1307: 'string.Contains(string)' has a method overload that takes a 'StringComparison' parameter. Replace this call in 'SunamoHtml.HtmlAgilityHelper.HasTagAttr(HtmlAgilityPack.HtmlNode, string, string, bool, bool, bool)' with a call to 'string.Contains(string, System.StringComparison)' for clarity of intent. (https://learn.microsoft.com/dotnet/fundamentals/code-analysis/quality-rules/ca1307) [E:\vs\Projects\PlatformIndependentNuGetPackages\SunamoHtml\SunamoHtml\SunamoHtml.csproj::TargetFramework=net8.0]
E:\vs\Projects\PlatformIndependentNuGetPackages\SunamoHtml\SunamoHtml\Html\HtmlHelperShared2.cs(19,123): warning CA1307: 'string.Replace(string, string?)' has a method overload that takes a 'StringComparison' parameter. Replace this call in 'SunamoHtml.Html.HtmlHelper.ToXmlFinal(string)' with a call to 'string.Replace(string, string?, System.StringComparison)' for clarity of intent. (https://learn.microsoft.com/dotnet/fundamentals/code-analysis/quality-rules/ca1307) [E:\vs\Projects\PlatformIndependentNuGetPackages\SunamoHtml\SunamoHtml\SunamoHtml.csproj::TargetFramework=net8.0]
E:\vs\Projects\PlatformIndependentNuGetPackages\SunamoHtml\SunamoHtml\HtmlAgilityHelper1.cs(44,34): warning CA1002: Change 'List<HtmlNode>' in 'HtmlAgilityHelper.TrimComments(List<HtmlNode>)' to use 'Collection<T>', 'ReadOnlyCollection<T>' or 'KeyedCollection<K,V>' (https://learn.microsoft.com/dotnet/fundamentals/code-analysis/quality-rules/ca1002) [E:\vs\Projects\PlatformIndependentNuGetPackages\SunamoHtml\SunamoHtml\SunamoHtml.csproj::TargetFramework=net8.0]
E:\vs\Projects\PlatformIndependentNuGetPackages\SunamoHtml\SunamoHtml\HtmlAgilityHelper1.cs(44,62): warning CA1002: Change 'List<HtmlNode>' in 'HtmlAgilityHelper.TrimComments(List<HtmlNode>)' to use 'Collection<T>', 'ReadOnlyCollection<T>' or 'KeyedCollection<K,V>' (https://learn.microsoft.com/dotnet/fundamentals/code-analysis/quality-rules/ca1002) [E:\vs\Projects\PlatformIndependentNuGetPackages\SunamoHtml\SunamoHtml\SunamoHtml.csproj::TargetFramework=net8.0]
E:\vs\Projects\PlatformIndependentNuGetPackages\SunamoHtml\SunamoHtml\Html\HtmlHelperShared2.cs(28,30): warning CA1062: In externally visible method 'void HtmlHelper.DeleteAttributesFromAllNodes(List<HtmlNode> nodes)', validate parameter 'nodes' is non-null before using it. If appropriate, throw an 'ArgumentNullException' when the argument is 'null'. (https://learn.microsoft.com/dotnet/fundamentals/code-analysis/quality-rules/ca1062) [E:\vs\Projects\PlatformIndependentNuGetPackages\SunamoHtml\SunamoHtml\SunamoHtml.csproj::TargetFramework=net8.0]
E:\vs\Projects\PlatformIndependentNuGetPackages\SunamoHtml\SunamoHtml\Generators\HtmlGenerator21.cs(205,84): warning CA1002: Change 'List<string>' in 'HtmlGenerator2.GetRadioButtonsWoCheckDuplicate(string, List<string>, List<string>, string)' to use 'Collection<T>', 'ReadOnlyCollection<T>' or 'KeyedCollection<K,V>' (https://learn.microsoft.com/dotnet/fundamentals/code-analysis/quality-rules/ca1002) [E:\vs\Projects\PlatformIndependentNuGetPackages\SunamoHtml\SunamoHtml\SunamoHtml.csproj::TargetFramework=net8.0]
E:\vs\Projects\PlatformIndependentNuGetPackages\SunamoHtml\SunamoHtml\Generators\HtmlGenerator21.cs(205,102): warning CA1002: Change 'List<string>' in 'HtmlGenerator2.GetRadioButtonsWoCheckDuplicate(string, List<string>, List<string>, string)' to use 'Collection<T>', 'ReadOnlyCollection<T>' or 'KeyedCollection<K,V>' (https://learn.microsoft.com/dotnet/fundamentals/code-analysis/quality-rules/ca1002) [E:\vs\Projects\PlatformIndependentNuGetPackages\SunamoHtml\SunamoHtml\SunamoHtml.csproj::TargetFramework=net8.0]
E:\vs\Projects\PlatformIndependentNuGetPackages\SunamoHtml\SunamoHtml\HtmlAgilityHelper1.cs(57,31): warning CA1307: 'string.Contains(string)' has a method overload that takes a 'StringComparison' parameter. Replace this call in 'SunamoHtml.HtmlAgilityHelper.TrimComments(System.Collections.Generic.List<HtmlAgilityPack.HtmlNode>)' with a call to 'string.Contains(string, System.StringComparison)' for clarity of intent. (https://learn.microsoft.com/dotnet/fundamentals/code-analysis/quality-rules/ca1307) [E:\vs\Projects\PlatformIndependentNuGetPackages\SunamoHtml\SunamoHtml\SunamoHtml.csproj::TargetFramework=net8.0]
E:\vs\Projects\PlatformIndependentNuGetPackages\SunamoHtml\SunamoHtml\HtmlAgilityHelper1.cs(58,33): warning CA1307: 'string.Contains(string)' has a method overload that takes a 'StringComparison' parameter. Replace this call in 'SunamoHtml.HtmlAgilityHelper.TrimComments(System.Collections.Generic.List<HtmlAgilityPack.HtmlNode>)' with a call to 'string.Contains(string, System.StringComparison)' for clarity of intent. (https://learn.microsoft.com/dotnet/fundamentals/code-analysis/quality-rules/ca1307) [E:\vs\Projects\PlatformIndependentNuGetPackages\SunamoHtml\SunamoHtml\SunamoHtml.csproj::TargetFramework=net8.0]
E:\vs\Projects\PlatformIndependentNuGetPackages\SunamoHtml\SunamoHtml\Html\HtmlHelperShared2.cs(76,32): warning CA1002: Change 'List<string>' in 'HtmlHelper.StripAllTagsList(string)' to use 'Collection<T>', 'ReadOnlyCollection<T>' or 'KeyedCollection<K,V>' (https://learn.microsoft.com/dotnet/fundamentals/code-analysis/quality-rules/ca1002) [E:\vs\Projects\PlatformIndependentNuGetPackages\SunamoHtml\SunamoHtml\SunamoHtml.csproj::TargetFramework=net8.0]
E:\vs\Projects\PlatformIndependentNuGetPackages\SunamoHtml\SunamoHtml\HtmlAgilityHelper1.cs(67,35): warning CA1307: 'string.Contains(string)' has a method overload that takes a 'StringComparison' parameter. Replace this call in 'SunamoHtml.HtmlAgilityHelper.TrimComments(System.Collections.Generic.List<HtmlAgilityPack.HtmlNode>)' with a call to 'string.Contains(string, System.StringComparison)' for clarity of intent. (https://learn.microsoft.com/dotnet/fundamentals/code-analysis/quality-rules/ca1307) [E:\vs\Projects\PlatformIndependentNuGetPackages\SunamoHtml\SunamoHtml\SunamoHtml.csproj::TargetFramework=net8.0]
E:\vs\Projects\PlatformIndependentNuGetPackages\SunamoHtml\SunamoHtml\HtmlAgilityHelper1.cs(68,37): warning CA1307: 'string.Contains(string)' has a method overload that takes a 'StringComparison' parameter. Replace this call in 'SunamoHtml.HtmlAgilityHelper.TrimComments(System.Collections.Generic.List<HtmlAgilityPack.HtmlNode>)' with a call to 'string.Contains(string, System.StringComparison)' for clarity of intent. (https://learn.microsoft.com/dotnet/fundamentals/code-analysis/quality-rules/ca1307) [E:\vs\Projects\PlatformIndependentNuGetPackages\SunamoHtml\SunamoHtml\SunamoHtml.csproj::TargetFramework=net8.0]
E:\vs\Projects\PlatformIndependentNuGetPackages\SunamoHtml\SunamoHtml\HtmlAgilityHelper1.cs(75,21): warning CA1310: The behavior of 'string.StartsWith(string)' could vary based on the current user's locale settings. Replace this call in 'SunamoHtml.HtmlAgilityHelper.TrimComments(System.Collections.Generic.List<HtmlAgilityPack.HtmlNode>)' with a call to 'string.StartsWith(string, System.StringComparison)'. (https://learn.microsoft.com/dotnet/fundamentals/code-analysis/quality-rules/ca1310) [E:\vs\Projects\PlatformIndependentNuGetPackages\SunamoHtml\SunamoHtml\SunamoHtml.csproj::TargetFramework=net8.0]
E:\vs\Projects\PlatformIndependentNuGetPackages\SunamoHtml\SunamoHtml\HtmlAgilityHelper1.cs(65,21): warning CA1820: Test for empty strings using 'string.Length' property or 'string.IsNullOrEmpty' method instead of an Equality check (https://learn.microsoft.com/dotnet/fundamentals/code-analysis/quality-rules/ca1820) [E:\vs\Projects\PlatformIndependentNuGetPackages\SunamoHtml\SunamoHtml\SunamoHtml.csproj::TargetFramework=net8.0]
E:\vs\Projects\PlatformIndependentNuGetPackages\SunamoHtml\SunamoHtml\HtmlAgilityHelper1.cs(79,43): warning CA1820: Test for empty strings using 'string.Length' property or 'string.IsNullOrEmpty' method instead of an Equality check (https://learn.microsoft.com/dotnet/fundamentals/code-analysis/quality-rules/ca1820) [E:\vs\Projects\PlatformIndependentNuGetPackages\SunamoHtml\SunamoHtml\SunamoHtml.csproj::TargetFramework=net8.0]
E:\vs\Projects\PlatformIndependentNuGetPackages\SunamoHtml\SunamoHtml\Generators\HtmlGenerator21.cs(159,51): warning CA1062: In externally visible method 'string HtmlGenerator2.AnchorWithHttp(bool isTargetBlank, string url, string text)', validate parameter 'url' is non-null before using it. If appropriate, throw an 'ArgumentNullException' when the argument is 'null'. (https://learn.microsoft.com/dotnet/fundamentals/code-analysis/quality-rules/ca1062) [E:\vs\Projects\PlatformIndependentNuGetPackages\SunamoHtml\SunamoHtml\SunamoHtml.csproj::TargetFramework=net8.0]
E:\vs\Projects\PlatformIndependentNuGetPackages\SunamoHtml\SunamoHtml\Generators\HtmlGenerator21.cs(187,29): warning CA1062: In externally visible method 'string HtmlGenerator2.GetRadioButtonsWoCheckDuplicate(string name, List<string> ids, List<string> labels)', validate parameter 'ids' is non-null before using it. If appropriate, throw an 'ArgumentNullException' when the argument is 'null'. (https://learn.microsoft.com/dotnet/fundamentals/code-analysis/quality-rules/ca1062) [E:\vs\Projects\PlatformIndependentNuGetPackages\SunamoHtml\SunamoHtml\SunamoHtml.csproj::TargetFramework=net8.0]
E:\vs\Projects\PlatformIndependentNuGetPackages\SunamoHtml\SunamoHtml\Generators\HtmlGenerator21.cs(190,32): warning CA1062: In externally visible method 'string HtmlGenerator2.GetRadioButtonsWoCheckDuplicate(string name, List<string> ids, List<string> labels)', validate parameter 'labels' is non-null before using it. If appropriate, throw an 'ArgumentNullException' when the argument is 'null'. (https://learn.microsoft.com/dotnet/fundamentals/code-analysis/quality-rules/ca1062) [E:\vs\Projects\PlatformIndependentNuGetPackages\SunamoHtml\SunamoHtml\SunamoHtml.csproj::TargetFramework=net8.0]
E:\vs\Projects\PlatformIndependentNuGetPackages\SunamoHtml\SunamoHtml\HtmlAgilityHelper1.cs(159,59): warning CA1002: Change 'List<HtmlNode>' in 'HtmlAgilityHelper.RecursiveReturnTags(List<HtmlNode>, HtmlNode, bool, bool, string)' to use 'Collection<T>', 'ReadOnlyCollection<T>' or 'KeyedCollection<K,V>' (https://learn.microsoft.com/dotnet/fundamentals/code-analysis/quality-rules/ca1002) [E:\vs\Projects\PlatformIndependentNuGetPackages\SunamoHtml\SunamoHtml\SunamoHtml.csproj::TargetFramework=net8.0]
E:\vs\Projects\PlatformIndependentNuGetPackages\SunamoHtml\SunamoHtml\Generators\HtmlGenerator21.cs(227,36): warning CA1062: In externally visible method 'string HtmlGenerator2.GetWordsForTagCloud(Dictionary<string, short> wordCount, string cssSelector)', validate parameter 'wordCount' is non-null before using it. If appropriate, throw an 'ArgumentNullException' when the argument is 'null'. (https://learn.microsoft.com/dotnet/fundamentals/code-analysis/quality-rules/ca1062) [E:\vs\Projects\PlatformIndependentNuGetPackages\SunamoHtml\SunamoHtml\SunamoHtml.csproj::TargetFramework=net8.0]
E:\vs\Projects\PlatformIndependentNuGetPackages\SunamoHtml\SunamoHtml\Generators\HtmlGenerator21.cs(239,36): warning CA1062: In externally visible method 'string HtmlGenerator2.GetWordsForTagCloudManageTags(Dictionary<string, short> wordCount, string cssSelector)', validate parameter 'wordCount' is non-null before using it. If appropriate, throw an 'ArgumentNullException' when the argument is 'null'. (https://learn.microsoft.com/dotnet/fundamentals/code-analysis/quality-rules/ca1062) [E:\vs\Projects\PlatformIndependentNuGetPackages\SunamoHtml\SunamoHtml\SunamoHtml.csproj::TargetFramework=net8.0]
E:\vs\Projects\PlatformIndependentNuGetPackages\SunamoHtml\SunamoHtml\HtmlAgilityHelper1.cs(186,34): warning CA1002: Change 'List<HtmlNode>' in 'HtmlAgilityHelper.Nodes(HtmlNode, bool, string)' to use 'Collection<T>', 'ReadOnlyCollection<T>' or 'KeyedCollection<K,V>' (https://learn.microsoft.com/dotnet/fundamentals/code-analysis/quality-rules/ca1002) [E:\vs\Projects\PlatformIndependentNuGetPackages\SunamoHtml\SunamoHtml\SunamoHtml.csproj::TargetFramework=net8.0]
E:\vs\Projects\PlatformIndependentNuGetPackages\SunamoHtml\SunamoHtml\Generators\HtmlGenerator21.cs(208,29): warning CA1062: In externally visible method 'string HtmlGenerator2.GetRadioButtonsWoCheckDuplicate(string name, List<string> ids, List<string> labels, string eventHandlerSelected)', validate parameter 'ids' is non-null before using it. If appropriate, throw an 'ArgumentNullException' when the argument is 'null'. (https://learn.microsoft.com/dotnet/fundamentals/code-analysis/quality-rules/ca1062) [E:\vs\Projects\PlatformIndependentNuGetPackages\SunamoHtml\SunamoHtml\SunamoHtml.csproj::TargetFramework=net8.0]
E:\vs\Projects\PlatformIndependentNuGetPackages\SunamoHtml\SunamoHtml\Generators\HtmlGenerator21.cs(211,32): warning CA1062: In externally visible method 'string HtmlGenerator2.GetRadioButtonsWoCheckDuplicate(string name, List<string> ids, List<string> labels, string eventHandlerSelected)', validate parameter 'labels' is non-null before using it. If appropriate, throw an 'ArgumentNullException' when the argument is 'null'. (https://learn.microsoft.com/dotnet/fundamentals/code-analysis/quality-rules/ca1062) [E:\vs\Projects\PlatformIndependentNuGetPackages\SunamoHtml\SunamoHtml\SunamoHtml.csproj::TargetFramework=net8.0]
E:\vs\Projects\PlatformIndependentNuGetPackages\SunamoHtml\SunamoHtml\HtmlAgilityHelper1.cs(188,19): warning CA1311: Specify a culture or use an invariant version to avoid implicit dependency on current culture (https://learn.microsoft.com/dotnet/fundamentals/code-analysis/quality-rules/ca1311) [E:\vs\Projects\PlatformIndependentNuGetPackages\SunamoHtml\SunamoHtml\SunamoHtml.csproj::TargetFramework=net8.0]
E:\vs\Projects\PlatformIndependentNuGetPackages\SunamoHtml\SunamoHtml\HtmlAgilityHelper1.cs(188,15): warning CA1304: The behavior of 'string.ToLower()' could vary based on the current user's locale settings. Replace this call in 'HtmlAgilityHelper.Nodes(HtmlNode, bool, string)' with a call to 'string.ToLower(CultureInfo)'. (https://learn.microsoft.com/dotnet/fundamentals/code-analysis/quality-rules/ca1304) [E:\vs\Projects\PlatformIndependentNuGetPackages\SunamoHtml\SunamoHtml\SunamoHtml.csproj::TargetFramework=net8.0]
E:\vs\Projects\PlatformIndependentNuGetPackages\SunamoHtml\SunamoHtml\Generators\HtmlGenerator21.cs(255,194): warning CA1305: The behavior of 'short.ToString()' could vary based on the current user's locale settings. Replace this call in 'HtmlGenerator2.GetWordsForTagCloud(Dictionary<string, short>, string, string)' with a call to 'short.ToString(IFormatProvider)'. (https://learn.microsoft.com/dotnet/fundamentals/code-analysis/quality-rules/ca1305) [E:\vs\Projects\PlatformIndependentNuGetPackages\SunamoHtml\SunamoHtml\SunamoHtml.csproj::TargetFramework=net8.0]
E:\vs\Projects\PlatformIndependentNuGetPackages\SunamoHtml\SunamoHtml\Generators\HtmlGenerator21.cs(254,33): warning CA1307: 'string.Replace(string, string?)' has a method overload that takes a 'StringComparison' parameter. Replace this call in 'SunamoHtml.Generators.HtmlGenerator2.GetWordsForTagCloud(System.Collections.Generic.Dictionary<string, short>, string, string)' with a call to 'string.Replace(string, string?, System.StringComparison)' for clarity of intent. (https://learn.microsoft.com/dotnet/fundamentals/code-analysis/quality-rules/ca1307) [E:\vs\Projects\PlatformIndependentNuGetPackages\SunamoHtml\SunamoHtml\SunamoHtml.csproj::TargetFramework=net8.0]
E:\vs\Projects\PlatformIndependentNuGetPackages\SunamoHtml\SunamoHtml\Html\HtmlHelperShared2.cs(46,18): warning CA2000: Call System.IDisposable.Dispose on object created by 'XmlWriter.Create(sw)' before all references to it are out of scope (https://learn.microsoft.com/dotnet/fundamentals/code-analysis/quality-rules/ca2000) [E:\vs\Projects\PlatformIndependentNuGetPackages\SunamoHtml\SunamoHtml\SunamoHtml.csproj::TargetFramework=net8.0]
E:\vs\Projects\PlatformIndependentNuGetPackages\SunamoHtml\SunamoHtml\Html\HtmlHelperShared2.cs(148,64): warning CA1062: In externally visible method 'string HtmlHelper.ReturnApplyToAllTags(string text, string tagName, EditHtmlWidthHandler handler, string value)', validate parameter 'handler' is non-null before using it. If appropriate, throw an 'ArgumentNullException' when the argument is 'null'. (https://learn.microsoft.com/dotnet/fundamentals/code-analysis/quality-rules/ca1062) [E:\vs\Projects\PlatformIndependentNuGetPackages\SunamoHtml\SunamoHtml\SunamoHtml.csproj::TargetFramework=net8.0]
E:\vs\Projects\PlatformIndependentNuGetPackages\SunamoHtml\SunamoHtml\Generators\HtmlGenerator21.cs(31,22): warning CA1062: In externally visible method 'string HtmlGenerator2.TopListWithImages(HtmlGenerator htmlGenerator, int widthImage, int heightImage, string initialImageUri, List<string> photoLinks, List<string> textLinks, List<string> innerHtmlText, List<string> srcPhoto, List<string> idBadges, string arrayName)', validate parameter 'srcPhoto' is non-null before using it. If appropriate, throw an 'ArgumentNullException' when the argument is 'null'. (https://learn.microsoft.com/dotnet/fundamentals/code-analysis/quality-rules/ca1062) [E:\vs\Projects\PlatformIndependentNuGetPackages\SunamoHtml\SunamoHtml\SunamoHtml.csproj::TargetFramework=net8.0]
E:\vs\Projects\PlatformIndependentNuGetPackages\SunamoHtml\SunamoHtml\Generators\HtmlGenerator21.cs(24,21): warning CA1062: In externally visible method 'string HtmlGenerator2.TopListWithImages(HtmlGenerator htmlGenerator, int widthImage, int heightImage, string initialImageUri, List<string> photoLinks, List<string> textLinks, List<string> innerHtmlText, List<string> srcPhoto, List<string> idBadges, string arrayName)', validate parameter 'photoLinks' is non-null before using it. If appropriate, throw an 'ArgumentNullException' when the argument is 'null'. (https://learn.microsoft.com/dotnet/fundamentals/code-analysis/quality-rules/ca1062) [E:\vs\Projects\PlatformIndependentNuGetPackages\SunamoHtml\SunamoHtml\SunamoHtml.csproj::TargetFramework=net8.0]
E:\vs\Projects\PlatformIndependentNuGetPackages\SunamoHtml\SunamoHtml\Generators\HtmlGenerator21.cs(29,22): warning CA1062: In externally visible method 'string HtmlGenerator2.TopListWithImages(HtmlGenerator htmlGenerator, int widthImage, int heightImage, string initialImageUri, List<string> photoLinks, List<string> textLinks, List<string> innerHtmlText, List<string> srcPhoto, List<string> idBadges, string arrayName)', validate parameter 'innerHtmlText' is non-null before using it. If appropriate, throw an 'ArgumentNullException' when the argument is 'null'. (https://learn.microsoft.com/dotnet/fundamentals/code-analysis/quality-rules/ca1062) [E:\vs\Projects\PlatformIndependentNuGetPackages\SunamoHtml\SunamoHtml\SunamoHtml.csproj::TargetFramework=net8.0]
E:\vs\Projects\PlatformIndependentNuGetPackages\SunamoHtml\SunamoHtml\Generators\HtmlGenerator21.cs(40,13): warning CA1062: In externally visible method 'string HtmlGenerator2.TopListWithImages(HtmlGenerator htmlGenerator, int widthImage, int heightImage, string initialImageUri, List<string> photoLinks, List<string> textLinks, List<string> innerHtmlText, List<string> srcPhoto, List<string> idBadges, string arrayName)', validate parameter 'htmlGenerator' is non-null before using it. If appropriate, throw an 'ArgumentNullException' when the argument is 'null'. (https://learn.microsoft.com/dotnet/fundamentals/code-analysis/quality-rules/ca1062) [E:\vs\Projects\PlatformIndependentNuGetPackages\SunamoHtml\SunamoHtml\SunamoHtml.csproj::TargetFramework=net8.0]
E:\vs\Projects\PlatformIndependentNuGetPackages\SunamoHtml\SunamoHtml\Generators\HtmlGenerator21.cs(33,22): warning CA1062: In externally visible method 'string HtmlGenerator2.TopListWithImages(HtmlGenerator htmlGenerator, int widthImage, int heightImage, string initialImageUri, List<string> photoLinks, List<string> textLinks, List<string> innerHtmlText, List<string> srcPhoto, List<string> idBadges, string arrayName)', validate parameter 'idBadges' is non-null before using it. If appropriate, throw an 'ArgumentNullException' when the argument is 'null'. (https://learn.microsoft.com/dotnet/fundamentals/code-analysis/quality-rules/ca1062) [E:\vs\Projects\PlatformIndependentNuGetPackages\SunamoHtml\SunamoHtml\SunamoHtml.csproj::TargetFramework=net8.0]
E:\vs\Projects\PlatformIndependentNuGetPackages\SunamoHtml\SunamoHtml\Generators\HtmlGenerator21.cs(27,22): warning CA1062: In externally visible method 'string HtmlGenerator2.TopListWithImages(HtmlGenerator htmlGenerator, int widthImage, int heightImage, string initialImageUri, List<string> photoLinks, List<string> textLinks, List<string> innerHtmlText, List<string> srcPhoto, List<string> idBadges, string arrayName)', validate parameter 'textLinks' is non-null before using it. If appropriate, throw an 'ArgumentNullException' when the argument is 'null'. (https://learn.microsoft.com/dotnet/fundamentals/code-analysis/quality-rules/ca1062) [E:\vs\Projects\PlatformIndependentNuGetPackages\SunamoHtml\SunamoHtml\SunamoHtml.csproj::TargetFramework=net8.0]
E:\vs\Projects\PlatformIndependentNuGetPackages\SunamoHtml\SunamoHtml\Generators\HtmlGenerator21.cs(282,13): warning CA1820: Test for empty strings using 'string.Length' property or 'string.IsNullOrEmpty' method instead of an Equality check (https://learn.microsoft.com/dotnet/fundamentals/code-analysis/quality-rules/ca1820) [E:\vs\Projects\PlatformIndependentNuGetPackages\SunamoHtml\SunamoHtml\SunamoHtml.csproj::TargetFramework=net8.0]
E:\vs\Projects\PlatformIndependentNuGetPackages\SunamoHtml\SunamoHtml\HtmlAgilityHelper1.cs(188,15): warning CA1062: In externally visible method 'List<HtmlNode> HtmlAgilityHelper.Nodes(HtmlNode node, bool isRecursive, string tag)', validate parameter 'tag' is non-null before using it. If appropriate, throw an 'ArgumentNullException' when the argument is 'null'. (https://learn.microsoft.com/dotnet/fundamentals/code-analysis/quality-rules/ca1062) [E:\vs\Projects\PlatformIndependentNuGetPackages\SunamoHtml\SunamoHtml\SunamoHtml.csproj::TargetFramework=net8.0]
E:\vs\Projects\PlatformIndependentNuGetPackages\SunamoHtml\SunamoHtml\HtmlAgilityHelper1.cs(250,75): warning CA1002: Change 'List<HtmlNode>' in 'HtmlAgilityHelper.RecursiveReturnTagsWithContainsAttr(List<HtmlNode>, HtmlNode, bool, string, string, string, bool, [bool])' to use 'Collection<T>', 'ReadOnlyCollection<T>' or 'KeyedCollection<K,V>' (https://learn.microsoft.com/dotnet/fundamentals/code-analysis/quality-rules/ca1002) [E:\vs\Projects\PlatformIndependentNuGetPackages\SunamoHtml\SunamoHtml\SunamoHtml.csproj::TargetFramework=net8.0]
E:\vs\Projects\PlatformIndependentNuGetPackages\SunamoHtml\SunamoHtml\_sunamo\SunamoString\SH1.cs(73,13): warning CA1307: 'string.Contains(string)' has a method overload that takes a 'StringComparison' parameter. Replace this call in 'SunamoHtml._sunamo.SunamoString.SH.XCharsBeforeAndAfterWholeWords(string, int, int)' with a call to 'string.Contains(string, System.StringComparison)' for clarity of intent. (https://learn.microsoft.com/dotnet/fundamentals/code-analysis/quality-rules/ca1307) [E:\vs\Projects\PlatformIndependentNuGetPackages\SunamoHtml\SunamoHtml\SunamoHtml.csproj::TargetFramework=net8.0]
E:\vs\Projects\PlatformIndependentNuGetPackages\SunamoHtml\SunamoHtml\_sunamo\SunamoString\SH1.cs(73,57): warning CA1307: 'string.Contains(string)' has a method overload that takes a 'StringComparison' parameter. Replace this call in 'SunamoHtml._sunamo.SunamoString.SH.XCharsBeforeAndAfterWholeWords(string, int, int)' with a call to 'string.Contains(string, System.StringComparison)' for clarity of intent. (https://learn.microsoft.com/dotnet/fundamentals/code-analysis/quality-rules/ca1307) [E:\vs\Projects\PlatformIndependentNuGetPackages\SunamoHtml\SunamoHtml\SunamoHtml.csproj::TargetFramework=net8.0]
E:\vs\Projects\PlatformIndependentNuGetPackages\SunamoHtml\SunamoHtml\_sunamo\SunamoString\SH1.cs(31,21): warning CA1820: Test for empty strings using 'string.Length' property or 'string.IsNullOrEmpty' method instead of an Equality check (https://learn.microsoft.com/dotnet/fundamentals/code-analysis/quality-rules/ca1820) [E:\vs\Projects\PlatformIndependentNuGetPackages\SunamoHtml\SunamoHtml\SunamoHtml.csproj::TargetFramework=net8.0]
E:\vs\Projects\PlatformIndependentNuGetPackages\SunamoHtml\SunamoHtml\_sunamo\SunamoString\SH1.cs(57,21): warning CA1820: Test for empty strings using 'string.Length' property or 'string.IsNullOrEmpty' method instead of an Equality check (https://learn.microsoft.com/dotnet/fundamentals/code-analysis/quality-rules/ca1820) [E:\vs\Projects\PlatformIndependentNuGetPackages\SunamoHtml\SunamoHtml\SunamoHtml.csproj::TargetFramework=net8.0]
E:\vs\Projects\PlatformIndependentNuGetPackages\SunamoHtml\SunamoHtml\Generators\HtmlGenerator21.cs(320,16): warning CA1307: 'string.Replace(string, string?)' has a method overload that takes a 'StringComparison' parameter. Replace this call in 'SunamoHtml.Generators.HtmlGenerator2.ShortForLettersCount(string, int)' with a call to 'string.Replace(string, string?, System.StringComparison)' for clarity of intent. (https://learn.microsoft.com/dotnet/fundamentals/code-analysis/quality-rules/ca1307) [E:\vs\Projects\PlatformIndependentNuGetPackages\SunamoHtml\SunamoHtml\SunamoHtml.csproj::TargetFramework=net8.0]
E:\vs\Projects\PlatformIndependentNuGetPackages\SunamoHtml\SunamoHtml\_sunamo\SunamoString\SH1.cs(131,25): warning CA1311: Specify a culture or use an invariant version to avoid implicit dependency on current culture (https://learn.microsoft.com/dotnet/fundamentals/code-analysis/quality-rules/ca1311) [E:\vs\Projects\PlatformIndependentNuGetPackages\SunamoHtml\SunamoHtml\SunamoHtml.csproj::TargetFramework=net8.0]
E:\vs\Projects\PlatformIndependentNuGetPackages\SunamoHtml\SunamoHtml\_sunamo\SunamoString\SH1.cs(133,35): warning CA1311: Specify a culture or use an invariant version to avoid implicit dependency on current culture (https://learn.microsoft.com/dotnet/fundamentals/code-analysis/quality-rules/ca1311) [E:\vs\Projects\PlatformIndependentNuGetPackages\SunamoHtml\SunamoHtml\SunamoHtml.csproj::TargetFramework=net8.0]
E:\vs\Projects\PlatformIndependentNuGetPackages\SunamoHtml\SunamoHtml\HtmlAgilityHelper1.cs(268,75): warning CA1002: Change 'List<HtmlNode>' in 'HtmlAgilityHelper.RecursiveReturnTagsWithContainsAttr(List<HtmlNode>, HtmlNode, bool, string, string, string, bool, bool, [bool])' to use 'Collection<T>', 'ReadOnlyCollection<T>' or 'KeyedCollection<K,V>' (https://learn.microsoft.com/dotnet/fundamentals/code-analysis/quality-rules/ca1002) [E:\vs\Projects\PlatformIndependentNuGetPackages\SunamoHtml\SunamoHtml\SunamoHtml.csproj::TargetFramework=net8.0]
E:\vs\Projects\PlatformIndependentNuGetPackages\SunamoHtml\SunamoHtml\_sunamo\SunamoString\SH1.cs(131,20): warning CA1304: The behavior of 'string.ToUpper()' could vary based on the current user's locale settings. Replace this call in 'SH.FirstCharUpper(string)' with a call to 'string.ToUpper(CultureInfo)'. (https://learn.microsoft.com/dotnet/fundamentals/code-analysis/quality-rules/ca1304) [E:\vs\Projects\PlatformIndependentNuGetPackages\SunamoHtml\SunamoHtml\SunamoHtml.csproj::TargetFramework=net8.0]
E:\vs\Projects\PlatformIndependentNuGetPackages\SunamoHtml\SunamoHtml\_sunamo\SunamoString\SH1.cs(133,16): warning CA1304: The behavior of 'string.ToUpper()' could vary based on the current user's locale settings. Replace this call in 'SH.FirstCharUpper(string)' with a call to 'string.ToUpper(CultureInfo)'. (https://learn.microsoft.com/dotnet/fundamentals/code-analysis/quality-rules/ca1304) [E:\vs\Projects\PlatformIndependentNuGetPackages\SunamoHtml\SunamoHtml\SunamoHtml.csproj::TargetFramework=net8.0]
E:\vs\Projects\PlatformIndependentNuGetPackages\SunamoHtml\SunamoHtml\HtmlAgilityHelper1.cs(271,27): warning CA1311: Specify a culture or use an invariant version to avoid implicit dependency on current culture (https://learn.microsoft.com/dotnet/fundamentals/code-analysis/quality-rules/ca1311) [E:\vs\Projects\PlatformIndependentNuGetPackages\SunamoHtml\SunamoHtml\SunamoHtml.csproj::TargetFramework=net8.0]
E:\vs\Projects\PlatformIndependentNuGetPackages\SunamoHtml\SunamoHtml\HtmlAgilityHelper1.cs(271,19): warning CA1304: The behavior of 'string.ToLower()' could vary based on the current user's locale settings. Replace this call in 'HtmlAgilityHelper.RecursiveReturnTagsWithContainsAttr(List<HtmlNode>, HtmlNode, bool, string, string, string, bool, bool, [bool])' with a call to 'string.ToLower(CultureInfo)'. (https://learn.microsoft.com/dotnet/fundamentals/code-analysis/quality-rules/ca1304) [E:\vs\Projects\PlatformIndependentNuGetPackages\SunamoHtml\SunamoHtml\SunamoHtml.csproj::TargetFramework=net8.0]
E:\vs\Projects\PlatformIndependentNuGetPackages\SunamoHtml\SunamoHtml\Generators\HtmlGenerator21.cs(320,16): warning CA1062: In externally visible method 'string HtmlGenerator2.ShortForLettersCount(string text, int maxLength)', validate parameter 'text' is non-null before using it. If appropriate, throw an 'ArgumentNullException' when the argument is 'null'. (https://learn.microsoft.com/dotnet/fundamentals/code-analysis/quality-rules/ca1062) [E:\vs\Projects\PlatformIndependentNuGetPackages\SunamoHtml\SunamoHtml\SunamoHtml.csproj::TargetFramework=net8.0]
E:\vs\Projects\PlatformIndependentNuGetPackages\SunamoHtml\SunamoHtml\HtmlAgilityHelper1.cs(302,34): warning CA1002: Change 'List<HtmlNode>' in 'HtmlAgilityHelper.NodesWithAttrWildCard(HtmlNode, bool, string, string, string, [bool])' to use 'Collection<T>', 'ReadOnlyCollection<T>' or 'KeyedCollection<K,V>' (https://learn.microsoft.com/dotnet/fundamentals/code-analysis/quality-rules/ca1002) [E:\vs\Projects\PlatformIndependentNuGetPackages\SunamoHtml\SunamoHtml\SunamoHtml.csproj::TargetFramework=net8.0]
E:\vs\Projects\PlatformIndependentNuGetPackages\SunamoHtml\SunamoHtml\HtmlAgilityHelper1.cs(317,34): warning CA1002: Change 'List<HtmlNode>' in 'HtmlAgilityHelper.NodesWithAttr(HtmlNode, bool, string, string, string, [bool])' to use 'Collection<T>', 'ReadOnlyCollection<T>' or 'KeyedCollection<K,V>' (https://learn.microsoft.com/dotnet/fundamentals/code-analysis/quality-rules/ca1002) [E:\vs\Projects\PlatformIndependentNuGetPackages\SunamoHtml\SunamoHtml\SunamoHtml.csproj::TargetFramework=net8.0]
E:\vs\Projects\PlatformIndependentNuGetPackages\SunamoHtml\SunamoHtml\Html\HtmlHelperShared2.cs(199,51): warning CA1311: Specify a culture or use an invariant version to avoid implicit dependency on current culture (https://learn.microsoft.com/dotnet/fundamentals/code-analysis/quality-rules/ca1311) [E:\vs\Projects\PlatformIndependentNuGetPackages\SunamoHtml\SunamoHtml\SunamoHtml.csproj::TargetFramework=net8.0]
E:\vs\Projects\PlatformIndependentNuGetPackages\SunamoHtml\SunamoHtml\Html\HtmlHelperShared2.cs(199,81): warning CA1311: Specify a culture or use an invariant version to avoid implicit dependency on current culture (https://learn.microsoft.com/dotnet/fundamentals/code-analysis/quality-rules/ca1311) [E:\vs\Projects\PlatformIndependentNuGetPackages\SunamoHtml\SunamoHtml\SunamoHtml.csproj::TargetFramework=net8.0]
E:\vs\Projects\PlatformIndependentNuGetPackages\SunamoHtml\SunamoHtml\Html\HtmlHelperShared2.cs(192,37): warning CA1847: Use 'string.Contains(char)' instead of 'string.Contains(string)' when searching for a single character (https://learn.microsoft.com/dotnet/fundamentals/code-analysis/quality-rules/ca1847) [E:\vs\Projects\PlatformIndependentNuGetPackages\SunamoHtml\SunamoHtml\SunamoHtml.csproj::TargetFramework=net8.0]
E:\vs\Projects\PlatformIndependentNuGetPackages\SunamoHtml\SunamoHtml\Html\HtmlHelperShared2.cs(196,35): warning CA1847: Use 'string.Contains(char)' instead of 'string.Contains(string)' when searching for a single character (https://learn.microsoft.com/dotnet/fundamentals/code-analysis/quality-rules/ca1847) [E:\vs\Projects\PlatformIndependentNuGetPackages\SunamoHtml\SunamoHtml\SunamoHtml.csproj::TargetFramework=net8.0]
E:\vs\Projects\PlatformIndependentNuGetPackages\SunamoHtml\SunamoHtml\Html\HtmlHelperShared2.cs(199,32): warning CA1304: The behavior of 'string.ToLower()' could vary based on the current user's locale settings. Replace this call in 'HtmlHelper.GetValuesOfStyle(HtmlNode)' with a call to 'string.ToLower(CultureInfo)'. (https://learn.microsoft.com/dotnet/fundamentals/code-analysis/quality-rules/ca1304) [E:\vs\Projects\PlatformIndependentNuGetPackages\SunamoHtml\SunamoHtml\SunamoHtml.csproj::TargetFramework=net8.0]
E:\vs\Projects\PlatformIndependentNuGetPackages\SunamoHtml\SunamoHtml\Html\HtmlHelperShared2.cs(199,62): warning CA1304: The behavior of 'string.ToLower()' could vary based on the current user's locale settings. Replace this call in 'HtmlHelper.GetValuesOfStyle(HtmlNode)' with a call to 'string.ToLower(CultureInfo)'. (https://learn.microsoft.com/dotnet/fundamentals/code-analysis/quality-rules/ca1304) [E:\vs\Projects\PlatformIndependentNuGetPackages\SunamoHtml\SunamoHtml\SunamoHtml.csproj::TargetFramework=net8.0]
E:\vs\Projects\PlatformIndependentNuGetPackages\SunamoHtml\SunamoHtml\Html\HtmlHelperShared2.cs(192,13): warning CA1307: 'string.Contains(string)' has a method overload that takes a 'StringComparison' parameter. Replace this call in 'SunamoHtml.Html.HtmlHelper.GetValuesOfStyle(HtmlAgilityPack.HtmlNode)' with a call to 'string.Contains(string, System.StringComparison)' for clarity of intent. (https://learn.microsoft.com/dotnet/fundamentals/code-analysis/quality-rules/ca1307) [E:\vs\Projects\PlatformIndependentNuGetPackages\SunamoHtml\SunamoHtml\SunamoHtml.csproj::TargetFramework=net8.0]
E:\vs\Projects\PlatformIndependentNuGetPackages\SunamoHtml\SunamoHtml\Html\HtmlHelperShared2.cs(196,21): warning CA1307: 'string.Contains(string)' has a method overload that takes a 'StringComparison' parameter. Replace this call in 'SunamoHtml.Html.HtmlHelper.GetValuesOfStyle(HtmlAgilityPack.HtmlNode)' with a call to 'string.Contains(string, System.StringComparison)' for clarity of intent. (https://learn.microsoft.com/dotnet/fundamentals/code-analysis/quality-rules/ca1307) [E:\vs\Projects\PlatformIndependentNuGetPackages\SunamoHtml\SunamoHtml\SunamoHtml.csproj::TargetFramework=net8.0]
E:\vs\Projects\PlatformIndependentNuGetPackages\SunamoHtml\SunamoHtml\Html\HtmlHelperShared2.cs(214,30): warning CA1062: In externally visible method 'HtmlNode HtmlHelper.GetTag(HtmlNode htmlNode, string tagName)', validate parameter 'htmlNode' is non-null before using it. If appropriate, throw an 'ArgumentNullException' when the argument is 'null'. (https://learn.microsoft.com/dotnet/fundamentals/code-analysis/quality-rules/ca1062) [E:\vs\Projects\PlatformIndependentNuGetPackages\SunamoHtml\SunamoHtml\SunamoHtml.csproj::TargetFramework=net8.0]
E:\vs\Projects\PlatformIndependentNuGetPackages\SunamoHtml\SunamoHtml\_sunamo\SunamoString\SH1.cs(191,19): warning CA1307: 'string.Replace(string, string?)' has a method overload that takes a 'StringComparison' parameter. Replace this call in 'SunamoHtml._sunamo.SunamoString.SH.IsMatchRegex(string, string, char, char)' with a call to 'string.Replace(string, string?, System.StringComparison)' for clarity of intent. (https://learn.microsoft.com/dotnet/fundamentals/code-analysis/quality-rules/ca1307) [E:\vs\Projects\PlatformIndependentNuGetPackages\SunamoHtml\SunamoHtml\SunamoHtml.csproj::TargetFramework=net8.0]
E:\vs\Projects\PlatformIndependentNuGetPackages\SunamoHtml\SunamoHtml\_sunamo\SunamoString\SH1.cs(192,25): warning CA1307: 'string.Replace(string, string?)' has a method overload that takes a 'StringComparison' parameter. Replace this call in 'SunamoHtml._sunamo.SunamoString.SH.IsMatchRegex(string, string, char, char)' with a call to 'string.Replace(string, string?, System.StringComparison)' for clarity of intent. (https://learn.microsoft.com/dotnet/fundamentals/code-analysis/quality-rules/ca1307) [E:\vs\Projects\PlatformIndependentNuGetPackages\SunamoHtml\SunamoHtml\SunamoHtml.csproj::TargetFramework=net8.0]
E:\vs\Projects\PlatformIndependentNuGetPackages\SunamoHtml\SunamoHtml\Generators\HtmlGenerator22.cs(16,118): warning CA1002: Change 'List<string>' in 'HtmlGenerator2.GetForCheckBoxListWoCheckDuplicate(string, string, List<string>, List<string>)' to use 'Collection<T>', 'ReadOnlyCollection<T>' or 'KeyedCollection<K,V>' (https://learn.microsoft.com/dotnet/fundamentals/code-analysis/quality-rules/ca1002) [E:\vs\Projects\PlatformIndependentNuGetPackages\SunamoHtml\SunamoHtml\SunamoHtml.csproj::TargetFramework=net8.0]
E:\vs\Projects\PlatformIndependentNuGetPackages\SunamoHtml\SunamoHtml\Generators\HtmlGenerator22.cs(16,145): warning CA1002: Change 'List<string>' in 'HtmlGenerator2.GetForCheckBoxListWoCheckDuplicate(string, string, List<string>, List<string>)' to use 'Collection<T>', 'ReadOnlyCollection<T>' or 'KeyedCollection<K,V>' (https://learn.microsoft.com/dotnet/fundamentals/code-analysis/quality-rules/ca1002) [E:\vs\Projects\PlatformIndependentNuGetPackages\SunamoHtml\SunamoHtml\SunamoHtml.csproj::TargetFramework=net8.0]
E:\vs\Projects\PlatformIndependentNuGetPackages\SunamoHtml\SunamoHtml\Html\HtmlHelperShared2.cs(257,34): warning CA1002: Change 'List<HtmlNode>' in 'HtmlHelper.ReturnAllTagsImg(HtmlNode, string)' to use 'Collection<T>', 'ReadOnlyCollection<T>' or 'KeyedCollection<K,V>' (https://learn.microsoft.com/dotnet/fundamentals/code-analysis/quality-rules/ca1002) [E:\vs\Projects\PlatformIndependentNuGetPackages\SunamoHtml\SunamoHtml\SunamoHtml.csproj::TargetFramework=net8.0]
E:\vs\Projects\PlatformIndependentNuGetPackages\SunamoHtml\SunamoHtml\HtmlAgilityHelper1.cs(50,30): warning CA1062: In externally visible method 'List<HtmlNode> HtmlAgilityHelper.TrimComments(List<HtmlNode> nodes)', validate parameter 'nodes' is non-null before using it. If appropriate, throw an 'ArgumentNullException' when the argument is 'null'. (https://learn.microsoft.com/dotnet/fundamentals/code-analysis/quality-rules/ca1062) [E:\vs\Projects\PlatformIndependentNuGetPackages\SunamoHtml\SunamoHtml\SunamoHtml.csproj::TargetFramework=net8.0]
E:\vs\Projects\PlatformIndependentNuGetPackages\SunamoHtml\SunamoHtml\Generators\HtmlGenerator22.cs(20,19): warning CA2201: Exception type System.Exception is not sufficiently specific (https://learn.microsoft.com/dotnet/fundamentals/code-analysis/quality-rules/ca2201) [E:\vs\Projects\PlatformIndependentNuGetPackages\SunamoHtml\SunamoHtml\SunamoHtml.csproj::TargetFramework=net8.0]
E:\vs\Projects\PlatformIndependentNuGetPackages\SunamoHtml\SunamoHtml\Generators\HtmlGenerator22.cs(42,9): warning CA1062: In externally visible method 'string HtmlGenerator2.HtmlGeneratorToString(Action<HtmlGenerator> action)', validate parameter 'action' is non-null before using it. If appropriate, throw an 'ArgumentNullException' when the argument is 'null'. (https://learn.microsoft.com/dotnet/fundamentals/code-analysis/quality-rules/ca1062) [E:\vs\Projects\PlatformIndependentNuGetPackages\SunamoHtml\SunamoHtml\SunamoHtml.csproj::TargetFramework=net8.0]
E:\vs\Projects\PlatformIndependentNuGetPackages\SunamoHtml\SunamoHtml\Html\HtmlHelperShared2.cs(283,34): warning CA1002: Change 'List<HtmlNode>' in 'HtmlHelper.ReturnTags(HtmlNode, string)' to use 'Collection<T>', 'ReadOnlyCollection<T>' or 'KeyedCollection<K,V>' (https://learn.microsoft.com/dotnet/fundamentals/code-analysis/quality-rules/ca1002) [E:\vs\Projects\PlatformIndependentNuGetPackages\SunamoHtml\SunamoHtml\SunamoHtml.csproj::TargetFramework=net8.0]
E:\vs\Projects\PlatformIndependentNuGetPackages\SunamoHtml\SunamoHtml\Generators\HtmlGenerator22.cs(89,55): warning CA1054: Change the type of parameter 'uri' of method 'HtmlGenerator2.AnchorWithCustomLabel(string, string)' from 'string' to 'System.Uri', or provide an overload to 'HtmlGenerator2.AnchorWithCustomLabel(string, string)' that allows 'uri' to be passed as a 'System.Uri' object (https://learn.microsoft.com/dotnet/fundamentals/code-analysis/quality-rules/ca1054) [E:\vs\Projects\PlatformIndependentNuGetPackages\SunamoHtml\SunamoHtml\SunamoHtml.csproj::TargetFramework=net8.0]
E:\vs\Projects\PlatformIndependentNuGetPackages\SunamoHtml\SunamoHtml\Html\HtmlHelperShared3.cs(47,34): warning CA1002: Change 'List<HtmlNode>' in 'HtmlHelper.ReturnTagsWithAttrRek2(HtmlNode, string, string, string)' to use 'Collection<T>', 'ReadOnlyCollection<T>' or 'KeyedCollection<K,V>' (https://learn.microsoft.com/dotnet/fundamentals/code-analysis/quality-rules/ca1002) [E:\vs\Projects\PlatformIndependentNuGetPackages\SunamoHtml\SunamoHtml\SunamoHtml.csproj::TargetFramework=net8.0]
E:\vs\Projects\PlatformIndependentNuGetPackages\SunamoHtml\SunamoHtml\Html\HtmlHelperShared2.cs(286,30): warning CA1062: In externally visible method 'List<HtmlNode> HtmlHelper.ReturnTags(HtmlNode htmlNode, string tagName)', validate parameter 'htmlNode' is non-null before using it. If appropriate, throw an 'ArgumentNullException' when the argument is 'null'. (https://learn.microsoft.com/dotnet/fundamentals/code-analysis/quality-rules/ca1062) [E:\vs\Projects\PlatformIndependentNuGetPackages\SunamoHtml\SunamoHtml\SunamoHtml.csproj::TargetFramework=net8.0]
E:\vs\Projects\PlatformIndependentNuGetPackages\SunamoHtml\SunamoHtml\Generators\HtmlGenerator22.cs(66,9): warning CA1062: In externally visible method 'void HtmlGenerator2.ButtonDelete(HtmlGenerator htmlGenerator, string text, string attributeName, string attributeValue)', validate parameter 'htmlGenerator' is non-null before using it. If appropriate, throw an 'ArgumentNullException' when the argument is 'null'. (https://learn.microsoft.com/dotnet/fundamentals/code-analysis/quality-rules/ca1062) [E:\vs\Projects\PlatformIndependentNuGetPackages\SunamoHtml\SunamoHtml\SunamoHtml.csproj::TargetFramework=net8.0]
E:\vs\Projects\PlatformIndependentNuGetPackages\SunamoHtml\SunamoHtml\Html\HtmlHelperShared3.cs(66,34): warning CA1002: Change 'List<HtmlNode>' in 'HtmlHelper.GetTagsOfAtribute(HtmlNode, string, string, string)' to use 'Collection<T>', 'ReadOnlyCollection<T>' or 'KeyedCollection<K,V>' (https://learn.microsoft.com/dotnet/fundamentals/code-analysis/quality-rules/ca1002) [E:\vs\Projects\PlatformIndependentNuGetPackages\SunamoHtml\SunamoHtml\SunamoHtml.csproj::TargetFramework=net8.0]
E:\vs\Projects\PlatformIndependentNuGetPackages\SunamoHtml\SunamoHtml\Html\HtmlHelperShared2.cs(260,30): warning CA1062: In externally visible method 'List<HtmlNode> HtmlHelper.ReturnAllTagsImg(HtmlNode htmlNode, string tagName)', validate parameter 'htmlNode' is non-null before using it. If appropriate, throw an 'ArgumentNullException' when the argument is 'null'. (https://learn.microsoft.com/dotnet/fundamentals/code-analysis/quality-rules/ca1062) [E:\vs\Projects\PlatformIndependentNuGetPackages\SunamoHtml\SunamoHtml\SunamoHtml.csproj::TargetFramework=net8.0]
E:\vs\Projects\PlatformIndependentNuGetPackages\SunamoHtml\SunamoHtml\Html\HtmlHelperShared3.cs(102,75): warning CA1002: Change 'List<HtmlNode>' in 'HtmlHelper.RecursiveReturnTagsWithContainsAttr(List<HtmlNode>, HtmlNode, string, string, string, bool, bool)' to use 'Collection<T>', 'ReadOnlyCollection<T>' or 'KeyedCollection<K,V>' (https://learn.microsoft.com/dotnet/fundamentals/code-analysis/quality-rules/ca1002) [E:\vs\Projects\PlatformIndependentNuGetPackages\SunamoHtml\SunamoHtml\SunamoHtml.csproj::TargetFramework=net8.0]
E:\vs\Projects\PlatformIndependentNuGetPackages\SunamoHtml\SunamoHtml\Generators\HtmlGenerator22.cs(19,35): warning CA1062: In externally visible method 'string HtmlGenerator2.GetForCheckBoxListWoCheckDuplicate(string idClassCheckbox, string idClassSpan, List<string> idCheckBoxes, List<string> list)', validate parameter 'list' is non-null before using it. If appropriate, throw an 'ArgumentNullException' when the argument is 'null'. (https://learn.microsoft.com/dotnet/fundamentals/code-analysis/quality-rules/ca1062) [E:\vs\Projects\PlatformIndependentNuGetPackages\SunamoHtml\SunamoHtml\SunamoHtml.csproj::TargetFramework=net8.0]
E:\vs\Projects\PlatformIndependentNuGetPackages\SunamoHtml\SunamoHtml\Generators\HtmlGenerator22.cs(19,13): warning CA1062: In externally visible method 'string HtmlGenerator2.GetForCheckBoxListWoCheckDuplicate(string idClassCheckbox, string idClassSpan, List<string> idCheckBoxes, List<string> list)', validate parameter 'idCheckBoxes' is non-null before using it. If appropriate, throw an 'ArgumentNullException' when the argument is 'null'. (https://learn.microsoft.com/dotnet/fundamentals/code-analysis/quality-rules/ca1062) [E:\vs\Projects\PlatformIndependentNuGetPackages\SunamoHtml\SunamoHtml\SunamoHtml.csproj::TargetFramework=net8.0]
E:\vs\Projects\PlatformIndependentNuGetPackages\SunamoHtml\SunamoHtml\Generators\HtmlGenerator22.cs(100,54): warning CA1002: Change 'List<string>' in 'HtmlGenerator2.AllMonthsTable(List<string>, List<string>)' to use 'Collection<T>', 'ReadOnlyCollection<T>' or 'KeyedCollection<K,V>' (https://learn.microsoft.com/dotnet/fundamentals/code-analysis/quality-rules/ca1002) [E:\vs\Projects\PlatformIndependentNuGetPackages\SunamoHtml\SunamoHtml\SunamoHtml.csproj::TargetFramework=net8.0]
E:\vs\Projects\PlatformIndependentNuGetPackages\SunamoHtml\SunamoHtml\Generators\HtmlGenerator22.cs(100,86): warning CA1002: Change 'List<string>' in 'HtmlGenerator2.AllMonthsTable(List<string>, List<string>)' to use 'Collection<T>', 'ReadOnlyCollection<T>' or 'KeyedCollection<K,V>' (https://learn.microsoft.com/dotnet/fundamentals/code-analysis/quality-rules/ca1002) [E:\vs\Projects\PlatformIndependentNuGetPackages\SunamoHtml\SunamoHtml\SunamoHtml.csproj::TargetFramework=net8.0]
E:\vs\Projects\PlatformIndependentNuGetPackages\SunamoHtml\SunamoHtml\Html\HtmlHelperShared3.cs(108,30): warning CA1307: 'string.Contains(string)' has a method overload that takes a 'StringComparison' parameter. Replace this call in 'SunamoHtml.Html.HtmlHelper.RecursiveReturnTagsWithContainsAttr(System.Collections.Generic.List<HtmlAgilityPack.HtmlNode>, HtmlAgilityPack.HtmlNode, string, string, string, bool, bool)' with a call to 'string.Contains(string, System.StringComparison)' for clarity of intent. (https://learn.microsoft.com/dotnet/fundamentals/code-analysis/quality-rules/ca1307) [E:\vs\Projects\PlatformIndependentNuGetPackages\SunamoHtml\SunamoHtml\SunamoHtml.csproj::TargetFramework=net8.0]
E:\vs\Projects\PlatformIndependentNuGetPackages\SunamoHtml\SunamoHtml\HtmlAgilityHelper1.cs(166,17): warning CA1062: In externally visible method 'void HtmlAgilityHelper.RecursiveReturnTags(List<HtmlNode> result, HtmlNode htmlNode, bool isRecursive, bool isSingle, string tagName)', validate parameter 'result' is non-null before using it. If appropriate, throw an 'ArgumentNullException' when the argument is 'null'. (https://learn.microsoft.com/dotnet/fundamentals/code-analysis/quality-rules/ca1062) [E:\vs\Projects\PlatformIndependentNuGetPackages\SunamoHtml\SunamoHtml\SunamoHtml.csproj::TargetFramework=net8.0]
E:\vs\Projects\PlatformIndependentNuGetPackages\SunamoHtml\SunamoHtml\Html\HtmlHelperShared3.cs(159,34): warning CA1002: Change 'List<HtmlNode>' in 'HtmlHelper.ReturnTagsWithContainsAttrRek(HtmlNode, string, string, string)' to use 'Collection<T>', 'ReadOnlyCollection<T>' or 'KeyedCollection<K,V>' (https://learn.microsoft.com/dotnet/fundamentals/code-analysis/quality-rules/ca1002) [E:\vs\Projects\PlatformIndependentNuGetPackages\SunamoHtml\SunamoHtml\SunamoHtml.csproj::TargetFramework=net8.0]
E:\vs\Projects\PlatformIndependentNuGetPackages\SunamoHtml\SunamoHtml\Generators\HtmlGenerator22.cs(103,19): warning CA2201: Exception type System.Exception is not sufficiently specific (https://learn.microsoft.com/dotnet/fundamentals/code-analysis/quality-rules/ca2201) [E:\vs\Projects\PlatformIndependentNuGetPackages\SunamoHtml\SunamoHtml\SunamoHtml.csproj::TargetFramework=net8.0]
E:\vs\Projects\PlatformIndependentNuGetPackages\SunamoHtml\SunamoHtml\Generators\HtmlGenerator22.cs(105,19): warning CA2201: Exception type System.Exception is not sufficiently specific (https://learn.microsoft.com/dotnet/fundamentals/code-analysis/quality-rules/ca2201) [E:\vs\Projects\PlatformIndependentNuGetPackages\SunamoHtml\SunamoHtml\SunamoHtml.csproj::TargetFramework=net8.0]
E:\vs\Projects\PlatformIndependentNuGetPackages\SunamoHtml\SunamoHtml\Html\HtmlHelperSunamoCz.cs(18,16): warning CA1062: In externally visible method 'string HtmlHelperSunamoCz.ConvertTextToHtmlWithAnchors(string text, ref string error)', validate parameter 'text' is non-null before using it. If appropriate, throw an 'ArgumentNullException' when the argument is 'null'. (https://learn.microsoft.com/dotnet/fundamentals/code-analysis/quality-rules/ca1062) [E:\vs\Projects\PlatformIndependentNuGetPackages\SunamoHtml\SunamoHtml\SunamoHtml.csproj::TargetFramework=net8.0]
E:\vs\Projects\PlatformIndependentNuGetPackages\SunamoHtml\SunamoHtml\Html\HtmlHelperShared3.cs(69,35): warning CA1062: In externally visible method 'List<HtmlNode> HtmlHelper.GetTagsOfAtribute(HtmlNode htmlNode, string tagName, string attributeName, string attributeValue)', validate parameter 'htmlNode' is non-null before using it. If appropriate, throw an 'ArgumentNullException' when the argument is 'null'. (https://learn.microsoft.com/dotnet/fundamentals/code-analysis/quality-rules/ca1062) [E:\vs\Projects\PlatformIndependentNuGetPackages\SunamoHtml\SunamoHtml\SunamoHtml.csproj::TargetFramework=net8.0]
E:\vs\Projects\PlatformIndependentNuGetPackages\SunamoHtml\SunamoHtml\Html\HtmlHelperShared3.cs(177,34): warning CA1002: Change 'List<HtmlNode>' in 'HtmlHelper.ReturnTagsWithContainsAttrRek(HtmlNode, string, string, string, bool, bool)' to use 'Collection<T>', 'ReadOnlyCollection<T>' or 'KeyedCollection<K,V>' (https://learn.microsoft.com/dotnet/fundamentals/code-analysis/quality-rules/ca1002) [E:\vs\Projects\PlatformIndependentNuGetPackages\SunamoHtml\SunamoHtml\SunamoHtml.csproj::TargetFramework=net8.0]
E:\vs\Projects\PlatformIndependentNuGetPackages\SunamoHtml\SunamoHtml\Html\HtmlHelperShared3.cs(193,34): warning CA1002: Change 'List<HtmlNode>' in 'HtmlHelper.ReturnTagsWithContainsClassRek(HtmlNode, string, string)' to use 'Collection<T>', 'ReadOnlyCollection<T>' or 'KeyedCollection<K,V>' (https://learn.microsoft.com/dotnet/fundamentals/code-analysis/quality-rules/ca1002) [E:\vs\Projects\PlatformIndependentNuGetPackages\SunamoHtml\SunamoHtml\SunamoHtml.csproj::TargetFramework=net8.0]
E:\vs\Projects\PlatformIndependentNuGetPackages\SunamoHtml\SunamoHtml\Generators\HtmlGenerator22.cs(156,53): warning CA1002: Change 'List<string>' in 'HtmlGenerator2.AllYearsTable(List<string>, List<string>, List<string>)' to use 'Collection<T>', 'ReadOnlyCollection<T>' or 'KeyedCollection<K,V>' (https://learn.microsoft.com/dotnet/fundamentals/code-analysis/quality-rules/ca1002) [E:\vs\Projects\PlatformIndependentNuGetPackages\SunamoHtml\SunamoHtml\SunamoHtml.csproj::TargetFramework=net8.0]
E:\vs\Projects\PlatformIndependentNuGetPackages\SunamoHtml\SunamoHtml\Generators\HtmlGenerator22.cs(156,73): warning CA1002: Change 'List<string>' in 'HtmlGenerator2.AllYearsTable(List<string>, List<string>, List<string>)' to use 'Collection<T>', 'ReadOnlyCollection<T>' or 'KeyedCollection<K,V>' (https://learn.microsoft.com/dotnet/fundamentals/code-analysis/quality-rules/ca1002) [E:\vs\Projects\PlatformIndependentNuGetPackages\SunamoHtml\SunamoHtml\SunamoHtml.csproj::TargetFramework=net8.0]
E:\vs\Projects\PlatformIndependentNuGetPackages\SunamoHtml\SunamoHtml\Generators\HtmlGenerator22.cs(156,105): warning CA1002: Change 'List<string>' in 'HtmlGenerator2.AllYearsTable(List<string>, List<string>, List<string>)' to use 'Collection<T>', 'ReadOnlyCollection<T>' or 'KeyedCollection<K,V>' (https://learn.microsoft.com/dotnet/fundamentals/code-analysis/quality-rules/ca1002) [E:\vs\Projects\PlatformIndependentNuGetPackages\SunamoHtml\SunamoHtml\SunamoHtml.csproj::TargetFramework=net8.0]
E:\vs\Projects\PlatformIndependentNuGetPackages\SunamoHtml\SunamoHtml\Generators\HtmlGenerator22.cs(160,19): warning CA2201: Exception type System.Exception is not sufficiently specific (https://learn.microsoft.com/dotnet/fundamentals/code-analysis/quality-rules/ca2201) [E:\vs\Projects\PlatformIndependentNuGetPackages\SunamoHtml\SunamoHtml\SunamoHtml.csproj::TargetFramework=net8.0]
E:\vs\Projects\PlatformIndependentNuGetPackages\SunamoHtml\SunamoHtml\Generators\HtmlGenerator22.cs(162,19): warning CA2201: Exception type System.Exception is not sufficiently specific (https://learn.microsoft.com/dotnet/fundamentals/code-analysis/quality-rules/ca2201) [E:\vs\Projects\PlatformIndependentNuGetPackages\SunamoHtml\SunamoHtml\SunamoHtml.csproj::TargetFramework=net8.0]
E:\vs\Projects\PlatformIndependentNuGetPackages\SunamoHtml\SunamoHtml\Html\HtmlHelperShared3.cs(50,40): warning CA1062: In externally visible method 'List<HtmlNode> HtmlHelper.ReturnTagsWithAttrRek2(HtmlNode htmlNode, string tagName, string attributeName, string attributeValue)', validate parameter 'htmlNode' is non-null before using it. If appropriate, throw an 'ArgumentNullException' when the argument is 'null'. (https://learn.microsoft.com/dotnet/fundamentals/code-analysis/quality-rules/ca1062) [E:\vs\Projects\PlatformIndependentNuGetPackages\SunamoHtml\SunamoHtml\SunamoHtml.csproj::TargetFramework=net8.0]
E:\vs\Projects\PlatformIndependentNuGetPackages\SunamoHtml\SunamoHtml\Html\HtmlHelperShared3.cs(196,72): warning CA1062: In externally visible method 'List<HtmlNode> HtmlHelper.ReturnTagsWithContainsClassRek(HtmlNode htmlNode, string tagName, string className)', validate parameter 'htmlNode' is non-null before using it. If appropriate, throw an 'ArgumentNullException' when the argument is 'null'. (https://learn.microsoft.com/dotnet/fundamentals/code-analysis/quality-rules/ca1062) [E:\vs\Projects\PlatformIndependentNuGetPackages\SunamoHtml\SunamoHtml\SunamoHtml.csproj::TargetFramework=net8.0]
E:\vs\Projects\PlatformIndependentNuGetPackages\SunamoHtml\SunamoHtml\Generators\HtmlGenerator22.cs(247,83): warning CA1002: Change 'List<string>' in 'HtmlGenerator2.GetForUlWoCheckDuplicate(string, List<string>)' to use 'Collection<T>', 'ReadOnlyCollection<T>' or 'KeyedCollection<K,V>' (https://learn.microsoft.com/dotnet/fundamentals/code-analysis/quality-rules/ca1002) [E:\vs\Projects\PlatformIndependentNuGetPackages\SunamoHtml\SunamoHtml\SunamoHtml.csproj::TargetFramework=net8.0]
E:\vs\Projects\PlatformIndependentNuGetPackages\SunamoHtml\SunamoHtml\Generators\HtmlGenerator22.cs(261,83): warning CA1002: Change 'List<string>' in 'HtmlGenerator2.GetForUlWoCheckDuplicate(string, List<string>, string, string, [string])' to use 'Collection<T>', 'ReadOnlyCollection<T>' or 'KeyedCollection<K,V>' (https://learn.microsoft.com/dotnet/fundamentals/code-analysis/quality-rules/ca1002) [E:\vs\Projects\PlatformIndependentNuGetPackages\SunamoHtml\SunamoHtml\SunamoHtml.csproj::TargetFramework=net8.0]
E:\vs\Projects\PlatformIndependentNuGetPackages\SunamoHtml\SunamoHtml\Html\HtmlHelperShared.cs(227,29): warning CA1062: In externally visible method 'string HtmlHelper.HighlightingWords(string entireContent, int maxLettersPerSentence, int sentenceCount, List<string> searchedWords)', validate parameter 'searchedWords' is non-null before using it. If appropriate, throw an 'ArgumentNullException' when the argument is 'null'. (https://learn.microsoft.com/dotnet/fundamentals/code-analysis/quality-rules/ca1062) [E:\vs\Projects\PlatformIndependentNuGetPackages\SunamoHtml\SunamoHtml\SunamoHtml.csproj::TargetFramework=net8.0]
E:\vs\Projects\PlatformIndependentNuGetPackages\SunamoHtml\SunamoHtml\Html\HtmlHelperShared.cs(229,25): warning CA1062: In externally visible method 'string HtmlHelper.HighlightingWords(string entireContent, int maxLettersPerSentence, int sentenceCount, List<string> searchedWords)', validate parameter 'entireContent' is non-null before using it. If appropriate, throw an 'ArgumentNullException' when the argument is 'null'. (https://learn.microsoft.com/dotnet/fundamentals/code-analysis/quality-rules/ca1062) [E:\vs\Projects\PlatformIndependentNuGetPackages\SunamoHtml\SunamoHtml\SunamoHtml.csproj::TargetFramework=net8.0]
E:\vs\Projects\PlatformIndependentNuGetPackages\SunamoHtml\SunamoHtml\Generators\HtmlGenerator22.cs(301,67): warning CA1002: Change 'List<string>' in 'HtmlGenerator2.GetForUl(string, List<string>, List<string>, bool)' to use 'Collection<T>', 'ReadOnlyCollection<T>' or 'KeyedCollection<K,V>' (https://learn.microsoft.com/dotnet/fundamentals/code-analysis/quality-rules/ca1002) [E:\vs\Projects\PlatformIndependentNuGetPackages\SunamoHtml\SunamoHtml\SunamoHtml.csproj::TargetFramework=net8.0]
E:\vs\Projects\PlatformIndependentNuGetPackages\SunamoHtml\SunamoHtml\Generators\HtmlGenerator22.cs(301,85): warning CA1002: Change 'List<string>' in 'HtmlGenerator2.GetForUl(string, List<string>, List<string>, bool)' to use 'Collection<T>', 'ReadOnlyCollection<T>' or 'KeyedCollection<K,V>' (https://learn.microsoft.com/dotnet/fundamentals/code-analysis/quality-rules/ca1002) [E:\vs\Projects\PlatformIndependentNuGetPackages\SunamoHtml\SunamoHtml\SunamoHtml.csproj::TargetFramework=net8.0]
E:\vs\Projects\PlatformIndependentNuGetPackages\SunamoHtml\SunamoHtml\Generators\HtmlGenerator23.cs(27,64): warning CA1002: Change 'List<string>' in 'HtmlGenerator2.GetForUlWoCheckDuplicate(List<string>, List<string>)' to use 'Collection<T>', 'ReadOnlyCollection<T>' or 'KeyedCollection<K,V>' (https://learn.microsoft.com/dotnet/fundamentals/code-analysis/quality-rules/ca1002) [E:\vs\Projects\PlatformIndependentNuGetPackages\SunamoHtml\SunamoHtml\SunamoHtml.csproj::TargetFramework=net8.0]
E:\vs\Projects\PlatformIndependentNuGetPackages\SunamoHtml\SunamoHtml\Generators\HtmlGenerator23.cs(27,86): warning CA1002: Change 'List<string>' in 'HtmlGenerator2.GetForUlWoCheckDuplicate(List<string>, List<string>)' to use 'Collection<T>', 'ReadOnlyCollection<T>' or 'KeyedCollection<K,V>' (https://learn.microsoft.com/dotnet/fundamentals/code-analysis/quality-rules/ca1002) [E:\vs\Projects\PlatformIndependentNuGetPackages\SunamoHtml\SunamoHtml\SunamoHtml.csproj::TargetFramework=net8.0]
E:\vs\Projects\PlatformIndependentNuGetPackages\SunamoHtml\SunamoHtml\Generators\HtmlGenerator23.cs(15,83): warning CA1002: Change 'List<string>' in 'HtmlGenerator2.GetForUlWoCheckDuplicate(string, List<string>, List<string>)' to use 'Collection<T>', 'ReadOnlyCollection<T>' or 'KeyedCollection<K,V>' (https://learn.microsoft.com/dotnet/fundamentals/code-analysis/quality-rules/ca1002) [E:\vs\Projects\PlatformIndependentNuGetPackages\SunamoHtml\SunamoHtml\SunamoHtml.csproj::TargetFramework=net8.0]
E:\vs\Projects\PlatformIndependentNuGetPackages\SunamoHtml\SunamoHtml\Generators\HtmlGenerator23.cs(15,101): warning CA1002: Change 'List<string>' in 'HtmlGenerator2.GetForUlWoCheckDuplicate(string, List<string>, List<string>)' to use 'Collection<T>', 'ReadOnlyCollection<T>' or 'KeyedCollection<K,V>' (https://learn.microsoft.com/dotnet/fundamentals/code-analysis/quality-rules/ca1002) [E:\vs\Projects\PlatformIndependentNuGetPackages\SunamoHtml\SunamoHtml\SunamoHtml.csproj::TargetFramework=net8.0]
E:\vs\Projects\PlatformIndependentNuGetPackages\SunamoHtml\SunamoHtml\Generators\HtmlGenerator22.cs(270,36): warning CA1307: 'string.Replace(string, string?)' has a method overload that takes a 'StringComparison' parameter. Replace this call in 'SunamoHtml.Generators.HtmlGenerator2.GetForUlWoCheckDuplicate(string, System.Collections.Generic.List<string>, string, string, string)' with a call to 'string.Replace(string, string?, System.StringComparison)' for clarity of intent. (https://learn.microsoft.com/dotnet/fundamentals/code-analysis/quality-rules/ca1307) [E:\vs\Projects\PlatformIndependentNuGetPackages\SunamoHtml\SunamoHtml\SunamoHtml.csproj::TargetFramework=net8.0]
E:\vs\Projects\PlatformIndependentNuGetPackages\SunamoHtml\SunamoHtml\Generators\HtmlGenerator23.cs(38,64): warning CA1002: Change 'List<string>' in 'HtmlGenerator2.GetForUlWoCheckDuplicate(List<string>)' to use 'Collection<T>', 'ReadOnlyCollection<T>' or 'KeyedCollection<K,V>' (https://learn.microsoft.com/dotnet/fundamentals/code-analysis/quality-rules/ca1002) [E:\vs\Projects\PlatformIndependentNuGetPackages\SunamoHtml\SunamoHtml\SunamoHtml.csproj::TargetFramework=net8.0]
E:\vs\Projects\PlatformIndependentNuGetPackages\SunamoHtml\SunamoHtml\Generators\HtmlGenerator23.cs(57,80): warning CA1002: Change 'List<string>' in 'HtmlGenerator2.GetUlWoCheckDuplicate(string, List<string>)' to use 'Collection<T>', 'ReadOnlyCollection<T>' or 'KeyedCollection<K,V>' (https://learn.microsoft.com/dotnet/fundamentals/code-analysis/quality-rules/ca1002) [E:\vs\Projects\PlatformIndependentNuGetPackages\SunamoHtml\SunamoHtml\SunamoHtml.csproj::TargetFramework=net8.0]
E:\vs\Projects\PlatformIndependentNuGetPackages\SunamoHtml\SunamoHtml\Generators\HtmlGenerator23.cs(80,61): warning CA1002: Change 'List<string>' in 'HtmlGenerator2.GetUlWoCheckDuplicate(List<string>, string)' to use 'Collection<T>', 'ReadOnlyCollection<T>' or 'KeyedCollection<K,V>' (https://learn.microsoft.com/dotnet/fundamentals/code-analysis/quality-rules/ca1002) [E:\vs\Projects\PlatformIndependentNuGetPackages\SunamoHtml\SunamoHtml\SunamoHtml.csproj::TargetFramework=net8.0]
E:\vs\Projects\PlatformIndependentNuGetPackages\SunamoHtml\SunamoHtml\Generators\HtmlGenerator22.cs(201,39): warning CA1062: In externally visible method 'string HtmlGenerator2.GenerateTreeWithCheckBoxes(NTreeHtml<string> tree)', validate parameter 'tree' is non-null before using it. If appropriate, throw an 'ArgumentNullException' when the argument is 'null'. (https://learn.microsoft.com/dotnet/fundamentals/code-analysis/quality-rules/ca1062) [E:\vs\Projects\PlatformIndependentNuGetPackages\SunamoHtml\SunamoHtml\SunamoHtml.csproj::TargetFramework=net8.0]
E:\vs\Projects\PlatformIndependentNuGetPackages\SunamoHtml\SunamoHtml\Generators\HtmlGenerator23.cs(64,67): warning CA1305: The behavior of 'int.ToString()' could vary based on the current user's locale settings. Replace this call in 'HtmlGenerator2.GetUlWoCheckDuplicate(string, List<string>)' with a call to 'int.ToString(IFormatProvider)'. (https://learn.microsoft.com/dotnet/fundamentals/code-analysis/quality-rules/ca1305) [E:\vs\Projects\PlatformIndependentNuGetPackages\SunamoHtml\SunamoHtml\SunamoHtml.csproj::TargetFramework=net8.0]
E:\vs\Projects\PlatformIndependentNuGetPackages\SunamoHtml\SunamoHtml\Generators\HtmlGenerator23.cs(91,61): warning CA1002: Change 'List<string>' in 'HtmlGenerator2.GetUlWoCheckDuplicate(List<string>, List<string>)' to use 'Collection<T>', 'ReadOnlyCollection<T>' or 'KeyedCollection<K,V>' (https://learn.microsoft.com/dotnet/fundamentals/code-analysis/quality-rules/ca1002) [E:\vs\Projects\PlatformIndependentNuGetPackages\SunamoHtml\SunamoHtml\SunamoHtml.csproj::TargetFramework=net8.0]
E:\vs\Projects\PlatformIndependentNuGetPackages\SunamoHtml\SunamoHtml\Generators\HtmlGenerator23.cs(91,83): warning CA1002: Change 'List<string>' in 'HtmlGenerator2.GetUlWoCheckDuplicate(List<string>, List<string>)' to use 'Collection<T>', 'ReadOnlyCollection<T>' or 'KeyedCollection<K,V>' (https://learn.microsoft.com/dotnet/fundamentals/code-analysis/quality-rules/ca1002) [E:\vs\Projects\PlatformIndependentNuGetPackages\SunamoHtml\SunamoHtml\SunamoHtml.csproj::TargetFramework=net8.0]
E:\vs\Projects\PlatformIndependentNuGetPackages\SunamoHtml\SunamoHtml\Generators\HtmlGenerator22.cs(303,13): warning CA1062: In externally visible method 'string HtmlGenerator2.GetForUl(string baseAnchor, List<string> ids, List<string> texts, bool isSkipDuplicates)', validate parameter 'ids' is non-null before using it. If appropriate, throw an 'ArgumentNullException' when the argument is 'null'. (https://learn.microsoft.com/dotnet/fundamentals/code-analysis/quality-rules/ca1062) [E:\vs\Projects\PlatformIndependentNuGetPackages\SunamoHtml\SunamoHtml\SunamoHtml.csproj::TargetFramework=net8.0]
E:\vs\Projects\PlatformIndependentNuGetPackages\SunamoHtml\SunamoHtml\Generators\HtmlGenerator22.cs(303,26): warning CA1062: In externally visible method 'string HtmlGenerator2.GetForUl(string baseAnchor, List<string> ids, List<string> texts, bool isSkipDuplicates)', validate parameter 'texts' is non-null before using it. If appropriate, throw an 'ArgumentNullException' when the argument is 'null'. (https://learn.microsoft.com/dotnet/fundamentals/code-analysis/quality-rules/ca1062) [E:\vs\Projects\PlatformIndependentNuGetPackages\SunamoHtml\SunamoHtml\SunamoHtml.csproj::TargetFramework=net8.0]
E:\vs\Projects\PlatformIndependentNuGetPackages\SunamoHtml\SunamoHtml\Generators\HtmlGenerator23.cs(102,45): warning CA1002: Change 'List<string>' in 'HtmlGenerator2.GetOl(List<string>, [bool])' to use 'Collection<T>', 'ReadOnlyCollection<T>' or 'KeyedCollection<K,V>' (https://learn.microsoft.com/dotnet/fundamentals/code-analysis/quality-rules/ca1002) [E:\vs\Projects\PlatformIndependentNuGetPackages\SunamoHtml\SunamoHtml\SunamoHtml.csproj::TargetFramework=net8.0]
E:\vs\Projects\PlatformIndependentNuGetPackages\SunamoHtml\SunamoHtml\Generators\HtmlGenerator23.cs(113,61): warning CA1002: Change 'List<string>' in 'HtmlGenerator2.GetOlWoCheckDuplicate(List<string>, List<string>)' to use 'Collection<T>', 'ReadOnlyCollection<T>' or 'KeyedCollection<K,V>' (https://learn.microsoft.com/dotnet/fundamentals/code-analysis/quality-rules/ca1002) [E:\vs\Projects\PlatformIndependentNuGetPackages\SunamoHtml\SunamoHtml\SunamoHtml.csproj::TargetFramework=net8.0]
E:\vs\Projects\PlatformIndependentNuGetPackages\SunamoHtml\SunamoHtml\Generators\HtmlGenerator23.cs(113,83): warning CA1002: Change 'List<string>' in 'HtmlGenerator2.GetOlWoCheckDuplicate(List<string>, List<string>)' to use 'Collection<T>', 'ReadOnlyCollection<T>' or 'KeyedCollection<K,V>' (https://learn.microsoft.com/dotnet/fundamentals/code-analysis/quality-rules/ca1002) [E:\vs\Projects\PlatformIndependentNuGetPackages\SunamoHtml\SunamoHtml\SunamoHtml.csproj::TargetFramework=net8.0]
E:\vs\Projects\PlatformIndependentNuGetPackages\SunamoHtml\SunamoHtml\Generators\HtmlGenerator23.cs(116,19): warning CA2201: Exception type System.Exception is not sufficiently specific (https://learn.microsoft.com/dotnet/fundamentals/code-analysis/quality-rules/ca2201) [E:\vs\Projects\PlatformIndependentNuGetPackages\SunamoHtml\SunamoHtml\SunamoHtml.csproj::TargetFramework=net8.0]
E:\vs\Projects\PlatformIndependentNuGetPackages\SunamoHtml\SunamoHtml\Generators\HtmlGenerator23.cs(41,29): warning CA1062: In externally visible method 'string HtmlGenerator2.GetForUlWoCheckDuplicate(List<string> items)', validate parameter 'items' is non-null before using it. If appropriate, throw an 'ArgumentNullException' when the argument is 'null'. (https://learn.microsoft.com/dotnet/fundamentals/code-analysis/quality-rules/ca1062) [E:\vs\Projects\PlatformIndependentNuGetPackages\SunamoHtml\SunamoHtml\SunamoHtml.csproj::TargetFramework=net8.0]
E:\vs\Projects\PlatformIndependentNuGetPackages\SunamoHtml\SunamoHtml\Generators\HtmlGenerator23.cs(60,29): warning CA1062: In externally visible method 'string HtmlGenerator2.GetUlWoCheckDuplicate(string baseAnchor, List<string> items)', validate parameter 'items' is non-null before using it. If appropriate, throw an 'ArgumentNullException' when the argument is 'null'. (https://learn.microsoft.com/dotnet/fundamentals/code-analysis/quality-rules/ca1062) [E:\vs\Projects\PlatformIndependentNuGetPackages\SunamoHtml\SunamoHtml\SunamoHtml.csproj::TargetFramework=net8.0]
E:\vs\Projects\PlatformIndependentNuGetPackages\SunamoHtml\SunamoHtml\Generators\HtmlGenerator22.cs(264,29): warning CA1062: In externally visible method 'string HtmlGenerator2.GetForUlWoCheckDuplicate(string baseAnchor, List<string> ids, string findInText, string replaceInText, string suffix = "")', validate parameter 'ids' is non-null before using it. If appropriate, throw an 'ArgumentNullException' when the argument is 'null'. (https://learn.microsoft.com/dotnet/fundamentals/code-analysis/quality-rules/ca1062) [E:\vs\Projects\PlatformIndependentNuGetPackages\SunamoHtml\SunamoHtml\SunamoHtml.csproj::TargetFramework=net8.0]
E:\vs\Projects\PlatformIndependentNuGetPackages\SunamoHtml\SunamoHtml\Generators\HtmlGenerator23.cs(115,30): warning CA1062: In externally visible method 'string HtmlGenerator2.GetOlWoCheckDuplicate(List<string> anchors, List<string> texts)', validate parameter 'texts' is non-null before using it. If appropriate, throw an 'ArgumentNullException' when the argument is 'null'. (https://learn.microsoft.com/dotnet/fundamentals/code-analysis/quality-rules/ca1062) [E:\vs\Projects\PlatformIndependentNuGetPackages\SunamoHtml\SunamoHtml\SunamoHtml.csproj::TargetFramework=net8.0]
E:\vs\Projects\PlatformIndependentNuGetPackages\SunamoHtml\SunamoHtml\Generators\HtmlGenerator23.cs(115,13): warning CA1062: In externally visible method 'string HtmlGenerator2.GetOlWoCheckDuplicate(List<string> anchors, List<string> texts)', validate parameter 'anchors' is non-null before using it. If appropriate, throw an 'ArgumentNullException' when the argument is 'null'. (https://learn.microsoft.com/dotnet/fundamentals/code-analysis/quality-rules/ca1062) [E:\vs\Projects\PlatformIndependentNuGetPackages\SunamoHtml\SunamoHtml\SunamoHtml.csproj::TargetFramework=net8.0]
E:\vs\Projects\PlatformIndependentNuGetPackages\SunamoHtml\SunamoHtml\Generators\HtmlGenerator22.cs(159,13): warning CA1062: In externally visible method 'string HtmlGenerator2.AllYearsTable(List<string> years, List<string> allYearsHtmlBoxes, List<string> allYearsBoxColors)', validate parameter 'allYearsHtmlBoxes' is non-null before using it. If appropriate, throw an 'ArgumentNullException' when the argument is 'null'. (https://learn.microsoft.com/dotnet/fundamentals/code-analysis/quality-rules/ca1062) [E:\vs\Projects\PlatformIndependentNuGetPackages\SunamoHtml\SunamoHtml\SunamoHtml.csproj::TargetFramework=net8.0]
E:\vs\Projects\PlatformIndependentNuGetPackages\SunamoHtml\SunamoHtml\Generators\HtmlGenerator22.cs(158,26): warning CA1062: In externally visible method 'string HtmlGenerator2.AllYearsTable(List<string> years, List<string> allYearsHtmlBoxes, List<string> allYearsBoxColors)', validate parameter 'years' is non-null before using it. If appropriate, throw an 'ArgumentNullException' when the argument is 'null'. (https://learn.microsoft.com/dotnet/fundamentals/code-analysis/quality-rules/ca1062) [E:\vs\Projects\PlatformIndependentNuGetPackages\SunamoHtml\SunamoHtml\SunamoHtml.csproj::TargetFramework=net8.0]
E:\vs\Projects\PlatformIndependentNuGetPackages\SunamoHtml\SunamoHtml\Generators\HtmlGenerator22.cs(161,13): warning CA1062: In externally visible method 'string HtmlGenerator2.AllYearsTable(List<string> years, List<string> allYearsHtmlBoxes, List<string> allYearsBoxColors)', validate parameter 'allYearsBoxColors' is non-null before using it. If appropriate, throw an 'ArgumentNullException' when the argument is 'null'. (https://learn.microsoft.com/dotnet/fundamentals/code-analysis/quality-rules/ca1062) [E:\vs\Projects\PlatformIndependentNuGetPackages\SunamoHtml\SunamoHtml\SunamoHtml.csproj::TargetFramework=net8.0]
E:\vs\Projects\PlatformIndependentNuGetPackages\SunamoHtml\SunamoHtml\Html\HtmlHelperShared3.cs(104,30): warning CA1062: In externally visible method 'void HtmlHelper.RecursiveReturnTagsWithContainsAttr(List<HtmlNode> result, HtmlNode htmlNode, string tagName, string attributeName, string attributeValue, bool isContains, bool isRecursively)', validate parameter 'htmlNode' is non-null before using it. If appropriate, throw an 'ArgumentNullException' when the argument is 'null'. (https://learn.microsoft.com/dotnet/fundamentals/code-analysis/quality-rules/ca1062) [E:\vs\Projects\PlatformIndependentNuGetPackages\SunamoHtml\SunamoHtml\SunamoHtml.csproj::TargetFramework=net8.0]
E:\vs\Projects\PlatformIndependentNuGetPackages\SunamoHtml\SunamoHtml\Html\HtmlHelperShared3.cs(113,22): warning CA1062: In externally visible method 'void HtmlHelper.RecursiveReturnTagsWithContainsAttr(List<HtmlNode> result, HtmlNode htmlNode, string tagName, string attributeName, string attributeValue, bool isContains, bool isRecursively)', validate parameter 'result' is non-null before using it. If appropriate, throw an 'ArgumentNullException' when the argument is 'null'. (https://learn.microsoft.com/dotnet/fundamentals/code-analysis/quality-rules/ca1062) [E:\vs\Projects\PlatformIndependentNuGetPackages\SunamoHtml\SunamoHtml\SunamoHtml.csproj::TargetFramework=net8.0]
E:\vs\Projects\PlatformIndependentNuGetPackages\SunamoHtml\SunamoHtml\Generators\HtmlGenerator22.cs(104,13): warning CA1062: In externally visible method 'string HtmlGenerator2.AllMonthsTable(List<string> allYearsHtmlBoxes, List<string> allMonthsBoxColors)', validate parameter 'allMonthsBoxColors' is non-null before using it. If appropriate, throw an 'ArgumentNullException' when the argument is 'null'. (https://learn.microsoft.com/dotnet/fundamentals/code-analysis/quality-rules/ca1062) [E:\vs\Projects\PlatformIndependentNuGetPackages\SunamoHtml\SunamoHtml\SunamoHtml.csproj::TargetFramework=net8.0]
E:\vs\Projects\PlatformIndependentNuGetPackages\SunamoHtml\SunamoHtml\Generators\HtmlGenerator22.cs(102,13): warning CA1062: In externally visible method 'string HtmlGenerator2.AllMonthsTable(List<string> allYearsHtmlBoxes, List<string> allMonthsBoxColors)', validate parameter 'allYearsHtmlBoxes' is non-null before using it. If appropriate, throw an 'ArgumentNullException' when the argument is 'null'. (https://learn.microsoft.com/dotnet/fundamentals/code-analysis/quality-rules/ca1062) [E:\vs\Projects\PlatformIndependentNuGetPackages\SunamoHtml\SunamoHtml\SunamoHtml.csproj::TargetFramework=net8.0]
E:\vs\Projects\PlatformIndependentNuGetPackages\SunamoHtml\SunamoHtml\HtmlAgilityHelper1.cs(270,47): warning CA1062: In externally visible method 'void HtmlAgilityHelper.RecursiveReturnTagsWithContainsAttr(List<HtmlNode> result, HtmlNode htmlNode, bool isRecursive, string tagName, string attributeName, string attributeValue, bool isWildCard, bool isEnoughContainsAttribute, bool isSearchAsSingleString = true)', validate parameter 'htmlNode' is non-null before using it. If appropriate, throw an 'ArgumentNullException' when the argument is 'null'. (https://learn.microsoft.com/dotnet/fundamentals/code-analysis/quality-rules/ca1062) [E:\vs\Projects\PlatformIndependentNuGetPackages\SunamoHtml\SunamoHtml\SunamoHtml.csproj::TargetFramework=net8.0]
E:\vs\Projects\PlatformIndependentNuGetPackages\SunamoHtml\SunamoHtml\HtmlAgilityHelper1.cs(271,19): warning CA1062: In externally visible method 'void HtmlAgilityHelper.RecursiveReturnTagsWithContainsAttr(List<HtmlNode> result, HtmlNode htmlNode, bool isRecursive, string tagName, string attributeName, string attributeValue, bool isWildCard, bool isEnoughContainsAttribute, bool isSearchAsSingleString = true)', validate parameter 'tagName' is non-null before using it. If appropriate, throw an 'ArgumentNullException' when the argument is 'null'. (https://learn.microsoft.com/dotnet/fundamentals/code-analysis/quality-rules/ca1062) [E:\vs\Projects\PlatformIndependentNuGetPackages\SunamoHtml\SunamoHtml\SunamoHtml.csproj::TargetFramework=net8.0]
E:\vs\Projects\PlatformIndependentNuGetPackages\SunamoHtml\SunamoHtml\HtmlAgilityHelper1.cs(280,21): warning CA1062: In externally visible method 'void HtmlAgilityHelper.RecursiveReturnTagsWithContainsAttr(List<HtmlNode> result, HtmlNode htmlNode, bool isRecursive, string tagName, string attributeName, string attributeValue, bool isWildCard, bool isEnoughContainsAttribute, bool isSearchAsSingleString = true)', validate parameter 'result' is non-null before using it. If appropriate, throw an 'ArgumentNullException' when the argument is 'null'. (https://learn.microsoft.com/dotnet/fundamentals/code-analysis/quality-rules/ca1062) [E:\vs\Projects\PlatformIndependentNuGetPackages\SunamoHtml\SunamoHtml\SunamoHtml.csproj::TargetFramework=net8.0]
E:\vs\Projects\PlatformIndependentNuGetPackages\SunamoHtml\SunamoHtml\_sunamo\SunamoXml\Generators\XmlGeneratorSelective.cs(3,16): warning CA1812: 'XmlGeneratorSelective' is an internal class that is apparently never instantiated. If so, remove the code from the assembly. If this class is intended to contain only static members, make it 'static' (Module in Visual Basic). (https://learn.microsoft.com/dotnet/fundamentals/code-analysis/quality-rules/ca1812) [E:\vs\Projects\PlatformIndependentNuGetPackages\SunamoHtml\SunamoHtml\SunamoHtml.csproj::TargetFramework=net8.0]
E:\vs\Projects\PlatformIndependentNuGetPackages\SunamoHtml\SunamoHtml\_sunamo\SunamoExceptions\Exceptions.cs(4,31): warning CA1812: 'Exceptions' is an internal class that is apparently never instantiated. If so, remove the code from the assembly. If this class is intended to contain only static members, make it 'static' (Module in Visual Basic). (https://learn.microsoft.com/dotnet/fundamentals/code-analysis/quality-rules/ca1812) [E:\vs\Projects\PlatformIndependentNuGetPackages\SunamoHtml\SunamoHtml\SunamoHtml.csproj::TargetFramework=net8.0]
E:\vs\Projects\PlatformIndependentNuGetPackages\SunamoHtml\SunamoHtml\_sunamo\SunamoCollectionsChangeContent\CAChangeContent.cs(3,16): warning CA1852: Type 'CAChangeContent' can be sealed because it has no subtypes in its containing assembly and is not externally visible (https://learn.microsoft.com/dotnet/fundamentals/code-analysis/quality-rules/ca1852) [E:\vs\Projects\PlatformIndependentNuGetPackages\SunamoHtml\SunamoHtml\SunamoHtml.csproj::TargetFramework=net8.0]
E:\vs\Projects\PlatformIndependentNuGetPackages\SunamoHtml\SunamoHtml\_sunamo\SunamoStringData\SHData.cs(3,16): warning CA1852: Type 'SHData' can be sealed because it has no subtypes in its containing assembly and is not externally visible (https://learn.microsoft.com/dotnet/fundamentals/code-analysis/quality-rules/ca1852) [E:\vs\Projects\PlatformIndependentNuGetPackages\SunamoHtml\SunamoHtml\SunamoHtml.csproj::TargetFramework=net8.0]
E:\vs\Projects\PlatformIndependentNuGetPackages\SunamoHtml\SunamoHtml\_sunamo\WhitespaceCharService.cs(3,16): warning CA1852: Type 'WhitespaceCharService' can be sealed because it has no subtypes in its containing assembly and is not externally visible (https://learn.microsoft.com/dotnet/fundamentals/code-analysis/quality-rules/ca1852) [E:\vs\Projects\PlatformIndependentNuGetPackages\SunamoHtml\SunamoHtml\SunamoHtml.csproj::TargetFramework=net8.0]
E:\vs\Projects\PlatformIndependentNuGetPackages\SunamoHtml\SunamoHtml\_sunamo\SunamoUri\UH.cs(3,16): warning CA1852: Type 'UH' can be sealed because it has no subtypes in its containing assembly and is not externally visible (https://learn.microsoft.com/dotnet/fundamentals/code-analysis/quality-rules/ca1852) [E:\vs\Projects\PlatformIndependentNuGetPackages\SunamoHtml\SunamoHtml\SunamoHtml.csproj::TargetFramework=net8.0]
E:\vs\Projects\PlatformIndependentNuGetPackages\SunamoHtml\SunamoHtml\_sunamo\SunamoString\SH.cs(7,24): warning CA1852: Type 'SH' can be sealed because it has no subtypes in its containing assembly and is not externally visible (https://learn.microsoft.com/dotnet/fundamentals/code-analysis/quality-rules/ca1852) [E:\vs\Projects\PlatformIndependentNuGetPackages\SunamoHtml\SunamoHtml\SunamoHtml.csproj::TargetFramework=net8.0]
E:\vs\Projects\PlatformIndependentNuGetPackages\SunamoHtml\SunamoHtml\_sunamo\SunamoValues\Constants\HtmlAttrValue.cs(7,16): warning CA1852: Type 'HtmlAttrValue' can be sealed because it has no subtypes in its containing assembly and is not externally visible (https://learn.microsoft.com/dotnet/fundamentals/code-analysis/quality-rules/ca1852) [E:\vs\Projects\PlatformIndependentNuGetPackages\SunamoHtml\SunamoHtml\SunamoHtml.csproj::TargetFramework=net8.0]
E:\vs\Projects\PlatformIndependentNuGetPackages\SunamoHtml\SunamoHtml\_sunamo\SunamoStringSplit\SHSplit.cs(7,16): warning CA1852: Type 'SHSplit' can be sealed because it has no subtypes in its containing assembly and is not externally visible (https://learn.microsoft.com/dotnet/fundamentals/code-analysis/quality-rules/ca1852) [E:\vs\Projects\PlatformIndependentNuGetPackages\SunamoHtml\SunamoHtml\SunamoHtml.csproj::TargetFramework=net8.0]
E:\vs\Projects\PlatformIndependentNuGetPackages\SunamoHtml\SunamoHtml\_sunamo\SunamoCollectionsGeneric\CAGConsts.cs(3,16): warning CA1852: Type 'CAGConsts' can be sealed because it has no subtypes in its containing assembly and is not externally visible (https://learn.microsoft.com/dotnet/fundamentals/code-analysis/quality-rules/ca1852) [E:\vs\Projects\PlatformIndependentNuGetPackages\SunamoHtml\SunamoHtml\SunamoHtml.csproj::TargetFramework=net8.0]
E:\vs\Projects\PlatformIndependentNuGetPackages\SunamoHtml\SunamoHtml\_sunamo\SunamoStringReplace\SHReplace.cs(3,16): warning CA1852: Type 'SHReplace' can be sealed because it has no subtypes in its containing assembly and is not externally visible (https://learn.microsoft.com/dotnet/fundamentals/code-analysis/quality-rules/ca1852) [E:\vs\Projects\PlatformIndependentNuGetPackages\SunamoHtml\SunamoHtml\SunamoHtml.csproj::TargetFramework=net8.0]
E:\vs\Projects\PlatformIndependentNuGetPackages\SunamoHtml\SunamoHtml\_sunamo\SunamoValues\Constants\HtmlStartingTags.cs(6,16): warning CA1852: Type 'HtmlStartingTags' can be sealed because it has no subtypes in its containing assembly and is not externally visible (https://learn.microsoft.com/dotnet/fundamentals/code-analysis/quality-rules/ca1852) [E:\vs\Projects\PlatformIndependentNuGetPackages\SunamoHtml\SunamoHtml\SunamoHtml.csproj::TargetFramework=net8.0]
E:\vs\Projects\PlatformIndependentNuGetPackages\SunamoHtml\SunamoHtml\_sunamo\SunamoXml\Generators\XmlGeneratorSelective.cs(3,16): warning CA1852: Type 'XmlGeneratorSelective' can be sealed because it has no subtypes in its containing assembly and is not externally visible (https://learn.microsoft.com/dotnet/fundamentals/code-analysis/quality-rules/ca1852) [E:\vs\Projects\PlatformIndependentNuGetPackages\SunamoHtml\SunamoHtml\SunamoHtml.csproj::TargetFramework=net8.0]
E:\vs\Projects\PlatformIndependentNuGetPackages\SunamoHtml\SunamoHtml\_sunamo\SunamoData\Data\FromToWord.cs(3,16): warning CA1852: Type 'FromToWord' can be sealed because it has no subtypes in its containing assembly and is not externally visible (https://learn.microsoft.com/dotnet/fundamentals/code-analysis/quality-rules/ca1852) [E:\vs\Projects\PlatformIndependentNuGetPackages\SunamoHtml\SunamoHtml\SunamoHtml.csproj::TargetFramework=net8.0]
E:\vs\Projects\PlatformIndependentNuGetPackages\SunamoHtml\SunamoHtml\_sunamo\SunamoValues\Values\AllLists.cs(4,24): warning CA1852: Type 'AllLists' can be sealed because it has no subtypes in its containing assembly and is not externally visible (https://learn.microsoft.com/dotnet/fundamentals/code-analysis/quality-rules/ca1852) [E:\vs\Projects\PlatformIndependentNuGetPackages\SunamoHtml\SunamoHtml\SunamoHtml.csproj::TargetFramework=net8.0]
E:\vs\Projects\PlatformIndependentNuGetPackages\SunamoHtml\SunamoHtml\_sunamo\XlfKeys.cs(4,16): warning CA1852: Type 'XlfKeys' can be sealed because it has no subtypes in its containing assembly and is not externally visible (https://learn.microsoft.com/dotnet/fundamentals/code-analysis/quality-rules/ca1852) [E:\vs\Projects\PlatformIndependentNuGetPackages\SunamoHtml\SunamoHtml\SunamoHtml.csproj::TargetFramework=net8.0]
E:\vs\Projects\PlatformIndependentNuGetPackages\SunamoHtml\SunamoHtml\_sunamo\CA.cs(7,16): warning CA1852: Type 'CA' can be sealed because it has no subtypes in its containing assembly and is not externally visible (https://learn.microsoft.com/dotnet/fundamentals/code-analysis/quality-rules/ca1852) [E:\vs\Projects\PlatformIndependentNuGetPackages\SunamoHtml\SunamoHtml\SunamoHtml.csproj::TargetFramework=net8.0]
E:\vs\Projects\PlatformIndependentNuGetPackages\SunamoHtml\SunamoHtml\_sunamo\SunamoValues\Constants\HtmlAttrs.cs(8,16): warning CA1852: Type 'HtmlAttrs' can be sealed because it has no subtypes in its containing assembly and is not externally visible (https://learn.microsoft.com/dotnet/fundamentals/code-analysis/quality-rules/ca1852) [E:\vs\Projects\PlatformIndependentNuGetPackages\SunamoHtml\SunamoHtml\SunamoHtml.csproj::TargetFramework=net8.0]
E:\vs\Projects\PlatformIndependentNuGetPackages\SunamoHtml\SunamoHtml\_sunamo\SunamoArgs\ChangeContentArgsHtml.cs(3,16): warning CA1852: Type 'ChangeContentArgsHtml' can be sealed because it has no subtypes in its containing assembly and is not externally visible (https://learn.microsoft.com/dotnet/fundamentals/code-analysis/quality-rules/ca1852) [E:\vs\Projects\PlatformIndependentNuGetPackages\SunamoHtml\SunamoHtml\SunamoHtml.csproj::TargetFramework=net8.0]
E:\vs\Projects\PlatformIndependentNuGetPackages\SunamoHtml\SunamoHtml\_sunamo\SunamoXml\XH.cs(3,16): warning CA1852: Type 'XH' can be sealed because it has no subtypes in its containing assembly and is not externally visible (https://learn.microsoft.com/dotnet/fundamentals/code-analysis/quality-rules/ca1852) [E:\vs\Projects\PlatformIndependentNuGetPackages\SunamoHtml\SunamoHtml\SunamoHtml.csproj::TargetFramework=net8.0]
E:\vs\Projects\PlatformIndependentNuGetPackages\SunamoHtml\SunamoHtml\_sunamo\SunamoValues\Constants\HtmlTags.cs(6,16): warning CA1852: Type 'HtmlTags' can be sealed because it has no subtypes in its containing assembly and is not externally visible (https://learn.microsoft.com/dotnet/fundamentals/code-analysis/quality-rules/ca1852) [E:\vs\Projects\PlatformIndependentNuGetPackages\SunamoHtml\SunamoHtml\SunamoHtml.csproj::TargetFramework=net8.0]
E:\vs\Projects\PlatformIndependentNuGetPackages\SunamoHtml\SunamoHtml\_sunamo\SunamoValues\Values\ConstsAspx.cs(3,16): warning CA1852: Type 'ConstsAspx' can be sealed because it has no subtypes in its containing assembly and is not externally visible (https://learn.microsoft.com/dotnet/fundamentals/code-analysis/quality-rules/ca1852) [E:\vs\Projects\PlatformIndependentNuGetPackages\SunamoHtml\SunamoHtml\SunamoHtml.csproj::TargetFramework=net8.0]
E:\vs\Projects\PlatformIndependentNuGetPackages\SunamoHtml\SunamoHtml\_sunamo\SunamoLang\SunamoI18N\Translate.cs(3,16): warning CA1852: Type 'Translate' can be sealed because it has no subtypes in its containing assembly and is not externally visible (https://learn.microsoft.com/dotnet/fundamentals/code-analysis/quality-rules/ca1852) [E:\vs\Projects\PlatformIndependentNuGetPackages\SunamoHtml\SunamoHtml\SunamoHtml.csproj::TargetFramework=net8.0]
E:\vs\Projects\PlatformIndependentNuGetPackages\SunamoHtml\SunamoHtml\_sunamo\SunamoValues\Constants\DTConstants.cs(7,16): warning CA1852: Type 'DTConstants' can be sealed because it has no subtypes in its containing assembly and is not externally visible (https://learn.microsoft.com/dotnet/fundamentals/code-analysis/quality-rules/ca1852) [E:\vs\Projects\PlatformIndependentNuGetPackages\SunamoHtml\SunamoHtml\SunamoHtml.csproj::TargetFramework=net8.0]
E:\vs\Projects\PlatformIndependentNuGetPackages\SunamoHtml\SunamoHtml\_sunamo\SunamoDictionary\DictionaryHelper.cs(3,16): warning CA1852: Type 'DictionaryHelper' can be sealed because it has no subtypes in its containing assembly and is not externally visible (https://learn.microsoft.com/dotnet/fundamentals/code-analysis/quality-rules/ca1852) [E:\vs\Projects\PlatformIndependentNuGetPackages\SunamoHtml\SunamoHtml\SunamoHtml.csproj::TargetFramework=net8.0]
E:\vs\Projects\PlatformIndependentNuGetPackages\SunamoHtml\SunamoHtml\_sunamo\SunamoExceptions\ThrowEx.cs(4,24): warning CA1852: Type 'ThrowEx' can be sealed because it has no subtypes in its containing assembly and is not externally visible (https://learn.microsoft.com/dotnet/fundamentals/code-analysis/quality-rules/ca1852) [E:\vs\Projects\PlatformIndependentNuGetPackages\SunamoHtml\SunamoHtml\SunamoHtml.csproj::TargetFramework=net8.0]
E:\vs\Projects\PlatformIndependentNuGetPackages\SunamoHtml\SunamoHtml\_sunamo\SunamoValues\Constants\HtmlEndingTags.cs(6,16): warning CA1852: Type 'HtmlEndingTags' can be sealed because it has no subtypes in its containing assembly and is not externally visible (https://learn.microsoft.com/dotnet/fundamentals/code-analysis/quality-rules/ca1852) [E:\vs\Projects\PlatformIndependentNuGetPackages\SunamoHtml\SunamoHtml\SunamoHtml.csproj::TargetFramework=net8.0]
E:\vs\Projects\PlatformIndependentNuGetPackages\SunamoHtml\SunamoHtml\_sunamo\SunamoValues\Values\StatusPrefixes.cs(3,16): warning CA1852: Type 'StatusPrefixes' can be sealed because it has no subtypes in its containing assembly and is not externally visible (https://learn.microsoft.com/dotnet/fundamentals/code-analysis/quality-rules/ca1852) [E:\vs\Projects\PlatformIndependentNuGetPackages\SunamoHtml\SunamoHtml\SunamoHtml.csproj::TargetFramework=net8.0]
E:\vs\Projects\PlatformIndependentNuGetPackages\SunamoHtml\SunamoHtml\_sunamo\SunamoXml\XHelper.cs(3,16): warning CA1852: Type 'XHelper' can be sealed because it has no subtypes in its containing assembly and is not externally visible (https://learn.microsoft.com/dotnet/fundamentals/code-analysis/quality-rules/ca1852) [E:\vs\Projects\PlatformIndependentNuGetPackages\SunamoHtml\SunamoHtml\SunamoHtml.csproj::TargetFramework=net8.0]
E:\vs\Projects\PlatformIndependentNuGetPackages\SunamoHtml\SunamoHtml\_sunamo\SunamoBts\BTS.cs(7,16): warning CA1852: Type 'BTS' can be sealed because it has no subtypes in its containing assembly and is not externally visible (https://learn.microsoft.com/dotnet/fundamentals/code-analysis/quality-rules/ca1852) [E:\vs\Projects\PlatformIndependentNuGetPackages\SunamoHtml\SunamoHtml\SunamoHtml.csproj::TargetFramework=net8.0]
E:\vs\Projects\PlatformIndependentNuGetPackages\SunamoHtml\SunamoHtml\_sunamo\SunamoString\SH.cs(297,16): warning CS8603: Possible null reference return. [E:\vs\Projects\PlatformIndependentNuGetPackages\SunamoHtml\SunamoHtml\SunamoHtml.csproj::TargetFramework=net9.0]
E:\vs\Projects\PlatformIndependentNuGetPackages\SunamoHtml\SunamoHtml\Html\HtmlDocumentS.cs(58,39): warning CS8604: Possible null reference argument for parameter 'htmlNode' in 'string HtmlDocumentS.InnerHtmlToStringEmpty(HtmlNode htmlNode)'. [E:\vs\Projects\PlatformIndependentNuGetPackages\SunamoHtml\SunamoHtml\SunamoHtml.csproj::TargetFramework=net9.0]
E:\vs\Projects\PlatformIndependentNuGetPackages\SunamoHtml\SunamoHtml\XmlAgilityHelper.cs(19,16): warning CS8603: Possible null reference return. [E:\vs\Projects\PlatformIndependentNuGetPackages\SunamoHtml\SunamoHtml\SunamoHtml.csproj::TargetFramework=net9.0]
E:\vs\Projects\PlatformIndependentNuGetPackages\SunamoHtml\SunamoHtml\Html\HtmlHelperShared.cs(145,16): warning CS8603: Possible null reference return. [E:\vs\Projects\PlatformIndependentNuGetPackages\SunamoHtml\SunamoHtml\SunamoHtml.csproj::TargetFramework=net9.0]
E:\vs\Projects\PlatformIndependentNuGetPackages\SunamoHtml\SunamoHtml\Html\HtmlHelperShared1.cs(295,16): warning CS8603: Possible null reference return. [E:\vs\Projects\PlatformIndependentNuGetPackages\SunamoHtml\SunamoHtml\SunamoHtml.csproj::TargetFramework=net9.0]
E:\vs\Projects\PlatformIndependentNuGetPackages\SunamoHtml\SunamoHtml\Html\HtmlHelperShared2.cs(217,16): warning CS8603: Possible null reference return. [E:\vs\Projects\PlatformIndependentNuGetPackages\SunamoHtml\SunamoHtml\SunamoHtml.csproj::TargetFramework=net9.0]
E:\vs\Projects\PlatformIndependentNuGetPackages\SunamoHtml\SunamoHtml\Html\HtmlHelperShared2.cs(246,16): warning CS8603: Possible null reference return. [E:\vs\Projects\PlatformIndependentNuGetPackages\SunamoHtml\SunamoHtml\SunamoHtml.csproj::TargetFramework=net9.0]
E:\vs\Projects\PlatformIndependentNuGetPackages\SunamoHtml\SunamoHtml\Html\HtmlHelperShared3.cs(34,16): warning CS8603: Possible null reference return. [E:\vs\Projects\PlatformIndependentNuGetPackages\SunamoHtml\SunamoHtml\SunamoHtml.csproj::TargetFramework=net9.0]
E:\vs\Projects\PlatformIndependentNuGetPackages\SunamoHtml\SunamoHtml\_sunamo\SunamoValues\Values\AllLists.cs(12,35): warning CS0649: Field 'AllLists.OstravaCityParts' is never assigned to, and will always have its default value null [E:\vs\Projects\PlatformIndependentNuGetPackages\SunamoHtml\SunamoHtml\SunamoHtml.csproj::TargetFramework=net9.0]
E:\vs\Projects\PlatformIndependentNuGetPackages\SunamoHtml\SunamoHtml\Generators\HtmlGeneratorExtended.cs(21,17): warning CS1591: Missing XML comment for publicly visible type or member 'HtmlGeneratorExtended.DetailAnchor(string, string, string)' [E:\vs\Projects\PlatformIndependentNuGetPackages\SunamoHtml\SunamoHtml\SunamoHtml.csproj::TargetFramework=net9.0]
E:\vs\Projects\PlatformIndependentNuGetPackages\SunamoHtml\SunamoHtml\HtmlAgilityHelper.cs(8,22): warning CA1052: Type 'HtmlAgilityHelper' is a static holder type but is neither static nor NotInheritable (https://learn.microsoft.com/dotnet/fundamentals/code-analysis/quality-rules/ca1052) [E:\vs\Projects\PlatformIndependentNuGetPackages\SunamoHtml\SunamoHtml\SunamoHtml.csproj::TargetFramework=net9.0]
E:\vs\Projects\PlatformIndependentNuGetPackages\SunamoHtml\SunamoHtml\_sunamo\SunamoUri\UH.cs(10,14): warning CA1310: The behavior of 'string.StartsWith(string)' could vary based on the current user's locale settings. Replace this call in 'SunamoHtml._sunamo.SunamoUri.UH.AppendHttpIfNotExists(string)' with a call to 'string.StartsWith(string, System.StringComparison)'. (https://learn.microsoft.com/dotnet/fundamentals/code-analysis/quality-rules/ca1310) [E:\vs\Projects\PlatformIndependentNuGetPackages\SunamoHtml\SunamoHtml\SunamoHtml.csproj::TargetFramework=net9.0]
E:\vs\Projects\PlatformIndependentNuGetPackages\SunamoHtml\SunamoHtml\_sunamo\SunamoString\SH.cs(53,39): warning CA1311: Specify a culture or use an invariant version to avoid implicit dependency on current culture (https://learn.microsoft.com/dotnet/fundamentals/code-analysis/quality-rules/ca1311) [E:\vs\Projects\PlatformIndependentNuGetPackages\SunamoHtml\SunamoHtml\SunamoHtml.csproj::TargetFramework=net9.0]
E:\vs\Projects\PlatformIndependentNuGetPackages\SunamoHtml\SunamoHtml\_sunamo\SunamoString\SH.cs(105,30): warning CA1307: 'string.IndexOf(char)' has a method overload that takes a 'StringComparison' parameter. Replace this call in 'SunamoHtml._sunamo.SunamoString.SH.GetFirstPartByLocation(string, char)' with a call to 'string.IndexOf(char, System.StringComparison)' for clarity of intent. (https://learn.microsoft.com/dotnet/fundamentals/code-analysis/quality-rules/ca1307) [E:\vs\Projects\PlatformIndependentNuGetPackages\SunamoHtml\SunamoHtml\SunamoHtml.csproj::TargetFramework=net9.0]
E:\vs\Projects\PlatformIndependentNuGetPackages\SunamoHtml\SunamoHtml\_sunamo\SunamoString\SH.cs(53,25): warning CA1304: The behavior of 'string.ToLower()' could vary based on the current user's locale settings. Replace this call in 'SH.ReturnOccurencesOfStringFromToWord(string, params string[])' with a call to 'string.ToLower(CultureInfo)'. (https://learn.microsoft.com/dotnet/fundamentals/code-analysis/quality-rules/ca1304) [E:\vs\Projects\PlatformIndependentNuGetPackages\SunamoHtml\SunamoHtml\SunamoHtml.csproj::TargetFramework=net9.0]
E:\vs\Projects\PlatformIndependentNuGetPackages\SunamoHtml\SunamoHtml\_sunamo\SunamoString\SH.cs(201,21): warning CA1820: Test for empty strings using 'string.Length' property or 'string.IsNullOrEmpty' method instead of an Equality check (https://learn.microsoft.com/dotnet/fundamentals/code-analysis/quality-rules/ca1820) [E:\vs\Projects\PlatformIndependentNuGetPackages\SunamoHtml\SunamoHtml\SunamoHtml.csproj::TargetFramework=net9.0]
E:\vs\Projects\PlatformIndependentNuGetPackages\SunamoHtml\SunamoHtml\_sunamo\SunamoString\SH.cs(278,27): warning CA1310: The behavior of 'string.IndexOf(string)' could vary based on the current user's locale settings. Replace this call in 'SunamoHtml._sunamo.SunamoString.SH.GetToFirst(string, string)' with a call to 'string.IndexOf(string, System.StringComparison)'. (https://learn.microsoft.com/dotnet/fundamentals/code-analysis/quality-rules/ca1310) [E:\vs\Projects\PlatformIndependentNuGetPackages\SunamoHtml\SunamoHtml\SunamoHtml.csproj::TargetFramework=net9.0]
E:\vs\Projects\PlatformIndependentNuGetPackages\SunamoHtml\SunamoHtml\_sunamo\SunamoString\SH.cs(263,20): warning CA1845: Use span-based 'string.Concat' and 'AsSpan' instead of 'Substring' (https://learn.microsoft.com/dotnet/fundamentals/code-analysis/quality-rules/ca1845) [E:\vs\Projects\PlatformIndependentNuGetPackages\SunamoHtml\SunamoHtml\SunamoHtml.csproj::TargetFramework=net9.0]
E:\vs\Projects\PlatformIndependentNuGetPackages\SunamoHtml\SunamoHtml\_sunamo\SunamoString\SH.cs(258,21): warning CA1820: Test for empty strings using 'string.Length' property or 'string.IsNullOrEmpty' method instead of an Equality check (https://learn.microsoft.com/dotnet/fundamentals/code-analysis/quality-rules/ca1820) [E:\vs\Projects\PlatformIndependentNuGetPackages\SunamoHtml\SunamoHtml\SunamoHtml.csproj::TargetFramework=net9.0]
E:\vs\Projects\PlatformIndependentNuGetPackages\SunamoHtml\SunamoHtml\_sunamo\SunamoValues\Values\AllLists1.cs(6,12): warning CA1810: Initialize all static fields in 'AllLists' when those fields are declared and remove the explicit static constructor (https://learn.microsoft.com/dotnet/fundamentals/code-analysis/quality-rules/ca1810) [E:\vs\Projects\PlatformIndependentNuGetPackages\SunamoHtml\SunamoHtml\SunamoHtml.csproj::TargetFramework=net9.0]
E:\vs\Projects\PlatformIndependentNuGetPackages\SunamoHtml\SunamoHtml\_sunamo\SunamoString\SH.cs(314,22): warning CA1310: The behavior of 'string.IndexOf(string, int)' could vary based on the current user's locale settings. Replace this call in 'SunamoHtml._sunamo.SunamoString.SH.GetTextBetween(string, string, string, out int, int, bool)' with a call to 'string.IndexOf(string, int, System.StringComparison)'. (https://learn.microsoft.com/dotnet/fundamentals/code-analysis/quality-rules/ca1310) [E:\vs\Projects\PlatformIndependentNuGetPackages\SunamoHtml\SunamoHtml\SunamoHtml.csproj::TargetFramework=net9.0]
E:\vs\Projects\PlatformIndependentNuGetPackages\SunamoHtml\SunamoHtml\_sunamo\SunamoString\SH.cs(315,27): warning CA1310: The behavior of 'string.IndexOf(string, int)' could vary based on the current user's locale settings. Replace this call in 'SunamoHtml._sunamo.SunamoString.SH.GetTextBetween(string, string, string, out int, int, bool)' with a call to 'string.IndexOf(string, int, System.StringComparison)'. (https://learn.microsoft.com/dotnet/fundamentals/code-analysis/quality-rules/ca1310) [E:\vs\Projects\PlatformIndependentNuGetPackages\SunamoHtml\SunamoHtml\SunamoHtml.csproj::TargetFramework=net9.0]
E:\vs\Projects\PlatformIndependentNuGetPackages\SunamoHtml\SunamoHtml\Html\SecurityHelper.cs(43,25): warning CA1308: In method 'RemoveJsAttributesFromEveryNode', replace the call to 'ToLowerInvariant' with 'ToUpperInvariant' (https://learn.microsoft.com/dotnet/fundamentals/code-analysis/quality-rules/ca1308) [E:\vs\Projects\PlatformIndependentNuGetPackages\SunamoHtml\SunamoHtml\SunamoHtml.csproj::TargetFramework=net9.0]
E:\vs\Projects\PlatformIndependentNuGetPackages\SunamoHtml\SunamoHtml\Html\SecurityHelper.cs(45,30): warning CA1308: In method 'RemoveJsAttributesFromEveryNode', replace the call to 'ToLowerInvariant' with 'ToUpperInvariant' (https://learn.microsoft.com/dotnet/fundamentals/code-analysis/quality-rules/ca1308) [E:\vs\Projects\PlatformIndependentNuGetPackages\SunamoHtml\SunamoHtml\SunamoHtml.csproj::TargetFramework=net9.0]
E:\vs\Projects\PlatformIndependentNuGetPackages\SunamoHtml\SunamoHtml\Html\HtmlTableDivParse.cs(19,45): warning CA1002: Change 'List<HtmlNode>' in 'HtmlTableDivParse.HtmlTableDivParse(List<HtmlNode>, int)' to use 'Collection<T>', 'ReadOnlyCollection<T>' or 'KeyedCollection<K,V>' (https://learn.microsoft.com/dotnet/fundamentals/code-analysis/quality-rules/ca1002) [E:\vs\Projects\PlatformIndependentNuGetPackages\SunamoHtml\SunamoHtml\SunamoHtml.csproj::TargetFramework=net9.0]
E:\vs\Projects\PlatformIndependentNuGetPackages\SunamoHtml\SunamoHtml\Html\HtmlHelperShared.cs(28,45): warning CA1311: Specify a culture or use an invariant version to avoid implicit dependency on current culture (https://learn.microsoft.com/dotnet/fundamentals/code-analysis/quality-rules/ca1311) [E:\vs\Projects\PlatformIndependentNuGetPackages\SunamoHtml\SunamoHtml\SunamoHtml.csproj::TargetFramework=net9.0]
E:\vs\Projects\PlatformIndependentNuGetPackages\SunamoHtml\SunamoHtml\Html\HtmlHelperShared.cs(34,34): warning CA1845: Use span-based 'string.Concat' and 'AsSpan' instead of 'Substring' (https://learn.microsoft.com/dotnet/fundamentals/code-analysis/quality-rules/ca1845) [E:\vs\Projects\PlatformIndependentNuGetPackages\SunamoHtml\SunamoHtml\SunamoHtml.csproj::TargetFramework=net9.0]
E:\vs\Projects\PlatformIndependentNuGetPackages\SunamoHtml\SunamoHtml\Html\HtmlHelperShared.cs(49,16): warning CA1307: 'string.Replace(string, string?)' has a method overload that takes a 'StringComparison' parameter. Replace this call in 'SunamoHtml.Html.HtmlHelper.ConvertTextToHtml(string)' with a call to 'string.Replace(string, string?, System.StringComparison)' for clarity of intent. (https://learn.microsoft.com/dotnet/fundamentals/code-analysis/quality-rules/ca1307) [E:\vs\Projects\PlatformIndependentNuGetPackages\SunamoHtml\SunamoHtml\SunamoHtml.csproj::TargetFramework=net9.0]
E:\vs\Projects\PlatformIndependentNuGetPackages\SunamoHtml\SunamoHtml\Html\HtmlHelperShared.cs(50,16): warning CA1307: 'string.Replace(string, string?)' has a method overload that takes a 'StringComparison' parameter. Replace this call in 'SunamoHtml.Html.HtmlHelper.ConvertTextToHtml(string)' with a call to 'string.Replace(string, string?, System.StringComparison)' for clarity of intent. (https://learn.microsoft.com/dotnet/fundamentals/code-analysis/quality-rules/ca1307) [E:\vs\Projects\PlatformIndependentNuGetPackages\SunamoHtml\SunamoHtml\SunamoHtml.csproj::TargetFramework=net9.0]
E:\vs\Projects\PlatformIndependentNuGetPackages\SunamoHtml\SunamoHtml\Html\HtmlHelperShared.cs(24,37): warning CA1847: Use 'string.Contains(char)' instead of 'string.Contains(string)' when searching for a single character (https://learn.microsoft.com/dotnet/fundamentals/code-analysis/quality-rules/ca1847) [E:\vs\Projects\PlatformIndependentNuGetPackages\SunamoHtml\SunamoHtml\SunamoHtml.csproj::TargetFramework=net9.0]
E:\vs\Projects\PlatformIndependentNuGetPackages\SunamoHtml\SunamoHtml\Html\HtmlHelperShared.cs(28,19): warning CA1304: The behavior of 'string.ToLower()' could vary based on the current user's locale settings. Replace this call in 'HtmlHelper.ReplaceHtmlNonPairTagsWithXmlValid(string)' with a call to 'string.ToLower(CultureInfo)'. (https://learn.microsoft.com/dotnet/fundamentals/code-analysis/quality-rules/ca1304) [E:\vs\Projects\PlatformIndependentNuGetPackages\SunamoHtml\SunamoHtml\SunamoHtml.csproj::TargetFramework=net9.0]
E:\vs\Projects\PlatformIndependentNuGetPackages\SunamoHtml\SunamoHtml\Html\HtmlHelperShared.cs(49,16): warning CA1062: In externally visible method 'string HtmlHelper.ConvertTextToHtml(string text)', validate parameter 'text' is non-null before using it. If appropriate, throw an 'ArgumentNullException' when the argument is 'null'. (https://learn.microsoft.com/dotnet/fundamentals/code-analysis/quality-rules/ca1062) [E:\vs\Projects\PlatformIndependentNuGetPackages\SunamoHtml\SunamoHtml\SunamoHtml.csproj::TargetFramework=net9.0]
E:\vs\Projects\PlatformIndependentNuGetPackages\SunamoHtml\SunamoHtml\Html\HtmlHelperShared.cs(22,24): warning CA1307: 'string.Replace(string, string?)' has a method overload that takes a 'StringComparison' parameter. Replace this call in 'SunamoHtml.Html.HtmlHelper.ReplaceHtmlNonPairTagsWithXmlValid(string)' with a call to 'string.Replace(string, string?, System.StringComparison)' for clarity of intent. (https://learn.microsoft.com/dotnet/fundamentals/code-analysis/quality-rules/ca1307) [E:\vs\Projects\PlatformIndependentNuGetPackages\SunamoHtml\SunamoHtml\SunamoHtml.csproj::TargetFramework=net9.0]
E:\vs\Projects\PlatformIndependentNuGetPackages\SunamoHtml\SunamoHtml\Html\HtmlHelperShared.cs(24,17): warning CA1307: 'string.Contains(string)' has a method overload that takes a 'StringComparison' parameter. Replace this call in 'SunamoHtml.Html.HtmlHelper.ReplaceHtmlNonPairTagsWithXmlValid(string)' with a call to 'string.Contains(string, System.StringComparison)' for clarity of intent. (https://learn.microsoft.com/dotnet/fundamentals/code-analysis/quality-rules/ca1307) [E:\vs\Projects\PlatformIndependentNuGetPackages\SunamoHtml\SunamoHtml\SunamoHtml.csproj::TargetFramework=net9.0]
E:\vs\Projects\PlatformIndependentNuGetPackages\SunamoHtml\SunamoHtml\Html\HtmlHelperShared.cs(27,23): warning CA1307: 'string.Replace(string, string?)' has a method overload that takes a 'StringComparison' parameter. Replace this call in 'SunamoHtml.Html.HtmlHelper.ReplaceHtmlNonPairTagsWithXmlValid(string)' with a call to 'string.Replace(string, string?, System.StringComparison)' for clarity of intent. (https://learn.microsoft.com/dotnet/fundamentals/code-analysis/quality-rules/ca1307) [E:\vs\Projects\PlatformIndependentNuGetPackages\SunamoHtml\SunamoHtml\SunamoHtml.csproj::TargetFramework=net9.0]
E:\vs\Projects\PlatformIndependentNuGetPackages\SunamoHtml\SunamoHtml\Html\HtmlHelperShared.cs(27,23): warning CA1307: 'string.Replace(string, string?)' has a method overload that takes a 'StringComparison' parameter. Replace this call in 'SunamoHtml.Html.HtmlHelper.ReplaceHtmlNonPairTagsWithXmlValid(string)' with a call to 'string.Replace(string, string?, System.StringComparison)' for clarity of intent. (https://learn.microsoft.com/dotnet/fundamentals/code-analysis/quality-rules/ca1307) [E:\vs\Projects\PlatformIndependentNuGetPackages\SunamoHtml\SunamoHtml\SunamoHtml.csproj::TargetFramework=net9.0]
E:\vs\Projects\PlatformIndependentNuGetPackages\SunamoHtml\SunamoHtml\Html\HtmlHelperShared.cs(61,16): warning CA1062: In externally visible method 'string HtmlHelper.PrepareToAttribute(string text)', validate parameter 'text' is non-null before using it. If appropriate, throw an 'ArgumentNullException' when the argument is 'null'. (https://learn.microsoft.com/dotnet/fundamentals/code-analysis/quality-rules/ca1062) [E:\vs\Projects\PlatformIndependentNuGetPackages\SunamoHtml\SunamoHtml\SunamoHtml.csproj::TargetFramework=net9.0]
E:\vs\Projects\PlatformIndependentNuGetPackages\SunamoHtml\SunamoHtml\Html\HtmlHelperShared.cs(30,22): warning CA1307: 'string.Contains(string)' has a method overload that takes a 'StringComparison' parameter. Replace this call in 'SunamoHtml.Html.HtmlHelper.ReplaceHtmlNonPairTagsWithXmlValid(string)' with a call to 'string.Contains(string, System.StringComparison)' for clarity of intent. (https://learn.microsoft.com/dotnet/fundamentals/code-analysis/quality-rules/ca1307) [E:\vs\Projects\PlatformIndependentNuGetPackages\SunamoHtml\SunamoHtml\SunamoHtml.csproj::TargetFramework=net9.0]
E:\vs\Projects\PlatformIndependentNuGetPackages\SunamoHtml\SunamoHtml\Html\HtmlHelperShared.cs(35,32): warning CA1307: 'string.Replace(string, string?)' has a method overload that takes a 'StringComparison' parameter. Replace this call in 'SunamoHtml.Html.HtmlHelper.ReplaceHtmlNonPairTagsWithXmlValid(string)' with a call to 'string.Replace(string, string?, System.StringComparison)' for clarity of intent. (https://learn.microsoft.com/dotnet/fundamentals/code-analysis/quality-rules/ca1307) [E:\vs\Projects\PlatformIndependentNuGetPackages\SunamoHtml\SunamoHtml\SunamoHtml.csproj::TargetFramework=net9.0]
E:\vs\Projects\PlatformIndependentNuGetPackages\SunamoHtml\SunamoHtml\Html\HtmlHelperShared.cs(93,16): warning CA1307: 'string.Replace(string, string?)' has a method overload that takes a 'StringComparison' parameter. Replace this call in 'SunamoHtml.Html.HtmlHelper.ClearSpaces(string)' with a call to 'string.Replace(string, string?, System.StringComparison)' for clarity of intent. (https://learn.microsoft.com/dotnet/fundamentals/code-analysis/quality-rules/ca1307) [E:\vs\Projects\PlatformIndependentNuGetPackages\SunamoHtml\SunamoHtml\SunamoHtml.csproj::TargetFramework=net9.0]
E:\vs\Projects\PlatformIndependentNuGetPackages\SunamoHtml\SunamoHtml\Html\HtmlHelperShared.cs(93,16): warning CA1307: 'string.Replace(string, string?)' has a method overload that takes a 'StringComparison' parameter. Replace this call in 'SunamoHtml.Html.HtmlHelper.ClearSpaces(string)' with a call to 'string.Replace(string, string?, System.StringComparison)' for clarity of intent. (https://learn.microsoft.com/dotnet/fundamentals/code-analysis/quality-rules/ca1307) [E:\vs\Projects\PlatformIndependentNuGetPackages\SunamoHtml\SunamoHtml\SunamoHtml.csproj::TargetFramework=net9.0]
E:\vs\Projects\PlatformIndependentNuGetPackages\SunamoHtml\SunamoHtml\Html\HtmlHelperShared.cs(93,16): warning CA1062: In externally visible method 'string HtmlHelper.ClearSpaces(string text)', validate parameter 'text' is non-null before using it. If appropriate, throw an 'ArgumentNullException' when the argument is 'null'. (https://learn.microsoft.com/dotnet/fundamentals/code-analysis/quality-rules/ca1062) [E:\vs\Projects\PlatformIndependentNuGetPackages\SunamoHtml\SunamoHtml\SunamoHtml.csproj::TargetFramework=net9.0]
E:\vs\Projects\PlatformIndependentNuGetPackages\SunamoHtml\SunamoHtml\Html\HtmlHelperShared.cs(72,16): warning CA1307: 'string.Replace(string, string?)' has a method overload that takes a 'StringComparison' parameter. Replace this call in 'SunamoHtml.Html.HtmlHelper.ReplaceAllFontCase(string)' with a call to 'string.Replace(string, string?, System.StringComparison)' for clarity of intent. (https://learn.microsoft.com/dotnet/fundamentals/code-analysis/quality-rules/ca1307) [E:\vs\Projects\PlatformIndependentNuGetPackages\SunamoHtml\SunamoHtml\SunamoHtml.csproj::TargetFramework=net9.0]
E:\vs\Projects\PlatformIndependentNuGetPackages\SunamoHtml\SunamoHtml\Html\HtmlHelperShared.cs(73,16): warning CA1307: 'string.Replace(string, string?)' has a method overload that takes a 'StringComparison' parameter. Replace this call in 'SunamoHtml.Html.HtmlHelper.ReplaceAllFontCase(string)' with a call to 'string.Replace(string, string?, System.StringComparison)' for clarity of intent. (https://learn.microsoft.com/dotnet/fundamentals/code-analysis/quality-rules/ca1307) [E:\vs\Projects\PlatformIndependentNuGetPackages\SunamoHtml\SunamoHtml\SunamoHtml.csproj::TargetFramework=net9.0]
E:\vs\Projects\PlatformIndependentNuGetPackages\SunamoHtml\SunamoHtml\Html\HtmlHelperShared.cs(74,16): warning CA1307: 'string.Replace(string, string?)' has a method overload that takes a 'StringComparison' parameter. Replace this call in 'SunamoHtml.Html.HtmlHelper.ReplaceAllFontCase(string)' with a call to 'string.Replace(string, string?, System.StringComparison)' for clarity of intent. (https://learn.microsoft.com/dotnet/fundamentals/code-analysis/quality-rules/ca1307) [E:\vs\Projects\PlatformIndependentNuGetPackages\SunamoHtml\SunamoHtml\SunamoHtml.csproj::TargetFramework=net9.0]
E:\vs\Projects\PlatformIndependentNuGetPackages\SunamoHtml\SunamoHtml\Html\HtmlHelperShared.cs(75,16): warning CA1307: 'string.Replace(string, string?)' has a method overload that takes a 'StringComparison' parameter. Replace this call in 'SunamoHtml.Html.HtmlHelper.ReplaceAllFontCase(string)' with a call to 'string.Replace(string, string?, System.StringComparison)' for clarity of intent. (https://learn.microsoft.com/dotnet/fundamentals/code-analysis/quality-rules/ca1307) [E:\vs\Projects\PlatformIndependentNuGetPackages\SunamoHtml\SunamoHtml\SunamoHtml.csproj::TargetFramework=net9.0]
E:\vs\Projects\PlatformIndependentNuGetPackages\SunamoHtml\SunamoHtml\Html\HtmlHelperShared.cs(76,16): warning CA1307: 'string.Replace(string, string?)' has a method overload that takes a 'StringComparison' parameter. Replace this call in 'SunamoHtml.Html.HtmlHelper.ReplaceAllFontCase(string)' with a call to 'string.Replace(string, string?, System.StringComparison)' for clarity of intent. (https://learn.microsoft.com/dotnet/fundamentals/code-analysis/quality-rules/ca1307) [E:\vs\Projects\PlatformIndependentNuGetPackages\SunamoHtml\SunamoHtml\SunamoHtml.csproj::TargetFramework=net9.0]
E:\vs\Projects\PlatformIndependentNuGetPackages\SunamoHtml\SunamoHtml\Html\HtmlHelperShared.cs(77,16): warning CA1307: 'string.Replace(string, string?)' has a method overload that takes a 'StringComparison' parameter. Replace this call in 'SunamoHtml.Html.HtmlHelper.ReplaceAllFontCase(string)' with a call to 'string.Replace(string, string?, System.StringComparison)' for clarity of intent. (https://learn.microsoft.com/dotnet/fundamentals/code-analysis/quality-rules/ca1307) [E:\vs\Projects\PlatformIndependentNuGetPackages\SunamoHtml\SunamoHtml\SunamoHtml.csproj::TargetFramework=net9.0]
E:\vs\Projects\PlatformIndependentNuGetPackages\SunamoHtml\SunamoHtml\Html\HtmlHelperShared.cs(78,16): warning CA1307: 'string.Replace(string, string?)' has a method overload that takes a 'StringComparison' parameter. Replace this call in 'SunamoHtml.Html.HtmlHelper.ReplaceAllFontCase(string)' with a call to 'string.Replace(string, string?, System.StringComparison)' for clarity of intent. (https://learn.microsoft.com/dotnet/fundamentals/code-analysis/quality-rules/ca1307) [E:\vs\Projects\PlatformIndependentNuGetPackages\SunamoHtml\SunamoHtml\SunamoHtml.csproj::TargetFramework=net9.0]
E:\vs\Projects\PlatformIndependentNuGetPackages\SunamoHtml\SunamoHtml\Html\HtmlHelperShared.cs(79,16): warning CA1307: 'string.Replace(string, string?)' has a method overload that takes a 'StringComparison' parameter. Replace this call in 'SunamoHtml.Html.HtmlHelper.ReplaceAllFontCase(string)' with a call to 'string.Replace(string, string?, System.StringComparison)' for clarity of intent. (https://learn.microsoft.com/dotnet/fundamentals/code-analysis/quality-rules/ca1307) [E:\vs\Projects\PlatformIndependentNuGetPackages\SunamoHtml\SunamoHtml\SunamoHtml.csproj::TargetFramework=net9.0]
E:\vs\Projects\PlatformIndependentNuGetPackages\SunamoHtml\SunamoHtml\Html\HtmlHelperShared.cs(80,16): warning CA1307: 'string.Replace(string, string?)' has a method overload that takes a 'StringComparison' parameter. Replace this call in 'SunamoHtml.Html.HtmlHelper.ReplaceAllFontCase(string)' with a call to 'string.Replace(string, string?, System.StringComparison)' for clarity of intent. (https://learn.microsoft.com/dotnet/fundamentals/code-analysis/quality-rules/ca1307) [E:\vs\Projects\PlatformIndependentNuGetPackages\SunamoHtml\SunamoHtml\SunamoHtml.csproj::TargetFramework=net9.0]
E:\vs\Projects\PlatformIndependentNuGetPackages\SunamoHtml\SunamoHtml\Html\HtmlHelperShared.cs(81,16): warning CA1307: 'string.Replace(string, string?)' has a method overload that takes a 'StringComparison' parameter. Replace this call in 'SunamoHtml.Html.HtmlHelper.ReplaceAllFontCase(string)' with a call to 'string.Replace(string, string?, System.StringComparison)' for clarity of intent. (https://learn.microsoft.com/dotnet/fundamentals/code-analysis/quality-rules/ca1307) [E:\vs\Projects\PlatformIndependentNuGetPackages\SunamoHtml\SunamoHtml\SunamoHtml.csproj::TargetFramework=net9.0]
E:\vs\Projects\PlatformIndependentNuGetPackages\SunamoHtml\SunamoHtml\Html\HtmlHelperShared.cs(82,16): warning CA1307: 'string.Replace(string, string?)' has a method overload that takes a 'StringComparison' parameter. Replace this call in 'SunamoHtml.Html.HtmlHelper.ReplaceAllFontCase(string)' with a call to 'string.Replace(string, string?, System.StringComparison)' for clarity of intent. (https://learn.microsoft.com/dotnet/fundamentals/code-analysis/quality-rules/ca1307) [E:\vs\Projects\PlatformIndependentNuGetPackages\SunamoHtml\SunamoHtml\SunamoHtml.csproj::TargetFramework=net9.0]
E:\vs\Projects\PlatformIndependentNuGetPackages\SunamoHtml\SunamoHtml\Html\HtmlHelperShared.cs(72,16): warning CA1062: In externally visible method 'string HtmlHelper.ReplaceAllFontCase(string html)', validate parameter 'html' is non-null before using it. If appropriate, throw an 'ArgumentNullException' when the argument is 'null'. (https://learn.microsoft.com/dotnet/fundamentals/code-analysis/quality-rules/ca1062) [E:\vs\Projects\PlatformIndependentNuGetPackages\SunamoHtml\SunamoHtml\SunamoHtml.csproj::TargetFramework=net9.0]
E:\vs\Projects\PlatformIndependentNuGetPackages\SunamoHtml\SunamoHtml\_sunamo\SunamoString\SH1.cs(73,13): warning CA1307: 'string.Contains(string)' has a method overload that takes a 'StringComparison' parameter. Replace this call in 'SunamoHtml._sunamo.SunamoString.SH.XCharsBeforeAndAfterWholeWords(string, int, int)' with a call to 'string.Contains(string, System.StringComparison)' for clarity of intent. (https://learn.microsoft.com/dotnet/fundamentals/code-analysis/quality-rules/ca1307) [E:\vs\Projects\PlatformIndependentNuGetPackages\SunamoHtml\SunamoHtml\SunamoHtml.csproj::TargetFramework=net9.0]
E:\vs\Projects\PlatformIndependentNuGetPackages\SunamoHtml\SunamoHtml\_sunamo\SunamoString\SH1.cs(73,57): warning CA1307: 'string.Contains(string)' has a method overload that takes a 'StringComparison' parameter. Replace this call in 'SunamoHtml._sunamo.SunamoString.SH.XCharsBeforeAndAfterWholeWords(string, int, int)' with a call to 'string.Contains(string, System.StringComparison)' for clarity of intent. (https://learn.microsoft.com/dotnet/fundamentals/code-analysis/quality-rules/ca1307) [E:\vs\Projects\PlatformIndependentNuGetPackages\SunamoHtml\SunamoHtml\SunamoHtml.csproj::TargetFramework=net9.0]
E:\vs\Projects\PlatformIndependentNuGetPackages\SunamoHtml\SunamoHtml\_sunamo\SunamoString\SH1.cs(31,21): warning CA1820: Test for empty strings using 'string.Length' property or 'string.IsNullOrEmpty' method instead of an Equality check (https://learn.microsoft.com/dotnet/fundamentals/code-analysis/quality-rules/ca1820) [E:\vs\Projects\PlatformIndependentNuGetPackages\SunamoHtml\SunamoHtml\SunamoHtml.csproj::TargetFramework=net9.0]
E:\vs\Projects\PlatformIndependentNuGetPackages\SunamoHtml\SunamoHtml\_sunamo\SunamoString\SH1.cs(57,21): warning CA1820: Test for empty strings using 'string.Length' property or 'string.IsNullOrEmpty' method instead of an Equality check (https://learn.microsoft.com/dotnet/fundamentals/code-analysis/quality-rules/ca1820) [E:\vs\Projects\PlatformIndependentNuGetPackages\SunamoHtml\SunamoHtml\SunamoHtml.csproj::TargetFramework=net9.0]
E:\vs\Projects\PlatformIndependentNuGetPackages\SunamoHtml\SunamoHtml\Html\HtmlHelperShared.cs(153,34): warning CA1002: Change 'List<HtmlNode>' in 'HtmlHelper.GetWithoutTextNodes(HtmlNode)' to use 'Collection<T>', 'ReadOnlyCollection<T>' or 'KeyedCollection<K,V>' (https://learn.microsoft.com/dotnet/fundamentals/code-analysis/quality-rules/ca1002) [E:\vs\Projects\PlatformIndependentNuGetPackages\SunamoHtml\SunamoHtml\SunamoHtml.csproj::TargetFramework=net9.0]
E:\vs\Projects\PlatformIndependentNuGetPackages\SunamoHtml\SunamoHtml\Html\HtmlHelperShared.cs(35,32): warning CA1062: In externally visible method 'string HtmlHelper.ReplaceHtmlNonPairTagsWithXmlValid(string html)', validate parameter 'html' is non-null before using it. If appropriate, throw an 'ArgumentNullException' when the argument is 'null'. (https://learn.microsoft.com/dotnet/fundamentals/code-analysis/quality-rules/ca1062) [E:\vs\Projects\PlatformIndependentNuGetPackages\SunamoHtml\SunamoHtml\SunamoHtml.csproj::TargetFramework=net9.0]
E:\vs\Projects\PlatformIndependentNuGetPackages\SunamoHtml\SunamoHtml\Html\HtmlHelperShared.cs(142,44): warning CA1062: In externally visible method 'HtmlNode HtmlHelper.ReturnTagWithAttr(HtmlNode htmlNode, string tag, string attributeName, string value)', validate parameter 'htmlNode' is non-null before using it. If appropriate, throw an 'ArgumentNullException' when the argument is 'null'. (https://learn.microsoft.com/dotnet/fundamentals/code-analysis/quality-rules/ca1062) [E:\vs\Projects\PlatformIndependentNuGetPackages\SunamoHtml\SunamoHtml\SunamoHtml.csproj::TargetFramework=net9.0]
E:\vs\Projects\PlatformIndependentNuGetPackages\SunamoHtml\SunamoHtml\Html\HtmlHelperShared.cs(156,30): warning CA1062: In externally visible method 'List<HtmlNode> HtmlHelper.GetWithoutTextNodes(HtmlNode htmlNode)', validate parameter 'htmlNode' is non-null before using it. If appropriate, throw an 'ArgumentNullException' when the argument is 'null'. (https://learn.microsoft.com/dotnet/fundamentals/code-analysis/quality-rules/ca1062) [E:\vs\Projects\PlatformIndependentNuGetPackages\SunamoHtml\SunamoHtml\SunamoHtml.csproj::TargetFramework=net9.0]
E:\vs\Projects\PlatformIndependentNuGetPackages\SunamoHtml\SunamoHtml\_sunamo\SunamoValues\Constants\HtmlEndingTags.cs(11,25): warning CA1823: Unused field 'Type' (https://learn.microsoft.com/dotnet/fundamentals/code-analysis/quality-rules/ca1823) [E:\vs\Projects\PlatformIndependentNuGetPackages\SunamoHtml\SunamoHtml\SunamoHtml.csproj::TargetFramework=net9.0]
E:\vs\Projects\PlatformIndependentNuGetPackages\SunamoHtml\SunamoHtml\Html\HtmlHelperText.cs(36,49): warning CA1062: In externally visible method 'string HtmlHelperText.InsertMissingEndingTags(string text, string tag)', validate parameter 'text' is non-null before using it. If appropriate, throw an 'ArgumentNullException' when the argument is 'null'. (https://learn.microsoft.com/dotnet/fundamentals/code-analysis/quality-rules/ca1062) [E:\vs\Projects\PlatformIndependentNuGetPackages\SunamoHtml\SunamoHtml\SunamoHtml.csproj::TargetFramework=net9.0]
E:\vs\Projects\PlatformIndependentNuGetPackages\SunamoHtml\SunamoHtml\Html\HtmlHelperShared.cs(210,16): warning CA1307: 'string.Replace(string, string?)' has a method overload that takes a 'StringComparison' parameter. Replace this call in 'SunamoHtml.Html.HtmlHelper.TrimOpenAndEndTags(string, string)' with a call to 'string.Replace(string, string?, System.StringComparison)' for clarity of intent. (https://learn.microsoft.com/dotnet/fundamentals/code-analysis/quality-rules/ca1307) [E:\vs\Projects\PlatformIndependentNuGetPackages\SunamoHtml\SunamoHtml\SunamoHtml.csproj::TargetFramework=net9.0]
E:\vs\Projects\PlatformIndependentNuGetPackages\SunamoHtml\SunamoHtml\Html\HtmlHelperShared.cs(211,16): warning CA1307: 'string.Replace(string, string?)' has a method overload that takes a 'StringComparison' parameter. Replace this call in 'SunamoHtml.Html.HtmlHelper.TrimOpenAndEndTags(string, string)' with a call to 'string.Replace(string, string?, System.StringComparison)' for clarity of intent. (https://learn.microsoft.com/dotnet/fundamentals/code-analysis/quality-rules/ca1307) [E:\vs\Projects\PlatformIndependentNuGetPackages\SunamoHtml\SunamoHtml\SunamoHtml.csproj::TargetFramework=net9.0]
E:\vs\Projects\PlatformIndependentNuGetPackages\SunamoHtml\SunamoHtml\Html\HtmlHelperShared.cs(210,16): warning CA1062: In externally visible method 'string HtmlHelper.TrimOpenAndEndTags(string html, string nameOfTag)', validate parameter 'html' is non-null before using it. If appropriate, throw an 'ArgumentNullException' when the argument is 'null'. (https://learn.microsoft.com/dotnet/fundamentals/code-analysis/quality-rules/ca1062) [E:\vs\Projects\PlatformIndependentNuGetPackages\SunamoHtml\SunamoHtml\SunamoHtml.csproj::TargetFramework=net9.0]
E:\vs\Projects\PlatformIndependentNuGetPackages\SunamoHtml\SunamoHtml\_sunamo\SunamoString\SH1.cs(131,25): warning CA1311: Specify a culture or use an invariant version to avoid implicit dependency on current culture (https://learn.microsoft.com/dotnet/fundamentals/code-analysis/quality-rules/ca1311) [E:\vs\Projects\PlatformIndependentNuGetPackages\SunamoHtml\SunamoHtml\SunamoHtml.csproj::TargetFramework=net9.0]
E:\vs\Projects\PlatformIndependentNuGetPackages\SunamoHtml\SunamoHtml\_sunamo\SunamoString\SH1.cs(133,35): warning CA1311: Specify a culture or use an invariant version to avoid implicit dependency on current culture (https://learn.microsoft.com/dotnet/fundamentals/code-analysis/quality-rules/ca1311) [E:\vs\Projects\PlatformIndependentNuGetPackages\SunamoHtml\SunamoHtml\SunamoHtml.csproj::TargetFramework=net9.0]
E:\vs\Projects\PlatformIndependentNuGetPackages\SunamoHtml\SunamoHtml\_sunamo\SunamoString\SH1.cs(131,20): warning CA1304: The behavior of 'string.ToUpper()' could vary based on the current user's locale settings. Replace this call in 'SH.FirstCharUpper(string)' with a call to 'string.ToUpper(CultureInfo)'. (https://learn.microsoft.com/dotnet/fundamentals/code-analysis/quality-rules/ca1304) [E:\vs\Projects\PlatformIndependentNuGetPackages\SunamoHtml\SunamoHtml\SunamoHtml.csproj::TargetFramework=net9.0]
E:\vs\Projects\PlatformIndependentNuGetPackages\SunamoHtml\SunamoHtml\_sunamo\SunamoString\SH1.cs(133,16): warning CA1304: The behavior of 'string.ToUpper()' could vary based on the current user's locale settings. Replace this call in 'SH.FirstCharUpper(string)' with a call to 'string.ToUpper(CultureInfo)'. (https://learn.microsoft.com/dotnet/fundamentals/code-analysis/quality-rules/ca1304) [E:\vs\Projects\PlatformIndependentNuGetPackages\SunamoHtml\SunamoHtml\SunamoHtml.csproj::TargetFramework=net9.0]
E:\vs\Projects\PlatformIndependentNuGetPackages\SunamoHtml\SunamoHtml\_sunamo\SunamoCollectionsChangeContent\CAChangeContent.cs(23,25): warning CA1820: Test for empty strings using 'string.Length' property or 'string.IsNullOrEmpty' method instead of an Equality check (https://learn.microsoft.com/dotnet/fundamentals/code-analysis/quality-rules/ca1820) [E:\vs\Projects\PlatformIndependentNuGetPackages\SunamoHtml\SunamoHtml\SunamoHtml.csproj::TargetFramework=net9.0]
E:\vs\Projects\PlatformIndependentNuGetPackages\SunamoHtml\SunamoHtml\Html\HtmlHelperText.cs(89,71): warning CA1002: Change 'List<string>' in 'HtmlHelperText.CreateH2FromNumberedList(List<string>)' to use 'Collection<T>', 'ReadOnlyCollection<T>' or 'KeyedCollection<K,V>' (https://learn.microsoft.com/dotnet/fundamentals/code-analysis/quality-rules/ca1002) [E:\vs\Projects\PlatformIndependentNuGetPackages\SunamoHtml\SunamoHtml\SunamoHtml.csproj::TargetFramework=net9.0]
E:\vs\Projects\PlatformIndependentNuGetPackages\SunamoHtml\SunamoHtml\Html\HtmlHelperText.cs(133,29): warning CA1829: Use the "Count" property instead of Enumerable.Count() (https://learn.microsoft.com/dotnet/fundamentals/code-analysis/quality-rules/ca1829) [E:\vs\Projects\PlatformIndependentNuGetPackages\SunamoHtml\SunamoHtml\SunamoHtml.csproj::TargetFramework=net9.0]
E:\vs\Projects\PlatformIndependentNuGetPackages\SunamoHtml\SunamoHtml\Html\HtmlTableParser.cs(28,13): warning CA1062: In externally visible method 'HtmlTableParser.HtmlTableParser(HtmlNode html, bool isIgnoreFirstRow)', validate parameter 'html' is non-null before using it. If appropriate, throw an 'ArgumentNullException' when the argument is 'null'. (https://learn.microsoft.com/dotnet/fundamentals/code-analysis/quality-rules/ca1062) [E:\vs\Projects\PlatformIndependentNuGetPackages\SunamoHtml\SunamoHtml\SunamoHtml.csproj::TargetFramework=net9.0]
E:\vs\Projects\PlatformIndependentNuGetPackages\SunamoHtml\SunamoHtml\Html\HtmlAssistant.cs(265,20): warning CA1308: In method 'RemoveAllAttrs', replace the call to 'ToLowerInvariant' with 'ToUpperInvariant' (https://learn.microsoft.com/dotnet/fundamentals/code-analysis/quality-rules/ca1308) [E:\vs\Projects\PlatformIndependentNuGetPackages\SunamoHtml\SunamoHtml\SunamoHtml.csproj::TargetFramework=net9.0]
E:\vs\Projects\PlatformIndependentNuGetPackages\SunamoHtml\SunamoHtml\_sunamo\SunamoExceptions\Exceptions.cs(26,22): warning CA1310: The behavior of 'string.StartsWith(string)' could vary based on the current user's locale settings. Replace this call in 'SunamoHtml._sunamo.SunamoExceptions.Exceptions.PlaceOfException(bool)' with a call to 'string.StartsWith(string, System.StringComparison)'. (https://learn.microsoft.com/dotnet/fundamentals/code-analysis/quality-rules/ca1310) [E:\vs\Projects\PlatformIndependentNuGetPackages\SunamoHtml\SunamoHtml\SunamoHtml.csproj::TargetFramework=net9.0]
E:\vs\Projects\PlatformIndependentNuGetPackages\SunamoHtml\SunamoHtml\_sunamo\SunamoExceptions\Exceptions.cs(31,17): warning CA1310: The behavior of 'string.StartsWith(string)' could vary based on the current user's locale settings. Replace this call in 'SunamoHtml._sunamo.SunamoExceptions.Exceptions.PlaceOfException(bool)' with a call to 'string.StartsWith(string, System.StringComparison)'. (https://learn.microsoft.com/dotnet/fundamentals/code-analysis/quality-rules/ca1310) [E:\vs\Projects\PlatformIndependentNuGetPackages\SunamoHtml\SunamoHtml\SunamoHtml.csproj::TargetFramework=net9.0]
E:\vs\Projects\PlatformIndependentNuGetPackages\SunamoHtml\SunamoHtml\Html\HtmlHelperSunamoCz.cs(18,16): warning CA1307: 'string.Replace(string, string?)' has a method overload that takes a 'StringComparison' parameter. Replace this call in 'SunamoHtml.Html.HtmlHelperSunamoCz.ConvertTextToHtmlWithAnchors(string, ref string)' with a call to 'string.Replace(string, string?, System.StringComparison)' for clarity of intent. (https://learn.microsoft.com/dotnet/fundamentals/code-analysis/quality-rules/ca1307) [E:\vs\Projects\PlatformIndependentNuGetPackages\SunamoHtml\SunamoHtml\SunamoHtml.csproj::TargetFramework=net9.0]
E:\vs\Projects\PlatformIndependentNuGetPackages\SunamoHtml\SunamoHtml\Html\HtmlHelperSunamoCz.cs(22,16): warning CA1307: 'string.Replace(string, string?)' has a method overload that takes a 'StringComparison' parameter. Replace this call in 'SunamoHtml.Html.HtmlHelperSunamoCz.ConvertTextToHtmlWithAnchors(string, ref string)' with a call to 'string.Replace(string, string?, System.StringComparison)' for clarity of intent. (https://learn.microsoft.com/dotnet/fundamentals/code-analysis/quality-rules/ca1307) [E:\vs\Projects\PlatformIndependentNuGetPackages\SunamoHtml\SunamoHtml\SunamoHtml.csproj::TargetFramework=net9.0]
E:\vs\Projects\PlatformIndependentNuGetPackages\SunamoHtml\SunamoHtml\Html\HtmlHelperSunamoCz.cs(29,17): warning CA1310: The behavior of 'string.StartsWith(string)' could vary based on the current user's locale settings. Replace this call in 'SunamoHtml.Html.HtmlHelperSunamoCz.ConvertTextToHtmlWithAnchors(string, ref string)' with a call to 'string.StartsWith(string, System.StringComparison)'. (https://learn.microsoft.com/dotnet/fundamentals/code-analysis/quality-rules/ca1310) [E:\vs\Projects\PlatformIndependentNuGetPackages\SunamoHtml\SunamoHtml\SunamoHtml.csproj::TargetFramework=net9.0]
E:\vs\Projects\PlatformIndependentNuGetPackages\SunamoHtml\SunamoHtml\Html\HtmlHelperText.cs(91,29): warning CA1062: In externally visible method 'IList<string> HtmlHelperText.CreateH2FromNumberedList(List<string> lines)', validate parameter 'lines' is non-null before using it. If appropriate, throw an 'ArgumentNullException' when the argument is 'null'. (https://learn.microsoft.com/dotnet/fundamentals/code-analysis/quality-rules/ca1062) [E:\vs\Projects\PlatformIndependentNuGetPackages\SunamoHtml\SunamoHtml\SunamoHtml.csproj::TargetFramework=net9.0]
E:\vs\Projects\PlatformIndependentNuGetPackages\SunamoHtml\SunamoHtml\Html\HtmlHelperSunamoCz.cs(29,48): warning CA1310: The behavior of 'string.StartsWith(string)' could vary based on the current user's locale settings. Replace this call in 'SunamoHtml.Html.HtmlHelperSunamoCz.ConvertTextToHtmlWithAnchors(string, ref string)' with a call to 'string.StartsWith(string, System.StringComparison)'. (https://learn.microsoft.com/dotnet/fundamentals/code-analysis/quality-rules/ca1310) [E:\vs\Projects\PlatformIndependentNuGetPackages\SunamoHtml\SunamoHtml\SunamoHtml.csproj::TargetFramework=net9.0]
E:\vs\Projects\PlatformIndependentNuGetPackages\SunamoHtml\SunamoHtml\Html\HtmlHelperSunamoCz.cs(29,79): warning CA1310: The behavior of 'string.StartsWith(string)' could vary based on the current user's locale settings. Replace this call in 'SunamoHtml.Html.HtmlHelperSunamoCz.ConvertTextToHtmlWithAnchors(string, ref string)' with a call to 'string.StartsWith(string, System.StringComparison)'. (https://learn.microsoft.com/dotnet/fundamentals/code-analysis/quality-rules/ca1310) [E:\vs\Projects\PlatformIndependentNuGetPackages\SunamoHtml\SunamoHtml\SunamoHtml.csproj::TargetFramework=net9.0]
E:\vs\Projects\PlatformIndependentNuGetPackages\SunamoHtml\SunamoHtml\_sunamo\SunamoCollectionsChangeContent\CAChangeContent.cs(52,25): warning CA1820: Test for empty strings using 'string.Length' property or 'string.IsNullOrEmpty' method instead of an Equality check (https://learn.microsoft.com/dotnet/fundamentals/code-analysis/quality-rules/ca1820) [E:\vs\Projects\PlatformIndependentNuGetPackages\SunamoHtml\SunamoHtml\SunamoHtml.csproj::TargetFramework=net9.0]
E:\vs\Projects\PlatformIndependentNuGetPackages\SunamoHtml\SunamoHtml\Html\HtmlHelperSunamoCz.cs(109,17): warning CA1310: The behavior of 'string.StartsWith(string)' could vary based on the current user's locale settings. Replace this call in 'SunamoHtml.Html.HtmlHelperSunamoCz.ConvertTextToHtmlWithAnchors(string)' with a call to 'string.StartsWith(string, System.StringComparison)'. (https://learn.microsoft.com/dotnet/fundamentals/code-analysis/quality-rules/ca1310) [E:\vs\Projects\PlatformIndependentNuGetPackages\SunamoHtml\SunamoHtml\SunamoHtml.csproj::TargetFramework=net9.0]
E:\vs\Projects\PlatformIndependentNuGetPackages\SunamoHtml\SunamoHtml\Html\HtmlHelperSunamoCz.cs(109,50): warning CA1310: The behavior of 'string.StartsWith(string)' could vary based on the current user's locale settings. Replace this call in 'SunamoHtml.Html.HtmlHelperSunamoCz.ConvertTextToHtmlWithAnchors(string)' with a call to 'string.StartsWith(string, System.StringComparison)'. (https://learn.microsoft.com/dotnet/fundamentals/code-analysis/quality-rules/ca1310) [E:\vs\Projects\PlatformIndependentNuGetPackages\SunamoHtml\SunamoHtml\SunamoHtml.csproj::TargetFramework=net9.0]
E:\vs\Projects\PlatformIndependentNuGetPackages\SunamoHtml\SunamoHtml\Html\HtmlAssistant.cs(300,75): warning CA1062: In externally visible method 'string HtmlAssistant.InnerTextDecodeTrim(string result)', validate parameter 'result' is non-null before using it. If appropriate, throw an 'ArgumentNullException' when the argument is 'null'. (https://learn.microsoft.com/dotnet/fundamentals/code-analysis/quality-rules/ca1062) [E:\vs\Projects\PlatformIndependentNuGetPackages\SunamoHtml\SunamoHtml\SunamoHtml.csproj::TargetFramework=net9.0]
E:\vs\Projects\PlatformIndependentNuGetPackages\SunamoHtml\SunamoHtml\_sunamo\SunamoString\SH1.cs(191,19): warning CA1307: 'string.Replace(string, string?)' has a method overload that takes a 'StringComparison' parameter. Replace this call in 'SunamoHtml._sunamo.SunamoString.SH.IsMatchRegex(string, string, char, char)' with a call to 'string.Replace(string, string?, System.StringComparison)' for clarity of intent. (https://learn.microsoft.com/dotnet/fundamentals/code-analysis/quality-rules/ca1307) [E:\vs\Projects\PlatformIndependentNuGetPackages\SunamoHtml\SunamoHtml\SunamoHtml.csproj::TargetFramework=net9.0]
E:\vs\Projects\PlatformIndependentNuGetPackages\SunamoHtml\SunamoHtml\_sunamo\SunamoString\SH1.cs(192,25): warning CA1307: 'string.Replace(string, string?)' has a method overload that takes a 'StringComparison' parameter. Replace this call in 'SunamoHtml._sunamo.SunamoString.SH.IsMatchRegex(string, string, char, char)' with a call to 'string.Replace(string, string?, System.StringComparison)' for clarity of intent. (https://learn.microsoft.com/dotnet/fundamentals/code-analysis/quality-rules/ca1307) [E:\vs\Projects\PlatformIndependentNuGetPackages\SunamoHtml\SunamoHtml\SunamoHtml.csproj::TargetFramework=net9.0]
E:\vs\Projects\PlatformIndependentNuGetPackages\SunamoHtml\SunamoHtml\_sunamo\SunamoRegex\RegexHelper.cs(91,39): warning CA1310: The behavior of 'string.StartsWith(string)' could vary based on the current user's locale settings. Replace this call in 'SunamoHtml._sunamo.SunamoRegex.RegexHelper.IsUri(string)' with a call to 'string.StartsWith(string, System.StringComparison)'. (https://learn.microsoft.com/dotnet/fundamentals/code-analysis/quality-rules/ca1310) [E:\vs\Projects\PlatformIndependentNuGetPackages\SunamoHtml\SunamoHtml\SunamoHtml.csproj::TargetFramework=net9.0]
E:\vs\Projects\PlatformIndependentNuGetPackages\SunamoHtml\SunamoHtml\_sunamo\SunamoRegex\RegexHelper.cs(91,69): warning CA1310: The behavior of 'string.StartsWith(string)' could vary based on the current user's locale settings. Replace this call in 'SunamoHtml._sunamo.SunamoRegex.RegexHelper.IsUri(string)' with a call to 'string.StartsWith(string, System.StringComparison)'. (https://learn.microsoft.com/dotnet/fundamentals/code-analysis/quality-rules/ca1310) [E:\vs\Projects\PlatformIndependentNuGetPackages\SunamoHtml\SunamoHtml\SunamoHtml.csproj::TargetFramework=net9.0]
E:\vs\Projects\PlatformIndependentNuGetPackages\SunamoHtml\SunamoHtml\Html\HtmlHelperText.cs(160,29): warning CA1866: Use 'string.EndsWith(char)' instead of 'string.EndsWith(string)' when you have a string with a single char (https://learn.microsoft.com/dotnet/fundamentals/code-analysis/quality-rules/ca1866) [E:\vs\Projects\PlatformIndependentNuGetPackages\SunamoHtml\SunamoHtml\SunamoHtml.csproj::TargetFramework=net9.0]
E:\vs\Projects\PlatformIndependentNuGetPackages\SunamoHtml\SunamoHtml\Html\HtmlHelperText.cs(160,13): warning CA1310: The behavior of 'string.EndsWith(string)' could vary based on the current user's locale settings. Replace this call in 'SunamoHtml.Html.HtmlHelperText.GetTextBetweenTags(string, string, string, bool)' with a call to 'string.EndsWith(string, System.StringComparison)'. (https://learn.microsoft.com/dotnet/fundamentals/code-analysis/quality-rules/ca1310) [E:\vs\Projects\PlatformIndependentNuGetPackages\SunamoHtml\SunamoHtml\SunamoHtml.csproj::TargetFramework=net9.0]
E:\vs\Projects\PlatformIndependentNuGetPackages\SunamoHtml\SunamoHtml\Html\HtmlHelperText.cs(163,18): warning CA1310: The behavior of 'string.IndexOf(string)' could vary based on the current user's locale settings. Replace this call in 'SunamoHtml.Html.HtmlHelperText.GetTextBetweenTags(string, string, string, bool)' with a call to 'string.IndexOf(string, System.StringComparison)'. (https://learn.microsoft.com/dotnet/fundamentals/code-analysis/quality-rules/ca1310) [E:\vs\Projects\PlatformIndependentNuGetPackages\SunamoHtml\SunamoHtml\SunamoHtml.csproj::TargetFramework=net9.0]
E:\vs\Projects\PlatformIndependentNuGetPackages\SunamoHtml\SunamoHtml\Html\HtmlHelperText.cs(168,23): warning CA1310: The behavior of 'string.IndexOf(string, int)' could vary based on the current user's locale settings. Replace this call in 'SunamoHtml.Html.HtmlHelperText.GetTextBetweenTags(string, string, string, bool)' with a call to 'string.IndexOf(string, int, System.StringComparison)'. (https://learn.microsoft.com/dotnet/fundamentals/code-analysis/quality-rules/ca1310) [E:\vs\Projects\PlatformIndependentNuGetPackages\SunamoHtml\SunamoHtml\SunamoHtml.csproj::TargetFramework=net9.0]
E:\vs\Projects\PlatformIndependentNuGetPackages\SunamoHtml\SunamoHtml\Html\HtmlHelperText.cs(190,32): warning CA1002: Change 'List<string>' in 'HtmlHelperText.GetAllTags(string)' to use 'Collection<T>', 'ReadOnlyCollection<T>' or 'KeyedCollection<K,V>' (https://learn.microsoft.com/dotnet/fundamentals/code-analysis/quality-rules/ca1002) [E:\vs\Projects\PlatformIndependentNuGetPackages\SunamoHtml\SunamoHtml\SunamoHtml.csproj::TargetFramework=net9.0]
E:\vs\Projects\PlatformIndependentNuGetPackages\SunamoHtml\SunamoHtml\_sunamo\SunamoExceptions\Exceptions.cs(44,36): warning CA1861: Prefer 'static readonly' fields over constant array arguments if the called method is called repeatedly and is not mutating the passed array (https://learn.microsoft.com/dotnet/fundamentals/code-analysis/quality-rules/ca1861) [E:\vs\Projects\PlatformIndependentNuGetPackages\SunamoHtml\SunamoHtml\SunamoHtml.csproj::TargetFramework=net9.0]
E:\vs\Projects\PlatformIndependentNuGetPackages\SunamoHtml\SunamoHtml\_public\SunamoXml\Generators\XmlGeneratorHtml.cs(286,29): warning CA1829: Use the "Length" property instead of Enumerable.Count() (https://learn.microsoft.com/dotnet/fundamentals/code-analysis/quality-rules/ca1829) [E:\vs\Projects\PlatformIndependentNuGetPackages\SunamoHtml\SunamoHtml\SunamoHtml.csproj::TargetFramework=net9.0]
E:\vs\Projects\PlatformIndependentNuGetPackages\SunamoHtml\SunamoHtml\HtmlAgilityHelper.cs(248,71): warning CA1002: Change 'List<string>' in 'HtmlAgilityHelper.InsertGroup(HtmlNode, List<string>)' to use 'Collection<T>', 'ReadOnlyCollection<T>' or 'KeyedCollection<K,V>' (https://learn.microsoft.com/dotnet/fundamentals/code-analysis/quality-rules/ca1002) [E:\vs\Projects\PlatformIndependentNuGetPackages\SunamoHtml\SunamoHtml\SunamoHtml.csproj::TargetFramework=net9.0]
E:\vs\Projects\PlatformIndependentNuGetPackages\SunamoHtml\SunamoHtml\Html\HtmlHelperText.cs(227,62): warning CA1002: Change 'List<string>' in 'HtmlHelperText.ContainsTag(string, List<string>)' to use 'Collection<T>', 'ReadOnlyCollection<T>' or 'KeyedCollection<K,V>' (https://learn.microsoft.com/dotnet/fundamentals/code-analysis/quality-rules/ca1002) [E:\vs\Projects\PlatformIndependentNuGetPackages\SunamoHtml\SunamoHtml\SunamoHtml.csproj::TargetFramework=net9.0]
E:\vs\Projects\PlatformIndependentNuGetPackages\SunamoHtml\SunamoHtml\Html\HtmlHelperText.cs(160,13): warning CA1062: In externally visible method 'Tuple<string, string> HtmlHelperText.GetTextBetweenTags(string html, string scriptS, string scriptE, bool isThrowExceptionIfNotContains = true)', validate parameter 'scriptS' is non-null before using it. If appropriate, throw an 'ArgumentNullException' when the argument is 'null'. (https://learn.microsoft.com/dotnet/fundamentals/code-analysis/quality-rules/ca1062) [E:\vs\Projects\PlatformIndependentNuGetPackages\SunamoHtml\SunamoHtml\SunamoHtml.csproj::TargetFramework=net9.0]
E:\vs\Projects\PlatformIndependentNuGetPackages\SunamoHtml\SunamoHtml\Html\HtmlHelperText.cs(163,18): warning CA1062: In externally visible method 'Tuple<string, string> HtmlHelperText.GetTextBetweenTags(string html, string scriptS, string scriptE, bool isThrowExceptionIfNotContains = true)', validate parameter 'html' is non-null before using it. If appropriate, throw an 'ArgumentNullException' when the argument is 'null'. (https://learn.microsoft.com/dotnet/fundamentals/code-analysis/quality-rules/ca1062) [E:\vs\Projects\PlatformIndependentNuGetPackages\SunamoHtml\SunamoHtml\SunamoHtml.csproj::TargetFramework=net9.0]
E:\vs\Projects\PlatformIndependentNuGetPackages\SunamoHtml\SunamoHtml\Html\HtmlHelperText.cs(230,17): warning CA1307: 'string.Contains(string)' has a method overload that takes a 'StringComparison' parameter. Replace this call in 'SunamoHtml.Html.HtmlHelperText.ContainsTag(string, System.Collections.Generic.List<string>)' with a call to 'string.Contains(string, System.StringComparison)' for clarity of intent. (https://learn.microsoft.com/dotnet/fundamentals/code-analysis/quality-rules/ca1307) [E:\vs\Projects\PlatformIndependentNuGetPackages\SunamoHtml\SunamoHtml\SunamoHtml.csproj::TargetFramework=net9.0]
E:\vs\Projects\PlatformIndependentNuGetPackages\SunamoHtml\SunamoHtml\_public\SunamoXml\Generators\XmlGeneratorHtml.cs(286,72): warning CA1062: In externally visible method 'void XmlGeneratorHtml.WriteTagNamespaceManager(string tagName, XmlNamespaceManager namespaceManager, params string[] attributes)', validate parameter 'attributes' is non-null before using it. If appropriate, throw an 'ArgumentNullException' when the argument is 'null'. (https://learn.microsoft.com/dotnet/fundamentals/code-analysis/quality-rules/ca1062) [E:\vs\Projects\PlatformIndependentNuGetPackages\SunamoHtml\SunamoHtml\SunamoHtml.csproj::TargetFramework=net9.0]
E:\vs\Projects\PlatformIndependentNuGetPackages\SunamoHtml\SunamoHtml\_public\SunamoXml\Generators\XmlGeneratorHtml.cs(311,30): warning CA1834: Use 'StringBuilder.Append(char)' instead of 'StringBuilder.Append(string)' when the input is a constant unit string (https://learn.microsoft.com/dotnet/fundamentals/code-analysis/quality-rules/ca1834) [E:\vs\Projects\PlatformIndependentNuGetPackages\SunamoHtml\SunamoHtml\SunamoHtml.csproj::TargetFramework=net9.0]
E:\vs\Projects\PlatformIndependentNuGetPackages\SunamoHtml\SunamoHtml\Generators\HtmlGenerator21.cs(22,143): warning CA1002: Change 'List<string>' in 'HtmlGenerator2.TopListWithImages(HtmlGenerator, int, int, string, List<string>, List<string>, List<string>, List<string>, List<string>, string)' to use 'Collection<T>', 'ReadOnlyCollection<T>' or 'KeyedCollection<K,V>' (https://learn.microsoft.com/dotnet/fundamentals/code-analysis/quality-rules/ca1002) [E:\vs\Projects\PlatformIndependentNuGetPackages\SunamoHtml\SunamoHtml\SunamoHtml.csproj::TargetFramework=net9.0]
E:\vs\Projects\PlatformIndependentNuGetPackages\SunamoHtml\SunamoHtml\Generators\HtmlGenerator21.cs(22,168): warning CA1002: Change 'List<string>' in 'HtmlGenerator2.TopListWithImages(HtmlGenerator, int, int, string, List<string>, List<string>, List<string>, List<string>, List<string>, string)' to use 'Collection<T>', 'ReadOnlyCollection<T>' or 'KeyedCollection<K,V>' (https://learn.microsoft.com/dotnet/fundamentals/code-analysis/quality-rules/ca1002) [E:\vs\Projects\PlatformIndependentNuGetPackages\SunamoHtml\SunamoHtml\SunamoHtml.csproj::TargetFramework=net9.0]
E:\vs\Projects\PlatformIndependentNuGetPackages\SunamoHtml\SunamoHtml\Generators\HtmlGenerator21.cs(22,192): warning CA1002: Change 'List<string>' in 'HtmlGenerator2.TopListWithImages(HtmlGenerator, int, int, string, List<string>, List<string>, List<string>, List<string>, List<string>, string)' to use 'Collection<T>', 'ReadOnlyCollection<T>' or 'KeyedCollection<K,V>' (https://learn.microsoft.com/dotnet/fundamentals/code-analysis/quality-rules/ca1002) [E:\vs\Projects\PlatformIndependentNuGetPackages\SunamoHtml\SunamoHtml\SunamoHtml.csproj::TargetFramework=net9.0]
E:\vs\Projects\PlatformIndependentNuGetPackages\SunamoHtml\SunamoHtml\Generators\HtmlGenerator21.cs(22,220): warning CA1002: Change 'List<string>' in 'HtmlGenerator2.TopListWithImages(HtmlGenerator, int, int, string, List<string>, List<string>, List<string>, List<string>, List<string>, string)' to use 'Collection<T>', 'ReadOnlyCollection<T>' or 'KeyedCollection<K,V>' (https://learn.microsoft.com/dotnet/fundamentals/code-analysis/quality-rules/ca1002) [E:\vs\Projects\PlatformIndependentNuGetPackages\SunamoHtml\SunamoHtml\SunamoHtml.csproj::TargetFramework=net9.0]
E:\vs\Projects\PlatformIndependentNuGetPackages\SunamoHtml\SunamoHtml\Generators\HtmlGenerator21.cs(22,243): warning CA1002: Change 'List<string>' in 'HtmlGenerator2.TopListWithImages(HtmlGenerator, int, int, string, List<string>, List<string>, List<string>, List<string>, List<string>, string)' to use 'Collection<T>', 'ReadOnlyCollection<T>' or 'KeyedCollection<K,V>' (https://learn.microsoft.com/dotnet/fundamentals/code-analysis/quality-rules/ca1002) [E:\vs\Projects\PlatformIndependentNuGetPackages\SunamoHtml\SunamoHtml\SunamoHtml.csproj::TargetFramework=net9.0]
E:\vs\Projects\PlatformIndependentNuGetPackages\SunamoHtml\SunamoHtml\Generators\HtmlGenerator21.cs(22,113): warning CA1054: Change the type of parameter 'initialImageUri' of method 'HtmlGenerator2.TopListWithImages(HtmlGenerator, int, int, string, List<string>, List<string>, List<string>, List<string>, List<string>, string)' from 'string' to 'System.Uri', or provide an overload to 'HtmlGenerator2.TopListWithImages(HtmlGenerator, int, int, string, List<string>, List<string>, List<string>, List<string>, List<string>, string)' that allows 'initialImageUri' to be passed as a 'System.Uri' object (https://learn.microsoft.com/dotnet/fundamentals/code-analysis/quality-rules/ca1054) [E:\vs\Projects\PlatformIndependentNuGetPackages\SunamoHtml\SunamoHtml\SunamoHtml.csproj::TargetFramework=net9.0]
E:\vs\Projects\PlatformIndependentNuGetPackages\SunamoHtml\SunamoHtml\Html\HtmlHelperText.cs(229,30): warning CA1062: In externally visible method 'bool HtmlHelperText.ContainsTag(string text, List<string> allHtmlTagsWithLeftArrow)', validate parameter 'allHtmlTagsWithLeftArrow' is non-null before using it. If appropriate, throw an 'ArgumentNullException' when the argument is 'null'. (https://learn.microsoft.com/dotnet/fundamentals/code-analysis/quality-rules/ca1062) [E:\vs\Projects\PlatformIndependentNuGetPackages\SunamoHtml\SunamoHtml\SunamoHtml.csproj::TargetFramework=net9.0]
E:\vs\Projects\PlatformIndependentNuGetPackages\SunamoHtml\SunamoHtml\Html\HtmlHelperText.cs(230,17): warning CA1062: In externally visible method 'bool HtmlHelperText.ContainsTag(string text, List<string> allHtmlTagsWithLeftArrow)', validate parameter 'text' is non-null before using it. If appropriate, throw an 'ArgumentNullException' when the argument is 'null'. (https://learn.microsoft.com/dotnet/fundamentals/code-analysis/quality-rules/ca1062) [E:\vs\Projects\PlatformIndependentNuGetPackages\SunamoHtml\SunamoHtml\SunamoHtml.csproj::TargetFramework=net9.0]
E:\vs\Projects\PlatformIndependentNuGetPackages\SunamoHtml\SunamoHtml\Generators\HtmlGenerator21.cs(28,19): warning CA2201: Exception type System.Exception is not sufficiently specific (https://learn.microsoft.com/dotnet/fundamentals/code-analysis/quality-rules/ca2201) [E:\vs\Projects\PlatformIndependentNuGetPackages\SunamoHtml\SunamoHtml\SunamoHtml.csproj::TargetFramework=net9.0]
E:\vs\Projects\PlatformIndependentNuGetPackages\SunamoHtml\SunamoHtml\Generators\HtmlGenerator21.cs(30,19): warning CA2201: Exception type System.Exception is not sufficiently specific (https://learn.microsoft.com/dotnet/fundamentals/code-analysis/quality-rules/ca2201) [E:\vs\Projects\PlatformIndependentNuGetPackages\SunamoHtml\SunamoHtml\SunamoHtml.csproj::TargetFramework=net9.0]
E:\vs\Projects\PlatformIndependentNuGetPackages\SunamoHtml\SunamoHtml\Html\HtmlHelperShared.cs(225,125): warning CA1002: Change 'List<string>' in 'HtmlHelper.HighlightingWords(string, int, int, List<string>)' to use 'Collection<T>', 'ReadOnlyCollection<T>' or 'KeyedCollection<K,V>' (https://learn.microsoft.com/dotnet/fundamentals/code-analysis/quality-rules/ca1002) [E:\vs\Projects\PlatformIndependentNuGetPackages\SunamoHtml\SunamoHtml\SunamoHtml.csproj::TargetFramework=net9.0]
E:\vs\Projects\PlatformIndependentNuGetPackages\SunamoHtml\SunamoHtml\Generators\HtmlGenerator21.cs(32,19): warning CA2201: Exception type System.Exception is not sufficiently specific (https://learn.microsoft.com/dotnet/fundamentals/code-analysis/quality-rules/ca2201) [E:\vs\Projects\PlatformIndependentNuGetPackages\SunamoHtml\SunamoHtml\SunamoHtml.csproj::TargetFramework=net9.0]
E:\vs\Projects\PlatformIndependentNuGetPackages\SunamoHtml\SunamoHtml\Generators\HtmlGenerator21.cs(34,19): warning CA2201: Exception type System.Exception is not sufficiently specific (https://learn.microsoft.com/dotnet/fundamentals/code-analysis/quality-rules/ca2201) [E:\vs\Projects\PlatformIndependentNuGetPackages\SunamoHtml\SunamoHtml\SunamoHtml.csproj::TargetFramework=net9.0]
E:\vs\Projects\PlatformIndependentNuGetPackages\SunamoHtml\SunamoHtml\_sunamo\SunamoStringReplace\SHReplace.cs(7,16): warning CA1307: 'string.Replace(string, string?)' has a method overload that takes a 'StringComparison' parameter. Replace this call in 'SunamoHtml._sunamo.SunamoStringReplace.SHReplace.ReplaceWhiteSpacesWithoutSpacesWithReplaceWith(string, string)' with a call to 'string.Replace(string, string?, System.StringComparison)' for clarity of intent. (https://learn.microsoft.com/dotnet/fundamentals/code-analysis/quality-rules/ca1307) [E:\vs\Projects\PlatformIndependentNuGetPackages\SunamoHtml\SunamoHtml\SunamoHtml.csproj::TargetFramework=net9.0]
E:\vs\Projects\PlatformIndependentNuGetPackages\SunamoHtml\SunamoHtml\_sunamo\SunamoStringReplace\SHReplace.cs(7,16): warning CA1307: 'string.Replace(string, string?)' has a method overload that takes a 'StringComparison' parameter. Replace this call in 'SunamoHtml._sunamo.SunamoStringReplace.SHReplace.ReplaceWhiteSpacesWithoutSpacesWithReplaceWith(string, string)' with a call to 'string.Replace(string, string?, System.StringComparison)' for clarity of intent. (https://learn.microsoft.com/dotnet/fundamentals/code-analysis/quality-rules/ca1307) [E:\vs\Projects\PlatformIndependentNuGetPackages\SunamoHtml\SunamoHtml\SunamoHtml.csproj::TargetFramework=net9.0]
E:\vs\Projects\PlatformIndependentNuGetPackages\SunamoHtml\SunamoHtml\_sunamo\SunamoStringReplace\SHReplace.cs(7,16): warning CA1307: 'string.Replace(string, string?)' has a method overload that takes a 'StringComparison' parameter. Replace this call in 'SunamoHtml._sunamo.SunamoStringReplace.SHReplace.ReplaceWhiteSpacesWithoutSpacesWithReplaceWith(string, string)' with a call to 'string.Replace(string, string?, System.StringComparison)' for clarity of intent. (https://learn.microsoft.com/dotnet/fundamentals/code-analysis/quality-rules/ca1307) [E:\vs\Projects\PlatformIndependentNuGetPackages\SunamoHtml\SunamoHtml\SunamoHtml.csproj::TargetFramework=net9.0]
E:\vs\Projects\PlatformIndependentNuGetPackages\SunamoHtml\SunamoHtml\Html\HtmlAssistant.cs(356,28): warning CA1847: Use 'string.Contains(char)' instead of 'string.Contains(string)' when searching for a single character (https://learn.microsoft.com/dotnet/fundamentals/code-analysis/quality-rules/ca1847) [E:\vs\Projects\PlatformIndependentNuGetPackages\SunamoHtml\SunamoHtml\SunamoHtml.csproj::TargetFramework=net9.0]
E:\vs\Projects\PlatformIndependentNuGetPackages\SunamoHtml\SunamoHtml\Html\HtmlHelperShared.cs(228,49): warning CA1311: Specify a culture or use an invariant version to avoid implicit dependency on current culture (https://learn.microsoft.com/dotnet/fundamentals/code-analysis/quality-rules/ca1311) [E:\vs\Projects\PlatformIndependentNuGetPackages\SunamoHtml\SunamoHtml\SunamoHtml.csproj::TargetFramework=net9.0]
E:\vs\Projects\PlatformIndependentNuGetPackages\SunamoHtml\SunamoHtml\Html\HtmlHelperShared.cs(291,42): warning CA1311: Specify a culture or use an invariant version to avoid implicit dependency on current culture (https://learn.microsoft.com/dotnet/fundamentals/code-analysis/quality-rules/ca1311) [E:\vs\Projects\PlatformIndependentNuGetPackages\SunamoHtml\SunamoHtml\SunamoHtml.csproj::TargetFramework=net9.0]
E:\vs\Projects\PlatformIndependentNuGetPackages\SunamoHtml\SunamoHtml\Html\HtmlAssistant.cs(356,14): warning CA1307: 'string.Contains(string)' has a method overload that takes a 'StringComparison' parameter. Replace this call in 'SunamoHtml.Html.HtmlAssistant.GetAttributesPairs(string)' with a call to 'string.Contains(string, System.StringComparison)' for clarity of intent. (https://learn.microsoft.com/dotnet/fundamentals/code-analysis/quality-rules/ca1307) [E:\vs\Projects\PlatformIndependentNuGetPackages\SunamoHtml\SunamoHtml\SunamoHtml.csproj::TargetFramework=net9.0]
E:\vs\Projects\PlatformIndependentNuGetPackages\SunamoHtml\SunamoHtml\_sunamo\SunamoExceptions\Exceptions.cs(93,18): warning CA1307: 'string.Contains(string)' has a method overload that takes a 'StringComparison' parameter. Replace this call in 'SunamoHtml._sunamo.SunamoExceptions.Exceptions.NotContains(string, string, params string[])' with a call to 'string.Contains(string, System.StringComparison)' for clarity of intent. (https://learn.microsoft.com/dotnet/fundamentals/code-analysis/quality-rules/ca1307) [E:\vs\Projects\PlatformIndependentNuGetPackages\SunamoHtml\SunamoHtml\SunamoHtml.csproj::TargetFramework=net9.0]
E:\vs\Projects\PlatformIndependentNuGetPackages\SunamoHtml\SunamoHtml\_sunamo\SunamoStringReplace\SHReplace.cs(23,53): warning CA1307: 'string.Replace(string, string?)' has a method overload that takes a 'StringComparison' parameter. Replace this call in 'SunamoHtml._sunamo.SunamoStringReplace.SHReplace.ReplaceAllArray(string, string, params string[])' with a call to 'string.Replace(string, string?, System.StringComparison)' for clarity of intent. (https://learn.microsoft.com/dotnet/fundamentals/code-analysis/quality-rules/ca1307) [E:\vs\Projects\PlatformIndependentNuGetPackages\SunamoHtml\SunamoHtml\SunamoHtml.csproj::TargetFramework=net9.0]
E:\vs\Projects\PlatformIndependentNuGetPackages\SunamoHtml\SunamoHtml\Html\HtmlHelperShared.cs(228,32): warning CA1304: The behavior of 'string.ToLower()' could vary based on the current user's locale settings. Replace this call in 'HtmlHelper.HighlightingWords(string, int, int, List<string>)' with a call to 'string.ToLower(CultureInfo)'. (https://learn.microsoft.com/dotnet/fundamentals/code-analysis/quality-rules/ca1304) [E:\vs\Projects\PlatformIndependentNuGetPackages\SunamoHtml\SunamoHtml\SunamoHtml.csproj::TargetFramework=net9.0]
E:\vs\Projects\PlatformIndependentNuGetPackages\SunamoHtml\SunamoHtml\Html\HtmlHelperShared.cs(291,37): warning CA1304: The behavior of 'string.ToLower()' could vary based on the current user's locale settings. Replace this call in 'HtmlHelper.HighlightingWords(string, int, int, List<string>)' with a call to 'string.ToLower(CultureInfo)'. (https://learn.microsoft.com/dotnet/fundamentals/code-analysis/quality-rules/ca1304) [E:\vs\Projects\PlatformIndependentNuGetPackages\SunamoHtml\SunamoHtml\SunamoHtml.csproj::TargetFramework=net9.0]
E:\vs\Projects\PlatformIndependentNuGetPackages\SunamoHtml\SunamoHtml\Generators\HtmlGenerator21.cs(63,63): warning CA1002: Change 'List<string>' in 'HtmlGenerator2.GetForUlWCheckDuplicate(List<string>)' to use 'Collection<T>', 'ReadOnlyCollection<T>' or 'KeyedCollection<K,V>' (https://learn.microsoft.com/dotnet/fundamentals/code-analysis/quality-rules/ca1002) [E:\vs\Projects\PlatformIndependentNuGetPackages\SunamoHtml\SunamoHtml\SunamoHtml.csproj::TargetFramework=net9.0]
E:\vs\Projects\PlatformIndependentNuGetPackages\SunamoHtml\SunamoHtml\_sunamo\SunamoStringReplace\SHReplace.cs(33,20): warning CA1307: 'string.Replace(string, string?)' has a method overload that takes a 'StringComparison' parameter. Replace this call in 'SunamoHtml._sunamo.SunamoStringReplace.SHReplace.ReplaceAllDoubleSpaceToSingle(string, bool)' with a call to 'string.Replace(string, string?, System.StringComparison)' for clarity of intent. (https://learn.microsoft.com/dotnet/fundamentals/code-analysis/quality-rules/ca1307) [E:\vs\Projects\PlatformIndependentNuGetPackages\SunamoHtml\SunamoHtml\SunamoHtml.csproj::TargetFramework=net9.0]
E:\vs\Projects\PlatformIndependentNuGetPackages\SunamoHtml\SunamoHtml\_sunamo\SunamoStringReplace\SHReplace.cs(34,20): warning CA1307: 'string.Replace(string, string?)' has a method overload that takes a 'StringComparison' parameter. Replace this call in 'SunamoHtml._sunamo.SunamoStringReplace.SHReplace.ReplaceAllDoubleSpaceToSingle(string, bool)' with a call to 'string.Replace(string, string?, System.StringComparison)' for clarity of intent. (https://learn.microsoft.com/dotnet/fundamentals/code-analysis/quality-rules/ca1307) [E:\vs\Projects\PlatformIndependentNuGetPackages\SunamoHtml\SunamoHtml\SunamoHtml.csproj::TargetFramework=net9.0]
E:\vs\Projects\PlatformIndependentNuGetPackages\SunamoHtml\SunamoHtml\_sunamo\SunamoStringReplace\SHReplace.cs(35,20): warning CA1307: 'string.Replace(string, string?)' has a method overload that takes a 'StringComparison' parameter. Replace this call in 'SunamoHtml._sunamo.SunamoStringReplace.SHReplace.ReplaceAllDoubleSpaceToSingle(string, bool)' with a call to 'string.Replace(string, string?, System.StringComparison)' for clarity of intent. (https://learn.microsoft.com/dotnet/fundamentals/code-analysis/quality-rules/ca1307) [E:\vs\Projects\PlatformIndependentNuGetPackages\SunamoHtml\SunamoHtml\SunamoHtml.csproj::TargetFramework=net9.0]
E:\vs\Projects\PlatformIndependentNuGetPackages\SunamoHtml\SunamoHtml\_sunamo\SunamoStringReplace\SHReplace.cs(38,16): warning CA1307: 'string.Contains(string)' has a method overload that takes a 'StringComparison' parameter. Replace this call in 'SunamoHtml._sunamo.SunamoStringReplace.SHReplace.ReplaceAllDoubleSpaceToSingle(string, bool)' with a call to 'string.Contains(string, System.StringComparison)' for clarity of intent. (https://learn.microsoft.com/dotnet/fundamentals/code-analysis/quality-rules/ca1307) [E:\vs\Projects\PlatformIndependentNuGetPackages\SunamoHtml\SunamoHtml\SunamoHtml.csproj::TargetFramework=net9.0]
E:\vs\Projects\PlatformIndependentNuGetPackages\SunamoHtml\SunamoHtml\_sunamo\SunamoStringReplace\SHReplace.cs(39,20): warning CA1307: 'string.Replace(string, string?)' has a method overload that takes a 'StringComparison' parameter. Replace this call in 'SunamoHtml._sunamo.SunamoStringReplace.SHReplace.ReplaceAllDoubleSpaceToSingle(string, bool)' with a call to 'string.Replace(string, string?, System.StringComparison)' for clarity of intent. (https://learn.microsoft.com/dotnet/fundamentals/code-analysis/quality-rules/ca1307) [E:\vs\Projects\PlatformIndependentNuGetPackages\SunamoHtml\SunamoHtml\SunamoHtml.csproj::TargetFramework=net9.0]
E:\vs\Projects\PlatformIndependentNuGetPackages\SunamoHtml\SunamoHtml\_public\SunamoXml\Generators\XmlGeneratorHtml.cs(301,29): warning CA1062: In externally visible method 'void XmlGeneratorHtml.WriteNonPairTagWithAttrs(bool isAppendNull, string tagName, params string[] attributes)', validate parameter 'attributes' is non-null before using it. If appropriate, throw an 'ArgumentNullException' when the argument is 'null'. (https://learn.microsoft.com/dotnet/fundamentals/code-analysis/quality-rules/ca1062) [E:\vs\Projects\PlatformIndependentNuGetPackages\SunamoHtml\SunamoHtml\SunamoHtml.csproj::TargetFramework=net9.0]
E:\vs\Projects\PlatformIndependentNuGetPackages\SunamoHtml\SunamoHtml\_sunamo\SunamoStringReplace\SHReplace.cs(62,53): warning CA1307: 'string.Replace(string, string?)' has a method overload that takes a 'StringComparison' parameter. Replace this call in 'SunamoHtml._sunamo.SunamoStringReplace.SHReplace.ReplaceAll(string, string, params string[])' with a call to 'string.Replace(string, string?, System.StringComparison)' for clarity of intent. (https://learn.microsoft.com/dotnet/fundamentals/code-analysis/quality-rules/ca1307) [E:\vs\Projects\PlatformIndependentNuGetPackages\SunamoHtml\SunamoHtml\SunamoHtml.csproj::TargetFramework=net9.0]
E:\vs\Projects\PlatformIndependentNuGetPackages\SunamoHtml\SunamoHtml\Html\HtmlAssistant.cs(356,14): warning CA1062: In externally visible method 'Dictionary<string, string> HtmlAssistant.GetAttributesPairs(string text)', validate parameter 'text' is non-null before using it. If appropriate, throw an 'ArgumentNullException' when the argument is 'null'. (https://learn.microsoft.com/dotnet/fundamentals/code-analysis/quality-rules/ca1062) [E:\vs\Projects\PlatformIndependentNuGetPackages\SunamoHtml\SunamoHtml\SunamoHtml.csproj::TargetFramework=net9.0]
E:\vs\Projects\PlatformIndependentNuGetPackages\SunamoHtml\SunamoHtml\Generators\HtmlGenerator21.cs(102,40): warning CA1054: Change the type of parameter 'url' of method 'HtmlGenerator2.Anchor(string)' from 'string' to 'System.Uri', or provide an overload to 'HtmlGenerator2.Anchor(string)' that allows 'url' to be passed as a 'System.Uri' object (https://learn.microsoft.com/dotnet/fundamentals/code-analysis/quality-rules/ca1054) [E:\vs\Projects\PlatformIndependentNuGetPackages\SunamoHtml\SunamoHtml\SunamoHtml.csproj::TargetFramework=net9.0]
E:\vs\Projects\PlatformIndependentNuGetPackages\SunamoHtml\SunamoHtml\Generators\HtmlGenerator21.cs(104,13): warning CA1307: 'string.Contains(string)' has a method overload that takes a 'StringComparison' parameter. Replace this call in 'SunamoHtml.Generators.HtmlGenerator2.Anchor(string)' with a call to 'string.Contains(string, System.StringComparison)' for clarity of intent. (https://learn.microsoft.com/dotnet/fundamentals/code-analysis/quality-rules/ca1307) [E:\vs\Projects\PlatformIndependentNuGetPackages\SunamoHtml\SunamoHtml\SunamoHtml.csproj::TargetFramework=net9.0]
E:\vs\Projects\PlatformIndependentNuGetPackages\SunamoHtml\SunamoHtml\_sunamo\SunamoStringSplit\SHSplit.cs(31,21): warning CA1820: Test for empty strings using 'string.Length' property or 'string.IsNullOrEmpty' method instead of an Equality check (https://learn.microsoft.com/dotnet/fundamentals/code-analysis/quality-rules/ca1820) [E:\vs\Projects\PlatformIndependentNuGetPackages\SunamoHtml\SunamoHtml\SunamoHtml.csproj::TargetFramework=net9.0]
E:\vs\Projects\PlatformIndependentNuGetPackages\SunamoHtml\SunamoHtml\_sunamo\SunamoExceptions\ThrowEx.cs(72,23): warning CA2201: Exception type System.Exception is not sufficiently specific (https://learn.microsoft.com/dotnet/fundamentals/code-analysis/quality-rules/ca2201) [E:\vs\Projects\PlatformIndependentNuGetPackages\SunamoHtml\SunamoHtml\SunamoHtml.csproj::TargetFramework=net9.0]
E:\vs\Projects\PlatformIndependentNuGetPackages\SunamoHtml\SunamoHtml\Generators\HtmlGenerator21.cs(104,13): warning CA1062: In externally visible method 'string HtmlGenerator2.Anchor(string url)', validate parameter 'url' is non-null before using it. If appropriate, throw an 'ArgumentNullException' when the argument is 'null'. (https://learn.microsoft.com/dotnet/fundamentals/code-analysis/quality-rules/ca1062) [E:\vs\Projects\PlatformIndependentNuGetPackages\SunamoHtml\SunamoHtml\SunamoHtml.csproj::TargetFramework=net9.0]
E:\vs\Projects\PlatformIndependentNuGetPackages\SunamoHtml\SunamoHtml\Generators\HtmlGenerator21.cs(67,29): warning CA1062: In externally visible method 'string HtmlGenerator2.GetForUlWCheckDuplicate(List<string> items)', validate parameter 'items' is non-null before using it. If appropriate, throw an 'ArgumentNullException' when the argument is 'null'. (https://learn.microsoft.com/dotnet/fundamentals/code-analysis/quality-rules/ca1062) [E:\vs\Projects\PlatformIndependentNuGetPackages\SunamoHtml\SunamoHtml\SunamoHtml.csproj::TargetFramework=net9.0]
E:\vs\Projects\PlatformIndependentNuGetPackages\SunamoHtml\SunamoHtml\Html\HtmlHelperText.cs(245,54): warning CA1311: Specify a culture or use an invariant version to avoid implicit dependency on current culture (https://learn.microsoft.com/dotnet/fundamentals/code-analysis/quality-rules/ca1311) [E:\vs\Projects\PlatformIndependentNuGetPackages\SunamoHtml\SunamoHtml\SunamoHtml.csproj::TargetFramework=net9.0]
E:\vs\Projects\PlatformIndependentNuGetPackages\SunamoHtml\SunamoHtml\Html\HtmlHelperText.cs(274,32): warning CA1002: Change 'List<string>' in 'HtmlHelperText.SplitBySpaceAndLtGt(string)' to use 'Collection<T>', 'ReadOnlyCollection<T>' or 'KeyedCollection<K,V>' (https://learn.microsoft.com/dotnet/fundamentals/code-analysis/quality-rules/ca1002) [E:\vs\Projects\PlatformIndependentNuGetPackages\SunamoHtml\SunamoHtml\SunamoHtml.csproj::TargetFramework=net9.0]
E:\vs\Projects\PlatformIndependentNuGetPackages\SunamoHtml\SunamoHtml\Html\HtmlHelperText.cs(245,15): warning CA1304: The behavior of 'string.ToLower()' could vary based on the current user's locale settings. Replace this call in 'HtmlHelperText.GetSyntax(ref string)' with a call to 'string.ToLower(CultureInfo)'. (https://learn.microsoft.com/dotnet/fundamentals/code-analysis/quality-rules/ca1304) [E:\vs\Projects\PlatformIndependentNuGetPackages\SunamoHtml\SunamoHtml\SunamoHtml.csproj::TargetFramework=net9.0]
E:\vs\Projects\PlatformIndependentNuGetPackages\SunamoHtml\SunamoHtml\Html\HtmlHelperText.cs(287,16): warning CA1062: In externally visible method 'bool HtmlHelperText.IsHtmlEntity(string text)', validate parameter 'text' is non-null before using it. If appropriate, throw an 'ArgumentNullException' when the argument is 'null'. (https://learn.microsoft.com/dotnet/fundamentals/code-analysis/quality-rules/ca1062) [E:\vs\Projects\PlatformIndependentNuGetPackages\SunamoHtml\SunamoHtml\SunamoHtml.csproj::TargetFramework=net9.0]
E:\vs\Projects\PlatformIndependentNuGetPackages\SunamoHtml\SunamoHtml\Generators\HtmlGenerator21.cs(127,48): warning CA1054: Change the type of parameter 'url' of method 'HtmlGenerator2.AnchorWithHttp(string)' from 'string' to 'System.Uri', or provide an overload to 'HtmlGenerator2.AnchorWithHttp(string)' that allows 'url' to be passed as a 'System.Uri' object (https://learn.microsoft.com/dotnet/fundamentals/code-analysis/quality-rules/ca1054) [E:\vs\Projects\PlatformIndependentNuGetPackages\SunamoHtml\SunamoHtml\SunamoHtml.csproj::TargetFramework=net9.0]
E:\vs\Projects\PlatformIndependentNuGetPackages\SunamoHtml\SunamoHtml\Html\HtmlHelperText.cs(276,31): warning CA1062: In externally visible method 'List<string> HtmlHelperText.SplitBySpaceAndLtGt(string shortDescription)', validate parameter 'shortDescription' is non-null before using it. If appropriate, throw an 'ArgumentNullException' when the argument is 'null'. (https://learn.microsoft.com/dotnet/fundamentals/code-analysis/quality-rules/ca1062) [E:\vs\Projects\PlatformIndependentNuGetPackages\SunamoHtml\SunamoHtml\SunamoHtml.csproj::TargetFramework=net9.0]
E:\vs\Projects\PlatformIndependentNuGetPackages\SunamoHtml\SunamoHtml\Generators\HtmlGenerator21.cs(130,14): warning CA1310: The behavior of 'string.StartsWith(string)' could vary based on the current user's locale settings. Replace this call in 'SunamoHtml.Generators.HtmlGenerator2.AnchorWithHttp(string)' with a call to 'string.StartsWith(string, System.StringComparison)'. (https://learn.microsoft.com/dotnet/fundamentals/code-analysis/quality-rules/ca1310) [E:\vs\Projects\PlatformIndependentNuGetPackages\SunamoHtml\SunamoHtml\SunamoHtml.csproj::TargetFramework=net9.0]
E:\vs\Projects\PlatformIndependentNuGetPackages\SunamoHtml\SunamoHtml\Generators\HtmlGenerator21.cs(130,14): warning CA1062: In externally visible method 'string HtmlGenerator2.AnchorWithHttp(string url)', validate parameter 'url' is non-null before using it. If appropriate, throw an 'ArgumentNullException' when the argument is 'null'. (https://learn.microsoft.com/dotnet/fundamentals/code-analysis/quality-rules/ca1062) [E:\vs\Projects\PlatformIndependentNuGetPackages\SunamoHtml\SunamoHtml\SunamoHtml.csproj::TargetFramework=net9.0]
E:\vs\Projects\PlatformIndependentNuGetPackages\SunamoHtml\SunamoHtml\Generators\HtmlGenerator21.cs(31,22): warning CA1062: In externally visible method 'string HtmlGenerator2.TopListWithImages(HtmlGenerator htmlGenerator, int widthImage, int heightImage, string initialImageUri, List<string> photoLinks, List<string> textLinks, List<string> innerHtmlText, List<string> srcPhoto, List<string> idBadges, string arrayName)', validate parameter 'srcPhoto' is non-null before using it. If appropriate, throw an 'ArgumentNullException' when the argument is 'null'. (https://learn.microsoft.com/dotnet/fundamentals/code-analysis/quality-rules/ca1062) [E:\vs\Projects\PlatformIndependentNuGetPackages\SunamoHtml\SunamoHtml\SunamoHtml.csproj::TargetFramework=net9.0]
E:\vs\Projects\PlatformIndependentNuGetPackages\SunamoHtml\SunamoHtml\Html\HtmlHelperText.cs(297,32): warning CA1002: Change 'List<string>' in 'HtmlHelperText.GetContentOfTags(string, string)' to use 'Collection<T>', 'ReadOnlyCollection<T>' or 'KeyedCollection<K,V>' (https://learn.microsoft.com/dotnet/fundamentals/code-analysis/quality-rules/ca1002) [E:\vs\Projects\PlatformIndependentNuGetPackages\SunamoHtml\SunamoHtml\SunamoHtml.csproj::TargetFramework=net9.0]
E:\vs\Projects\PlatformIndependentNuGetPackages\SunamoHtml\SunamoHtml\Generators\HtmlGenerator21.cs(24,21): warning CA1062: In externally visible method 'string HtmlGenerator2.TopListWithImages(HtmlGenerator htmlGenerator, int widthImage, int heightImage, string initialImageUri, List<string> photoLinks, List<string> textLinks, List<string> innerHtmlText, List<string> srcPhoto, List<string> idBadges, string arrayName)', validate parameter 'photoLinks' is non-null before using it. If appropriate, throw an 'ArgumentNullException' when the argument is 'null'. (https://learn.microsoft.com/dotnet/fundamentals/code-analysis/quality-rules/ca1062) [E:\vs\Projects\PlatformIndependentNuGetPackages\SunamoHtml\SunamoHtml\SunamoHtml.csproj::TargetFramework=net9.0]
E:\vs\Projects\PlatformIndependentNuGetPackages\SunamoHtml\SunamoHtml\Generators\HtmlGenerator21.cs(29,22): warning CA1062: In externally visible method 'string HtmlGenerator2.TopListWithImages(HtmlGenerator htmlGenerator, int widthImage, int heightImage, string initialImageUri, List<string> photoLinks, List<string> textLinks, List<string> innerHtmlText, List<string> srcPhoto, List<string> idBadges, string arrayName)', validate parameter 'innerHtmlText' is non-null before using it. If appropriate, throw an 'ArgumentNullException' when the argument is 'null'. (https://learn.microsoft.com/dotnet/fundamentals/code-analysis/quality-rules/ca1062) [E:\vs\Projects\PlatformIndependentNuGetPackages\SunamoHtml\SunamoHtml\SunamoHtml.csproj::TargetFramework=net9.0]
E:\vs\Projects\PlatformIndependentNuGetPackages\SunamoHtml\SunamoHtml\Generators\HtmlGenerator21.cs(40,13): warning CA1062: In externally visible method 'string HtmlGenerator2.TopListWithImages(HtmlGenerator htmlGenerator, int widthImage, int heightImage, string initialImageUri, List<string> photoLinks, List<string> textLinks, List<string> innerHtmlText, List<string> srcPhoto, List<string> idBadges, string arrayName)', validate parameter 'htmlGenerator' is non-null before using it. If appropriate, throw an 'ArgumentNullException' when the argument is 'null'. (https://learn.microsoft.com/dotnet/fundamentals/code-analysis/quality-rules/ca1062) [E:\vs\Projects\PlatformIndependentNuGetPackages\SunamoHtml\SunamoHtml\SunamoHtml.csproj::TargetFramework=net9.0]
E:\vs\Projects\PlatformIndependentNuGetPackages\SunamoHtml\SunamoHtml\Generators\HtmlGenerator21.cs(33,22): warning CA1062: In externally visible method 'string HtmlGenerator2.TopListWithImages(HtmlGenerator htmlGenerator, int widthImage, int heightImage, string initialImageUri, List<string> photoLinks, List<string> textLinks, List<string> innerHtmlText, List<string> srcPhoto, List<string> idBadges, string arrayName)', validate parameter 'idBadges' is non-null before using it. If appropriate, throw an 'ArgumentNullException' when the argument is 'null'. (https://learn.microsoft.com/dotnet/fundamentals/code-analysis/quality-rules/ca1062) [E:\vs\Projects\PlatformIndependentNuGetPackages\SunamoHtml\SunamoHtml\SunamoHtml.csproj::TargetFramework=net9.0]
E:\vs\Projects\PlatformIndependentNuGetPackages\SunamoHtml\SunamoHtml\Generators\HtmlGenerator21.cs(27,22): warning CA1062: In externally visible method 'string HtmlGenerator2.TopListWithImages(HtmlGenerator htmlGenerator, int widthImage, int heightImage, string initialImageUri, List<string> photoLinks, List<string> textLinks, List<string> innerHtmlText, List<string> srcPhoto, List<string> idBadges, string arrayName)', validate parameter 'textLinks' is non-null before using it. If appropriate, throw an 'ArgumentNullException' when the argument is 'null'. (https://learn.microsoft.com/dotnet/fundamentals/code-analysis/quality-rules/ca1062) [E:\vs\Projects\PlatformIndependentNuGetPackages\SunamoHtml\SunamoHtml\SunamoHtml.csproj::TargetFramework=net9.0]
E:\vs\Projects\PlatformIndependentNuGetPackages\SunamoHtml\SunamoHtml\_sunamo\SunamoExceptions\Exceptions.cs(63,35): warning CA1823: Unused field 'sbAdditionalInfoInner' (https://learn.microsoft.com/dotnet/fundamentals/code-analysis/quality-rules/ca1823) [E:\vs\Projects\PlatformIndependentNuGetPackages\SunamoHtml\SunamoHtml\SunamoHtml.csproj::TargetFramework=net9.0]
E:\vs\Projects\PlatformIndependentNuGetPackages\SunamoHtml\SunamoHtml\Generators\HtmlGenerator21.cs(144,48): warning CA1054: Change the type of parameter 'url' of method 'HtmlGenerator2.AnchorWithHttp(string, string)' from 'string' to 'System.Uri', or provide an overload to 'HtmlGenerator2.AnchorWithHttp(string, string)' that allows 'url' to be passed as a 'System.Uri' object (https://learn.microsoft.com/dotnet/fundamentals/code-analysis/quality-rules/ca1054) [E:\vs\Projects\PlatformIndependentNuGetPackages\SunamoHtml\SunamoHtml\SunamoHtml.csproj::TargetFramework=net9.0]
E:\vs\Projects\PlatformIndependentNuGetPackages\SunamoHtml\SunamoHtml\_sunamo\SunamoExceptions\Exceptions.cs(64,35): warning CA1823: Unused field 'sbAdditionalInfo' (https://learn.microsoft.com/dotnet/fundamentals/code-analysis/quality-rules/ca1823) [E:\vs\Projects\PlatformIndependentNuGetPackages\SunamoHtml\SunamoHtml\SunamoHtml.csproj::TargetFramework=net9.0]
E:\vs\Projects\PlatformIndependentNuGetPackages\SunamoHtml\SunamoHtml\Html\HtmlHelperText.cs(312,27): warning CA2201: Exception type System.Exception is not sufficiently specific (https://learn.microsoft.com/dotnet/fundamentals/code-analysis/quality-rules/ca2201) [E:\vs\Projects\PlatformIndependentNuGetPackages\SunamoHtml\SunamoHtml\SunamoHtml.csproj::TargetFramework=net9.0]
E:\vs\Projects\PlatformIndependentNuGetPackages\SunamoHtml\SunamoHtml\Html\HtmlHelperText.cs(302,19): warning CA1310: The behavior of 'string.IndexOf(string)' could vary based on the current user's locale settings. Replace this call in 'SunamoHtml.Html.HtmlHelperText.GetContentOfTags(string, string)' with a call to 'string.IndexOf(string, System.StringComparison)'. (https://learn.microsoft.com/dotnet/fundamentals/code-analysis/quality-rules/ca1310) [E:\vs\Projects\PlatformIndependentNuGetPackages\SunamoHtml\SunamoHtml\SunamoHtml.csproj::TargetFramework=net9.0]
E:\vs\Projects\PlatformIndependentNuGetPackages\SunamoHtml\SunamoHtml\Html\HtmlHelperText.cs(307,24): warning CA1310: The behavior of 'string.IndexOf(string, int)' could vary based on the current user's locale settings. Replace this call in 'SunamoHtml.Html.HtmlHelperText.GetContentOfTags(string, string)' with a call to 'string.IndexOf(string, int, System.StringComparison)'. (https://learn.microsoft.com/dotnet/fundamentals/code-analysis/quality-rules/ca1310) [E:\vs\Projects\PlatformIndependentNuGetPackages\SunamoHtml\SunamoHtml\SunamoHtml.csproj::TargetFramework=net9.0]
E:\vs\Projects\PlatformIndependentNuGetPackages\SunamoHtml\SunamoHtml\Html\HtmlHelperText.cs(244,29): warning CA1062: In externally visible method 'HtmlTagSyntax HtmlHelperText.GetSyntax(ref string tag)', validate parameter 'tag' is non-null before using it. If appropriate, throw an 'ArgumentNullException' when the argument is 'null'. (https://learn.microsoft.com/dotnet/fundamentals/code-analysis/quality-rules/ca1062) [E:\vs\Projects\PlatformIndependentNuGetPackages\SunamoHtml\SunamoHtml\SunamoHtml.csproj::TargetFramework=net9.0]
E:\vs\Projects\PlatformIndependentNuGetPackages\SunamoHtml\SunamoHtml\Html\HtmlHelperText.cs(308,26): warning CA1310: The behavior of 'string.IndexOf(string, int)' could vary based on the current user's locale settings. Replace this call in 'SunamoHtml.Html.HtmlHelperText.GetContentOfTags(string, string)' with a call to 'string.IndexOf(string, int, System.StringComparison)'. (https://learn.microsoft.com/dotnet/fundamentals/code-analysis/quality-rules/ca1310) [E:\vs\Projects\PlatformIndependentNuGetPackages\SunamoHtml\SunamoHtml\SunamoHtml.csproj::TargetFramework=net9.0]
E:\vs\Projects\PlatformIndependentNuGetPackages\SunamoHtml\SunamoHtml\Html\HtmlHelperText.cs(316,19): warning CA1310: The behavior of 'string.IndexOf(string, int)' could vary based on the current user's locale settings. Replace this call in 'SunamoHtml.Html.HtmlHelperText.GetContentOfTags(string, string)' with a call to 'string.IndexOf(string, int, System.StringComparison)'. (https://learn.microsoft.com/dotnet/fundamentals/code-analysis/quality-rules/ca1310) [E:\vs\Projects\PlatformIndependentNuGetPackages\SunamoHtml\SunamoHtml\SunamoHtml.csproj::TargetFramework=net9.0]
E:\vs\Projects\PlatformIndependentNuGetPackages\SunamoHtml\SunamoHtml\_public\SunamoXml\Generators\XmlGeneratorHtml.cs(337,30): warning CA1834: Use 'StringBuilder.Append(char)' instead of 'StringBuilder.Append(string)' when the input is a constant unit string (https://learn.microsoft.com/dotnet/fundamentals/code-analysis/quality-rules/ca1834) [E:\vs\Projects\PlatformIndependentNuGetPackages\SunamoHtml\SunamoHtml\SunamoHtml.csproj::TargetFramework=net9.0]
E:\vs\Projects\PlatformIndependentNuGetPackages\SunamoHtml\SunamoHtml\Generators\HtmlGenerator21.cs(157,68): warning CA1054: Change the type of parameter 'url' of method 'HtmlGenerator2.AnchorWithHttp(bool, string, string)' from 'string' to 'System.Uri', or provide an overload to 'HtmlGenerator2.AnchorWithHttp(bool, string, string)' that allows 'url' to be passed as a 'System.Uri' object (https://learn.microsoft.com/dotnet/fundamentals/code-analysis/quality-rules/ca1054) [E:\vs\Projects\PlatformIndependentNuGetPackages\SunamoHtml\SunamoHtml\SunamoHtml.csproj::TargetFramework=net9.0]
E:\vs\Projects\PlatformIndependentNuGetPackages\SunamoHtml\SunamoHtml\Generators\HtmlGenerator21.cs(146,48): warning CA1062: In externally visible method 'string HtmlGenerator2.AnchorWithHttp(string url, string text)', validate parameter 'url' is non-null before using it. If appropriate, throw an 'ArgumentNullException' when the argument is 'null'. (https://learn.microsoft.com/dotnet/fundamentals/code-analysis/quality-rules/ca1062) [E:\vs\Projects\PlatformIndependentNuGetPackages\SunamoHtml\SunamoHtml\SunamoHtml.csproj::TargetFramework=net9.0]
E:\vs\Projects\PlatformIndependentNuGetPackages\SunamoHtml\SunamoHtml\Generators\HtmlGenerator21.cs(170,85): warning CA1054: Change the type of parameter 'httpUrl' of method 'HtmlGenerator2.AnchorWithHttpCore(bool, string, string)' from 'string' to 'System.Uri', or provide an overload to 'HtmlGenerator2.AnchorWithHttpCore(bool, string, string)' that allows 'httpUrl' to be passed as a 'System.Uri' object (https://learn.microsoft.com/dotnet/fundamentals/code-analysis/quality-rules/ca1054) [E:\vs\Projects\PlatformIndependentNuGetPackages\SunamoHtml\SunamoHtml\SunamoHtml.csproj::TargetFramework=net9.0]
E:\vs\Projects\PlatformIndependentNuGetPackages\SunamoHtml\SunamoHtml\Html\HtmlHelperText.cs(264,38): warning CA1062: In externally visible method 'string HtmlHelperText.TrimInnerOfEncodedHtml(string value)', validate parameter 'value' is non-null before using it. If appropriate, throw an 'ArgumentNullException' when the argument is 'null'. (https://learn.microsoft.com/dotnet/fundamentals/code-analysis/quality-rules/ca1062) [E:\vs\Projects\PlatformIndependentNuGetPackages\SunamoHtml\SunamoHtml\SunamoHtml.csproj::TargetFramework=net9.0]
E:\vs\Projects\PlatformIndependentNuGetPackages\SunamoHtml\SunamoHtml\Html\HtmlHelperText.cs(302,19): warning CA1062: In externally visible method 'List<string> HtmlHelperText.GetContentOfTags(string text, string tagName)', validate parameter 'text' is non-null before using it. If appropriate, throw an 'ArgumentNullException' when the argument is 'null'. (https://learn.microsoft.com/dotnet/fundamentals/code-analysis/quality-rules/ca1062) [E:\vs\Projects\PlatformIndependentNuGetPackages\SunamoHtml\SunamoHtml\SunamoHtml.csproj::TargetFramework=net9.0]
E:\vs\Projects\PlatformIndependentNuGetPackages\SunamoHtml\SunamoHtml\Generators\HtmlGenerator21.cs(159,51): warning CA1062: In externally visible method 'string HtmlGenerator2.AnchorWithHttp(bool isTargetBlank, string url, string text)', validate parameter 'url' is non-null before using it. If appropriate, throw an 'ArgumentNullException' when the argument is 'null'. (https://learn.microsoft.com/dotnet/fundamentals/code-analysis/quality-rules/ca1062) [E:\vs\Projects\PlatformIndependentNuGetPackages\SunamoHtml\SunamoHtml\SunamoHtml.csproj::TargetFramework=net9.0]
E:\vs\Projects\PlatformIndependentNuGetPackages\SunamoHtml\SunamoHtml\Html\HtmlHelperShared1.cs(72,34): warning CA1002: Change 'List<HtmlNode>' in 'HtmlHelper.ReturnTagsRek(HtmlNode, string)' to use 'Collection<T>', 'ReadOnlyCollection<T>' or 'KeyedCollection<K,V>' (https://learn.microsoft.com/dotnet/fundamentals/code-analysis/quality-rules/ca1002) [E:\vs\Projects\PlatformIndependentNuGetPackages\SunamoHtml\SunamoHtml\SunamoHtml.csproj::TargetFramework=net9.0]
E:\vs\Projects\PlatformIndependentNuGetPackages\SunamoHtml\SunamoHtml\Html\HtmlHelperShared1.cs(106,34): warning CA1002: Change 'List<HtmlNode>' in 'HtmlHelper.ReturnTagsWithAttrRek(HtmlNode, string, string, string)' to use 'Collection<T>', 'ReadOnlyCollection<T>' or 'KeyedCollection<K,V>' (https://learn.microsoft.com/dotnet/fundamentals/code-analysis/quality-rules/ca1002) [E:\vs\Projects\PlatformIndependentNuGetPackages\SunamoHtml\SunamoHtml\SunamoHtml.csproj::TargetFramework=net9.0]
E:\vs\Projects\PlatformIndependentNuGetPackages\SunamoHtml\SunamoHtml\Generators\HtmlGenerator21.cs(184,84): warning CA1002: Change 'List<string>' in 'HtmlGenerator2.GetRadioButtonsWoCheckDuplicate(string, List<string>, List<string>)' to use 'Collection<T>', 'ReadOnlyCollection<T>' or 'KeyedCollection<K,V>' (https://learn.microsoft.com/dotnet/fundamentals/code-analysis/quality-rules/ca1002) [E:\vs\Projects\PlatformIndependentNuGetPackages\SunamoHtml\SunamoHtml\SunamoHtml.csproj::TargetFramework=net9.0]
E:\vs\Projects\PlatformIndependentNuGetPackages\SunamoHtml\SunamoHtml\Generators\HtmlGenerator21.cs(184,102): warning CA1002: Change 'List<string>' in 'HtmlGenerator2.GetRadioButtonsWoCheckDuplicate(string, List<string>, List<string>)' to use 'Collection<T>', 'ReadOnlyCollection<T>' or 'KeyedCollection<K,V>' (https://learn.microsoft.com/dotnet/fundamentals/code-analysis/quality-rules/ca1002) [E:\vs\Projects\PlatformIndependentNuGetPackages\SunamoHtml\SunamoHtml\SunamoHtml.csproj::TargetFramework=net9.0]
E:\vs\Projects\PlatformIndependentNuGetPackages\SunamoHtml\SunamoHtml\HtmlAgilityHelper.cs(295,34): warning CA1002: Change 'List<HtmlNode>' in 'HtmlAgilityHelper.TrimTexts(HtmlNodeCollection)' to use 'Collection<T>', 'ReadOnlyCollection<T>' or 'KeyedCollection<K,V>' (https://learn.microsoft.com/dotnet/fundamentals/code-analysis/quality-rules/ca1002) [E:\vs\Projects\PlatformIndependentNuGetPackages\SunamoHtml\SunamoHtml\SunamoHtml.csproj::TargetFramework=net9.0]
E:\vs\Projects\PlatformIndependentNuGetPackages\SunamoHtml\SunamoHtml\Html\HtmlHelperShared1.cs(120,34): warning CA1002: Change 'List<HtmlNode>' in 'HtmlHelper.ReturnAllTags(HtmlNode, params string[])' to use 'Collection<T>', 'ReadOnlyCollection<T>' or 'KeyedCollection<K,V>' (https://learn.microsoft.com/dotnet/fundamentals/code-analysis/quality-rules/ca1002) [E:\vs\Projects\PlatformIndependentNuGetPackages\SunamoHtml\SunamoHtml\SunamoHtml.csproj::TargetFramework=net9.0]
E:\vs\Projects\PlatformIndependentNuGetPackages\SunamoHtml\SunamoHtml\Html\HtmlHelperShared1.cs(54,13): warning CA1062: In externally visible method 'HtmlNode HtmlHelper.TrimNode(HtmlNode htmlNode)', validate parameter 'htmlNode' is non-null before using it. If appropriate, throw an 'ArgumentNullException' when the argument is 'null'. (https://learn.microsoft.com/dotnet/fundamentals/code-analysis/quality-rules/ca1062) [E:\vs\Projects\PlatformIndependentNuGetPackages\SunamoHtml\SunamoHtml\SunamoHtml.csproj::TargetFramework=net9.0]
E:\vs\Projects\PlatformIndependentNuGetPackages\SunamoHtml\SunamoHtml\_sunamo\SunamoValues\Constants\HtmlStartingTags.cs(11,25): warning CA1823: Unused field 'Type' (https://learn.microsoft.com/dotnet/fundamentals/code-analysis/quality-rules/ca1823) [E:\vs\Projects\PlatformIndependentNuGetPackages\SunamoHtml\SunamoHtml\SunamoHtml.csproj::TargetFramework=net9.0]
E:\vs\Projects\PlatformIndependentNuGetPackages\SunamoHtml\SunamoHtml\Html\HtmlHelperShared1.cs(132,34): warning CA1002: Change 'List<HtmlNode>' in 'HtmlHelper.TrimTexts(HtmlNodeCollection)' to use 'Collection<T>', 'ReadOnlyCollection<T>' or 'KeyedCollection<K,V>' (https://learn.microsoft.com/dotnet/fundamentals/code-analysis/quality-rules/ca1002) [E:\vs\Projects\PlatformIndependentNuGetPackages\SunamoHtml\SunamoHtml\SunamoHtml.csproj::TargetFramework=net9.0]
E:\vs\Projects\PlatformIndependentNuGetPackages\SunamoHtml\SunamoHtml\Html\HtmlHelperShared1.cs(142,34): warning CA1002: Change 'List<HtmlNode>' in 'HtmlHelper.TrimTexts(List<HtmlNode>)' to use 'Collection<T>', 'ReadOnlyCollection<T>' or 'KeyedCollection<K,V>' (https://learn.microsoft.com/dotnet/fundamentals/code-analysis/quality-rules/ca1002) [E:\vs\Projects\PlatformIndependentNuGetPackages\SunamoHtml\SunamoHtml\SunamoHtml.csproj::TargetFramework=net9.0]
E:\vs\Projects\PlatformIndependentNuGetPackages\SunamoHtml\SunamoHtml\Html\HtmlHelperShared1.cs(142,59): warning CA1002: Change 'List<HtmlNode>' in 'HtmlHelper.TrimTexts(List<HtmlNode>)' to use 'Collection<T>', 'ReadOnlyCollection<T>' or 'KeyedCollection<K,V>' (https://learn.microsoft.com/dotnet/fundamentals/code-analysis/quality-rules/ca1002) [E:\vs\Projects\PlatformIndependentNuGetPackages\SunamoHtml\SunamoHtml\SunamoHtml.csproj::TargetFramework=net9.0]
E:\vs\Projects\PlatformIndependentNuGetPackages\SunamoHtml\SunamoHtml\Html\HtmlHelperShared1.cs(75,37): warning CA1062: In externally visible method 'List<HtmlNode> HtmlHelper.ReturnTagsRek(HtmlNode htmlNode, string tagName)', validate parameter 'htmlNode' is non-null before using it. If appropriate, throw an 'ArgumentNullException' when the argument is 'null'. (https://learn.microsoft.com/dotnet/fundamentals/code-analysis/quality-rules/ca1062) [E:\vs\Projects\PlatformIndependentNuGetPackages\SunamoHtml\SunamoHtml\SunamoHtml.csproj::TargetFramework=net9.0]
E:\vs\Projects\PlatformIndependentNuGetPackages\SunamoHtml\SunamoHtml\Generators\HtmlGenerator21.cs(205,84): warning CA1002: Change 'List<string>' in 'HtmlGenerator2.GetRadioButtonsWoCheckDuplicate(string, List<string>, List<string>, string)' to use 'Collection<T>', 'ReadOnlyCollection<T>' or 'KeyedCollection<K,V>' (https://learn.microsoft.com/dotnet/fundamentals/code-analysis/quality-rules/ca1002) [E:\vs\Projects\PlatformIndependentNuGetPackages\SunamoHtml\SunamoHtml\SunamoHtml.csproj::TargetFramework=net9.0]
E:\vs\Projects\PlatformIndependentNuGetPackages\SunamoHtml\SunamoHtml\Generators\HtmlGenerator21.cs(205,102): warning CA1002: Change 'List<string>' in 'HtmlGenerator2.GetRadioButtonsWoCheckDuplicate(string, List<string>, List<string>, string)' to use 'Collection<T>', 'ReadOnlyCollection<T>' or 'KeyedCollection<K,V>' (https://learn.microsoft.com/dotnet/fundamentals/code-analysis/quality-rules/ca1002) [E:\vs\Projects\PlatformIndependentNuGetPackages\SunamoHtml\SunamoHtml\SunamoHtml.csproj::TargetFramework=net9.0]
E:\vs\Projects\PlatformIndependentNuGetPackages\SunamoHtml\SunamoHtml\Html\HtmlHelperShared1.cs(154,34): warning CA1002: Change 'List<HtmlNode>' in 'HtmlHelper.TrimTexts(List<HtmlNode>, bool, [bool])' to use 'Collection<T>', 'ReadOnlyCollection<T>' or 'KeyedCollection<K,V>' (https://learn.microsoft.com/dotnet/fundamentals/code-analysis/quality-rules/ca1002) [E:\vs\Projects\PlatformIndependentNuGetPackages\SunamoHtml\SunamoHtml\SunamoHtml.csproj::TargetFramework=net9.0]
E:\vs\Projects\PlatformIndependentNuGetPackages\SunamoHtml\SunamoHtml\Html\HtmlHelperShared1.cs(154,59): warning CA1002: Change 'List<HtmlNode>' in 'HtmlHelper.TrimTexts(List<HtmlNode>, bool, [bool])' to use 'Collection<T>', 'ReadOnlyCollection<T>' or 'KeyedCollection<K,V>' (https://learn.microsoft.com/dotnet/fundamentals/code-analysis/quality-rules/ca1002) [E:\vs\Projects\PlatformIndependentNuGetPackages\SunamoHtml\SunamoHtml\SunamoHtml.csproj::TargetFramework=net9.0]
E:\vs\Projects\PlatformIndependentNuGetPackages\SunamoHtml\SunamoHtml\HtmlAgilityHelper.cs(347,34): warning CA1002: Change 'List<HtmlNode>' in 'HtmlAgilityHelper.TrimTexts(List<HtmlNode>)' to use 'Collection<T>', 'ReadOnlyCollection<T>' or 'KeyedCollection<K,V>' (https://learn.microsoft.com/dotnet/fundamentals/code-analysis/quality-rules/ca1002) [E:\vs\Projects\PlatformIndependentNuGetPackages\SunamoHtml\SunamoHtml\SunamoHtml.csproj::TargetFramework=net9.0]
E:\vs\Projects\PlatformIndependentNuGetPackages\SunamoHtml\SunamoHtml\HtmlAgilityHelper.cs(347,59): warning CA1002: Change 'List<HtmlNode>' in 'HtmlAgilityHelper.TrimTexts(List<HtmlNode>)' to use 'Collection<T>', 'ReadOnlyCollection<T>' or 'KeyedCollection<K,V>' (https://learn.microsoft.com/dotnet/fundamentals/code-analysis/quality-rules/ca1002) [E:\vs\Projects\PlatformIndependentNuGetPackages\SunamoHtml\SunamoHtml\SunamoHtml.csproj::TargetFramework=net9.0]
E:\vs\Projects\PlatformIndependentNuGetPackages\SunamoHtml\SunamoHtml\Generators\HtmlGenerator21.cs(187,29): warning CA1062: In externally visible method 'string HtmlGenerator2.GetRadioButtonsWoCheckDuplicate(string name, List<string> ids, List<string> labels)', validate parameter 'ids' is non-null before using it. If appropriate, throw an 'ArgumentNullException' when the argument is 'null'. (https://learn.microsoft.com/dotnet/fundamentals/code-analysis/quality-rules/ca1062) [E:\vs\Projects\PlatformIndependentNuGetPackages\SunamoHtml\SunamoHtml\SunamoHtml.csproj::TargetFramework=net9.0]
E:\vs\Projects\PlatformIndependentNuGetPackages\SunamoHtml\SunamoHtml\Generators\HtmlGenerator21.cs(190,32): warning CA1062: In externally visible method 'string HtmlGenerator2.GetRadioButtonsWoCheckDuplicate(string name, List<string> ids, List<string> labels)', validate parameter 'labels' is non-null before using it. If appropriate, throw an 'ArgumentNullException' when the argument is 'null'. (https://learn.microsoft.com/dotnet/fundamentals/code-analysis/quality-rules/ca1062) [E:\vs\Projects\PlatformIndependentNuGetPackages\SunamoHtml\SunamoHtml\SunamoHtml.csproj::TargetFramework=net9.0]
E:\vs\Projects\PlatformIndependentNuGetPackages\SunamoHtml\SunamoHtml\Html\HtmlHelperShared1.cs(109,45): warning CA1062: In externally visible method 'List<HtmlNode> HtmlHelper.ReturnTagsWithAttrRek(HtmlNode htmlNode, string tagName, string attributeName, string attributeValue)', validate parameter 'htmlNode' is non-null before using it. If appropriate, throw an 'ArgumentNullException' when the argument is 'null'. (https://learn.microsoft.com/dotnet/fundamentals/code-analysis/quality-rules/ca1062) [E:\vs\Projects\PlatformIndependentNuGetPackages\SunamoHtml\SunamoHtml\SunamoHtml.csproj::TargetFramework=net9.0]
E:\vs\Projects\PlatformIndependentNuGetPackages\SunamoHtml\SunamoHtml\HtmlAgilityHelper.cs(300,30): warning CA1062: In externally visible method 'List<HtmlNode> HtmlAgilityHelper.TrimTexts(HtmlNodeCollection htmlNodeCollection)', validate parameter 'htmlNodeCollection' is non-null before using it. If appropriate, throw an 'ArgumentNullException' when the argument is 'null'. (https://learn.microsoft.com/dotnet/fundamentals/code-analysis/quality-rules/ca1062) [E:\vs\Projects\PlatformIndependentNuGetPackages\SunamoHtml\SunamoHtml\SunamoHtml.csproj::TargetFramework=net9.0]
E:\vs\Projects\PlatformIndependentNuGetPackages\SunamoHtml\SunamoHtml\Html\HtmlHelperShared1.cs(156,52): warning CA1062: In externally visible method 'List<HtmlNode> HtmlHelper.TrimTexts(List<HtmlNode> nodes, bool isRemoveTextNodes, bool isRemoveComments = false)', validate parameter 'nodes' is non-null before using it. If appropriate, throw an 'ArgumentNullException' when the argument is 'null'. (https://learn.microsoft.com/dotnet/fundamentals/code-analysis/quality-rules/ca1062) [E:\vs\Projects\PlatformIndependentNuGetPackages\SunamoHtml\SunamoHtml\SunamoHtml.csproj::TargetFramework=net9.0]
E:\vs\Projects\PlatformIndependentNuGetPackages\SunamoHtml\SunamoHtml\Generators\HtmlGenerator21.cs(208,29): warning CA1062: In externally visible method 'string HtmlGenerator2.GetRadioButtonsWoCheckDuplicate(string name, List<string> ids, List<string> labels, string eventHandlerSelected)', validate parameter 'ids' is non-null before using it. If appropriate, throw an 'ArgumentNullException' when the argument is 'null'. (https://learn.microsoft.com/dotnet/fundamentals/code-analysis/quality-rules/ca1062) [E:\vs\Projects\PlatformIndependentNuGetPackages\SunamoHtml\SunamoHtml\SunamoHtml.csproj::TargetFramework=net9.0]
E:\vs\Projects\PlatformIndependentNuGetPackages\SunamoHtml\SunamoHtml\Generators\HtmlGenerator21.cs(211,32): warning CA1062: In externally visible method 'string HtmlGenerator2.GetRadioButtonsWoCheckDuplicate(string name, List<string> ids, List<string> labels, string eventHandlerSelected)', validate parameter 'labels' is non-null before using it. If appropriate, throw an 'ArgumentNullException' when the argument is 'null'. (https://learn.microsoft.com/dotnet/fundamentals/code-analysis/quality-rules/ca1062) [E:\vs\Projects\PlatformIndependentNuGetPackages\SunamoHtml\SunamoHtml\SunamoHtml.csproj::TargetFramework=net9.0]
E:\vs\Projects\PlatformIndependentNuGetPackages\SunamoHtml\SunamoHtml\HtmlAgilityHelper.cs(349,34): warning CA1062: In externally visible method 'List<HtmlNode> HtmlAgilityHelper.TrimTexts(List<HtmlNode> nodes)', validate parameter 'nodes' is non-null before using it. If appropriate, throw an 'ArgumentNullException' when the argument is 'null'. (https://learn.microsoft.com/dotnet/fundamentals/code-analysis/quality-rules/ca1062) [E:\vs\Projects\PlatformIndependentNuGetPackages\SunamoHtml\SunamoHtml\SunamoHtml.csproj::TargetFramework=net9.0]
E:\vs\Projects\PlatformIndependentNuGetPackages\SunamoHtml\SunamoHtml\Html\HtmlHelperText.cs(339,57): warning CA1002: Change 'List<string>' in 'HtmlHelperText.ConvertTextToHtml(List<string>)' to use 'Collection<T>', 'ReadOnlyCollection<T>' or 'KeyedCollection<K,V>' (https://learn.microsoft.com/dotnet/fundamentals/code-analysis/quality-rules/ca1002) [E:\vs\Projects\PlatformIndependentNuGetPackages\SunamoHtml\SunamoHtml\SunamoHtml.csproj::TargetFramework=net9.0]
E:\vs\Projects\PlatformIndependentNuGetPackages\SunamoHtml\SunamoHtml\Html\HtmlHelperText.cs(374,31): warning CA1866: Use 'string.StartsWith(char)' instead of 'string.StartsWith(string)' when you have a string with a single char (https://learn.microsoft.com/dotnet/fundamentals/code-analysis/quality-rules/ca1866) [E:\vs\Projects\PlatformIndependentNuGetPackages\SunamoHtml\SunamoHtml\SunamoHtml.csproj::TargetFramework=net9.0]
E:\vs\Projects\PlatformIndependentNuGetPackages\SunamoHtml\SunamoHtml\Html\HtmlHelperText.cs(370,41): warning CA1311: Specify a culture or use an invariant version to avoid implicit dependency on current culture (https://learn.microsoft.com/dotnet/fundamentals/code-analysis/quality-rules/ca1311) [E:\vs\Projects\PlatformIndependentNuGetPackages\SunamoHtml\SunamoHtml\SunamoHtml.csproj::TargetFramework=net9.0]
E:\vs\Projects\PlatformIndependentNuGetPackages\SunamoHtml\SunamoHtml\Generators\HtmlGenerator21.cs(227,36): warning CA1062: In externally visible method 'string HtmlGenerator2.GetWordsForTagCloud(Dictionary<string, short> wordCount, string cssSelector)', validate parameter 'wordCount' is non-null before using it. If appropriate, throw an 'ArgumentNullException' when the argument is 'null'. (https://learn.microsoft.com/dotnet/fundamentals/code-analysis/quality-rules/ca1062) [E:\vs\Projects\PlatformIndependentNuGetPackages\SunamoHtml\SunamoHtml\SunamoHtml.csproj::TargetFramework=net9.0]
E:\vs\Projects\PlatformIndependentNuGetPackages\SunamoHtml\SunamoHtml\Html\HtmlHelperText.cs(348,18): warning CA1307: 'string.Replace(string, string?)' has a method overload that takes a 'StringComparison' parameter. Replace this call in 'SunamoHtml.Html.HtmlHelperText.ConvertTextToHtml(System.Collections.Generic.List<string>)' with a call to 'string.Replace(string, string?, System.StringComparison)' for clarity of intent. (https://learn.microsoft.com/dotnet/fundamentals/code-analysis/quality-rules/ca1307) [E:\vs\Projects\PlatformIndependentNuGetPackages\SunamoHtml\SunamoHtml\SunamoHtml.csproj::TargetFramework=net9.0]
E:\vs\Projects\PlatformIndependentNuGetPackages\SunamoHtml\SunamoHtml\Html\HtmlHelperText.cs(391,30): warning CA1847: Use 'string.Contains(char)' instead of 'string.Contains(string)' when searching for a single character (https://learn.microsoft.com/dotnet/fundamentals/code-analysis/quality-rules/ca1847) [E:\vs\Projects\PlatformIndependentNuGetPackages\SunamoHtml\SunamoHtml\SunamoHtml.csproj::TargetFramework=net9.0]
E:\vs\Projects\PlatformIndependentNuGetPackages\SunamoHtml\SunamoHtml\Html\HtmlHelperText.cs(370,23): warning CA1304: The behavior of 'string.ToLower()' could vary based on the current user's locale settings. Replace this call in 'HtmlHelperText.AddIntoParagraph(string)' with a call to 'string.ToLower(CultureInfo)'. (https://learn.microsoft.com/dotnet/fundamentals/code-analysis/quality-rules/ca1304) [E:\vs\Projects\PlatformIndependentNuGetPackages\SunamoHtml\SunamoHtml\SunamoHtml.csproj::TargetFramework=net9.0]
E:\vs\Projects\PlatformIndependentNuGetPackages\SunamoHtml\SunamoHtml\Html\HtmlHelperText.cs(391,13): warning CA1307: 'string.Contains(string)' has a method overload that takes a 'StringComparison' parameter. Replace this call in 'SunamoHtml.Html.HtmlHelperText.GetFirstTag(string)' with a call to 'string.Contains(string, System.StringComparison)' for clarity of intent. (https://learn.microsoft.com/dotnet/fundamentals/code-analysis/quality-rules/ca1307) [E:\vs\Projects\PlatformIndependentNuGetPackages\SunamoHtml\SunamoHtml\SunamoHtml.csproj::TargetFramework=net9.0]
E:\vs\Projects\PlatformIndependentNuGetPackages\SunamoHtml\SunamoHtml\Html\HtmlHelperText.cs(362,13): warning CA1307: 'string.Contains(string)' has a method overload that takes a 'StringComparison' parameter. Replace this call in 'SunamoHtml.Html.HtmlHelperText.AddIntoParagraph(string)' with a call to 'string.Contains(string, System.StringComparison)' for clarity of intent. (https://learn.microsoft.com/dotnet/fundamentals/code-analysis/quality-rules/ca1307) [E:\vs\Projects\PlatformIndependentNuGetPackages\SunamoHtml\SunamoHtml\SunamoHtml.csproj::TargetFramework=net9.0]
E:\vs\Projects\PlatformIndependentNuGetPackages\SunamoHtml\SunamoHtml\Html\HtmlHelperText.cs(365,20): warning CA1307: 'string.Replace(string, string?)' has a method overload that takes a 'StringComparison' parameter. Replace this call in 'SunamoHtml.Html.HtmlHelperText.AddIntoParagraph(string)' with a call to 'string.Replace(string, string?, System.StringComparison)' for clarity of intent. (https://learn.microsoft.com/dotnet/fundamentals/code-analysis/quality-rules/ca1307) [E:\vs\Projects\PlatformIndependentNuGetPackages\SunamoHtml\SunamoHtml\SunamoHtml.csproj::TargetFramework=net9.0]
E:\vs\Projects\PlatformIndependentNuGetPackages\SunamoHtml\SunamoHtml\Html\HtmlHelperText.cs(374,17): warning CA1310: The behavior of 'string.StartsWith(string)' could vary based on the current user's locale settings. Replace this call in 'SunamoHtml.Html.HtmlHelperText.AddIntoParagraph(string)' with a call to 'string.StartsWith(string, System.StringComparison)'. (https://learn.microsoft.com/dotnet/fundamentals/code-analysis/quality-rules/ca1310) [E:\vs\Projects\PlatformIndependentNuGetPackages\SunamoHtml\SunamoHtml\SunamoHtml.csproj::TargetFramework=net9.0]
E:\vs\Projects\PlatformIndependentNuGetPackages\SunamoHtml\SunamoHtml\_public\SunamoXml\Generators\XmlGeneratorHtml.cs(269,18): warning CA1822: Member 'IsNulledOrEmpty' does not access instance data and can be marked as static (https://learn.microsoft.com/dotnet/fundamentals/code-analysis/quality-rules/ca1822) [E:\vs\Projects\PlatformIndependentNuGetPackages\SunamoHtml\SunamoHtml\SunamoHtml.csproj::TargetFramework=net9.0]
E:\vs\Projects\PlatformIndependentNuGetPackages\SunamoHtml\SunamoHtml\Generators\HtmlGenerator21.cs(255,194): warning CA1305: The behavior of 'short.ToString()' could vary based on the current user's locale settings. Replace this call in 'HtmlGenerator2.GetWordsForTagCloud(Dictionary<string, short>, string, string)' with a call to 'short.ToString(IFormatProvider)'. (https://learn.microsoft.com/dotnet/fundamentals/code-analysis/quality-rules/ca1305) [E:\vs\Projects\PlatformIndependentNuGetPackages\SunamoHtml\SunamoHtml\SunamoHtml.csproj::TargetFramework=net9.0]
E:\vs\Projects\PlatformIndependentNuGetPackages\SunamoHtml\SunamoHtml\Generators\HtmlGenerator21.cs(254,33): warning CA1307: 'string.Replace(string, string?)' has a method overload that takes a 'StringComparison' parameter. Replace this call in 'SunamoHtml.Generators.HtmlGenerator2.GetWordsForTagCloud(System.Collections.Generic.Dictionary<string, short>, string, string)' with a call to 'string.Replace(string, string?, System.StringComparison)' for clarity of intent. (https://learn.microsoft.com/dotnet/fundamentals/code-analysis/quality-rules/ca1307) [E:\vs\Projects\PlatformIndependentNuGetPackages\SunamoHtml\SunamoHtml\SunamoHtml.csproj::TargetFramework=net9.0]
E:\vs\Projects\PlatformIndependentNuGetPackages\SunamoHtml\SunamoHtml\Html\HtmlHelperShared1.cs(123,50): warning CA1062: In externally visible method 'List<HtmlNode> HtmlHelper.ReturnAllTags(HtmlNode htmlNode, params string[] tagNames)', validate parameter 'tagNames' is non-null before using it. If appropriate, throw an 'ArgumentNullException' when the argument is 'null'. (https://learn.microsoft.com/dotnet/fundamentals/code-analysis/quality-rules/ca1062) [E:\vs\Projects\PlatformIndependentNuGetPackages\SunamoHtml\SunamoHtml\SunamoHtml.csproj::TargetFramework=net9.0]
E:\vs\Projects\PlatformIndependentNuGetPackages\SunamoHtml\SunamoHtml\Html\HtmlHelperShared1.cs(123,40): warning CA1062: In externally visible method 'List<HtmlNode> HtmlHelper.ReturnAllTags(HtmlNode htmlNode, params string[] tagNames)', validate parameter 'htmlNode' is non-null before using it. If appropriate, throw an 'ArgumentNullException' when the argument is 'null'. (https://learn.microsoft.com/dotnet/fundamentals/code-analysis/quality-rules/ca1062) [E:\vs\Projects\PlatformIndependentNuGetPackages\SunamoHtml\SunamoHtml\SunamoHtml.csproj::TargetFramework=net9.0]
E:\vs\Projects\PlatformIndependentNuGetPackages\SunamoHtml\SunamoHtml\Html\HtmlHelperShared1.cs(276,24): warning CA1307: 'string.Contains(string)' has a method overload that takes a 'StringComparison' parameter. Replace this call in 'SunamoHtml.Html.HtmlHelper.HasTagAttr(HtmlAgilityPack.HtmlNode, string, string, bool)' with a call to 'string.Contains(string, System.StringComparison)' for clarity of intent. (https://learn.microsoft.com/dotnet/fundamentals/code-analysis/quality-rules/ca1307) [E:\vs\Projects\PlatformIndependentNuGetPackages\SunamoHtml\SunamoHtml\SunamoHtml.csproj::TargetFramework=net9.0]
E:\vs\Projects\PlatformIndependentNuGetPackages\SunamoHtml\SunamoHtml\Generators\HtmlGenerator21.cs(239,36): warning CA1062: In externally visible method 'string HtmlGenerator2.GetWordsForTagCloudManageTags(Dictionary<string, short> wordCount, string cssSelector)', validate parameter 'wordCount' is non-null before using it. If appropriate, throw an 'ArgumentNullException' when the argument is 'null'. (https://learn.microsoft.com/dotnet/fundamentals/code-analysis/quality-rules/ca1062) [E:\vs\Projects\PlatformIndependentNuGetPackages\SunamoHtml\SunamoHtml\SunamoHtml.csproj::TargetFramework=net9.0]
E:\vs\Projects\PlatformIndependentNuGetPackages\SunamoHtml\SunamoHtml\Generators\HtmlGenerator21.cs(320,16): warning CA1307: 'string.Replace(string, string?)' has a method overload that takes a 'StringComparison' parameter. Replace this call in 'SunamoHtml.Generators.HtmlGenerator2.ShortForLettersCount(string, int)' with a call to 'string.Replace(string, string?, System.StringComparison)' for clarity of intent. (https://learn.microsoft.com/dotnet/fundamentals/code-analysis/quality-rules/ca1307) [E:\vs\Projects\PlatformIndependentNuGetPackages\SunamoHtml\SunamoHtml\SunamoHtml.csproj::TargetFramework=net9.0]
E:\vs\Projects\PlatformIndependentNuGetPackages\SunamoHtml\SunamoHtml\Generators\HtmlGenerator21.cs(282,13): warning CA1820: Test for empty strings using 'string.Length' property or 'string.IsNullOrEmpty' method instead of an Equality check (https://learn.microsoft.com/dotnet/fundamentals/code-analysis/quality-rules/ca1820) [E:\vs\Projects\PlatformIndependentNuGetPackages\SunamoHtml\SunamoHtml\SunamoHtml.csproj::TargetFramework=net9.0]
E:\vs\Projects\PlatformIndependentNuGetPackages\SunamoHtml\SunamoHtml\Generators\HtmlGenerator22.cs(16,118): warning CA1002: Change 'List<string>' in 'HtmlGenerator2.GetForCheckBoxListWoCheckDuplicate(string, string, List<string>, List<string>)' to use 'Collection<T>', 'ReadOnlyCollection<T>' or 'KeyedCollection<K,V>' (https://learn.microsoft.com/dotnet/fundamentals/code-analysis/quality-rules/ca1002) [E:\vs\Projects\PlatformIndependentNuGetPackages\SunamoHtml\SunamoHtml\SunamoHtml.csproj::TargetFramework=net9.0]
E:\vs\Projects\PlatformIndependentNuGetPackages\SunamoHtml\SunamoHtml\Generators\HtmlGenerator22.cs(16,145): warning CA1002: Change 'List<string>' in 'HtmlGenerator2.GetForCheckBoxListWoCheckDuplicate(string, string, List<string>, List<string>)' to use 'Collection<T>', 'ReadOnlyCollection<T>' or 'KeyedCollection<K,V>' (https://learn.microsoft.com/dotnet/fundamentals/code-analysis/quality-rules/ca1002) [E:\vs\Projects\PlatformIndependentNuGetPackages\SunamoHtml\SunamoHtml\SunamoHtml.csproj::TargetFramework=net9.0]
E:\vs\Projects\PlatformIndependentNuGetPackages\SunamoHtml\SunamoHtml\Generators\HtmlGenerator22.cs(20,19): warning CA2201: Exception type System.Exception is not sufficiently specific (https://learn.microsoft.com/dotnet/fundamentals/code-analysis/quality-rules/ca2201) [E:\vs\Projects\PlatformIndependentNuGetPackages\SunamoHtml\SunamoHtml\SunamoHtml.csproj::TargetFramework=net9.0]
E:\vs\Projects\PlatformIndependentNuGetPackages\SunamoHtml\SunamoHtml\Html\HtmlHelperShared2.cs(26,68): warning CA1002: Change 'List<HtmlNode>' in 'HtmlHelper.DeleteAttributesFromAllNodes(List<HtmlNode>)' to use 'Collection<T>', 'ReadOnlyCollection<T>' or 'KeyedCollection<K,V>' (https://learn.microsoft.com/dotnet/fundamentals/code-analysis/quality-rules/ca1002) [E:\vs\Projects\PlatformIndependentNuGetPackages\SunamoHtml\SunamoHtml\SunamoHtml.csproj::TargetFramework=net9.0]
E:\vs\Projects\PlatformIndependentNuGetPackages\SunamoHtml\SunamoHtml\Html\HtmlHelperShared2.cs(19,123): warning CA1307: 'string.Replace(string, string?)' has a method overload that takes a 'StringComparison' parameter. Replace this call in 'SunamoHtml.Html.HtmlHelper.ToXmlFinal(string)' with a call to 'string.Replace(string, string?, System.StringComparison)' for clarity of intent. (https://learn.microsoft.com/dotnet/fundamentals/code-analysis/quality-rules/ca1307) [E:\vs\Projects\PlatformIndependentNuGetPackages\SunamoHtml\SunamoHtml\SunamoHtml.csproj::TargetFramework=net9.0]
E:\vs\Projects\PlatformIndependentNuGetPackages\SunamoHtml\SunamoHtml\Html\HtmlHelperShared2.cs(19,123): warning CA1307: 'string.Replace(string, string?)' has a method overload that takes a 'StringComparison' parameter. Replace this call in 'SunamoHtml.Html.HtmlHelper.ToXmlFinal(string)' with a call to 'string.Replace(string, string?, System.StringComparison)' for clarity of intent. (https://learn.microsoft.com/dotnet/fundamentals/code-analysis/quality-rules/ca1307) [E:\vs\Projects\PlatformIndependentNuGetPackages\SunamoHtml\SunamoHtml\SunamoHtml.csproj::TargetFramework=net9.0]
E:\vs\Projects\PlatformIndependentNuGetPackages\SunamoHtml\SunamoHtml\Html\HtmlHelperShared2.cs(19,123): warning CA1307: 'string.Replace(string, string?)' has a method overload that takes a 'StringComparison' parameter. Replace this call in 'SunamoHtml.Html.HtmlHelper.ToXmlFinal(string)' with a call to 'string.Replace(string, string?, System.StringComparison)' for clarity of intent. (https://learn.microsoft.com/dotnet/fundamentals/code-analysis/quality-rules/ca1307) [E:\vs\Projects\PlatformIndependentNuGetPackages\SunamoHtml\SunamoHtml\SunamoHtml.csproj::TargetFramework=net9.0]
E:\vs\Projects\PlatformIndependentNuGetPackages\SunamoHtml\SunamoHtml\Html\HtmlHelperShared1.cs(292,30): warning CA1062: In externally visible method 'HtmlNode HtmlHelper.ReturnTag(HtmlNode htmlNode, string tagName)', validate parameter 'htmlNode' is non-null before using it. If appropriate, throw an 'ArgumentNullException' when the argument is 'null'. (https://learn.microsoft.com/dotnet/fundamentals/code-analysis/quality-rules/ca1062) [E:\vs\Projects\PlatformIndependentNuGetPackages\SunamoHtml\SunamoHtml\SunamoHtml.csproj::TargetFramework=net9.0]
E:\vs\Projects\PlatformIndependentNuGetPackages\SunamoHtml\SunamoHtml\HtmlAgilityHelper1.cs(44,34): warning CA1002: Change 'List<HtmlNode>' in 'HtmlAgilityHelper.TrimComments(List<HtmlNode>)' to use 'Collection<T>', 'ReadOnlyCollection<T>' or 'KeyedCollection<K,V>' (https://learn.microsoft.com/dotnet/fundamentals/code-analysis/quality-rules/ca1002) [E:\vs\Projects\PlatformIndependentNuGetPackages\SunamoHtml\SunamoHtml\SunamoHtml.csproj::TargetFramework=net9.0]
E:\vs\Projects\PlatformIndependentNuGetPackages\SunamoHtml\SunamoHtml\HtmlAgilityHelper1.cs(44,62): warning CA1002: Change 'List<HtmlNode>' in 'HtmlAgilityHelper.TrimComments(List<HtmlNode>)' to use 'Collection<T>', 'ReadOnlyCollection<T>' or 'KeyedCollection<K,V>' (https://learn.microsoft.com/dotnet/fundamentals/code-analysis/quality-rules/ca1002) [E:\vs\Projects\PlatformIndependentNuGetPackages\SunamoHtml\SunamoHtml\SunamoHtml.csproj::TargetFramework=net9.0]
E:\vs\Projects\PlatformIndependentNuGetPackages\SunamoHtml\SunamoHtml\Generators\HtmlGenerator21.cs(320,16): warning CA1062: In externally visible method 'string HtmlGenerator2.ShortForLettersCount(string text, int maxLength)', validate parameter 'text' is non-null before using it. If appropriate, throw an 'ArgumentNullException' when the argument is 'null'. (https://learn.microsoft.com/dotnet/fundamentals/code-analysis/quality-rules/ca1062) [E:\vs\Projects\PlatformIndependentNuGetPackages\SunamoHtml\SunamoHtml\SunamoHtml.csproj::TargetFramework=net9.0]
E:\vs\Projects\PlatformIndependentNuGetPackages\SunamoHtml\SunamoHtml\Generators\HtmlGenerator22.cs(42,9): warning CA1062: In externally visible method 'string HtmlGenerator2.HtmlGeneratorToString(Action<HtmlGenerator> action)', validate parameter 'action' is non-null before using it. If appropriate, throw an 'ArgumentNullException' when the argument is 'null'. (https://learn.microsoft.com/dotnet/fundamentals/code-analysis/quality-rules/ca1062) [E:\vs\Projects\PlatformIndependentNuGetPackages\SunamoHtml\SunamoHtml\SunamoHtml.csproj::TargetFramework=net9.0]
E:\vs\Projects\PlatformIndependentNuGetPackages\SunamoHtml\SunamoHtml\Html\HtmlHelperShared2.cs(28,30): warning CA1062: In externally visible method 'void HtmlHelper.DeleteAttributesFromAllNodes(List<HtmlNode> nodes)', validate parameter 'nodes' is non-null before using it. If appropriate, throw an 'ArgumentNullException' when the argument is 'null'. (https://learn.microsoft.com/dotnet/fundamentals/code-analysis/quality-rules/ca1062) [E:\vs\Projects\PlatformIndependentNuGetPackages\SunamoHtml\SunamoHtml\SunamoHtml.csproj::TargetFramework=net9.0]
E:\vs\Projects\PlatformIndependentNuGetPackages\SunamoHtml\SunamoHtml\HtmlAgilityHelper1.cs(57,31): warning CA1307: 'string.Contains(string)' has a method overload that takes a 'StringComparison' parameter. Replace this call in 'SunamoHtml.HtmlAgilityHelper.TrimComments(System.Collections.Generic.List<HtmlAgilityPack.HtmlNode>)' with a call to 'string.Contains(string, System.StringComparison)' for clarity of intent. (https://learn.microsoft.com/dotnet/fundamentals/code-analysis/quality-rules/ca1307) [E:\vs\Projects\PlatformIndependentNuGetPackages\SunamoHtml\SunamoHtml\SunamoHtml.csproj::TargetFramework=net9.0]
E:\vs\Projects\PlatformIndependentNuGetPackages\SunamoHtml\SunamoHtml\Generators\HtmlGenerator22.cs(89,55): warning CA1054: Change the type of parameter 'uri' of method 'HtmlGenerator2.AnchorWithCustomLabel(string, string)' from 'string' to 'System.Uri', or provide an overload to 'HtmlGenerator2.AnchorWithCustomLabel(string, string)' that allows 'uri' to be passed as a 'System.Uri' object (https://learn.microsoft.com/dotnet/fundamentals/code-analysis/quality-rules/ca1054) [E:\vs\Projects\PlatformIndependentNuGetPackages\SunamoHtml\SunamoHtml\SunamoHtml.csproj::TargetFramework=net9.0]
E:\vs\Projects\PlatformIndependentNuGetPackages\SunamoHtml\SunamoHtml\HtmlAgilityHelper1.cs(58,33): warning CA1307: 'string.Contains(string)' has a method overload that takes a 'StringComparison' parameter. Replace this call in 'SunamoHtml.HtmlAgilityHelper.TrimComments(System.Collections.Generic.List<HtmlAgilityPack.HtmlNode>)' with a call to 'string.Contains(string, System.StringComparison)' for clarity of intent. (https://learn.microsoft.com/dotnet/fundamentals/code-analysis/quality-rules/ca1307) [E:\vs\Projects\PlatformIndependentNuGetPackages\SunamoHtml\SunamoHtml\SunamoHtml.csproj::TargetFramework=net9.0]
E:\vs\Projects\PlatformIndependentNuGetPackages\SunamoHtml\SunamoHtml\HtmlAgilityHelper1.cs(67,35): warning CA1307: 'string.Contains(string)' has a method overload that takes a 'StringComparison' parameter. Replace this call in 'SunamoHtml.HtmlAgilityHelper.TrimComments(System.Collections.Generic.List<HtmlAgilityPack.HtmlNode>)' with a call to 'string.Contains(string, System.StringComparison)' for clarity of intent. (https://learn.microsoft.com/dotnet/fundamentals/code-analysis/quality-rules/ca1307) [E:\vs\Projects\PlatformIndependentNuGetPackages\SunamoHtml\SunamoHtml\SunamoHtml.csproj::TargetFramework=net9.0]
E:\vs\Projects\PlatformIndependentNuGetPackages\SunamoHtml\SunamoHtml\HtmlAgilityHelper1.cs(68,37): warning CA1307: 'string.Contains(string)' has a method overload that takes a 'StringComparison' parameter. Replace this call in 'SunamoHtml.HtmlAgilityHelper.TrimComments(System.Collections.Generic.List<HtmlAgilityPack.HtmlNode>)' with a call to 'string.Contains(string, System.StringComparison)' for clarity of intent. (https://learn.microsoft.com/dotnet/fundamentals/code-analysis/quality-rules/ca1307) [E:\vs\Projects\PlatformIndependentNuGetPackages\SunamoHtml\SunamoHtml\SunamoHtml.csproj::TargetFramework=net9.0]
E:\vs\Projects\PlatformIndependentNuGetPackages\SunamoHtml\SunamoHtml\HtmlAgilityHelper1.cs(75,21): warning CA1310: The behavior of 'string.StartsWith(string)' could vary based on the current user's locale settings. Replace this call in 'SunamoHtml.HtmlAgilityHelper.TrimComments(System.Collections.Generic.List<HtmlAgilityPack.HtmlNode>)' with a call to 'string.StartsWith(string, System.StringComparison)'. (https://learn.microsoft.com/dotnet/fundamentals/code-analysis/quality-rules/ca1310) [E:\vs\Projects\PlatformIndependentNuGetPackages\SunamoHtml\SunamoHtml\SunamoHtml.csproj::TargetFramework=net9.0]
E:\vs\Projects\PlatformIndependentNuGetPackages\SunamoHtml\SunamoHtml\HtmlAgilityHelper1.cs(65,21): warning CA1820: Test for empty strings using 'string.Length' property or 'string.IsNullOrEmpty' method instead of an Equality check (https://learn.microsoft.com/dotnet/fundamentals/code-analysis/quality-rules/ca1820) [E:\vs\Projects\PlatformIndependentNuGetPackages\SunamoHtml\SunamoHtml\SunamoHtml.csproj::TargetFramework=net9.0]
E:\vs\Projects\PlatformIndependentNuGetPackages\SunamoHtml\SunamoHtml\HtmlAgilityHelper1.cs(79,43): warning CA1820: Test for empty strings using 'string.Length' property or 'string.IsNullOrEmpty' method instead of an Equality check (https://learn.microsoft.com/dotnet/fundamentals/code-analysis/quality-rules/ca1820) [E:\vs\Projects\PlatformIndependentNuGetPackages\SunamoHtml\SunamoHtml\SunamoHtml.csproj::TargetFramework=net9.0]
E:\vs\Projects\PlatformIndependentNuGetPackages\SunamoHtml\SunamoHtml\HtmlAgilityHelper1.cs(159,59): warning CA1002: Change 'List<HtmlNode>' in 'HtmlAgilityHelper.RecursiveReturnTags(List<HtmlNode>, HtmlNode, bool, bool, string)' to use 'Collection<T>', 'ReadOnlyCollection<T>' or 'KeyedCollection<K,V>' (https://learn.microsoft.com/dotnet/fundamentals/code-analysis/quality-rules/ca1002) [E:\vs\Projects\PlatformIndependentNuGetPackages\SunamoHtml\SunamoHtml\SunamoHtml.csproj::TargetFramework=net9.0]
E:\vs\Projects\PlatformIndependentNuGetPackages\SunamoHtml\SunamoHtml\Html\HtmlHelperShared1.cs(307,29): warning CA1062: In externally visible method 'void HtmlHelper.ReplaceChildNodeByOuterHtml(HtmlNode htmlNode, string oldOuterHtml, HtmlNode newNode)', validate parameter 'htmlNode' is non-null before using it. If appropriate, throw an 'ArgumentNullException' when the argument is 'null'. (https://learn.microsoft.com/dotnet/fundamentals/code-analysis/quality-rules/ca1062) [E:\vs\Projects\PlatformIndependentNuGetPackages\SunamoHtml\SunamoHtml\SunamoHtml.csproj::TargetFramework=net9.0]
E:\vs\Projects\PlatformIndependentNuGetPackages\SunamoHtml\SunamoHtml\HtmlAgilityHelper1.cs(186,34): warning CA1002: Change 'List<HtmlNode>' in 'HtmlAgilityHelper.Nodes(HtmlNode, bool, string)' to use 'Collection<T>', 'ReadOnlyCollection<T>' or 'KeyedCollection<K,V>' (https://learn.microsoft.com/dotnet/fundamentals/code-analysis/quality-rules/ca1002) [E:\vs\Projects\PlatformIndependentNuGetPackages\SunamoHtml\SunamoHtml\SunamoHtml.csproj::TargetFramework=net9.0]
E:\vs\Projects\PlatformIndependentNuGetPackages\SunamoHtml\SunamoHtml\HtmlAgilityHelper1.cs(188,19): warning CA1311: Specify a culture or use an invariant version to avoid implicit dependency on current culture (https://learn.microsoft.com/dotnet/fundamentals/code-analysis/quality-rules/ca1311) [E:\vs\Projects\PlatformIndependentNuGetPackages\SunamoHtml\SunamoHtml\SunamoHtml.csproj::TargetFramework=net9.0]
E:\vs\Projects\PlatformIndependentNuGetPackages\SunamoHtml\SunamoHtml\HtmlAgilityHelper1.cs(125,44): warning CA1307: 'string.Contains(string)' has a method overload that takes a 'StringComparison' parameter. Replace this call in 'SunamoHtml.HtmlAgilityHelper.HasTagAttr(HtmlAgilityPack.HtmlNode, string, string, bool, bool, bool)' with a call to 'string.Contains(string, System.StringComparison)' for clarity of intent. (https://learn.microsoft.com/dotnet/fundamentals/code-analysis/quality-rules/ca1307) [E:\vs\Projects\PlatformIndependentNuGetPackages\SunamoHtml\SunamoHtml\SunamoHtml.csproj::TargetFramework=net9.0]
E:\vs\Projects\PlatformIndependentNuGetPackages\SunamoHtml\SunamoHtml\HtmlAgilityHelper1.cs(132,26): warning CA1307: 'string.Contains(string)' has a method overload that takes a 'StringComparison' parameter. Replace this call in 'SunamoHtml.HtmlAgilityHelper.HasTagAttr(HtmlAgilityPack.HtmlNode, string, string, bool, bool, bool)' with a call to 'string.Contains(string, System.StringComparison)' for clarity of intent. (https://learn.microsoft.com/dotnet/fundamentals/code-analysis/quality-rules/ca1307) [E:\vs\Projects\PlatformIndependentNuGetPackages\SunamoHtml\SunamoHtml\SunamoHtml.csproj::TargetFramework=net9.0]
E:\vs\Projects\PlatformIndependentNuGetPackages\SunamoHtml\SunamoHtml\HtmlAgilityHelper1.cs(188,15): warning CA1304: The behavior of 'string.ToLower()' could vary based on the current user's locale settings. Replace this call in 'HtmlAgilityHelper.Nodes(HtmlNode, bool, string)' with a call to 'string.ToLower(CultureInfo)'. (https://learn.microsoft.com/dotnet/fundamentals/code-analysis/quality-rules/ca1304) [E:\vs\Projects\PlatformIndependentNuGetPackages\SunamoHtml\SunamoHtml\SunamoHtml.csproj::TargetFramework=net9.0]
E:\vs\Projects\PlatformIndependentNuGetPackages\SunamoHtml\SunamoHtml\Html\HtmlHelperShared2.cs(76,32): warning CA1002: Change 'List<string>' in 'HtmlHelper.StripAllTagsList(string)' to use 'Collection<T>', 'ReadOnlyCollection<T>' or 'KeyedCollection<K,V>' (https://learn.microsoft.com/dotnet/fundamentals/code-analysis/quality-rules/ca1002) [E:\vs\Projects\PlatformIndependentNuGetPackages\SunamoHtml\SunamoHtml\SunamoHtml.csproj::TargetFramework=net9.0]
E:\vs\Projects\PlatformIndependentNuGetPackages\SunamoHtml\SunamoHtml\Generators\HtmlGenerator22.cs(66,9): warning CA1062: In externally visible method 'void HtmlGenerator2.ButtonDelete(HtmlGenerator htmlGenerator, string text, string attributeName, string attributeValue)', validate parameter 'htmlGenerator' is non-null before using it. If appropriate, throw an 'ArgumentNullException' when the argument is 'null'. (https://learn.microsoft.com/dotnet/fundamentals/code-analysis/quality-rules/ca1062) [E:\vs\Projects\PlatformIndependentNuGetPackages\SunamoHtml\SunamoHtml\SunamoHtml.csproj::TargetFramework=net9.0]
E:\vs\Projects\PlatformIndependentNuGetPackages\SunamoHtml\SunamoHtml\Generators\HtmlGenerator22.cs(19,35): warning CA1062: In externally visible method 'string HtmlGenerator2.GetForCheckBoxListWoCheckDuplicate(string idClassCheckbox, string idClassSpan, List<string> idCheckBoxes, List<string> list)', validate parameter 'list' is non-null before using it. If appropriate, throw an 'ArgumentNullException' when the argument is 'null'. (https://learn.microsoft.com/dotnet/fundamentals/code-analysis/quality-rules/ca1062) [E:\vs\Projects\PlatformIndependentNuGetPackages\SunamoHtml\SunamoHtml\SunamoHtml.csproj::TargetFramework=net9.0]
E:\vs\Projects\PlatformIndependentNuGetPackages\SunamoHtml\SunamoHtml\Generators\HtmlGenerator22.cs(19,13): warning CA1062: In externally visible method 'string HtmlGenerator2.GetForCheckBoxListWoCheckDuplicate(string idClassCheckbox, string idClassSpan, List<string> idCheckBoxes, List<string> list)', validate parameter 'idCheckBoxes' is non-null before using it. If appropriate, throw an 'ArgumentNullException' when the argument is 'null'. (https://learn.microsoft.com/dotnet/fundamentals/code-analysis/quality-rules/ca1062) [E:\vs\Projects\PlatformIndependentNuGetPackages\SunamoHtml\SunamoHtml\SunamoHtml.csproj::TargetFramework=net9.0]
E:\vs\Projects\PlatformIndependentNuGetPackages\SunamoHtml\SunamoHtml\Generators\HtmlGenerator22.cs(100,54): warning CA1002: Change 'List<string>' in 'HtmlGenerator2.AllMonthsTable(List<string>, List<string>)' to use 'Collection<T>', 'ReadOnlyCollection<T>' or 'KeyedCollection<K,V>' (https://learn.microsoft.com/dotnet/fundamentals/code-analysis/quality-rules/ca1002) [E:\vs\Projects\PlatformIndependentNuGetPackages\SunamoHtml\SunamoHtml\SunamoHtml.csproj::TargetFramework=net9.0]
E:\vs\Projects\PlatformIndependentNuGetPackages\SunamoHtml\SunamoHtml\Generators\HtmlGenerator22.cs(100,86): warning CA1002: Change 'List<string>' in 'HtmlGenerator2.AllMonthsTable(List<string>, List<string>)' to use 'Collection<T>', 'ReadOnlyCollection<T>' or 'KeyedCollection<K,V>' (https://learn.microsoft.com/dotnet/fundamentals/code-analysis/quality-rules/ca1002) [E:\vs\Projects\PlatformIndependentNuGetPackages\SunamoHtml\SunamoHtml\SunamoHtml.csproj::TargetFramework=net9.0]
E:\vs\Projects\PlatformIndependentNuGetPackages\SunamoHtml\SunamoHtml\Generators\HtmlGenerator22.cs(103,19): warning CA2201: Exception type System.Exception is not sufficiently specific (https://learn.microsoft.com/dotnet/fundamentals/code-analysis/quality-rules/ca2201) [E:\vs\Projects\PlatformIndependentNuGetPackages\SunamoHtml\SunamoHtml\SunamoHtml.csproj::TargetFramework=net9.0]
E:\vs\Projects\PlatformIndependentNuGetPackages\SunamoHtml\SunamoHtml\Generators\HtmlGenerator22.cs(105,19): warning CA2201: Exception type System.Exception is not sufficiently specific (https://learn.microsoft.com/dotnet/fundamentals/code-analysis/quality-rules/ca2201) [E:\vs\Projects\PlatformIndependentNuGetPackages\SunamoHtml\SunamoHtml\SunamoHtml.csproj::TargetFramework=net9.0]
E:\vs\Projects\PlatformIndependentNuGetPackages\SunamoHtml\SunamoHtml\HtmlAgilityHelper1.cs(188,15): warning CA1062: In externally visible method 'List<HtmlNode> HtmlAgilityHelper.Nodes(HtmlNode node, bool isRecursive, string tag)', validate parameter 'tag' is non-null before using it. If appropriate, throw an 'ArgumentNullException' when the argument is 'null'. (https://learn.microsoft.com/dotnet/fundamentals/code-analysis/quality-rules/ca1062) [E:\vs\Projects\PlatformIndependentNuGetPackages\SunamoHtml\SunamoHtml\SunamoHtml.csproj::TargetFramework=net9.0]
E:\vs\Projects\PlatformIndependentNuGetPackages\SunamoHtml\SunamoHtml\Generators\HtmlGenerator22.cs(156,53): warning CA1002: Change 'List<string>' in 'HtmlGenerator2.AllYearsTable(List<string>, List<string>, List<string>)' to use 'Collection<T>', 'ReadOnlyCollection<T>' or 'KeyedCollection<K,V>' (https://learn.microsoft.com/dotnet/fundamentals/code-analysis/quality-rules/ca1002) [E:\vs\Projects\PlatformIndependentNuGetPackages\SunamoHtml\SunamoHtml\SunamoHtml.csproj::TargetFramework=net9.0]
E:\vs\Projects\PlatformIndependentNuGetPackages\SunamoHtml\SunamoHtml\Generators\HtmlGenerator22.cs(156,73): warning CA1002: Change 'List<string>' in 'HtmlGenerator2.AllYearsTable(List<string>, List<string>, List<string>)' to use 'Collection<T>', 'ReadOnlyCollection<T>' or 'KeyedCollection<K,V>' (https://learn.microsoft.com/dotnet/fundamentals/code-analysis/quality-rules/ca1002) [E:\vs\Projects\PlatformIndependentNuGetPackages\SunamoHtml\SunamoHtml\SunamoHtml.csproj::TargetFramework=net9.0]
E:\vs\Projects\PlatformIndependentNuGetPackages\SunamoHtml\SunamoHtml\Generators\HtmlGenerator22.cs(156,105): warning CA1002: Change 'List<string>' in 'HtmlGenerator2.AllYearsTable(List<string>, List<string>, List<string>)' to use 'Collection<T>', 'ReadOnlyCollection<T>' or 'KeyedCollection<K,V>' (https://learn.microsoft.com/dotnet/fundamentals/code-analysis/quality-rules/ca1002) [E:\vs\Projects\PlatformIndependentNuGetPackages\SunamoHtml\SunamoHtml\SunamoHtml.csproj::TargetFramework=net9.0]
E:\vs\Projects\PlatformIndependentNuGetPackages\SunamoHtml\SunamoHtml\Html\HtmlHelperShared2.cs(199,51): warning CA1311: Specify a culture or use an invariant version to avoid implicit dependency on current culture (https://learn.microsoft.com/dotnet/fundamentals/code-analysis/quality-rules/ca1311) [E:\vs\Projects\PlatformIndependentNuGetPackages\SunamoHtml\SunamoHtml\SunamoHtml.csproj::TargetFramework=net9.0]
E:\vs\Projects\PlatformIndependentNuGetPackages\SunamoHtml\SunamoHtml\Html\HtmlHelperShared2.cs(199,81): warning CA1311: Specify a culture or use an invariant version to avoid implicit dependency on current culture (https://learn.microsoft.com/dotnet/fundamentals/code-analysis/quality-rules/ca1311) [E:\vs\Projects\PlatformIndependentNuGetPackages\SunamoHtml\SunamoHtml\SunamoHtml.csproj::TargetFramework=net9.0]
E:\vs\Projects\PlatformIndependentNuGetPackages\SunamoHtml\SunamoHtml\Html\HtmlHelperShared2.cs(192,37): warning CA1847: Use 'string.Contains(char)' instead of 'string.Contains(string)' when searching for a single character (https://learn.microsoft.com/dotnet/fundamentals/code-analysis/quality-rules/ca1847) [E:\vs\Projects\PlatformIndependentNuGetPackages\SunamoHtml\SunamoHtml\SunamoHtml.csproj::TargetFramework=net9.0]
E:\vs\Projects\PlatformIndependentNuGetPackages\SunamoHtml\SunamoHtml\Html\HtmlHelperShared2.cs(196,35): warning CA1847: Use 'string.Contains(char)' instead of 'string.Contains(string)' when searching for a single character (https://learn.microsoft.com/dotnet/fundamentals/code-analysis/quality-rules/ca1847) [E:\vs\Projects\PlatformIndependentNuGetPackages\SunamoHtml\SunamoHtml\SunamoHtml.csproj::TargetFramework=net9.0]
E:\vs\Projects\PlatformIndependentNuGetPackages\SunamoHtml\SunamoHtml\Html\HtmlHelperShared2.cs(199,32): warning CA1304: The behavior of 'string.ToLower()' could vary based on the current user's locale settings. Replace this call in 'HtmlHelper.GetValuesOfStyle(HtmlNode)' with a call to 'string.ToLower(CultureInfo)'. (https://learn.microsoft.com/dotnet/fundamentals/code-analysis/quality-rules/ca1304) [E:\vs\Projects\PlatformIndependentNuGetPackages\SunamoHtml\SunamoHtml\SunamoHtml.csproj::TargetFramework=net9.0]
E:\vs\Projects\PlatformIndependentNuGetPackages\SunamoHtml\SunamoHtml\Html\HtmlHelperShared2.cs(199,62): warning CA1304: The behavior of 'string.ToLower()' could vary based on the current user's locale settings. Replace this call in 'HtmlHelper.GetValuesOfStyle(HtmlNode)' with a call to 'string.ToLower(CultureInfo)'. (https://learn.microsoft.com/dotnet/fundamentals/code-analysis/quality-rules/ca1304) [E:\vs\Projects\PlatformIndependentNuGetPackages\SunamoHtml\SunamoHtml\SunamoHtml.csproj::TargetFramework=net9.0]
E:\vs\Projects\PlatformIndependentNuGetPackages\SunamoHtml\SunamoHtml\Html\HtmlHelperShared2.cs(192,13): warning CA1307: 'string.Contains(string)' has a method overload that takes a 'StringComparison' parameter. Replace this call in 'SunamoHtml.Html.HtmlHelper.GetValuesOfStyle(HtmlAgilityPack.HtmlNode)' with a call to 'string.Contains(string, System.StringComparison)' for clarity of intent. (https://learn.microsoft.com/dotnet/fundamentals/code-analysis/quality-rules/ca1307) [E:\vs\Projects\PlatformIndependentNuGetPackages\SunamoHtml\SunamoHtml\SunamoHtml.csproj::TargetFramework=net9.0]
E:\vs\Projects\PlatformIndependentNuGetPackages\SunamoHtml\SunamoHtml\Html\HtmlHelperShared2.cs(196,21): warning CA1307: 'string.Contains(string)' has a method overload that takes a 'StringComparison' parameter. Replace this call in 'SunamoHtml.Html.HtmlHelper.GetValuesOfStyle(HtmlAgilityPack.HtmlNode)' with a call to 'string.Contains(string, System.StringComparison)' for clarity of intent. (https://learn.microsoft.com/dotnet/fundamentals/code-analysis/quality-rules/ca1307) [E:\vs\Projects\PlatformIndependentNuGetPackages\SunamoHtml\SunamoHtml\SunamoHtml.csproj::TargetFramework=net9.0]
E:\vs\Projects\PlatformIndependentNuGetPackages\SunamoHtml\SunamoHtml\Generators\HtmlGenerator22.cs(160,19): warning CA2201: Exception type System.Exception is not sufficiently specific (https://learn.microsoft.com/dotnet/fundamentals/code-analysis/quality-rules/ca2201) [E:\vs\Projects\PlatformIndependentNuGetPackages\SunamoHtml\SunamoHtml\SunamoHtml.csproj::TargetFramework=net9.0]
E:\vs\Projects\PlatformIndependentNuGetPackages\SunamoHtml\SunamoHtml\Generators\HtmlGenerator22.cs(162,19): warning CA2201: Exception type System.Exception is not sufficiently specific (https://learn.microsoft.com/dotnet/fundamentals/code-analysis/quality-rules/ca2201) [E:\vs\Projects\PlatformIndependentNuGetPackages\SunamoHtml\SunamoHtml\SunamoHtml.csproj::TargetFramework=net9.0]
E:\vs\Projects\PlatformIndependentNuGetPackages\SunamoHtml\SunamoHtml\Html\HtmlHelperShared2.cs(148,64): warning CA1062: In externally visible method 'string HtmlHelper.ReturnApplyToAllTags(string text, string tagName, EditHtmlWidthHandler handler, string value)', validate parameter 'handler' is non-null before using it. If appropriate, throw an 'ArgumentNullException' when the argument is 'null'. (https://learn.microsoft.com/dotnet/fundamentals/code-analysis/quality-rules/ca1062) [E:\vs\Projects\PlatformIndependentNuGetPackages\SunamoHtml\SunamoHtml\SunamoHtml.csproj::TargetFramework=net9.0]
E:\vs\Projects\PlatformIndependentNuGetPackages\SunamoHtml\SunamoHtml\HtmlAgilityHelper1.cs(250,75): warning CA1002: Change 'List<HtmlNode>' in 'HtmlAgilityHelper.RecursiveReturnTagsWithContainsAttr(List<HtmlNode>, HtmlNode, bool, string, string, string, bool, [bool])' to use 'Collection<T>', 'ReadOnlyCollection<T>' or 'KeyedCollection<K,V>' (https://learn.microsoft.com/dotnet/fundamentals/code-analysis/quality-rules/ca1002) [E:\vs\Projects\PlatformIndependentNuGetPackages\SunamoHtml\SunamoHtml\SunamoHtml.csproj::TargetFramework=net9.0]
E:\vs\Projects\PlatformIndependentNuGetPackages\SunamoHtml\SunamoHtml\Html\HtmlHelperShared2.cs(214,30): warning CA1062: In externally visible method 'HtmlNode HtmlHelper.GetTag(HtmlNode htmlNode, string tagName)', validate parameter 'htmlNode' is non-null before using it. If appropriate, throw an 'ArgumentNullException' when the argument is 'null'. (https://learn.microsoft.com/dotnet/fundamentals/code-analysis/quality-rules/ca1062) [E:\vs\Projects\PlatformIndependentNuGetPackages\SunamoHtml\SunamoHtml\SunamoHtml.csproj::TargetFramework=net9.0]
E:\vs\Projects\PlatformIndependentNuGetPackages\SunamoHtml\SunamoHtml\Html\HtmlHelperShared2.cs(46,18): warning CA2000: Call System.IDisposable.Dispose on object created by 'XmlWriter.Create(sw)' before all references to it are out of scope (https://learn.microsoft.com/dotnet/fundamentals/code-analysis/quality-rules/ca2000) [E:\vs\Projects\PlatformIndependentNuGetPackages\SunamoHtml\SunamoHtml\SunamoHtml.csproj::TargetFramework=net9.0]
E:\vs\Projects\PlatformIndependentNuGetPackages\SunamoHtml\SunamoHtml\HtmlAgilityHelper1.cs(268,75): warning CA1002: Change 'List<HtmlNode>' in 'HtmlAgilityHelper.RecursiveReturnTagsWithContainsAttr(List<HtmlNode>, HtmlNode, bool, string, string, string, bool, bool, [bool])' to use 'Collection<T>', 'ReadOnlyCollection<T>' or 'KeyedCollection<K,V>' (https://learn.microsoft.com/dotnet/fundamentals/code-analysis/quality-rules/ca1002) [E:\vs\Projects\PlatformIndependentNuGetPackages\SunamoHtml\SunamoHtml\SunamoHtml.csproj::TargetFramework=net9.0]
E:\vs\Projects\PlatformIndependentNuGetPackages\SunamoHtml\SunamoHtml\HtmlAgilityHelper1.cs(302,34): warning CA1002: Change 'List<HtmlNode>' in 'HtmlAgilityHelper.NodesWithAttrWildCard(HtmlNode, bool, string, string, string, [bool])' to use 'Collection<T>', 'ReadOnlyCollection<T>' or 'KeyedCollection<K,V>' (https://learn.microsoft.com/dotnet/fundamentals/code-analysis/quality-rules/ca1002) [E:\vs\Projects\PlatformIndependentNuGetPackages\SunamoHtml\SunamoHtml\SunamoHtml.csproj::TargetFramework=net9.0]
E:\vs\Projects\PlatformIndependentNuGetPackages\SunamoHtml\SunamoHtml\HtmlAgilityHelper1.cs(271,27): warning CA1311: Specify a culture or use an invariant version to avoid implicit dependency on current culture (https://learn.microsoft.com/dotnet/fundamentals/code-analysis/quality-rules/ca1311) [E:\vs\Projects\PlatformIndependentNuGetPackages\SunamoHtml\SunamoHtml\SunamoHtml.csproj::TargetFramework=net9.0]
E:\vs\Projects\PlatformIndependentNuGetPackages\SunamoHtml\SunamoHtml\HtmlAgilityHelper1.cs(271,19): warning CA1304: The behavior of 'string.ToLower()' could vary based on the current user's locale settings. Replace this call in 'HtmlAgilityHelper.RecursiveReturnTagsWithContainsAttr(List<HtmlNode>, HtmlNode, bool, string, string, string, bool, bool, [bool])' with a call to 'string.ToLower(CultureInfo)'. (https://learn.microsoft.com/dotnet/fundamentals/code-analysis/quality-rules/ca1304) [E:\vs\Projects\PlatformIndependentNuGetPackages\SunamoHtml\SunamoHtml\SunamoHtml.csproj::TargetFramework=net9.0]
E:\vs\Projects\PlatformIndependentNuGetPackages\SunamoHtml\SunamoHtml\Generators\HtmlGenerator22.cs(104,13): warning CA1062: In externally visible method 'string HtmlGenerator2.AllMonthsTable(List<string> allYearsHtmlBoxes, List<string> allMonthsBoxColors)', validate parameter 'allMonthsBoxColors' is non-null before using it. If appropriate, throw an 'ArgumentNullException' when the argument is 'null'. (https://learn.microsoft.com/dotnet/fundamentals/code-analysis/quality-rules/ca1062) [E:\vs\Projects\PlatformIndependentNuGetPackages\SunamoHtml\SunamoHtml\SunamoHtml.csproj::TargetFramework=net9.0]
E:\vs\Projects\PlatformIndependentNuGetPackages\SunamoHtml\SunamoHtml\Generators\HtmlGenerator22.cs(102,13): warning CA1062: In externally visible method 'string HtmlGenerator2.AllMonthsTable(List<string> allYearsHtmlBoxes, List<string> allMonthsBoxColors)', validate parameter 'allYearsHtmlBoxes' is non-null before using it. If appropriate, throw an 'ArgumentNullException' when the argument is 'null'. (https://learn.microsoft.com/dotnet/fundamentals/code-analysis/quality-rules/ca1062) [E:\vs\Projects\PlatformIndependentNuGetPackages\SunamoHtml\SunamoHtml\SunamoHtml.csproj::TargetFramework=net9.0]
E:\vs\Projects\PlatformIndependentNuGetPackages\SunamoHtml\SunamoHtml\HtmlAgilityHelper1.cs(317,34): warning CA1002: Change 'List<HtmlNode>' in 'HtmlAgilityHelper.NodesWithAttr(HtmlNode, bool, string, string, string, [bool])' to use 'Collection<T>', 'ReadOnlyCollection<T>' or 'KeyedCollection<K,V>' (https://learn.microsoft.com/dotnet/fundamentals/code-analysis/quality-rules/ca1002) [E:\vs\Projects\PlatformIndependentNuGetPackages\SunamoHtml\SunamoHtml\SunamoHtml.csproj::TargetFramework=net9.0]
E:\vs\Projects\PlatformIndependentNuGetPackages\SunamoHtml\SunamoHtml\Generators\HtmlGenerator22.cs(201,39): warning CA1062: In externally visible method 'string HtmlGenerator2.GenerateTreeWithCheckBoxes(NTreeHtml<string> tree)', validate parameter 'tree' is non-null before using it. If appropriate, throw an 'ArgumentNullException' when the argument is 'null'. (https://learn.microsoft.com/dotnet/fundamentals/code-analysis/quality-rules/ca1062) [E:\vs\Projects\PlatformIndependentNuGetPackages\SunamoHtml\SunamoHtml\SunamoHtml.csproj::TargetFramework=net9.0]
E:\vs\Projects\PlatformIndependentNuGetPackages\SunamoHtml\SunamoHtml\Html\HtmlHelperSunamoCz.cs(18,16): warning CA1062: In externally visible method 'string HtmlHelperSunamoCz.ConvertTextToHtmlWithAnchors(string text, ref string error)', validate parameter 'text' is non-null before using it. If appropriate, throw an 'ArgumentNullException' when the argument is 'null'. (https://learn.microsoft.com/dotnet/fundamentals/code-analysis/quality-rules/ca1062) [E:\vs\Projects\PlatformIndependentNuGetPackages\SunamoHtml\SunamoHtml\SunamoHtml.csproj::TargetFramework=net9.0]
E:\vs\Projects\PlatformIndependentNuGetPackages\SunamoHtml\SunamoHtml\HtmlAgilityHelper1.cs(50,30): warning CA1062: In externally visible method 'List<HtmlNode> HtmlAgilityHelper.TrimComments(List<HtmlNode> nodes)', validate parameter 'nodes' is non-null before using it. If appropriate, throw an 'ArgumentNullException' when the argument is 'null'. (https://learn.microsoft.com/dotnet/fundamentals/code-analysis/quality-rules/ca1062) [E:\vs\Projects\PlatformIndependentNuGetPackages\SunamoHtml\SunamoHtml\SunamoHtml.csproj::TargetFramework=net9.0]
E:\vs\Projects\PlatformIndependentNuGetPackages\SunamoHtml\SunamoHtml\Generators\HtmlGenerator22.cs(247,83): warning CA1002: Change 'List<string>' in 'HtmlGenerator2.GetForUlWoCheckDuplicate(string, List<string>)' to use 'Collection<T>', 'ReadOnlyCollection<T>' or 'KeyedCollection<K,V>' (https://learn.microsoft.com/dotnet/fundamentals/code-analysis/quality-rules/ca1002) [E:\vs\Projects\PlatformIndependentNuGetPackages\SunamoHtml\SunamoHtml\SunamoHtml.csproj::TargetFramework=net9.0]
E:\vs\Projects\PlatformIndependentNuGetPackages\SunamoHtml\SunamoHtml\Html\HtmlHelperShared2.cs(257,34): warning CA1002: Change 'List<HtmlNode>' in 'HtmlHelper.ReturnAllTagsImg(HtmlNode, string)' to use 'Collection<T>', 'ReadOnlyCollection<T>' or 'KeyedCollection<K,V>' (https://learn.microsoft.com/dotnet/fundamentals/code-analysis/quality-rules/ca1002) [E:\vs\Projects\PlatformIndependentNuGetPackages\SunamoHtml\SunamoHtml\SunamoHtml.csproj::TargetFramework=net9.0]
E:\vs\Projects\PlatformIndependentNuGetPackages\SunamoHtml\SunamoHtml\Html\HtmlHelperShared2.cs(283,34): warning CA1002: Change 'List<HtmlNode>' in 'HtmlHelper.ReturnTags(HtmlNode, string)' to use 'Collection<T>', 'ReadOnlyCollection<T>' or 'KeyedCollection<K,V>' (https://learn.microsoft.com/dotnet/fundamentals/code-analysis/quality-rules/ca1002) [E:\vs\Projects\PlatformIndependentNuGetPackages\SunamoHtml\SunamoHtml\SunamoHtml.csproj::TargetFramework=net9.0]
E:\vs\Projects\PlatformIndependentNuGetPackages\SunamoHtml\SunamoHtml\Generators\HtmlGenerator22.cs(261,83): warning CA1002: Change 'List<string>' in 'HtmlGenerator2.GetForUlWoCheckDuplicate(string, List<string>, string, string, [string])' to use 'Collection<T>', 'ReadOnlyCollection<T>' or 'KeyedCollection<K,V>' (https://learn.microsoft.com/dotnet/fundamentals/code-analysis/quality-rules/ca1002) [E:\vs\Projects\PlatformIndependentNuGetPackages\SunamoHtml\SunamoHtml\SunamoHtml.csproj::TargetFramework=net9.0]
E:\vs\Projects\PlatformIndependentNuGetPackages\SunamoHtml\SunamoHtml\Generators\HtmlGenerator22.cs(159,13): warning CA1062: In externally visible method 'string HtmlGenerator2.AllYearsTable(List<string> years, List<string> allYearsHtmlBoxes, List<string> allYearsBoxColors)', validate parameter 'allYearsHtmlBoxes' is non-null before using it. If appropriate, throw an 'ArgumentNullException' when the argument is 'null'. (https://learn.microsoft.com/dotnet/fundamentals/code-analysis/quality-rules/ca1062) [E:\vs\Projects\PlatformIndependentNuGetPackages\SunamoHtml\SunamoHtml\SunamoHtml.csproj::TargetFramework=net9.0]
E:\vs\Projects\PlatformIndependentNuGetPackages\SunamoHtml\SunamoHtml\Generators\HtmlGenerator22.cs(158,26): warning CA1062: In externally visible method 'string HtmlGenerator2.AllYearsTable(List<string> years, List<string> allYearsHtmlBoxes, List<string> allYearsBoxColors)', validate parameter 'years' is non-null before using it. If appropriate, throw an 'ArgumentNullException' when the argument is 'null'. (https://learn.microsoft.com/dotnet/fundamentals/code-analysis/quality-rules/ca1062) [E:\vs\Projects\PlatformIndependentNuGetPackages\SunamoHtml\SunamoHtml\SunamoHtml.csproj::TargetFramework=net9.0]
E:\vs\Projects\PlatformIndependentNuGetPackages\SunamoHtml\SunamoHtml\Generators\HtmlGenerator22.cs(161,13): warning CA1062: In externally visible method 'string HtmlGenerator2.AllYearsTable(List<string> years, List<string> allYearsHtmlBoxes, List<string> allYearsBoxColors)', validate parameter 'allYearsBoxColors' is non-null before using it. If appropriate, throw an 'ArgumentNullException' when the argument is 'null'. (https://learn.microsoft.com/dotnet/fundamentals/code-analysis/quality-rules/ca1062) [E:\vs\Projects\PlatformIndependentNuGetPackages\SunamoHtml\SunamoHtml\SunamoHtml.csproj::TargetFramework=net9.0]
E:\vs\Projects\PlatformIndependentNuGetPackages\SunamoHtml\SunamoHtml\Generators\HtmlGenerator22.cs(301,67): warning CA1002: Change 'List<string>' in 'HtmlGenerator2.GetForUl(string, List<string>, List<string>, bool)' to use 'Collection<T>', 'ReadOnlyCollection<T>' or 'KeyedCollection<K,V>' (https://learn.microsoft.com/dotnet/fundamentals/code-analysis/quality-rules/ca1002) [E:\vs\Projects\PlatformIndependentNuGetPackages\SunamoHtml\SunamoHtml\SunamoHtml.csproj::TargetFramework=net9.0]
E:\vs\Projects\PlatformIndependentNuGetPackages\SunamoHtml\SunamoHtml\Generators\HtmlGenerator22.cs(301,85): warning CA1002: Change 'List<string>' in 'HtmlGenerator2.GetForUl(string, List<string>, List<string>, bool)' to use 'Collection<T>', 'ReadOnlyCollection<T>' or 'KeyedCollection<K,V>' (https://learn.microsoft.com/dotnet/fundamentals/code-analysis/quality-rules/ca1002) [E:\vs\Projects\PlatformIndependentNuGetPackages\SunamoHtml\SunamoHtml\SunamoHtml.csproj::TargetFramework=net9.0]
E:\vs\Projects\PlatformIndependentNuGetPackages\SunamoHtml\SunamoHtml\Html\HtmlHelperShared3.cs(47,34): warning CA1002: Change 'List<HtmlNode>' in 'HtmlHelper.ReturnTagsWithAttrRek2(HtmlNode, string, string, string)' to use 'Collection<T>', 'ReadOnlyCollection<T>' or 'KeyedCollection<K,V>' (https://learn.microsoft.com/dotnet/fundamentals/code-analysis/quality-rules/ca1002) [E:\vs\Projects\PlatformIndependentNuGetPackages\SunamoHtml\SunamoHtml\SunamoHtml.csproj::TargetFramework=net9.0]
E:\vs\Projects\PlatformIndependentNuGetPackages\SunamoHtml\SunamoHtml\Generators\HtmlGenerator22.cs(270,36): warning CA1307: 'string.Replace(string, string?)' has a method overload that takes a 'StringComparison' parameter. Replace this call in 'SunamoHtml.Generators.HtmlGenerator2.GetForUlWoCheckDuplicate(string, System.Collections.Generic.List<string>, string, string, string)' with a call to 'string.Replace(string, string?, System.StringComparison)' for clarity of intent. (https://learn.microsoft.com/dotnet/fundamentals/code-analysis/quality-rules/ca1307) [E:\vs\Projects\PlatformIndependentNuGetPackages\SunamoHtml\SunamoHtml\SunamoHtml.csproj::TargetFramework=net9.0]
E:\vs\Projects\PlatformIndependentNuGetPackages\SunamoHtml\SunamoHtml\Generators\HtmlGenerator23.cs(15,83): warning CA1002: Change 'List<string>' in 'HtmlGenerator2.GetForUlWoCheckDuplicate(string, List<string>, List<string>)' to use 'Collection<T>', 'ReadOnlyCollection<T>' or 'KeyedCollection<K,V>' (https://learn.microsoft.com/dotnet/fundamentals/code-analysis/quality-rules/ca1002) [E:\vs\Projects\PlatformIndependentNuGetPackages\SunamoHtml\SunamoHtml\SunamoHtml.csproj::TargetFramework=net9.0]
E:\vs\Projects\PlatformIndependentNuGetPackages\SunamoHtml\SunamoHtml\Generators\HtmlGenerator23.cs(15,101): warning CA1002: Change 'List<string>' in 'HtmlGenerator2.GetForUlWoCheckDuplicate(string, List<string>, List<string>)' to use 'Collection<T>', 'ReadOnlyCollection<T>' or 'KeyedCollection<K,V>' (https://learn.microsoft.com/dotnet/fundamentals/code-analysis/quality-rules/ca1002) [E:\vs\Projects\PlatformIndependentNuGetPackages\SunamoHtml\SunamoHtml\SunamoHtml.csproj::TargetFramework=net9.0]
E:\vs\Projects\PlatformIndependentNuGetPackages\SunamoHtml\SunamoHtml\Generators\HtmlGenerator23.cs(27,64): warning CA1002: Change 'List<string>' in 'HtmlGenerator2.GetForUlWoCheckDuplicate(List<string>, List<string>)' to use 'Collection<T>', 'ReadOnlyCollection<T>' or 'KeyedCollection<K,V>' (https://learn.microsoft.com/dotnet/fundamentals/code-analysis/quality-rules/ca1002) [E:\vs\Projects\PlatformIndependentNuGetPackages\SunamoHtml\SunamoHtml\SunamoHtml.csproj::TargetFramework=net9.0]
E:\vs\Projects\PlatformIndependentNuGetPackages\SunamoHtml\SunamoHtml\Generators\HtmlGenerator23.cs(27,86): warning CA1002: Change 'List<string>' in 'HtmlGenerator2.GetForUlWoCheckDuplicate(List<string>, List<string>)' to use 'Collection<T>', 'ReadOnlyCollection<T>' or 'KeyedCollection<K,V>' (https://learn.microsoft.com/dotnet/fundamentals/code-analysis/quality-rules/ca1002) [E:\vs\Projects\PlatformIndependentNuGetPackages\SunamoHtml\SunamoHtml\SunamoHtml.csproj::TargetFramework=net9.0]
E:\vs\Projects\PlatformIndependentNuGetPackages\SunamoHtml\SunamoHtml\Html\HtmlHelperShared2.cs(260,30): warning CA1062: In externally visible method 'List<HtmlNode> HtmlHelper.ReturnAllTagsImg(HtmlNode htmlNode, string tagName)', validate parameter 'htmlNode' is non-null before using it. If appropriate, throw an 'ArgumentNullException' when the argument is 'null'. (https://learn.microsoft.com/dotnet/fundamentals/code-analysis/quality-rules/ca1062) [E:\vs\Projects\PlatformIndependentNuGetPackages\SunamoHtml\SunamoHtml\SunamoHtml.csproj::TargetFramework=net9.0]
E:\vs\Projects\PlatformIndependentNuGetPackages\SunamoHtml\SunamoHtml\Html\HtmlHelperShared2.cs(286,30): warning CA1062: In externally visible method 'List<HtmlNode> HtmlHelper.ReturnTags(HtmlNode htmlNode, string tagName)', validate parameter 'htmlNode' is non-null before using it. If appropriate, throw an 'ArgumentNullException' when the argument is 'null'. (https://learn.microsoft.com/dotnet/fundamentals/code-analysis/quality-rules/ca1062) [E:\vs\Projects\PlatformIndependentNuGetPackages\SunamoHtml\SunamoHtml\SunamoHtml.csproj::TargetFramework=net9.0]
E:\vs\Projects\PlatformIndependentNuGetPackages\SunamoHtml\SunamoHtml\Generators\HtmlGenerator23.cs(38,64): warning CA1002: Change 'List<string>' in 'HtmlGenerator2.GetForUlWoCheckDuplicate(List<string>)' to use 'Collection<T>', 'ReadOnlyCollection<T>' or 'KeyedCollection<K,V>' (https://learn.microsoft.com/dotnet/fundamentals/code-analysis/quality-rules/ca1002) [E:\vs\Projects\PlatformIndependentNuGetPackages\SunamoHtml\SunamoHtml\SunamoHtml.csproj::TargetFramework=net9.0]
E:\vs\Projects\PlatformIndependentNuGetPackages\SunamoHtml\SunamoHtml\Generators\HtmlGenerator23.cs(57,80): warning CA1002: Change 'List<string>' in 'HtmlGenerator2.GetUlWoCheckDuplicate(string, List<string>)' to use 'Collection<T>', 'ReadOnlyCollection<T>' or 'KeyedCollection<K,V>' (https://learn.microsoft.com/dotnet/fundamentals/code-analysis/quality-rules/ca1002) [E:\vs\Projects\PlatformIndependentNuGetPackages\SunamoHtml\SunamoHtml\SunamoHtml.csproj::TargetFramework=net9.0]
E:\vs\Projects\PlatformIndependentNuGetPackages\SunamoHtml\SunamoHtml\Generators\HtmlGenerator23.cs(80,61): warning CA1002: Change 'List<string>' in 'HtmlGenerator2.GetUlWoCheckDuplicate(List<string>, string)' to use 'Collection<T>', 'ReadOnlyCollection<T>' or 'KeyedCollection<K,V>' (https://learn.microsoft.com/dotnet/fundamentals/code-analysis/quality-rules/ca1002) [E:\vs\Projects\PlatformIndependentNuGetPackages\SunamoHtml\SunamoHtml\SunamoHtml.csproj::TargetFramework=net9.0]
E:\vs\Projects\PlatformIndependentNuGetPackages\SunamoHtml\SunamoHtml\Generators\HtmlGenerator23.cs(64,67): warning CA1305: The behavior of 'int.ToString()' could vary based on the current user's locale settings. Replace this call in 'HtmlGenerator2.GetUlWoCheckDuplicate(string, List<string>)' with a call to 'int.ToString(IFormatProvider)'. (https://learn.microsoft.com/dotnet/fundamentals/code-analysis/quality-rules/ca1305) [E:\vs\Projects\PlatformIndependentNuGetPackages\SunamoHtml\SunamoHtml\SunamoHtml.csproj::TargetFramework=net9.0]
E:\vs\Projects\PlatformIndependentNuGetPackages\SunamoHtml\SunamoHtml\HtmlAgilityHelper1.cs(166,17): warning CA1062: In externally visible method 'void HtmlAgilityHelper.RecursiveReturnTags(List<HtmlNode> result, HtmlNode htmlNode, bool isRecursive, bool isSingle, string tagName)', validate parameter 'result' is non-null before using it. If appropriate, throw an 'ArgumentNullException' when the argument is 'null'. (https://learn.microsoft.com/dotnet/fundamentals/code-analysis/quality-rules/ca1062) [E:\vs\Projects\PlatformIndependentNuGetPackages\SunamoHtml\SunamoHtml\SunamoHtml.csproj::TargetFramework=net9.0]
E:\vs\Projects\PlatformIndependentNuGetPackages\SunamoHtml\SunamoHtml\Generators\HtmlGenerator23.cs(91,61): warning CA1002: Change 'List<string>' in 'HtmlGenerator2.GetUlWoCheckDuplicate(List<string>, List<string>)' to use 'Collection<T>', 'ReadOnlyCollection<T>' or 'KeyedCollection<K,V>' (https://learn.microsoft.com/dotnet/fundamentals/code-analysis/quality-rules/ca1002) [E:\vs\Projects\PlatformIndependentNuGetPackages\SunamoHtml\SunamoHtml\SunamoHtml.csproj::TargetFramework=net9.0]
E:\vs\Projects\PlatformIndependentNuGetPackages\SunamoHtml\SunamoHtml\Generators\HtmlGenerator23.cs(91,83): warning CA1002: Change 'List<string>' in 'HtmlGenerator2.GetUlWoCheckDuplicate(List<string>, List<string>)' to use 'Collection<T>', 'ReadOnlyCollection<T>' or 'KeyedCollection<K,V>' (https://learn.microsoft.com/dotnet/fundamentals/code-analysis/quality-rules/ca1002) [E:\vs\Projects\PlatformIndependentNuGetPackages\SunamoHtml\SunamoHtml\SunamoHtml.csproj::TargetFramework=net9.0]
E:\vs\Projects\PlatformIndependentNuGetPackages\SunamoHtml\SunamoHtml\Generators\HtmlGenerator23.cs(102,45): warning CA1002: Change 'List<string>' in 'HtmlGenerator2.GetOl(List<string>, [bool])' to use 'Collection<T>', 'ReadOnlyCollection<T>' or 'KeyedCollection<K,V>' (https://learn.microsoft.com/dotnet/fundamentals/code-analysis/quality-rules/ca1002) [E:\vs\Projects\PlatformIndependentNuGetPackages\SunamoHtml\SunamoHtml\SunamoHtml.csproj::TargetFramework=net9.0]
E:\vs\Projects\PlatformIndependentNuGetPackages\SunamoHtml\SunamoHtml\Generators\HtmlGenerator22.cs(303,13): warning CA1062: In externally visible method 'string HtmlGenerator2.GetForUl(string baseAnchor, List<string> ids, List<string> texts, bool isSkipDuplicates)', validate parameter 'ids' is non-null before using it. If appropriate, throw an 'ArgumentNullException' when the argument is 'null'. (https://learn.microsoft.com/dotnet/fundamentals/code-analysis/quality-rules/ca1062) [E:\vs\Projects\PlatformIndependentNuGetPackages\SunamoHtml\SunamoHtml\SunamoHtml.csproj::TargetFramework=net9.0]
E:\vs\Projects\PlatformIndependentNuGetPackages\SunamoHtml\SunamoHtml\Generators\HtmlGenerator22.cs(303,26): warning CA1062: In externally visible method 'string HtmlGenerator2.GetForUl(string baseAnchor, List<string> ids, List<string> texts, bool isSkipDuplicates)', validate parameter 'texts' is non-null before using it. If appropriate, throw an 'ArgumentNullException' when the argument is 'null'. (https://learn.microsoft.com/dotnet/fundamentals/code-analysis/quality-rules/ca1062) [E:\vs\Projects\PlatformIndependentNuGetPackages\SunamoHtml\SunamoHtml\SunamoHtml.csproj::TargetFramework=net9.0]
E:\vs\Projects\PlatformIndependentNuGetPackages\SunamoHtml\SunamoHtml\Html\HtmlHelperShared3.cs(66,34): warning CA1002: Change 'List<HtmlNode>' in 'HtmlHelper.GetTagsOfAtribute(HtmlNode, string, string, string)' to use 'Collection<T>', 'ReadOnlyCollection<T>' or 'KeyedCollection<K,V>' (https://learn.microsoft.com/dotnet/fundamentals/code-analysis/quality-rules/ca1002) [E:\vs\Projects\PlatformIndependentNuGetPackages\SunamoHtml\SunamoHtml\SunamoHtml.csproj::TargetFramework=net9.0]
E:\vs\Projects\PlatformIndependentNuGetPackages\SunamoHtml\SunamoHtml\Generators\HtmlGenerator23.cs(113,61): warning CA1002: Change 'List<string>' in 'HtmlGenerator2.GetOlWoCheckDuplicate(List<string>, List<string>)' to use 'Collection<T>', 'ReadOnlyCollection<T>' or 'KeyedCollection<K,V>' (https://learn.microsoft.com/dotnet/fundamentals/code-analysis/quality-rules/ca1002) [E:\vs\Projects\PlatformIndependentNuGetPackages\SunamoHtml\SunamoHtml\SunamoHtml.csproj::TargetFramework=net9.0]
E:\vs\Projects\PlatformIndependentNuGetPackages\SunamoHtml\SunamoHtml\Generators\HtmlGenerator23.cs(113,83): warning CA1002: Change 'List<string>' in 'HtmlGenerator2.GetOlWoCheckDuplicate(List<string>, List<string>)' to use 'Collection<T>', 'ReadOnlyCollection<T>' or 'KeyedCollection<K,V>' (https://learn.microsoft.com/dotnet/fundamentals/code-analysis/quality-rules/ca1002) [E:\vs\Projects\PlatformIndependentNuGetPackages\SunamoHtml\SunamoHtml\SunamoHtml.csproj::TargetFramework=net9.0]
E:\vs\Projects\PlatformIndependentNuGetPackages\SunamoHtml\SunamoHtml\Generators\HtmlGenerator23.cs(41,29): warning CA1062: In externally visible method 'string HtmlGenerator2.GetForUlWoCheckDuplicate(List<string> items)', validate parameter 'items' is non-null before using it. If appropriate, throw an 'ArgumentNullException' when the argument is 'null'. (https://learn.microsoft.com/dotnet/fundamentals/code-analysis/quality-rules/ca1062) [E:\vs\Projects\PlatformIndependentNuGetPackages\SunamoHtml\SunamoHtml\SunamoHtml.csproj::TargetFramework=net9.0]
E:\vs\Projects\PlatformIndependentNuGetPackages\SunamoHtml\SunamoHtml\Generators\HtmlGenerator22.cs(264,29): warning CA1062: In externally visible method 'string HtmlGenerator2.GetForUlWoCheckDuplicate(string baseAnchor, List<string> ids, string findInText, string replaceInText, string suffix = "")', validate parameter 'ids' is non-null before using it. If appropriate, throw an 'ArgumentNullException' when the argument is 'null'. (https://learn.microsoft.com/dotnet/fundamentals/code-analysis/quality-rules/ca1062) [E:\vs\Projects\PlatformIndependentNuGetPackages\SunamoHtml\SunamoHtml\SunamoHtml.csproj::TargetFramework=net9.0]
E:\vs\Projects\PlatformIndependentNuGetPackages\SunamoHtml\SunamoHtml\Generators\HtmlGenerator23.cs(116,19): warning CA2201: Exception type System.Exception is not sufficiently specific (https://learn.microsoft.com/dotnet/fundamentals/code-analysis/quality-rules/ca2201) [E:\vs\Projects\PlatformIndependentNuGetPackages\SunamoHtml\SunamoHtml\SunamoHtml.csproj::TargetFramework=net9.0]
E:\vs\Projects\PlatformIndependentNuGetPackages\SunamoHtml\SunamoHtml\Html\HtmlHelperShared3.cs(102,75): warning CA1002: Change 'List<HtmlNode>' in 'HtmlHelper.RecursiveReturnTagsWithContainsAttr(List<HtmlNode>, HtmlNode, string, string, string, bool, bool)' to use 'Collection<T>', 'ReadOnlyCollection<T>' or 'KeyedCollection<K,V>' (https://learn.microsoft.com/dotnet/fundamentals/code-analysis/quality-rules/ca1002) [E:\vs\Projects\PlatformIndependentNuGetPackages\SunamoHtml\SunamoHtml\SunamoHtml.csproj::TargetFramework=net9.0]
E:\vs\Projects\PlatformIndependentNuGetPackages\SunamoHtml\SunamoHtml\Html\HtmlHelperShared3.cs(108,30): warning CA1307: 'string.Contains(string)' has a method overload that takes a 'StringComparison' parameter. Replace this call in 'SunamoHtml.Html.HtmlHelper.RecursiveReturnTagsWithContainsAttr(System.Collections.Generic.List<HtmlAgilityPack.HtmlNode>, HtmlAgilityPack.HtmlNode, string, string, string, bool, bool)' with a call to 'string.Contains(string, System.StringComparison)' for clarity of intent. (https://learn.microsoft.com/dotnet/fundamentals/code-analysis/quality-rules/ca1307) [E:\vs\Projects\PlatformIndependentNuGetPackages\SunamoHtml\SunamoHtml\SunamoHtml.csproj::TargetFramework=net9.0]
E:\vs\Projects\PlatformIndependentNuGetPackages\SunamoHtml\SunamoHtml\Html\HtmlHelperShared3.cs(159,34): warning CA1002: Change 'List<HtmlNode>' in 'HtmlHelper.ReturnTagsWithContainsAttrRek(HtmlNode, string, string, string)' to use 'Collection<T>', 'ReadOnlyCollection<T>' or 'KeyedCollection<K,V>' (https://learn.microsoft.com/dotnet/fundamentals/code-analysis/quality-rules/ca1002) [E:\vs\Projects\PlatformIndependentNuGetPackages\SunamoHtml\SunamoHtml\SunamoHtml.csproj::TargetFramework=net9.0]
E:\vs\Projects\PlatformIndependentNuGetPackages\SunamoHtml\SunamoHtml\Html\HtmlHelperShared3.cs(50,40): warning CA1062: In externally visible method 'List<HtmlNode> HtmlHelper.ReturnTagsWithAttrRek2(HtmlNode htmlNode, string tagName, string attributeName, string attributeValue)', validate parameter 'htmlNode' is non-null before using it. If appropriate, throw an 'ArgumentNullException' when the argument is 'null'. (https://learn.microsoft.com/dotnet/fundamentals/code-analysis/quality-rules/ca1062) [E:\vs\Projects\PlatformIndependentNuGetPackages\SunamoHtml\SunamoHtml\SunamoHtml.csproj::TargetFramework=net9.0]
E:\vs\Projects\PlatformIndependentNuGetPackages\SunamoHtml\SunamoHtml\Html\HtmlHelperShared3.cs(177,34): warning CA1002: Change 'List<HtmlNode>' in 'HtmlHelper.ReturnTagsWithContainsAttrRek(HtmlNode, string, string, string, bool, bool)' to use 'Collection<T>', 'ReadOnlyCollection<T>' or 'KeyedCollection<K,V>' (https://learn.microsoft.com/dotnet/fundamentals/code-analysis/quality-rules/ca1002) [E:\vs\Projects\PlatformIndependentNuGetPackages\SunamoHtml\SunamoHtml\SunamoHtml.csproj::TargetFramework=net9.0]
E:\vs\Projects\PlatformIndependentNuGetPackages\SunamoHtml\SunamoHtml\Html\HtmlHelperShared3.cs(193,34): warning CA1002: Change 'List<HtmlNode>' in 'HtmlHelper.ReturnTagsWithContainsClassRek(HtmlNode, string, string)' to use 'Collection<T>', 'ReadOnlyCollection<T>' or 'KeyedCollection<K,V>' (https://learn.microsoft.com/dotnet/fundamentals/code-analysis/quality-rules/ca1002) [E:\vs\Projects\PlatformIndependentNuGetPackages\SunamoHtml\SunamoHtml\SunamoHtml.csproj::TargetFramework=net9.0]
E:\vs\Projects\PlatformIndependentNuGetPackages\SunamoHtml\SunamoHtml\Generators\HtmlGenerator23.cs(60,29): warning CA1062: In externally visible method 'string HtmlGenerator2.GetUlWoCheckDuplicate(string baseAnchor, List<string> items)', validate parameter 'items' is non-null before using it. If appropriate, throw an 'ArgumentNullException' when the argument is 'null'. (https://learn.microsoft.com/dotnet/fundamentals/code-analysis/quality-rules/ca1062) [E:\vs\Projects\PlatformIndependentNuGetPackages\SunamoHtml\SunamoHtml\SunamoHtml.csproj::TargetFramework=net9.0]
E:\vs\Projects\PlatformIndependentNuGetPackages\SunamoHtml\SunamoHtml\Html\HtmlHelperShared3.cs(69,35): warning CA1062: In externally visible method 'List<HtmlNode> HtmlHelper.GetTagsOfAtribute(HtmlNode htmlNode, string tagName, string attributeName, string attributeValue)', validate parameter 'htmlNode' is non-null before using it. If appropriate, throw an 'ArgumentNullException' when the argument is 'null'. (https://learn.microsoft.com/dotnet/fundamentals/code-analysis/quality-rules/ca1062) [E:\vs\Projects\PlatformIndependentNuGetPackages\SunamoHtml\SunamoHtml\SunamoHtml.csproj::TargetFramework=net9.0]
E:\vs\Projects\PlatformIndependentNuGetPackages\SunamoHtml\SunamoHtml\Generators\HtmlGenerator23.cs(115,30): warning CA1062: In externally visible method 'string HtmlGenerator2.GetOlWoCheckDuplicate(List<string> anchors, List<string> texts)', validate parameter 'texts' is non-null before using it. If appropriate, throw an 'ArgumentNullException' when the argument is 'null'. (https://learn.microsoft.com/dotnet/fundamentals/code-analysis/quality-rules/ca1062) [E:\vs\Projects\PlatformIndependentNuGetPackages\SunamoHtml\SunamoHtml\SunamoHtml.csproj::TargetFramework=net9.0]
E:\vs\Projects\PlatformIndependentNuGetPackages\SunamoHtml\SunamoHtml\Generators\HtmlGenerator23.cs(115,13): warning CA1062: In externally visible method 'string HtmlGenerator2.GetOlWoCheckDuplicate(List<string> anchors, List<string> texts)', validate parameter 'anchors' is non-null before using it. If appropriate, throw an 'ArgumentNullException' when the argument is 'null'. (https://learn.microsoft.com/dotnet/fundamentals/code-analysis/quality-rules/ca1062) [E:\vs\Projects\PlatformIndependentNuGetPackages\SunamoHtml\SunamoHtml\SunamoHtml.csproj::TargetFramework=net9.0]
E:\vs\Projects\PlatformIndependentNuGetPackages\SunamoHtml\SunamoHtml\Html\HtmlHelperShared3.cs(196,72): warning CA1062: In externally visible method 'List<HtmlNode> HtmlHelper.ReturnTagsWithContainsClassRek(HtmlNode htmlNode, string tagName, string className)', validate parameter 'htmlNode' is non-null before using it. If appropriate, throw an 'ArgumentNullException' when the argument is 'null'. (https://learn.microsoft.com/dotnet/fundamentals/code-analysis/quality-rules/ca1062) [E:\vs\Projects\PlatformIndependentNuGetPackages\SunamoHtml\SunamoHtml\SunamoHtml.csproj::TargetFramework=net9.0]
E:\vs\Projects\PlatformIndependentNuGetPackages\SunamoHtml\SunamoHtml\Html\HtmlHelperShared3.cs(104,30): warning CA1062: In externally visible method 'void HtmlHelper.RecursiveReturnTagsWithContainsAttr(List<HtmlNode> result, HtmlNode htmlNode, string tagName, string attributeName, string attributeValue, bool isContains, bool isRecursively)', validate parameter 'htmlNode' is non-null before using it. If appropriate, throw an 'ArgumentNullException' when the argument is 'null'. (https://learn.microsoft.com/dotnet/fundamentals/code-analysis/quality-rules/ca1062) [E:\vs\Projects\PlatformIndependentNuGetPackages\SunamoHtml\SunamoHtml\SunamoHtml.csproj::TargetFramework=net9.0]
E:\vs\Projects\PlatformIndependentNuGetPackages\SunamoHtml\SunamoHtml\Html\HtmlHelperShared3.cs(113,22): warning CA1062: In externally visible method 'void HtmlHelper.RecursiveReturnTagsWithContainsAttr(List<HtmlNode> result, HtmlNode htmlNode, string tagName, string attributeName, string attributeValue, bool isContains, bool isRecursively)', validate parameter 'result' is non-null before using it. If appropriate, throw an 'ArgumentNullException' when the argument is 'null'. (https://learn.microsoft.com/dotnet/fundamentals/code-analysis/quality-rules/ca1062) [E:\vs\Projects\PlatformIndependentNuGetPackages\SunamoHtml\SunamoHtml\SunamoHtml.csproj::TargetFramework=net9.0]
E:\vs\Projects\PlatformIndependentNuGetPackages\SunamoHtml\SunamoHtml\Html\HtmlHelperShared.cs(227,29): warning CA1062: In externally visible method 'string HtmlHelper.HighlightingWords(string entireContent, int maxLettersPerSentence, int sentenceCount, List<string> searchedWords)', validate parameter 'searchedWords' is non-null before using it. If appropriate, throw an 'ArgumentNullException' when the argument is 'null'. (https://learn.microsoft.com/dotnet/fundamentals/code-analysis/quality-rules/ca1062) [E:\vs\Projects\PlatformIndependentNuGetPackages\SunamoHtml\SunamoHtml\SunamoHtml.csproj::TargetFramework=net9.0]
E:\vs\Projects\PlatformIndependentNuGetPackages\SunamoHtml\SunamoHtml\Html\HtmlHelperShared.cs(229,25): warning CA1062: In externally visible method 'string HtmlHelper.HighlightingWords(string entireContent, int maxLettersPerSentence, int sentenceCount, List<string> searchedWords)', validate parameter 'entireContent' is non-null before using it. If appropriate, throw an 'ArgumentNullException' when the argument is 'null'. (https://learn.microsoft.com/dotnet/fundamentals/code-analysis/quality-rules/ca1062) [E:\vs\Projects\PlatformIndependentNuGetPackages\SunamoHtml\SunamoHtml\SunamoHtml.csproj::TargetFramework=net9.0]
E:\vs\Projects\PlatformIndependentNuGetPackages\SunamoHtml\SunamoHtml\HtmlAgilityHelper1.cs(270,47): warning CA1062: In externally visible method 'void HtmlAgilityHelper.RecursiveReturnTagsWithContainsAttr(List<HtmlNode> result, HtmlNode htmlNode, bool isRecursive, string tagName, string attributeName, string attributeValue, bool isWildCard, bool isEnoughContainsAttribute, bool isSearchAsSingleString = true)', validate parameter 'htmlNode' is non-null before using it. If appropriate, throw an 'ArgumentNullException' when the argument is 'null'. (https://learn.microsoft.com/dotnet/fundamentals/code-analysis/quality-rules/ca1062) [E:\vs\Projects\PlatformIndependentNuGetPackages\SunamoHtml\SunamoHtml\SunamoHtml.csproj::TargetFramework=net9.0]
E:\vs\Projects\PlatformIndependentNuGetPackages\SunamoHtml\SunamoHtml\HtmlAgilityHelper1.cs(271,19): warning CA1062: In externally visible method 'void HtmlAgilityHelper.RecursiveReturnTagsWithContainsAttr(List<HtmlNode> result, HtmlNode htmlNode, bool isRecursive, string tagName, string attributeName, string attributeValue, bool isWildCard, bool isEnoughContainsAttribute, bool isSearchAsSingleString = true)', validate parameter 'tagName' is non-null before using it. If appropriate, throw an 'ArgumentNullException' when the argument is 'null'. (https://learn.microsoft.com/dotnet/fundamentals/code-analysis/quality-rules/ca1062) [E:\vs\Projects\PlatformIndependentNuGetPackages\SunamoHtml\SunamoHtml\SunamoHtml.csproj::TargetFramework=net9.0]
E:\vs\Projects\PlatformIndependentNuGetPackages\SunamoHtml\SunamoHtml\HtmlAgilityHelper1.cs(280,21): warning CA1062: In externally visible method 'void HtmlAgilityHelper.RecursiveReturnTagsWithContainsAttr(List<HtmlNode> result, HtmlNode htmlNode, bool isRecursive, string tagName, string attributeName, string attributeValue, bool isWildCard, bool isEnoughContainsAttribute, bool isSearchAsSingleString = true)', validate parameter 'result' is non-null before using it. If appropriate, throw an 'ArgumentNullException' when the argument is 'null'. (https://learn.microsoft.com/dotnet/fundamentals/code-analysis/quality-rules/ca1062) [E:\vs\Projects\PlatformIndependentNuGetPackages\SunamoHtml\SunamoHtml\SunamoHtml.csproj::TargetFramework=net9.0]
E:\vs\Projects\PlatformIndependentNuGetPackages\SunamoHtml\SunamoHtml\_sunamo\SunamoExceptions\Exceptions.cs(4,31): warning CA1812: 'Exceptions' is an internal class that is apparently never instantiated. If so, remove the code from the assembly. If this class is intended to contain only static members, make it 'static' (Module in Visual Basic). (https://learn.microsoft.com/dotnet/fundamentals/code-analysis/quality-rules/ca1812) [E:\vs\Projects\PlatformIndependentNuGetPackages\SunamoHtml\SunamoHtml\SunamoHtml.csproj::TargetFramework=net9.0]
E:\vs\Projects\PlatformIndependentNuGetPackages\SunamoHtml\SunamoHtml\_sunamo\SunamoXml\Generators\XmlGeneratorSelective.cs(3,16): warning CA1812: 'XmlGeneratorSelective' is an internal class that is apparently never instantiated. If so, remove the code from the assembly. If this class is intended to contain only static members, make it 'static' (Module in Visual Basic). (https://learn.microsoft.com/dotnet/fundamentals/code-analysis/quality-rules/ca1812) [E:\vs\Projects\PlatformIndependentNuGetPackages\SunamoHtml\SunamoHtml\SunamoHtml.csproj::TargetFramework=net9.0]
E:\vs\Projects\PlatformIndependentNuGetPackages\SunamoHtml\SunamoHtml\_sunamo\CA.cs(7,16): warning CA1852: Type 'CA' can be sealed because it has no subtypes in its containing assembly and is not externally visible (https://learn.microsoft.com/dotnet/fundamentals/code-analysis/quality-rules/ca1852) [E:\vs\Projects\PlatformIndependentNuGetPackages\SunamoHtml\SunamoHtml\SunamoHtml.csproj::TargetFramework=net9.0]
E:\vs\Projects\PlatformIndependentNuGetPackages\SunamoHtml\SunamoHtml\_sunamo\SunamoArgs\ChangeContentArgsHtml.cs(3,16): warning CA1852: Type 'ChangeContentArgsHtml' can be sealed because it has no subtypes in its containing assembly and is not externally visible (https://learn.microsoft.com/dotnet/fundamentals/code-analysis/quality-rules/ca1852) [E:\vs\Projects\PlatformIndependentNuGetPackages\SunamoHtml\SunamoHtml\SunamoHtml.csproj::TargetFramework=net9.0]
E:\vs\Projects\PlatformIndependentNuGetPackages\SunamoHtml\SunamoHtml\_sunamo\SunamoValues\Values\ConstsAspx.cs(3,16): warning CA1852: Type 'ConstsAspx' can be sealed because it has no subtypes in its containing assembly and is not externally visible (https://learn.microsoft.com/dotnet/fundamentals/code-analysis/quality-rules/ca1852) [E:\vs\Projects\PlatformIndependentNuGetPackages\SunamoHtml\SunamoHtml\SunamoHtml.csproj::TargetFramework=net9.0]
E:\vs\Projects\PlatformIndependentNuGetPackages\SunamoHtml\SunamoHtml\_sunamo\WhitespaceCharService.cs(3,16): warning CA1852: Type 'WhitespaceCharService' can be sealed because it has no subtypes in its containing assembly and is not externally visible (https://learn.microsoft.com/dotnet/fundamentals/code-analysis/quality-rules/ca1852) [E:\vs\Projects\PlatformIndependentNuGetPackages\SunamoHtml\SunamoHtml\SunamoHtml.csproj::TargetFramework=net9.0]
E:\vs\Projects\PlatformIndependentNuGetPackages\SunamoHtml\SunamoHtml\_sunamo\SunamoValues\Constants\HtmlAttrs.cs(8,16): warning CA1852: Type 'HtmlAttrs' can be sealed because it has no subtypes in its containing assembly and is not externally visible (https://learn.microsoft.com/dotnet/fundamentals/code-analysis/quality-rules/ca1852) [E:\vs\Projects\PlatformIndependentNuGetPackages\SunamoHtml\SunamoHtml\SunamoHtml.csproj::TargetFramework=net9.0]
E:\vs\Projects\PlatformIndependentNuGetPackages\SunamoHtml\SunamoHtml\_sunamo\SunamoXml\Generators\XmlGeneratorSelective.cs(3,16): warning CA1852: Type 'XmlGeneratorSelective' can be sealed because it has no subtypes in its containing assembly and is not externally visible (https://learn.microsoft.com/dotnet/fundamentals/code-analysis/quality-rules/ca1852) [E:\vs\Projects\PlatformIndependentNuGetPackages\SunamoHtml\SunamoHtml\SunamoHtml.csproj::TargetFramework=net9.0]
E:\vs\Projects\PlatformIndependentNuGetPackages\SunamoHtml\SunamoHtml\_sunamo\SunamoLang\SunamoI18N\Translate.cs(3,16): warning CA1852: Type 'Translate' can be sealed because it has no subtypes in its containing assembly and is not externally visible (https://learn.microsoft.com/dotnet/fundamentals/code-analysis/quality-rules/ca1852) [E:\vs\Projects\PlatformIndependentNuGetPackages\SunamoHtml\SunamoHtml\SunamoHtml.csproj::TargetFramework=net9.0]
E:\vs\Projects\PlatformIndependentNuGetPackages\SunamoHtml\SunamoHtml\_sunamo\SunamoCollectionsGeneric\CAGConsts.cs(3,16): warning CA1852: Type 'CAGConsts' can be sealed because it has no subtypes in its containing assembly and is not externally visible (https://learn.microsoft.com/dotnet/fundamentals/code-analysis/quality-rules/ca1852) [E:\vs\Projects\PlatformIndependentNuGetPackages\SunamoHtml\SunamoHtml\SunamoHtml.csproj::TargetFramework=net9.0]
E:\vs\Projects\PlatformIndependentNuGetPackages\SunamoHtml\SunamoHtml\_sunamo\SunamoXml\XHelper.cs(3,16): warning CA1852: Type 'XHelper' can be sealed because it has no subtypes in its containing assembly and is not externally visible (https://learn.microsoft.com/dotnet/fundamentals/code-analysis/quality-rules/ca1852) [E:\vs\Projects\PlatformIndependentNuGetPackages\SunamoHtml\SunamoHtml\SunamoHtml.csproj::TargetFramework=net9.0]
E:\vs\Projects\PlatformIndependentNuGetPackages\SunamoHtml\SunamoHtml\_sunamo\SunamoDictionary\DictionaryHelper.cs(3,16): warning CA1852: Type 'DictionaryHelper' can be sealed because it has no subtypes in its containing assembly and is not externally visible (https://learn.microsoft.com/dotnet/fundamentals/code-analysis/quality-rules/ca1852) [E:\vs\Projects\PlatformIndependentNuGetPackages\SunamoHtml\SunamoHtml\SunamoHtml.csproj::TargetFramework=net9.0]
E:\vs\Projects\PlatformIndependentNuGetPackages\SunamoHtml\SunamoHtml\_sunamo\SunamoValues\Constants\HtmlStartingTags.cs(6,16): warning CA1852: Type 'HtmlStartingTags' can be sealed because it has no subtypes in its containing assembly and is not externally visible (https://learn.microsoft.com/dotnet/fundamentals/code-analysis/quality-rules/ca1852) [E:\vs\Projects\PlatformIndependentNuGetPackages\SunamoHtml\SunamoHtml\SunamoHtml.csproj::TargetFramework=net9.0]
E:\vs\Projects\PlatformIndependentNuGetPackages\SunamoHtml\SunamoHtml\_sunamo\SunamoStringData\SHData.cs(3,16): warning CA1852: Type 'SHData' can be sealed because it has no subtypes in its containing assembly and is not externally visible (https://learn.microsoft.com/dotnet/fundamentals/code-analysis/quality-rules/ca1852) [E:\vs\Projects\PlatformIndependentNuGetPackages\SunamoHtml\SunamoHtml\SunamoHtml.csproj::TargetFramework=net9.0]
E:\vs\Projects\PlatformIndependentNuGetPackages\SunamoHtml\SunamoHtml\_sunamo\SunamoValues\Constants\HtmlAttrValue.cs(7,16): warning CA1852: Type 'HtmlAttrValue' can be sealed because it has no subtypes in its containing assembly and is not externally visible (https://learn.microsoft.com/dotnet/fundamentals/code-analysis/quality-rules/ca1852) [E:\vs\Projects\PlatformIndependentNuGetPackages\SunamoHtml\SunamoHtml\SunamoHtml.csproj::TargetFramework=net9.0]
E:\vs\Projects\PlatformIndependentNuGetPackages\SunamoHtml\SunamoHtml\_sunamo\SunamoValues\Values\StatusPrefixes.cs(3,16): warning CA1852: Type 'StatusPrefixes' can be sealed because it has no subtypes in its containing assembly and is not externally visible (https://learn.microsoft.com/dotnet/fundamentals/code-analysis/quality-rules/ca1852) [E:\vs\Projects\PlatformIndependentNuGetPackages\SunamoHtml\SunamoHtml\SunamoHtml.csproj::TargetFramework=net9.0]
E:\vs\Projects\PlatformIndependentNuGetPackages\SunamoHtml\SunamoHtml\_sunamo\SunamoValues\Values\AllLists.cs(4,24): warning CA1852: Type 'AllLists' can be sealed because it has no subtypes in its containing assembly and is not externally visible (https://learn.microsoft.com/dotnet/fundamentals/code-analysis/quality-rules/ca1852) [E:\vs\Projects\PlatformIndependentNuGetPackages\SunamoHtml\SunamoHtml\SunamoHtml.csproj::TargetFramework=net9.0]
E:\vs\Projects\PlatformIndependentNuGetPackages\SunamoHtml\SunamoHtml\_sunamo\SunamoString\SH.cs(7,24): warning CA1852: Type 'SH' can be sealed because it has no subtypes in its containing assembly and is not externally visible (https://learn.microsoft.com/dotnet/fundamentals/code-analysis/quality-rules/ca1852) [E:\vs\Projects\PlatformIndependentNuGetPackages\SunamoHtml\SunamoHtml\SunamoHtml.csproj::TargetFramework=net9.0]
E:\vs\Projects\PlatformIndependentNuGetPackages\SunamoHtml\SunamoHtml\_sunamo\SunamoBts\BTS.cs(7,16): warning CA1852: Type 'BTS' can be sealed because it has no subtypes in its containing assembly and is not externally visible (https://learn.microsoft.com/dotnet/fundamentals/code-analysis/quality-rules/ca1852) [E:\vs\Projects\PlatformIndependentNuGetPackages\SunamoHtml\SunamoHtml\SunamoHtml.csproj::TargetFramework=net9.0]
E:\vs\Projects\PlatformIndependentNuGetPackages\SunamoHtml\SunamoHtml\_sunamo\SunamoValues\Constants\HtmlEndingTags.cs(6,16): warning CA1852: Type 'HtmlEndingTags' can be sealed because it has no subtypes in its containing assembly and is not externally visible (https://learn.microsoft.com/dotnet/fundamentals/code-analysis/quality-rules/ca1852) [E:\vs\Projects\PlatformIndependentNuGetPackages\SunamoHtml\SunamoHtml\SunamoHtml.csproj::TargetFramework=net9.0]
E:\vs\Projects\PlatformIndependentNuGetPackages\SunamoHtml\SunamoHtml\_sunamo\SunamoUri\UH.cs(3,16): warning CA1852: Type 'UH' can be sealed because it has no subtypes in its containing assembly and is not externally visible (https://learn.microsoft.com/dotnet/fundamentals/code-analysis/quality-rules/ca1852) [E:\vs\Projects\PlatformIndependentNuGetPackages\SunamoHtml\SunamoHtml\SunamoHtml.csproj::TargetFramework=net9.0]
E:\vs\Projects\PlatformIndependentNuGetPackages\SunamoHtml\SunamoHtml\_sunamo\SunamoStringSplit\SHSplit.cs(7,16): warning CA1852: Type 'SHSplit' can be sealed because it has no subtypes in its containing assembly and is not externally visible (https://learn.microsoft.com/dotnet/fundamentals/code-analysis/quality-rules/ca1852) [E:\vs\Projects\PlatformIndependentNuGetPackages\SunamoHtml\SunamoHtml\SunamoHtml.csproj::TargetFramework=net9.0]
E:\vs\Projects\PlatformIndependentNuGetPackages\SunamoHtml\SunamoHtml\_sunamo\SunamoCollectionsChangeContent\CAChangeContent.cs(3,16): warning CA1852: Type 'CAChangeContent' can be sealed because it has no subtypes in its containing assembly and is not externally visible (https://learn.microsoft.com/dotnet/fundamentals/code-analysis/quality-rules/ca1852) [E:\vs\Projects\PlatformIndependentNuGetPackages\SunamoHtml\SunamoHtml\SunamoHtml.csproj::TargetFramework=net9.0]
E:\vs\Projects\PlatformIndependentNuGetPackages\SunamoHtml\SunamoHtml\_sunamo\SunamoData\Data\FromToWord.cs(3,16): warning CA1852: Type 'FromToWord' can be sealed because it has no subtypes in its containing assembly and is not externally visible (https://learn.microsoft.com/dotnet/fundamentals/code-analysis/quality-rules/ca1852) [E:\vs\Projects\PlatformIndependentNuGetPackages\SunamoHtml\SunamoHtml\SunamoHtml.csproj::TargetFramework=net9.0]
E:\vs\Projects\PlatformIndependentNuGetPackages\SunamoHtml\SunamoHtml\_sunamo\SunamoStringReplace\SHReplace.cs(3,16): warning CA1852: Type 'SHReplace' can be sealed because it has no subtypes in its containing assembly and is not externally visible (https://learn.microsoft.com/dotnet/fundamentals/code-analysis/quality-rules/ca1852) [E:\vs\Projects\PlatformIndependentNuGetPackages\SunamoHtml\SunamoHtml\SunamoHtml.csproj::TargetFramework=net9.0]
E:\vs\Projects\PlatformIndependentNuGetPackages\SunamoHtml\SunamoHtml\_sunamo\SunamoValues\Constants\DTConstants.cs(7,16): warning CA1852: Type 'DTConstants' can be sealed because it has no subtypes in its containing assembly and is not externally visible (https://learn.microsoft.com/dotnet/fundamentals/code-analysis/quality-rules/ca1852) [E:\vs\Projects\PlatformIndependentNuGetPackages\SunamoHtml\SunamoHtml\SunamoHtml.csproj::TargetFramework=net9.0]
E:\vs\Projects\PlatformIndependentNuGetPackages\SunamoHtml\SunamoHtml\_sunamo\XlfKeys.cs(4,16): warning CA1852: Type 'XlfKeys' can be sealed because it has no subtypes in its containing assembly and is not externally visible (https://learn.microsoft.com/dotnet/fundamentals/code-analysis/quality-rules/ca1852) [E:\vs\Projects\PlatformIndependentNuGetPackages\SunamoHtml\SunamoHtml\SunamoHtml.csproj::TargetFramework=net9.0]
E:\vs\Projects\PlatformIndependentNuGetPackages\SunamoHtml\SunamoHtml\_sunamo\SunamoXml\XH.cs(3,16): warning CA1852: Type 'XH' can be sealed because it has no subtypes in its containing assembly and is not externally visible (https://learn.microsoft.com/dotnet/fundamentals/code-analysis/quality-rules/ca1852) [E:\vs\Projects\PlatformIndependentNuGetPackages\SunamoHtml\SunamoHtml\SunamoHtml.csproj::TargetFramework=net9.0]
E:\vs\Projects\PlatformIndependentNuGetPackages\SunamoHtml\SunamoHtml\_sunamo\SunamoValues\Constants\HtmlTags.cs(6,16): warning CA1852: Type 'HtmlTags' can be sealed because it has no subtypes in its containing assembly and is not externally visible (https://learn.microsoft.com/dotnet/fundamentals/code-analysis/quality-rules/ca1852) [E:\vs\Projects\PlatformIndependentNuGetPackages\SunamoHtml\SunamoHtml\SunamoHtml.csproj::TargetFramework=net9.0]
E:\vs\Projects\PlatformIndependentNuGetPackages\SunamoHtml\SunamoHtml\_sunamo\SunamoExceptions\ThrowEx.cs(4,24): warning CA1852: Type 'ThrowEx' can be sealed because it has no subtypes in its containing assembly and is not externally visible (https://learn.microsoft.com/dotnet/fundamentals/code-analysis/quality-rules/ca1852) [E:\vs\Projects\PlatformIndependentNuGetPackages\SunamoHtml\SunamoHtml\SunamoHtml.csproj::TargetFramework=net9.0]
E:\vs\Projects\PlatformIndependentNuGetPackages\SunamoHtml\SunamoHtml\Html\HtmlDocumentS.cs(58,39): warning CS8604: Possible null reference argument for parameter 'htmlNode' in 'string HtmlDocumentS.InnerHtmlToStringEmpty(HtmlNode htmlNode)'. [E:\vs\Projects\PlatformIndependentNuGetPackages\SunamoHtml\SunamoHtml\SunamoHtml.csproj::TargetFramework=net10.0]
E:\vs\Projects\PlatformIndependentNuGetPackages\SunamoHtml\SunamoHtml\XmlAgilityHelper.cs(19,16): warning CS8603: Possible null reference return. [E:\vs\Projects\PlatformIndependentNuGetPackages\SunamoHtml\SunamoHtml\SunamoHtml.csproj::TargetFramework=net10.0]
E:\vs\Projects\PlatformIndependentNuGetPackages\SunamoHtml\SunamoHtml\Html\HtmlHelperShared.cs(145,16): warning CS8603: Possible null reference return. [E:\vs\Projects\PlatformIndependentNuGetPackages\SunamoHtml\SunamoHtml\SunamoHtml.csproj::TargetFramework=net10.0]
E:\vs\Projects\PlatformIndependentNuGetPackages\SunamoHtml\SunamoHtml\_sunamo\SunamoString\SH.cs(297,16): warning CS8603: Possible null reference return. [E:\vs\Projects\PlatformIndependentNuGetPackages\SunamoHtml\SunamoHtml\SunamoHtml.csproj::TargetFramework=net10.0]
E:\vs\Projects\PlatformIndependentNuGetPackages\SunamoHtml\SunamoHtml\Html\HtmlHelperShared1.cs(295,16): warning CS8603: Possible null reference return. [E:\vs\Projects\PlatformIndependentNuGetPackages\SunamoHtml\SunamoHtml\SunamoHtml.csproj::TargetFramework=net10.0]
E:\vs\Projects\PlatformIndependentNuGetPackages\SunamoHtml\SunamoHtml\Html\HtmlHelperShared2.cs(217,16): warning CS8603: Possible null reference return. [E:\vs\Projects\PlatformIndependentNuGetPackages\SunamoHtml\SunamoHtml\SunamoHtml.csproj::TargetFramework=net10.0]
E:\vs\Projects\PlatformIndependentNuGetPackages\SunamoHtml\SunamoHtml\Html\HtmlHelperShared2.cs(246,16): warning CS8603: Possible null reference return. [E:\vs\Projects\PlatformIndependentNuGetPackages\SunamoHtml\SunamoHtml\SunamoHtml.csproj::TargetFramework=net10.0]
E:\vs\Projects\PlatformIndependentNuGetPackages\SunamoHtml\SunamoHtml\Html\HtmlHelperShared3.cs(34,16): warning CS8603: Possible null reference return. [E:\vs\Projects\PlatformIndependentNuGetPackages\SunamoHtml\SunamoHtml\SunamoHtml.csproj::TargetFramework=net10.0]
E:\vs\Projects\PlatformIndependentNuGetPackages\SunamoHtml\SunamoHtml\_sunamo\SunamoValues\Values\AllLists.cs(12,35): warning CS0649: Field 'AllLists.OstravaCityParts' is never assigned to, and will always have its default value null [E:\vs\Projects\PlatformIndependentNuGetPackages\SunamoHtml\SunamoHtml\SunamoHtml.csproj::TargetFramework=net10.0]
E:\vs\Projects\PlatformIndependentNuGetPackages\SunamoHtml\SunamoHtml\Generators\HtmlGeneratorExtended.cs(21,17): warning CS1591: Missing XML comment for publicly visible type or member 'HtmlGeneratorExtended.DetailAnchor(string, string, string)' [E:\vs\Projects\PlatformIndependentNuGetPackages\SunamoHtml\SunamoHtml\SunamoHtml.csproj::TargetFramework=net10.0]
E:\vs\Projects\PlatformIndependentNuGetPackages\SunamoHtml\SunamoHtml\HtmlAgilityHelper.cs(8,22): warning CA1052: Type 'HtmlAgilityHelper' is a static holder type but is neither static nor NotInheritable (https://learn.microsoft.com/dotnet/fundamentals/code-analysis/quality-rules/ca1052) [E:\vs\Projects\PlatformIndependentNuGetPackages\SunamoHtml\SunamoHtml\SunamoHtml.csproj::TargetFramework=net10.0]
E:\vs\Projects\PlatformIndependentNuGetPackages\SunamoHtml\SunamoHtml\Html\HtmlHelperShared.cs(28,45): warning CA1311: Specify a culture or use an invariant version to avoid implicit dependency on current culture (https://learn.microsoft.com/dotnet/fundamentals/code-analysis/quality-rules/ca1311) [E:\vs\Projects\PlatformIndependentNuGetPackages\SunamoHtml\SunamoHtml\SunamoHtml.csproj::TargetFramework=net10.0]
E:\vs\Projects\PlatformIndependentNuGetPackages\SunamoHtml\SunamoHtml\Html\HtmlHelperShared.cs(34,34): warning CA1845: Use span-based 'string.Concat' and 'AsSpan' instead of 'Substring' (https://learn.microsoft.com/dotnet/fundamentals/code-analysis/quality-rules/ca1845) [E:\vs\Projects\PlatformIndependentNuGetPackages\SunamoHtml\SunamoHtml\SunamoHtml.csproj::TargetFramework=net10.0]
E:\vs\Projects\PlatformIndependentNuGetPackages\SunamoHtml\SunamoHtml\Html\HtmlHelperShared.cs(24,37): warning CA1847: Use 'string.Contains(char)' instead of 'string.Contains(string)' when searching for a single character (https://learn.microsoft.com/dotnet/fundamentals/code-analysis/quality-rules/ca1847) [E:\vs\Projects\PlatformIndependentNuGetPackages\SunamoHtml\SunamoHtml\SunamoHtml.csproj::TargetFramework=net10.0]
E:\vs\Projects\PlatformIndependentNuGetPackages\SunamoHtml\SunamoHtml\Html\HtmlHelperShared.cs(28,19): warning CA1304: The behavior of 'string.ToLower()' could vary based on the current user's locale settings. Replace this call in 'HtmlHelper.ReplaceHtmlNonPairTagsWithXmlValid(string)' with a call to 'string.ToLower(CultureInfo)'. (https://learn.microsoft.com/dotnet/fundamentals/code-analysis/quality-rules/ca1304) [E:\vs\Projects\PlatformIndependentNuGetPackages\SunamoHtml\SunamoHtml\SunamoHtml.csproj::TargetFramework=net10.0]
E:\vs\Projects\PlatformIndependentNuGetPackages\SunamoHtml\SunamoHtml\Html\HtmlHelperShared.cs(22,24): warning CA1307: 'string.Replace(string, string?)' has a method overload that takes a 'StringComparison' parameter. Replace this call in 'SunamoHtml.Html.HtmlHelper.ReplaceHtmlNonPairTagsWithXmlValid(string)' with a call to 'string.Replace(string, string?, System.StringComparison)' for clarity of intent. (https://learn.microsoft.com/dotnet/fundamentals/code-analysis/quality-rules/ca1307) [E:\vs\Projects\PlatformIndependentNuGetPackages\SunamoHtml\SunamoHtml\SunamoHtml.csproj::TargetFramework=net10.0]
E:\vs\Projects\PlatformIndependentNuGetPackages\SunamoHtml\SunamoHtml\Html\HtmlHelperShared.cs(24,17): warning CA1307: 'string.Contains(string)' has a method overload that takes a 'StringComparison' parameter. Replace this call in 'SunamoHtml.Html.HtmlHelper.ReplaceHtmlNonPairTagsWithXmlValid(string)' with a call to 'string.Contains(string, System.StringComparison)' for clarity of intent. (https://learn.microsoft.com/dotnet/fundamentals/code-analysis/quality-rules/ca1307) [E:\vs\Projects\PlatformIndependentNuGetPackages\SunamoHtml\SunamoHtml\SunamoHtml.csproj::TargetFramework=net10.0]
E:\vs\Projects\PlatformIndependentNuGetPackages\SunamoHtml\SunamoHtml\Html\HtmlHelperShared.cs(27,23): warning CA1307: 'string.Replace(string, string?)' has a method overload that takes a 'StringComparison' parameter. Replace this call in 'SunamoHtml.Html.HtmlHelper.ReplaceHtmlNonPairTagsWithXmlValid(string)' with a call to 'string.Replace(string, string?, System.StringComparison)' for clarity of intent. (https://learn.microsoft.com/dotnet/fundamentals/code-analysis/quality-rules/ca1307) [E:\vs\Projects\PlatformIndependentNuGetPackages\SunamoHtml\SunamoHtml\SunamoHtml.csproj::TargetFramework=net10.0]
E:\vs\Projects\PlatformIndependentNuGetPackages\SunamoHtml\SunamoHtml\Html\HtmlHelperShared.cs(27,23): warning CA1307: 'string.Replace(string, string?)' has a method overload that takes a 'StringComparison' parameter. Replace this call in 'SunamoHtml.Html.HtmlHelper.ReplaceHtmlNonPairTagsWithXmlValid(string)' with a call to 'string.Replace(string, string?, System.StringComparison)' for clarity of intent. (https://learn.microsoft.com/dotnet/fundamentals/code-analysis/quality-rules/ca1307) [E:\vs\Projects\PlatformIndependentNuGetPackages\SunamoHtml\SunamoHtml\SunamoHtml.csproj::TargetFramework=net10.0]
E:\vs\Projects\PlatformIndependentNuGetPackages\SunamoHtml\SunamoHtml\Html\HtmlHelperShared.cs(30,22): warning CA1307: 'string.Contains(string)' has a method overload that takes a 'StringComparison' parameter. Replace this call in 'SunamoHtml.Html.HtmlHelper.ReplaceHtmlNonPairTagsWithXmlValid(string)' with a call to 'string.Contains(string, System.StringComparison)' for clarity of intent. (https://learn.microsoft.com/dotnet/fundamentals/code-analysis/quality-rules/ca1307) [E:\vs\Projects\PlatformIndependentNuGetPackages\SunamoHtml\SunamoHtml\SunamoHtml.csproj::TargetFramework=net10.0]
E:\vs\Projects\PlatformIndependentNuGetPackages\SunamoHtml\SunamoHtml\Html\HtmlHelperShared.cs(35,32): warning CA1307: 'string.Replace(string, string?)' has a method overload that takes a 'StringComparison' parameter. Replace this call in 'SunamoHtml.Html.HtmlHelper.ReplaceHtmlNonPairTagsWithXmlValid(string)' with a call to 'string.Replace(string, string?, System.StringComparison)' for clarity of intent. (https://learn.microsoft.com/dotnet/fundamentals/code-analysis/quality-rules/ca1307) [E:\vs\Projects\PlatformIndependentNuGetPackages\SunamoHtml\SunamoHtml\SunamoHtml.csproj::TargetFramework=net10.0]
E:\vs\Projects\PlatformIndependentNuGetPackages\SunamoHtml\SunamoHtml\Html\HtmlHelperShared.cs(49,16): warning CA1307: 'string.Replace(string, string?)' has a method overload that takes a 'StringComparison' parameter. Replace this call in 'SunamoHtml.Html.HtmlHelper.ConvertTextToHtml(string)' with a call to 'string.Replace(string, string?, System.StringComparison)' for clarity of intent. (https://learn.microsoft.com/dotnet/fundamentals/code-analysis/quality-rules/ca1307) [E:\vs\Projects\PlatformIndependentNuGetPackages\SunamoHtml\SunamoHtml\SunamoHtml.csproj::TargetFramework=net10.0]
E:\vs\Projects\PlatformIndependentNuGetPackages\SunamoHtml\SunamoHtml\Html\HtmlHelperShared.cs(50,16): warning CA1307: 'string.Replace(string, string?)' has a method overload that takes a 'StringComparison' parameter. Replace this call in 'SunamoHtml.Html.HtmlHelper.ConvertTextToHtml(string)' with a call to 'string.Replace(string, string?, System.StringComparison)' for clarity of intent. (https://learn.microsoft.com/dotnet/fundamentals/code-analysis/quality-rules/ca1307) [E:\vs\Projects\PlatformIndependentNuGetPackages\SunamoHtml\SunamoHtml\SunamoHtml.csproj::TargetFramework=net10.0]
E:\vs\Projects\PlatformIndependentNuGetPackages\SunamoHtml\SunamoHtml\Html\HtmlHelperShared.cs(61,16): warning CA1062: In externally visible method 'string HtmlHelper.PrepareToAttribute(string text)', validate parameter 'text' is non-null before using it. If appropriate, throw an 'ArgumentNullException' when the argument is 'null'. (https://learn.microsoft.com/dotnet/fundamentals/code-analysis/quality-rules/ca1062) [E:\vs\Projects\PlatformIndependentNuGetPackages\SunamoHtml\SunamoHtml\SunamoHtml.csproj::TargetFramework=net10.0]
E:\vs\Projects\PlatformIndependentNuGetPackages\SunamoHtml\SunamoHtml\Html\HtmlHelperShared.cs(49,16): warning CA1062: In externally visible method 'string HtmlHelper.ConvertTextToHtml(string text)', validate parameter 'text' is non-null before using it. If appropriate, throw an 'ArgumentNullException' when the argument is 'null'. (https://learn.microsoft.com/dotnet/fundamentals/code-analysis/quality-rules/ca1062) [E:\vs\Projects\PlatformIndependentNuGetPackages\SunamoHtml\SunamoHtml\SunamoHtml.csproj::TargetFramework=net10.0]
E:\vs\Projects\PlatformIndependentNuGetPackages\SunamoHtml\SunamoHtml\Html\HtmlTableDivParse.cs(19,45): warning CA1002: Change 'List<HtmlNode>' in 'HtmlTableDivParse.HtmlTableDivParse(List<HtmlNode>, int)' to use 'Collection<T>', 'ReadOnlyCollection<T>' or 'KeyedCollection<K,V>' (https://learn.microsoft.com/dotnet/fundamentals/code-analysis/quality-rules/ca1002) [E:\vs\Projects\PlatformIndependentNuGetPackages\SunamoHtml\SunamoHtml\SunamoHtml.csproj::TargetFramework=net10.0]
E:\vs\Projects\PlatformIndependentNuGetPackages\SunamoHtml\SunamoHtml\Html\HtmlHelperShared.cs(72,16): warning CA1307: 'string.Replace(string, string?)' has a method overload that takes a 'StringComparison' parameter. Replace this call in 'SunamoHtml.Html.HtmlHelper.ReplaceAllFontCase(string)' with a call to 'string.Replace(string, string?, System.StringComparison)' for clarity of intent. (https://learn.microsoft.com/dotnet/fundamentals/code-analysis/quality-rules/ca1307) [E:\vs\Projects\PlatformIndependentNuGetPackages\SunamoHtml\SunamoHtml\SunamoHtml.csproj::TargetFramework=net10.0]
E:\vs\Projects\PlatformIndependentNuGetPackages\SunamoHtml\SunamoHtml\Html\HtmlHelperShared.cs(73,16): warning CA1307: 'string.Replace(string, string?)' has a method overload that takes a 'StringComparison' parameter. Replace this call in 'SunamoHtml.Html.HtmlHelper.ReplaceAllFontCase(string)' with a call to 'string.Replace(string, string?, System.StringComparison)' for clarity of intent. (https://learn.microsoft.com/dotnet/fundamentals/code-analysis/quality-rules/ca1307) [E:\vs\Projects\PlatformIndependentNuGetPackages\SunamoHtml\SunamoHtml\SunamoHtml.csproj::TargetFramework=net10.0]
E:\vs\Projects\PlatformIndependentNuGetPackages\SunamoHtml\SunamoHtml\Html\HtmlHelperShared.cs(74,16): warning CA1307: 'string.Replace(string, string?)' has a method overload that takes a 'StringComparison' parameter. Replace this call in 'SunamoHtml.Html.HtmlHelper.ReplaceAllFontCase(string)' with a call to 'string.Replace(string, string?, System.StringComparison)' for clarity of intent. (https://learn.microsoft.com/dotnet/fundamentals/code-analysis/quality-rules/ca1307) [E:\vs\Projects\PlatformIndependentNuGetPackages\SunamoHtml\SunamoHtml\SunamoHtml.csproj::TargetFramework=net10.0]
E:\vs\Projects\PlatformIndependentNuGetPackages\SunamoHtml\SunamoHtml\Html\HtmlHelperShared.cs(75,16): warning CA1307: 'string.Replace(string, string?)' has a method overload that takes a 'StringComparison' parameter. Replace this call in 'SunamoHtml.Html.HtmlHelper.ReplaceAllFontCase(string)' with a call to 'string.Replace(string, string?, System.StringComparison)' for clarity of intent. (https://learn.microsoft.com/dotnet/fundamentals/code-analysis/quality-rules/ca1307) [E:\vs\Projects\PlatformIndependentNuGetPackages\SunamoHtml\SunamoHtml\SunamoHtml.csproj::TargetFramework=net10.0]
E:\vs\Projects\PlatformIndependentNuGetPackages\SunamoHtml\SunamoHtml\Html\HtmlHelperShared.cs(76,16): warning CA1307: 'string.Replace(string, string?)' has a method overload that takes a 'StringComparison' parameter. Replace this call in 'SunamoHtml.Html.HtmlHelper.ReplaceAllFontCase(string)' with a call to 'string.Replace(string, string?, System.StringComparison)' for clarity of intent. (https://learn.microsoft.com/dotnet/fundamentals/code-analysis/quality-rules/ca1307) [E:\vs\Projects\PlatformIndependentNuGetPackages\SunamoHtml\SunamoHtml\SunamoHtml.csproj::TargetFramework=net10.0]
E:\vs\Projects\PlatformIndependentNuGetPackages\SunamoHtml\SunamoHtml\Html\HtmlHelperShared.cs(77,16): warning CA1307: 'string.Replace(string, string?)' has a method overload that takes a 'StringComparison' parameter. Replace this call in 'SunamoHtml.Html.HtmlHelper.ReplaceAllFontCase(string)' with a call to 'string.Replace(string, string?, System.StringComparison)' for clarity of intent. (https://learn.microsoft.com/dotnet/fundamentals/code-analysis/quality-rules/ca1307) [E:\vs\Projects\PlatformIndependentNuGetPackages\SunamoHtml\SunamoHtml\SunamoHtml.csproj::TargetFramework=net10.0]
E:\vs\Projects\PlatformIndependentNuGetPackages\SunamoHtml\SunamoHtml\Html\HtmlHelperShared.cs(78,16): warning CA1307: 'string.Replace(string, string?)' has a method overload that takes a 'StringComparison' parameter. Replace this call in 'SunamoHtml.Html.HtmlHelper.ReplaceAllFontCase(string)' with a call to 'string.Replace(string, string?, System.StringComparison)' for clarity of intent. (https://learn.microsoft.com/dotnet/fundamentals/code-analysis/quality-rules/ca1307) [E:\vs\Projects\PlatformIndependentNuGetPackages\SunamoHtml\SunamoHtml\SunamoHtml.csproj::TargetFramework=net10.0]
E:\vs\Projects\PlatformIndependentNuGetPackages\SunamoHtml\SunamoHtml\Html\HtmlHelperShared.cs(79,16): warning CA1307: 'string.Replace(string, string?)' has a method overload that takes a 'StringComparison' parameter. Replace this call in 'SunamoHtml.Html.HtmlHelper.ReplaceAllFontCase(string)' with a call to 'string.Replace(string, string?, System.StringComparison)' for clarity of intent. (https://learn.microsoft.com/dotnet/fundamentals/code-analysis/quality-rules/ca1307) [E:\vs\Projects\PlatformIndependentNuGetPackages\SunamoHtml\SunamoHtml\SunamoHtml.csproj::TargetFramework=net10.0]
E:\vs\Projects\PlatformIndependentNuGetPackages\SunamoHtml\SunamoHtml\Html\HtmlHelperShared.cs(80,16): warning CA1307: 'string.Replace(string, string?)' has a method overload that takes a 'StringComparison' parameter. Replace this call in 'SunamoHtml.Html.HtmlHelper.ReplaceAllFontCase(string)' with a call to 'string.Replace(string, string?, System.StringComparison)' for clarity of intent. (https://learn.microsoft.com/dotnet/fundamentals/code-analysis/quality-rules/ca1307) [E:\vs\Projects\PlatformIndependentNuGetPackages\SunamoHtml\SunamoHtml\SunamoHtml.csproj::TargetFramework=net10.0]
E:\vs\Projects\PlatformIndependentNuGetPackages\SunamoHtml\SunamoHtml\Html\HtmlHelperShared.cs(81,16): warning CA1307: 'string.Replace(string, string?)' has a method overload that takes a 'StringComparison' parameter. Replace this call in 'SunamoHtml.Html.HtmlHelper.ReplaceAllFontCase(string)' with a call to 'string.Replace(string, string?, System.StringComparison)' for clarity of intent. (https://learn.microsoft.com/dotnet/fundamentals/code-analysis/quality-rules/ca1307) [E:\vs\Projects\PlatformIndependentNuGetPackages\SunamoHtml\SunamoHtml\SunamoHtml.csproj::TargetFramework=net10.0]
E:\vs\Projects\PlatformIndependentNuGetPackages\SunamoHtml\SunamoHtml\Html\HtmlHelperShared.cs(82,16): warning CA1307: 'string.Replace(string, string?)' has a method overload that takes a 'StringComparison' parameter. Replace this call in 'SunamoHtml.Html.HtmlHelper.ReplaceAllFontCase(string)' with a call to 'string.Replace(string, string?, System.StringComparison)' for clarity of intent. (https://learn.microsoft.com/dotnet/fundamentals/code-analysis/quality-rules/ca1307) [E:\vs\Projects\PlatformIndependentNuGetPackages\SunamoHtml\SunamoHtml\SunamoHtml.csproj::TargetFramework=net10.0]
E:\vs\Projects\PlatformIndependentNuGetPackages\SunamoHtml\SunamoHtml\Html\HtmlHelperShared.cs(72,16): warning CA1062: In externally visible method 'string HtmlHelper.ReplaceAllFontCase(string html)', validate parameter 'html' is non-null before using it. If appropriate, throw an 'ArgumentNullException' when the argument is 'null'. (https://learn.microsoft.com/dotnet/fundamentals/code-analysis/quality-rules/ca1062) [E:\vs\Projects\PlatformIndependentNuGetPackages\SunamoHtml\SunamoHtml\SunamoHtml.csproj::TargetFramework=net10.0]
E:\vs\Projects\PlatformIndependentNuGetPackages\SunamoHtml\SunamoHtml\Html\SecurityHelper.cs(43,25): warning CA1308: In method 'RemoveJsAttributesFromEveryNode', replace the call to 'ToLowerInvariant' with 'ToUpperInvariant' (https://learn.microsoft.com/dotnet/fundamentals/code-analysis/quality-rules/ca1308) [E:\vs\Projects\PlatformIndependentNuGetPackages\SunamoHtml\SunamoHtml\SunamoHtml.csproj::TargetFramework=net10.0]
E:\vs\Projects\PlatformIndependentNuGetPackages\SunamoHtml\SunamoHtml\Html\SecurityHelper.cs(45,30): warning CA1308: In method 'RemoveJsAttributesFromEveryNode', replace the call to 'ToLowerInvariant' with 'ToUpperInvariant' (https://learn.microsoft.com/dotnet/fundamentals/code-analysis/quality-rules/ca1308) [E:\vs\Projects\PlatformIndependentNuGetPackages\SunamoHtml\SunamoHtml\SunamoHtml.csproj::TargetFramework=net10.0]
E:\vs\Projects\PlatformIndependentNuGetPackages\SunamoHtml\SunamoHtml\Html\HtmlHelperShared.cs(93,16): warning CA1307: 'string.Replace(string, string?)' has a method overload that takes a 'StringComparison' parameter. Replace this call in 'SunamoHtml.Html.HtmlHelper.ClearSpaces(string)' with a call to 'string.Replace(string, string?, System.StringComparison)' for clarity of intent. (https://learn.microsoft.com/dotnet/fundamentals/code-analysis/quality-rules/ca1307) [E:\vs\Projects\PlatformIndependentNuGetPackages\SunamoHtml\SunamoHtml\SunamoHtml.csproj::TargetFramework=net10.0]
E:\vs\Projects\PlatformIndependentNuGetPackages\SunamoHtml\SunamoHtml\Html\HtmlHelperShared.cs(93,16): warning CA1307: 'string.Replace(string, string?)' has a method overload that takes a 'StringComparison' parameter. Replace this call in 'SunamoHtml.Html.HtmlHelper.ClearSpaces(string)' with a call to 'string.Replace(string, string?, System.StringComparison)' for clarity of intent. (https://learn.microsoft.com/dotnet/fundamentals/code-analysis/quality-rules/ca1307) [E:\vs\Projects\PlatformIndependentNuGetPackages\SunamoHtml\SunamoHtml\SunamoHtml.csproj::TargetFramework=net10.0]
E:\vs\Projects\PlatformIndependentNuGetPackages\SunamoHtml\SunamoHtml\Html\HtmlHelperShared.cs(93,16): warning CA1062: In externally visible method 'string HtmlHelper.ClearSpaces(string text)', validate parameter 'text' is non-null before using it. If appropriate, throw an 'ArgumentNullException' when the argument is 'null'. (https://learn.microsoft.com/dotnet/fundamentals/code-analysis/quality-rules/ca1062) [E:\vs\Projects\PlatformIndependentNuGetPackages\SunamoHtml\SunamoHtml\SunamoHtml.csproj::TargetFramework=net10.0]
E:\vs\Projects\PlatformIndependentNuGetPackages\SunamoHtml\SunamoHtml\Html\HtmlHelperShared.cs(153,34): warning CA1002: Change 'List<HtmlNode>' in 'HtmlHelper.GetWithoutTextNodes(HtmlNode)' to use 'Collection<T>', 'ReadOnlyCollection<T>' or 'KeyedCollection<K,V>' (https://learn.microsoft.com/dotnet/fundamentals/code-analysis/quality-rules/ca1002) [E:\vs\Projects\PlatformIndependentNuGetPackages\SunamoHtml\SunamoHtml\SunamoHtml.csproj::TargetFramework=net10.0]
E:\vs\Projects\PlatformIndependentNuGetPackages\SunamoHtml\SunamoHtml\Html\HtmlHelperShared.cs(142,44): warning CA1062: In externally visible method 'HtmlNode HtmlHelper.ReturnTagWithAttr(HtmlNode htmlNode, string tag, string attributeName, string value)', validate parameter 'htmlNode' is non-null before using it. If appropriate, throw an 'ArgumentNullException' when the argument is 'null'. (https://learn.microsoft.com/dotnet/fundamentals/code-analysis/quality-rules/ca1062) [E:\vs\Projects\PlatformIndependentNuGetPackages\SunamoHtml\SunamoHtml\SunamoHtml.csproj::TargetFramework=net10.0]
E:\vs\Projects\PlatformIndependentNuGetPackages\SunamoHtml\SunamoHtml\Html\HtmlHelperShared.cs(156,30): warning CA1062: In externally visible method 'List<HtmlNode> HtmlHelper.GetWithoutTextNodes(HtmlNode htmlNode)', validate parameter 'htmlNode' is non-null before using it. If appropriate, throw an 'ArgumentNullException' when the argument is 'null'. (https://learn.microsoft.com/dotnet/fundamentals/code-analysis/quality-rules/ca1062) [E:\vs\Projects\PlatformIndependentNuGetPackages\SunamoHtml\SunamoHtml\SunamoHtml.csproj::TargetFramework=net10.0]
E:\vs\Projects\PlatformIndependentNuGetPackages\SunamoHtml\SunamoHtml\_sunamo\SunamoStringReplace\SHReplace.cs(7,16): warning CA1307: 'string.Replace(string, string?)' has a method overload that takes a 'StringComparison' parameter. Replace this call in 'SunamoHtml._sunamo.SunamoStringReplace.SHReplace.ReplaceWhiteSpacesWithoutSpacesWithReplaceWith(string, string)' with a call to 'string.Replace(string, string?, System.StringComparison)' for clarity of intent. (https://learn.microsoft.com/dotnet/fundamentals/code-analysis/quality-rules/ca1307) [E:\vs\Projects\PlatformIndependentNuGetPackages\SunamoHtml\SunamoHtml\SunamoHtml.csproj::TargetFramework=net10.0]
E:\vs\Projects\PlatformIndependentNuGetPackages\SunamoHtml\SunamoHtml\Html\HtmlHelperShared.cs(210,16): warning CA1307: 'string.Replace(string, string?)' has a method overload that takes a 'StringComparison' parameter. Replace this call in 'SunamoHtml.Html.HtmlHelper.TrimOpenAndEndTags(string, string)' with a call to 'string.Replace(string, string?, System.StringComparison)' for clarity of intent. (https://learn.microsoft.com/dotnet/fundamentals/code-analysis/quality-rules/ca1307) [E:\vs\Projects\PlatformIndependentNuGetPackages\SunamoHtml\SunamoHtml\SunamoHtml.csproj::TargetFramework=net10.0]
E:\vs\Projects\PlatformIndependentNuGetPackages\SunamoHtml\SunamoHtml\_sunamo\SunamoStringReplace\SHReplace.cs(7,16): warning CA1307: 'string.Replace(string, string?)' has a method overload that takes a 'StringComparison' parameter. Replace this call in 'SunamoHtml._sunamo.SunamoStringReplace.SHReplace.ReplaceWhiteSpacesWithoutSpacesWithReplaceWith(string, string)' with a call to 'string.Replace(string, string?, System.StringComparison)' for clarity of intent. (https://learn.microsoft.com/dotnet/fundamentals/code-analysis/quality-rules/ca1307) [E:\vs\Projects\PlatformIndependentNuGetPackages\SunamoHtml\SunamoHtml\SunamoHtml.csproj::TargetFramework=net10.0]
E:\vs\Projects\PlatformIndependentNuGetPackages\SunamoHtml\SunamoHtml\Html\HtmlHelperShared.cs(211,16): warning CA1307: 'string.Replace(string, string?)' has a method overload that takes a 'StringComparison' parameter. Replace this call in 'SunamoHtml.Html.HtmlHelper.TrimOpenAndEndTags(string, string)' with a call to 'string.Replace(string, string?, System.StringComparison)' for clarity of intent. (https://learn.microsoft.com/dotnet/fundamentals/code-analysis/quality-rules/ca1307) [E:\vs\Projects\PlatformIndependentNuGetPackages\SunamoHtml\SunamoHtml\SunamoHtml.csproj::TargetFramework=net10.0]
E:\vs\Projects\PlatformIndependentNuGetPackages\SunamoHtml\SunamoHtml\_sunamo\SunamoStringReplace\SHReplace.cs(7,16): warning CA1307: 'string.Replace(string, string?)' has a method overload that takes a 'StringComparison' parameter. Replace this call in 'SunamoHtml._sunamo.SunamoStringReplace.SHReplace.ReplaceWhiteSpacesWithoutSpacesWithReplaceWith(string, string)' with a call to 'string.Replace(string, string?, System.StringComparison)' for clarity of intent. (https://learn.microsoft.com/dotnet/fundamentals/code-analysis/quality-rules/ca1307) [E:\vs\Projects\PlatformIndependentNuGetPackages\SunamoHtml\SunamoHtml\SunamoHtml.csproj::TargetFramework=net10.0]
E:\vs\Projects\PlatformIndependentNuGetPackages\SunamoHtml\SunamoHtml\_sunamo\SunamoCollectionsChangeContent\CAChangeContent.cs(23,25): warning CA1820: Test for empty strings using 'string.Length' property or 'string.IsNullOrEmpty' method instead of an Equality check (https://learn.microsoft.com/dotnet/fundamentals/code-analysis/quality-rules/ca1820) [E:\vs\Projects\PlatformIndependentNuGetPackages\SunamoHtml\SunamoHtml\SunamoHtml.csproj::TargetFramework=net10.0]
E:\vs\Projects\PlatformIndependentNuGetPackages\SunamoHtml\SunamoHtml\Html\HtmlHelperShared.cs(210,16): warning CA1062: In externally visible method 'string HtmlHelper.TrimOpenAndEndTags(string html, string nameOfTag)', validate parameter 'html' is non-null before using it. If appropriate, throw an 'ArgumentNullException' when the argument is 'null'. (https://learn.microsoft.com/dotnet/fundamentals/code-analysis/quality-rules/ca1062) [E:\vs\Projects\PlatformIndependentNuGetPackages\SunamoHtml\SunamoHtml\SunamoHtml.csproj::TargetFramework=net10.0]
E:\vs\Projects\PlatformIndependentNuGetPackages\SunamoHtml\SunamoHtml\_sunamo\SunamoStringReplace\SHReplace.cs(23,53): warning CA1307: 'string.Replace(string, string?)' has a method overload that takes a 'StringComparison' parameter. Replace this call in 'SunamoHtml._sunamo.SunamoStringReplace.SHReplace.ReplaceAllArray(string, string, params string[])' with a call to 'string.Replace(string, string?, System.StringComparison)' for clarity of intent. (https://learn.microsoft.com/dotnet/fundamentals/code-analysis/quality-rules/ca1307) [E:\vs\Projects\PlatformIndependentNuGetPackages\SunamoHtml\SunamoHtml\SunamoHtml.csproj::TargetFramework=net10.0]
E:\vs\Projects\PlatformIndependentNuGetPackages\SunamoHtml\SunamoHtml\_sunamo\SunamoRegex\RegexHelper.cs(91,39): warning CA1310: The behavior of 'string.StartsWith(string)' could vary based on the current user's locale settings. Replace this call in 'SunamoHtml._sunamo.SunamoRegex.RegexHelper.IsUri(string)' with a call to 'string.StartsWith(string, System.StringComparison)'. (https://learn.microsoft.com/dotnet/fundamentals/code-analysis/quality-rules/ca1310) [E:\vs\Projects\PlatformIndependentNuGetPackages\SunamoHtml\SunamoHtml\SunamoHtml.csproj::TargetFramework=net10.0]
E:\vs\Projects\PlatformIndependentNuGetPackages\SunamoHtml\SunamoHtml\_sunamo\SunamoRegex\RegexHelper.cs(91,69): warning CA1310: The behavior of 'string.StartsWith(string)' could vary based on the current user's locale settings. Replace this call in 'SunamoHtml._sunamo.SunamoRegex.RegexHelper.IsUri(string)' with a call to 'string.StartsWith(string, System.StringComparison)'. (https://learn.microsoft.com/dotnet/fundamentals/code-analysis/quality-rules/ca1310) [E:\vs\Projects\PlatformIndependentNuGetPackages\SunamoHtml\SunamoHtml\SunamoHtml.csproj::TargetFramework=net10.0]
E:\vs\Projects\PlatformIndependentNuGetPackages\SunamoHtml\SunamoHtml\_sunamo\SunamoStringReplace\SHReplace.cs(62,53): warning CA1307: 'string.Replace(string, string?)' has a method overload that takes a 'StringComparison' parameter. Replace this call in 'SunamoHtml._sunamo.SunamoStringReplace.SHReplace.ReplaceAll(string, string, params string[])' with a call to 'string.Replace(string, string?, System.StringComparison)' for clarity of intent. (https://learn.microsoft.com/dotnet/fundamentals/code-analysis/quality-rules/ca1307) [E:\vs\Projects\PlatformIndependentNuGetPackages\SunamoHtml\SunamoHtml\SunamoHtml.csproj::TargetFramework=net10.0]
E:\vs\Projects\PlatformIndependentNuGetPackages\SunamoHtml\SunamoHtml\Html\HtmlHelperShared.cs(35,32): warning CA1062: In externally visible method 'string HtmlHelper.ReplaceHtmlNonPairTagsWithXmlValid(string html)', validate parameter 'html' is non-null before using it. If appropriate, throw an 'ArgumentNullException' when the argument is 'null'. (https://learn.microsoft.com/dotnet/fundamentals/code-analysis/quality-rules/ca1062) [E:\vs\Projects\PlatformIndependentNuGetPackages\SunamoHtml\SunamoHtml\SunamoHtml.csproj::TargetFramework=net10.0]
E:\vs\Projects\PlatformIndependentNuGetPackages\SunamoHtml\SunamoHtml\_sunamo\SunamoStringReplace\SHReplace.cs(33,20): warning CA1307: 'string.Replace(string, string?)' has a method overload that takes a 'StringComparison' parameter. Replace this call in 'SunamoHtml._sunamo.SunamoStringReplace.SHReplace.ReplaceAllDoubleSpaceToSingle(string, bool)' with a call to 'string.Replace(string, string?, System.StringComparison)' for clarity of intent. (https://learn.microsoft.com/dotnet/fundamentals/code-analysis/quality-rules/ca1307) [E:\vs\Projects\PlatformIndependentNuGetPackages\SunamoHtml\SunamoHtml\SunamoHtml.csproj::TargetFramework=net10.0]
E:\vs\Projects\PlatformIndependentNuGetPackages\SunamoHtml\SunamoHtml\_sunamo\SunamoStringReplace\SHReplace.cs(34,20): warning CA1307: 'string.Replace(string, string?)' has a method overload that takes a 'StringComparison' parameter. Replace this call in 'SunamoHtml._sunamo.SunamoStringReplace.SHReplace.ReplaceAllDoubleSpaceToSingle(string, bool)' with a call to 'string.Replace(string, string?, System.StringComparison)' for clarity of intent. (https://learn.microsoft.com/dotnet/fundamentals/code-analysis/quality-rules/ca1307) [E:\vs\Projects\PlatformIndependentNuGetPackages\SunamoHtml\SunamoHtml\SunamoHtml.csproj::TargetFramework=net10.0]
E:\vs\Projects\PlatformIndependentNuGetPackages\SunamoHtml\SunamoHtml\_sunamo\SunamoStringReplace\SHReplace.cs(35,20): warning CA1307: 'string.Replace(string, string?)' has a method overload that takes a 'StringComparison' parameter. Replace this call in 'SunamoHtml._sunamo.SunamoStringReplace.SHReplace.ReplaceAllDoubleSpaceToSingle(string, bool)' with a call to 'string.Replace(string, string?, System.StringComparison)' for clarity of intent. (https://learn.microsoft.com/dotnet/fundamentals/code-analysis/quality-rules/ca1307) [E:\vs\Projects\PlatformIndependentNuGetPackages\SunamoHtml\SunamoHtml\SunamoHtml.csproj::TargetFramework=net10.0]
E:\vs\Projects\PlatformIndependentNuGetPackages\SunamoHtml\SunamoHtml\_sunamo\SunamoStringReplace\SHReplace.cs(38,16): warning CA1307: 'string.Contains(string)' has a method overload that takes a 'StringComparison' parameter. Replace this call in 'SunamoHtml._sunamo.SunamoStringReplace.SHReplace.ReplaceAllDoubleSpaceToSingle(string, bool)' with a call to 'string.Contains(string, System.StringComparison)' for clarity of intent. (https://learn.microsoft.com/dotnet/fundamentals/code-analysis/quality-rules/ca1307) [E:\vs\Projects\PlatformIndependentNuGetPackages\SunamoHtml\SunamoHtml\SunamoHtml.csproj::TargetFramework=net10.0]
E:\vs\Projects\PlatformIndependentNuGetPackages\SunamoHtml\SunamoHtml\_sunamo\SunamoStringReplace\SHReplace.cs(39,20): warning CA1307: 'string.Replace(string, string?)' has a method overload that takes a 'StringComparison' parameter. Replace this call in 'SunamoHtml._sunamo.SunamoStringReplace.SHReplace.ReplaceAllDoubleSpaceToSingle(string, bool)' with a call to 'string.Replace(string, string?, System.StringComparison)' for clarity of intent. (https://learn.microsoft.com/dotnet/fundamentals/code-analysis/quality-rules/ca1307) [E:\vs\Projects\PlatformIndependentNuGetPackages\SunamoHtml\SunamoHtml\SunamoHtml.csproj::TargetFramework=net10.0]
E:\vs\Projects\PlatformIndependentNuGetPackages\SunamoHtml\SunamoHtml\_sunamo\SunamoStringSplit\SHSplit.cs(31,21): warning CA1820: Test for empty strings using 'string.Length' property or 'string.IsNullOrEmpty' method instead of an Equality check (https://learn.microsoft.com/dotnet/fundamentals/code-analysis/quality-rules/ca1820) [E:\vs\Projects\PlatformIndependentNuGetPackages\SunamoHtml\SunamoHtml\SunamoHtml.csproj::TargetFramework=net10.0]
E:\vs\Projects\PlatformIndependentNuGetPackages\SunamoHtml\SunamoHtml\_sunamo\SunamoUri\UH.cs(10,14): warning CA1310: The behavior of 'string.StartsWith(string)' could vary based on the current user's locale settings. Replace this call in 'SunamoHtml._sunamo.SunamoUri.UH.AppendHttpIfNotExists(string)' with a call to 'string.StartsWith(string, System.StringComparison)'. (https://learn.microsoft.com/dotnet/fundamentals/code-analysis/quality-rules/ca1310) [E:\vs\Projects\PlatformIndependentNuGetPackages\SunamoHtml\SunamoHtml\SunamoHtml.csproj::TargetFramework=net10.0]
E:\vs\Projects\PlatformIndependentNuGetPackages\SunamoHtml\SunamoHtml\_sunamo\SunamoValues\Constants\HtmlStartingTags.cs(11,25): warning CA1823: Unused field 'Type' (https://learn.microsoft.com/dotnet/fundamentals/code-analysis/quality-rules/ca1823) [E:\vs\Projects\PlatformIndependentNuGetPackages\SunamoHtml\SunamoHtml\SunamoHtml.csproj::TargetFramework=net10.0]
E:\vs\Projects\PlatformIndependentNuGetPackages\SunamoHtml\SunamoHtml\_sunamo\SunamoValues\Constants\HtmlEndingTags.cs(11,25): warning CA1823: Unused field 'Type' (https://learn.microsoft.com/dotnet/fundamentals/code-analysis/quality-rules/ca1823) [E:\vs\Projects\PlatformIndependentNuGetPackages\SunamoHtml\SunamoHtml\SunamoHtml.csproj::TargetFramework=net10.0]
E:\vs\Projects\PlatformIndependentNuGetPackages\SunamoHtml\SunamoHtml\_sunamo\SunamoExceptions\Exceptions.cs(26,22): warning CA1310: The behavior of 'string.StartsWith(string)' could vary based on the current user's locale settings. Replace this call in 'SunamoHtml._sunamo.SunamoExceptions.Exceptions.PlaceOfException(bool)' with a call to 'string.StartsWith(string, System.StringComparison)'. (https://learn.microsoft.com/dotnet/fundamentals/code-analysis/quality-rules/ca1310) [E:\vs\Projects\PlatformIndependentNuGetPackages\SunamoHtml\SunamoHtml\SunamoHtml.csproj::TargetFramework=net10.0]
E:\vs\Projects\PlatformIndependentNuGetPackages\SunamoHtml\SunamoHtml\_sunamo\SunamoExceptions\Exceptions.cs(31,17): warning CA1310: The behavior of 'string.StartsWith(string)' could vary based on the current user's locale settings. Replace this call in 'SunamoHtml._sunamo.SunamoExceptions.Exceptions.PlaceOfException(bool)' with a call to 'string.StartsWith(string, System.StringComparison)'. (https://learn.microsoft.com/dotnet/fundamentals/code-analysis/quality-rules/ca1310) [E:\vs\Projects\PlatformIndependentNuGetPackages\SunamoHtml\SunamoHtml\SunamoHtml.csproj::TargetFramework=net10.0]
E:\vs\Projects\PlatformIndependentNuGetPackages\SunamoHtml\SunamoHtml\_sunamo\SunamoCollectionsChangeContent\CAChangeContent.cs(52,25): warning CA1820: Test for empty strings using 'string.Length' property or 'string.IsNullOrEmpty' method instead of an Equality check (https://learn.microsoft.com/dotnet/fundamentals/code-analysis/quality-rules/ca1820) [E:\vs\Projects\PlatformIndependentNuGetPackages\SunamoHtml\SunamoHtml\SunamoHtml.csproj::TargetFramework=net10.0]
E:\vs\Projects\PlatformIndependentNuGetPackages\SunamoHtml\SunamoHtml\_sunamo\SunamoString\SH.cs(53,39): warning CA1311: Specify a culture or use an invariant version to avoid implicit dependency on current culture (https://learn.microsoft.com/dotnet/fundamentals/code-analysis/quality-rules/ca1311) [E:\vs\Projects\PlatformIndependentNuGetPackages\SunamoHtml\SunamoHtml\SunamoHtml.csproj::TargetFramework=net10.0]
E:\vs\Projects\PlatformIndependentNuGetPackages\SunamoHtml\SunamoHtml\_sunamo\SunamoString\SH.cs(53,25): warning CA1304: The behavior of 'string.ToLower()' could vary based on the current user's locale settings. Replace this call in 'SH.ReturnOccurencesOfStringFromToWord(string, params string[])' with a call to 'string.ToLower(CultureInfo)'. (https://learn.microsoft.com/dotnet/fundamentals/code-analysis/quality-rules/ca1304) [E:\vs\Projects\PlatformIndependentNuGetPackages\SunamoHtml\SunamoHtml\SunamoHtml.csproj::TargetFramework=net10.0]
E:\vs\Projects\PlatformIndependentNuGetPackages\SunamoHtml\SunamoHtml\_sunamo\SunamoExceptions\Exceptions.cs(44,36): warning CA1861: Prefer 'static readonly' fields over constant array arguments if the called method is called repeatedly and is not mutating the passed array (https://learn.microsoft.com/dotnet/fundamentals/code-analysis/quality-rules/ca1861) [E:\vs\Projects\PlatformIndependentNuGetPackages\SunamoHtml\SunamoHtml\SunamoHtml.csproj::TargetFramework=net10.0]
E:\vs\Projects\PlatformIndependentNuGetPackages\SunamoHtml\SunamoHtml\_sunamo\SunamoValues\Values\AllLists1.cs(6,12): warning CA1810: Initialize all static fields in 'AllLists' when those fields are declared and remove the explicit static constructor (https://learn.microsoft.com/dotnet/fundamentals/code-analysis/quality-rules/ca1810) [E:\vs\Projects\PlatformIndependentNuGetPackages\SunamoHtml\SunamoHtml\SunamoHtml.csproj::TargetFramework=net10.0]
E:\vs\Projects\PlatformIndependentNuGetPackages\SunamoHtml\SunamoHtml\_sunamo\SunamoString\SH.cs(105,30): warning CA1307: 'string.IndexOf(char)' has a method overload that takes a 'StringComparison' parameter. Replace this call in 'SunamoHtml._sunamo.SunamoString.SH.GetFirstPartByLocation(string, char)' with a call to 'string.IndexOf(char, System.StringComparison)' for clarity of intent. (https://learn.microsoft.com/dotnet/fundamentals/code-analysis/quality-rules/ca1307) [E:\vs\Projects\PlatformIndependentNuGetPackages\SunamoHtml\SunamoHtml\SunamoHtml.csproj::TargetFramework=net10.0]
E:\vs\Projects\PlatformIndependentNuGetPackages\SunamoHtml\SunamoHtml\_sunamo\SunamoExceptions\ThrowEx.cs(72,23): warning CA2201: Exception type System.Exception is not sufficiently specific (https://learn.microsoft.com/dotnet/fundamentals/code-analysis/quality-rules/ca2201) [E:\vs\Projects\PlatformIndependentNuGetPackages\SunamoHtml\SunamoHtml\SunamoHtml.csproj::TargetFramework=net10.0]
E:\vs\Projects\PlatformIndependentNuGetPackages\SunamoHtml\SunamoHtml\Html\HtmlHelperShared.cs(225,125): warning CA1002: Change 'List<string>' in 'HtmlHelper.HighlightingWords(string, int, int, List<string>)' to use 'Collection<T>', 'ReadOnlyCollection<T>' or 'KeyedCollection<K,V>' (https://learn.microsoft.com/dotnet/fundamentals/code-analysis/quality-rules/ca1002) [E:\vs\Projects\PlatformIndependentNuGetPackages\SunamoHtml\SunamoHtml\SunamoHtml.csproj::TargetFramework=net10.0]
E:\vs\Projects\PlatformIndependentNuGetPackages\SunamoHtml\SunamoHtml\Html\HtmlHelperShared.cs(228,49): warning CA1311: Specify a culture or use an invariant version to avoid implicit dependency on current culture (https://learn.microsoft.com/dotnet/fundamentals/code-analysis/quality-rules/ca1311) [E:\vs\Projects\PlatformIndependentNuGetPackages\SunamoHtml\SunamoHtml\SunamoHtml.csproj::TargetFramework=net10.0]
E:\vs\Projects\PlatformIndependentNuGetPackages\SunamoHtml\SunamoHtml\Html\HtmlHelperShared.cs(291,42): warning CA1311: Specify a culture or use an invariant version to avoid implicit dependency on current culture (https://learn.microsoft.com/dotnet/fundamentals/code-analysis/quality-rules/ca1311) [E:\vs\Projects\PlatformIndependentNuGetPackages\SunamoHtml\SunamoHtml\SunamoHtml.csproj::TargetFramework=net10.0]
E:\vs\Projects\PlatformIndependentNuGetPackages\SunamoHtml\SunamoHtml\Html\HtmlHelperShared.cs(228,32): warning CA1304: The behavior of 'string.ToLower()' could vary based on the current user's locale settings. Replace this call in 'HtmlHelper.HighlightingWords(string, int, int, List<string>)' with a call to 'string.ToLower(CultureInfo)'. (https://learn.microsoft.com/dotnet/fundamentals/code-analysis/quality-rules/ca1304) [E:\vs\Projects\PlatformIndependentNuGetPackages\SunamoHtml\SunamoHtml\SunamoHtml.csproj::TargetFramework=net10.0]
E:\vs\Projects\PlatformIndependentNuGetPackages\SunamoHtml\SunamoHtml\Html\HtmlHelperShared.cs(291,37): warning CA1304: The behavior of 'string.ToLower()' could vary based on the current user's locale settings. Replace this call in 'HtmlHelper.HighlightingWords(string, int, int, List<string>)' with a call to 'string.ToLower(CultureInfo)'. (https://learn.microsoft.com/dotnet/fundamentals/code-analysis/quality-rules/ca1304) [E:\vs\Projects\PlatformIndependentNuGetPackages\SunamoHtml\SunamoHtml\SunamoHtml.csproj::TargetFramework=net10.0]
E:\vs\Projects\PlatformIndependentNuGetPackages\SunamoHtml\SunamoHtml\_sunamo\SunamoString\SH.cs(201,21): warning CA1820: Test for empty strings using 'string.Length' property or 'string.IsNullOrEmpty' method instead of an Equality check (https://learn.microsoft.com/dotnet/fundamentals/code-analysis/quality-rules/ca1820) [E:\vs\Projects\PlatformIndependentNuGetPackages\SunamoHtml\SunamoHtml\SunamoHtml.csproj::TargetFramework=net10.0]
E:\vs\Projects\PlatformIndependentNuGetPackages\SunamoHtml\SunamoHtml\Html\HtmlHelperText.cs(89,71): warning CA1002: Change 'List<string>' in 'HtmlHelperText.CreateH2FromNumberedList(List<string>)' to use 'Collection<T>', 'ReadOnlyCollection<T>' or 'KeyedCollection<K,V>' (https://learn.microsoft.com/dotnet/fundamentals/code-analysis/quality-rules/ca1002) [E:\vs\Projects\PlatformIndependentNuGetPackages\SunamoHtml\SunamoHtml\SunamoHtml.csproj::TargetFramework=net10.0]
E:\vs\Projects\PlatformIndependentNuGetPackages\SunamoHtml\SunamoHtml\_sunamo\SunamoExceptions\Exceptions.cs(93,18): warning CA1307: 'string.Contains(string)' has a method overload that takes a 'StringComparison' parameter. Replace this call in 'SunamoHtml._sunamo.SunamoExceptions.Exceptions.NotContains(string, string, params string[])' with a call to 'string.Contains(string, System.StringComparison)' for clarity of intent. (https://learn.microsoft.com/dotnet/fundamentals/code-analysis/quality-rules/ca1307) [E:\vs\Projects\PlatformIndependentNuGetPackages\SunamoHtml\SunamoHtml\SunamoHtml.csproj::TargetFramework=net10.0]
E:\vs\Projects\PlatformIndependentNuGetPackages\SunamoHtml\SunamoHtml\Html\HtmlHelperShared1.cs(54,13): warning CA1062: In externally visible method 'HtmlNode HtmlHelper.TrimNode(HtmlNode htmlNode)', validate parameter 'htmlNode' is non-null before using it. If appropriate, throw an 'ArgumentNullException' when the argument is 'null'. (https://learn.microsoft.com/dotnet/fundamentals/code-analysis/quality-rules/ca1062) [E:\vs\Projects\PlatformIndependentNuGetPackages\SunamoHtml\SunamoHtml\SunamoHtml.csproj::TargetFramework=net10.0]
E:\vs\Projects\PlatformIndependentNuGetPackages\SunamoHtml\SunamoHtml\Html\HtmlHelperText.cs(36,49): warning CA1062: In externally visible method 'string HtmlHelperText.InsertMissingEndingTags(string text, string tag)', validate parameter 'text' is non-null before using it. If appropriate, throw an 'ArgumentNullException' when the argument is 'null'. (https://learn.microsoft.com/dotnet/fundamentals/code-analysis/quality-rules/ca1062) [E:\vs\Projects\PlatformIndependentNuGetPackages\SunamoHtml\SunamoHtml\SunamoHtml.csproj::TargetFramework=net10.0]
E:\vs\Projects\PlatformIndependentNuGetPackages\SunamoHtml\SunamoHtml\Html\HtmlHelperSunamoCz.cs(18,16): warning CA1307: 'string.Replace(string, string?)' has a method overload that takes a 'StringComparison' parameter. Replace this call in 'SunamoHtml.Html.HtmlHelperSunamoCz.ConvertTextToHtmlWithAnchors(string, ref string)' with a call to 'string.Replace(string, string?, System.StringComparison)' for clarity of intent. (https://learn.microsoft.com/dotnet/fundamentals/code-analysis/quality-rules/ca1307) [E:\vs\Projects\PlatformIndependentNuGetPackages\SunamoHtml\SunamoHtml\SunamoHtml.csproj::TargetFramework=net10.0]
E:\vs\Projects\PlatformIndependentNuGetPackages\SunamoHtml\SunamoHtml\Html\HtmlHelperSunamoCz.cs(22,16): warning CA1307: 'string.Replace(string, string?)' has a method overload that takes a 'StringComparison' parameter. Replace this call in 'SunamoHtml.Html.HtmlHelperSunamoCz.ConvertTextToHtmlWithAnchors(string, ref string)' with a call to 'string.Replace(string, string?, System.StringComparison)' for clarity of intent. (https://learn.microsoft.com/dotnet/fundamentals/code-analysis/quality-rules/ca1307) [E:\vs\Projects\PlatformIndependentNuGetPackages\SunamoHtml\SunamoHtml\SunamoHtml.csproj::TargetFramework=net10.0]
E:\vs\Projects\PlatformIndependentNuGetPackages\SunamoHtml\SunamoHtml\Html\HtmlHelperSunamoCz.cs(29,17): warning CA1310: The behavior of 'string.StartsWith(string)' could vary based on the current user's locale settings. Replace this call in 'SunamoHtml.Html.HtmlHelperSunamoCz.ConvertTextToHtmlWithAnchors(string, ref string)' with a call to 'string.StartsWith(string, System.StringComparison)'. (https://learn.microsoft.com/dotnet/fundamentals/code-analysis/quality-rules/ca1310) [E:\vs\Projects\PlatformIndependentNuGetPackages\SunamoHtml\SunamoHtml\SunamoHtml.csproj::TargetFramework=net10.0]
E:\vs\Projects\PlatformIndependentNuGetPackages\SunamoHtml\SunamoHtml\Html\HtmlHelperSunamoCz.cs(29,48): warning CA1310: The behavior of 'string.StartsWith(string)' could vary based on the current user's locale settings. Replace this call in 'SunamoHtml.Html.HtmlHelperSunamoCz.ConvertTextToHtmlWithAnchors(string, ref string)' with a call to 'string.StartsWith(string, System.StringComparison)'. (https://learn.microsoft.com/dotnet/fundamentals/code-analysis/quality-rules/ca1310) [E:\vs\Projects\PlatformIndependentNuGetPackages\SunamoHtml\SunamoHtml\SunamoHtml.csproj::TargetFramework=net10.0]
E:\vs\Projects\PlatformIndependentNuGetPackages\SunamoHtml\SunamoHtml\Html\HtmlHelperSunamoCz.cs(29,79): warning CA1310: The behavior of 'string.StartsWith(string)' could vary based on the current user's locale settings. Replace this call in 'SunamoHtml.Html.HtmlHelperSunamoCz.ConvertTextToHtmlWithAnchors(string, ref string)' with a call to 'string.StartsWith(string, System.StringComparison)'. (https://learn.microsoft.com/dotnet/fundamentals/code-analysis/quality-rules/ca1310) [E:\vs\Projects\PlatformIndependentNuGetPackages\SunamoHtml\SunamoHtml\SunamoHtml.csproj::TargetFramework=net10.0]
E:\vs\Projects\PlatformIndependentNuGetPackages\SunamoHtml\SunamoHtml\Html\HtmlHelperText.cs(91,29): warning CA1062: In externally visible method 'IList<string> HtmlHelperText.CreateH2FromNumberedList(List<string> lines)', validate parameter 'lines' is non-null before using it. If appropriate, throw an 'ArgumentNullException' when the argument is 'null'. (https://learn.microsoft.com/dotnet/fundamentals/code-analysis/quality-rules/ca1062) [E:\vs\Projects\PlatformIndependentNuGetPackages\SunamoHtml\SunamoHtml\SunamoHtml.csproj::TargetFramework=net10.0]
E:\vs\Projects\PlatformIndependentNuGetPackages\SunamoHtml\SunamoHtml\_sunamo\SunamoExceptions\Exceptions.cs(63,35): warning CA1823: Unused field 'sbAdditionalInfoInner' (https://learn.microsoft.com/dotnet/fundamentals/code-analysis/quality-rules/ca1823) [E:\vs\Projects\PlatformIndependentNuGetPackages\SunamoHtml\SunamoHtml\SunamoHtml.csproj::TargetFramework=net10.0]
E:\vs\Projects\PlatformIndependentNuGetPackages\SunamoHtml\SunamoHtml\_sunamo\SunamoExceptions\Exceptions.cs(64,35): warning CA1823: Unused field 'sbAdditionalInfo' (https://learn.microsoft.com/dotnet/fundamentals/code-analysis/quality-rules/ca1823) [E:\vs\Projects\PlatformIndependentNuGetPackages\SunamoHtml\SunamoHtml\SunamoHtml.csproj::TargetFramework=net10.0]
E:\vs\Projects\PlatformIndependentNuGetPackages\SunamoHtml\SunamoHtml\Html\HtmlHelperShared1.cs(72,34): warning CA1002: Change 'List<HtmlNode>' in 'HtmlHelper.ReturnTagsRek(HtmlNode, string)' to use 'Collection<T>', 'ReadOnlyCollection<T>' or 'KeyedCollection<K,V>' (https://learn.microsoft.com/dotnet/fundamentals/code-analysis/quality-rules/ca1002) [E:\vs\Projects\PlatformIndependentNuGetPackages\SunamoHtml\SunamoHtml\SunamoHtml.csproj::TargetFramework=net10.0]
E:\vs\Projects\PlatformIndependentNuGetPackages\SunamoHtml\SunamoHtml\_sunamo\SunamoString\SH.cs(263,20): warning CA1845: Use span-based 'string.Concat' and 'AsSpan' instead of 'Substring' (https://learn.microsoft.com/dotnet/fundamentals/code-analysis/quality-rules/ca1845) [E:\vs\Projects\PlatformIndependentNuGetPackages\SunamoHtml\SunamoHtml\SunamoHtml.csproj::TargetFramework=net10.0]
E:\vs\Projects\PlatformIndependentNuGetPackages\SunamoHtml\SunamoHtml\_sunamo\SunamoString\SH.cs(258,21): warning CA1820: Test for empty strings using 'string.Length' property or 'string.IsNullOrEmpty' method instead of an Equality check (https://learn.microsoft.com/dotnet/fundamentals/code-analysis/quality-rules/ca1820) [E:\vs\Projects\PlatformIndependentNuGetPackages\SunamoHtml\SunamoHtml\SunamoHtml.csproj::TargetFramework=net10.0]
E:\vs\Projects\PlatformIndependentNuGetPackages\SunamoHtml\SunamoHtml\Html\HtmlHelperShared1.cs(106,34): warning CA1002: Change 'List<HtmlNode>' in 'HtmlHelper.ReturnTagsWithAttrRek(HtmlNode, string, string, string)' to use 'Collection<T>', 'ReadOnlyCollection<T>' or 'KeyedCollection<K,V>' (https://learn.microsoft.com/dotnet/fundamentals/code-analysis/quality-rules/ca1002) [E:\vs\Projects\PlatformIndependentNuGetPackages\SunamoHtml\SunamoHtml\SunamoHtml.csproj::TargetFramework=net10.0]
E:\vs\Projects\PlatformIndependentNuGetPackages\SunamoHtml\SunamoHtml\_sunamo\SunamoString\SH.cs(278,27): warning CA1310: The behavior of 'string.IndexOf(string)' could vary based on the current user's locale settings. Replace this call in 'SunamoHtml._sunamo.SunamoString.SH.GetToFirst(string, string)' with a call to 'string.IndexOf(string, System.StringComparison)'. (https://learn.microsoft.com/dotnet/fundamentals/code-analysis/quality-rules/ca1310) [E:\vs\Projects\PlatformIndependentNuGetPackages\SunamoHtml\SunamoHtml\SunamoHtml.csproj::TargetFramework=net10.0]
E:\vs\Projects\PlatformIndependentNuGetPackages\SunamoHtml\SunamoHtml\Html\HtmlHelperShared1.cs(75,37): warning CA1062: In externally visible method 'List<HtmlNode> HtmlHelper.ReturnTagsRek(HtmlNode htmlNode, string tagName)', validate parameter 'htmlNode' is non-null before using it. If appropriate, throw an 'ArgumentNullException' when the argument is 'null'. (https://learn.microsoft.com/dotnet/fundamentals/code-analysis/quality-rules/ca1062) [E:\vs\Projects\PlatformIndependentNuGetPackages\SunamoHtml\SunamoHtml\SunamoHtml.csproj::TargetFramework=net10.0]
E:\vs\Projects\PlatformIndependentNuGetPackages\SunamoHtml\SunamoHtml\Html\HtmlHelperShared1.cs(109,45): warning CA1062: In externally visible method 'List<HtmlNode> HtmlHelper.ReturnTagsWithAttrRek(HtmlNode htmlNode, string tagName, string attributeName, string attributeValue)', validate parameter 'htmlNode' is non-null before using it. If appropriate, throw an 'ArgumentNullException' when the argument is 'null'. (https://learn.microsoft.com/dotnet/fundamentals/code-analysis/quality-rules/ca1062) [E:\vs\Projects\PlatformIndependentNuGetPackages\SunamoHtml\SunamoHtml\SunamoHtml.csproj::TargetFramework=net10.0]
E:\vs\Projects\PlatformIndependentNuGetPackages\SunamoHtml\SunamoHtml\Html\HtmlHelperShared1.cs(120,34): warning CA1002: Change 'List<HtmlNode>' in 'HtmlHelper.ReturnAllTags(HtmlNode, params string[])' to use 'Collection<T>', 'ReadOnlyCollection<T>' or 'KeyedCollection<K,V>' (https://learn.microsoft.com/dotnet/fundamentals/code-analysis/quality-rules/ca1002) [E:\vs\Projects\PlatformIndependentNuGetPackages\SunamoHtml\SunamoHtml\SunamoHtml.csproj::TargetFramework=net10.0]
E:\vs\Projects\PlatformIndependentNuGetPackages\SunamoHtml\SunamoHtml\Html\HtmlHelperShared1.cs(132,34): warning CA1002: Change 'List<HtmlNode>' in 'HtmlHelper.TrimTexts(HtmlNodeCollection)' to use 'Collection<T>', 'ReadOnlyCollection<T>' or 'KeyedCollection<K,V>' (https://learn.microsoft.com/dotnet/fundamentals/code-analysis/quality-rules/ca1002) [E:\vs\Projects\PlatformIndependentNuGetPackages\SunamoHtml\SunamoHtml\SunamoHtml.csproj::TargetFramework=net10.0]
E:\vs\Projects\PlatformIndependentNuGetPackages\SunamoHtml\SunamoHtml\Html\HtmlHelperShared1.cs(142,34): warning CA1002: Change 'List<HtmlNode>' in 'HtmlHelper.TrimTexts(List<HtmlNode>)' to use 'Collection<T>', 'ReadOnlyCollection<T>' or 'KeyedCollection<K,V>' (https://learn.microsoft.com/dotnet/fundamentals/code-analysis/quality-rules/ca1002) [E:\vs\Projects\PlatformIndependentNuGetPackages\SunamoHtml\SunamoHtml\SunamoHtml.csproj::TargetFramework=net10.0]
E:\vs\Projects\PlatformIndependentNuGetPackages\SunamoHtml\SunamoHtml\Html\HtmlHelperShared1.cs(142,59): warning CA1002: Change 'List<HtmlNode>' in 'HtmlHelper.TrimTexts(List<HtmlNode>)' to use 'Collection<T>', 'ReadOnlyCollection<T>' or 'KeyedCollection<K,V>' (https://learn.microsoft.com/dotnet/fundamentals/code-analysis/quality-rules/ca1002) [E:\vs\Projects\PlatformIndependentNuGetPackages\SunamoHtml\SunamoHtml\SunamoHtml.csproj::TargetFramework=net10.0]
E:\vs\Projects\PlatformIndependentNuGetPackages\SunamoHtml\SunamoHtml\Html\HtmlHelperShared1.cs(154,34): warning CA1002: Change 'List<HtmlNode>' in 'HtmlHelper.TrimTexts(List<HtmlNode>, bool, [bool])' to use 'Collection<T>', 'ReadOnlyCollection<T>' or 'KeyedCollection<K,V>' (https://learn.microsoft.com/dotnet/fundamentals/code-analysis/quality-rules/ca1002) [E:\vs\Projects\PlatformIndependentNuGetPackages\SunamoHtml\SunamoHtml\SunamoHtml.csproj::TargetFramework=net10.0]
E:\vs\Projects\PlatformIndependentNuGetPackages\SunamoHtml\SunamoHtml\Html\HtmlHelperShared1.cs(154,59): warning CA1002: Change 'List<HtmlNode>' in 'HtmlHelper.TrimTexts(List<HtmlNode>, bool, [bool])' to use 'Collection<T>', 'ReadOnlyCollection<T>' or 'KeyedCollection<K,V>' (https://learn.microsoft.com/dotnet/fundamentals/code-analysis/quality-rules/ca1002) [E:\vs\Projects\PlatformIndependentNuGetPackages\SunamoHtml\SunamoHtml\SunamoHtml.csproj::TargetFramework=net10.0]
E:\vs\Projects\PlatformIndependentNuGetPackages\SunamoHtml\SunamoHtml\_sunamo\SunamoString\SH.cs(314,22): warning CA1310: The behavior of 'string.IndexOf(string, int)' could vary based on the current user's locale settings. Replace this call in 'SunamoHtml._sunamo.SunamoString.SH.GetTextBetween(string, string, string, out int, int, bool)' with a call to 'string.IndexOf(string, int, System.StringComparison)'. (https://learn.microsoft.com/dotnet/fundamentals/code-analysis/quality-rules/ca1310) [E:\vs\Projects\PlatformIndependentNuGetPackages\SunamoHtml\SunamoHtml\SunamoHtml.csproj::TargetFramework=net10.0]
E:\vs\Projects\PlatformIndependentNuGetPackages\SunamoHtml\SunamoHtml\_sunamo\SunamoString\SH.cs(315,27): warning CA1310: The behavior of 'string.IndexOf(string, int)' could vary based on the current user's locale settings. Replace this call in 'SunamoHtml._sunamo.SunamoString.SH.GetTextBetween(string, string, string, out int, int, bool)' with a call to 'string.IndexOf(string, int, System.StringComparison)'. (https://learn.microsoft.com/dotnet/fundamentals/code-analysis/quality-rules/ca1310) [E:\vs\Projects\PlatformIndependentNuGetPackages\SunamoHtml\SunamoHtml\SunamoHtml.csproj::TargetFramework=net10.0]
E:\vs\Projects\PlatformIndependentNuGetPackages\SunamoHtml\SunamoHtml\Html\HtmlTableParser.cs(28,13): warning CA1062: In externally visible method 'HtmlTableParser.HtmlTableParser(HtmlNode html, bool isIgnoreFirstRow)', validate parameter 'html' is non-null before using it. If appropriate, throw an 'ArgumentNullException' when the argument is 'null'. (https://learn.microsoft.com/dotnet/fundamentals/code-analysis/quality-rules/ca1062) [E:\vs\Projects\PlatformIndependentNuGetPackages\SunamoHtml\SunamoHtml\SunamoHtml.csproj::TargetFramework=net10.0]
E:\vs\Projects\PlatformIndependentNuGetPackages\SunamoHtml\SunamoHtml\Html\HtmlHelperShared1.cs(123,50): warning CA1062: In externally visible method 'List<HtmlNode> HtmlHelper.ReturnAllTags(HtmlNode htmlNode, params string[] tagNames)', validate parameter 'tagNames' is non-null before using it. If appropriate, throw an 'ArgumentNullException' when the argument is 'null'. (https://learn.microsoft.com/dotnet/fundamentals/code-analysis/quality-rules/ca1062) [E:\vs\Projects\PlatformIndependentNuGetPackages\SunamoHtml\SunamoHtml\SunamoHtml.csproj::TargetFramework=net10.0]
E:\vs\Projects\PlatformIndependentNuGetPackages\SunamoHtml\SunamoHtml\Html\HtmlHelperShared1.cs(123,40): warning CA1062: In externally visible method 'List<HtmlNode> HtmlHelper.ReturnAllTags(HtmlNode htmlNode, params string[] tagNames)', validate parameter 'htmlNode' is non-null before using it. If appropriate, throw an 'ArgumentNullException' when the argument is 'null'. (https://learn.microsoft.com/dotnet/fundamentals/code-analysis/quality-rules/ca1062) [E:\vs\Projects\PlatformIndependentNuGetPackages\SunamoHtml\SunamoHtml\SunamoHtml.csproj::TargetFramework=net10.0]
E:\vs\Projects\PlatformIndependentNuGetPackages\SunamoHtml\SunamoHtml\Html\HtmlAssistant.cs(265,20): warning CA1308: In method 'RemoveAllAttrs', replace the call to 'ToLowerInvariant' with 'ToUpperInvariant' (https://learn.microsoft.com/dotnet/fundamentals/code-analysis/quality-rules/ca1308) [E:\vs\Projects\PlatformIndependentNuGetPackages\SunamoHtml\SunamoHtml\SunamoHtml.csproj::TargetFramework=net10.0]
E:\vs\Projects\PlatformIndependentNuGetPackages\SunamoHtml\SunamoHtml\Html\HtmlHelperShared1.cs(156,52): warning CA1062: In externally visible method 'List<HtmlNode> HtmlHelper.TrimTexts(List<HtmlNode> nodes, bool isRemoveTextNodes, bool isRemoveComments = false)', validate parameter 'nodes' is non-null before using it. If appropriate, throw an 'ArgumentNullException' when the argument is 'null'. (https://learn.microsoft.com/dotnet/fundamentals/code-analysis/quality-rules/ca1062) [E:\vs\Projects\PlatformIndependentNuGetPackages\SunamoHtml\SunamoHtml\SunamoHtml.csproj::TargetFramework=net10.0]
E:\vs\Projects\PlatformIndependentNuGetPackages\SunamoHtml\SunamoHtml\Html\HtmlHelperText.cs(133,29): warning CA1829: Use the "Count" property instead of Enumerable.Count() (https://learn.microsoft.com/dotnet/fundamentals/code-analysis/quality-rules/ca1829) [E:\vs\Projects\PlatformIndependentNuGetPackages\SunamoHtml\SunamoHtml\SunamoHtml.csproj::TargetFramework=net10.0]
E:\vs\Projects\PlatformIndependentNuGetPackages\SunamoHtml\SunamoHtml\_public\SunamoXml\Generators\XmlGeneratorHtml.cs(286,29): warning CA1829: Use the "Length" property instead of Enumerable.Count() (https://learn.microsoft.com/dotnet/fundamentals/code-analysis/quality-rules/ca1829) [E:\vs\Projects\PlatformIndependentNuGetPackages\SunamoHtml\SunamoHtml\SunamoHtml.csproj::TargetFramework=net10.0]
E:\vs\Projects\PlatformIndependentNuGetPackages\SunamoHtml\SunamoHtml\HtmlAgilityHelper.cs(248,71): warning CA1002: Change 'List<string>' in 'HtmlAgilityHelper.InsertGroup(HtmlNode, List<string>)' to use 'Collection<T>', 'ReadOnlyCollection<T>' or 'KeyedCollection<K,V>' (https://learn.microsoft.com/dotnet/fundamentals/code-analysis/quality-rules/ca1002) [E:\vs\Projects\PlatformIndependentNuGetPackages\SunamoHtml\SunamoHtml\SunamoHtml.csproj::TargetFramework=net10.0]
E:\vs\Projects\PlatformIndependentNuGetPackages\SunamoHtml\SunamoHtml\Html\HtmlHelperText.cs(160,29): warning CA1866: Use 'string.EndsWith(char)' instead of 'string.EndsWith(string)' when you have a string with a single char (https://learn.microsoft.com/dotnet/fundamentals/code-analysis/quality-rules/ca1866) [E:\vs\Projects\PlatformIndependentNuGetPackages\SunamoHtml\SunamoHtml\SunamoHtml.csproj::TargetFramework=net10.0]
E:\vs\Projects\PlatformIndependentNuGetPackages\SunamoHtml\SunamoHtml\Html\HtmlHelperShared1.cs(276,24): warning CA1307: 'string.Contains(string)' has a method overload that takes a 'StringComparison' parameter. Replace this call in 'SunamoHtml.Html.HtmlHelper.HasTagAttr(HtmlAgilityPack.HtmlNode, string, string, bool)' with a call to 'string.Contains(string, System.StringComparison)' for clarity of intent. (https://learn.microsoft.com/dotnet/fundamentals/code-analysis/quality-rules/ca1307) [E:\vs\Projects\PlatformIndependentNuGetPackages\SunamoHtml\SunamoHtml\SunamoHtml.csproj::TargetFramework=net10.0]
E:\vs\Projects\PlatformIndependentNuGetPackages\SunamoHtml\SunamoHtml\Html\HtmlHelperText.cs(160,13): warning CA1310: The behavior of 'string.EndsWith(string)' could vary based on the current user's locale settings. Replace this call in 'SunamoHtml.Html.HtmlHelperText.GetTextBetweenTags(string, string, string, bool)' with a call to 'string.EndsWith(string, System.StringComparison)'. (https://learn.microsoft.com/dotnet/fundamentals/code-analysis/quality-rules/ca1310) [E:\vs\Projects\PlatformIndependentNuGetPackages\SunamoHtml\SunamoHtml\SunamoHtml.csproj::TargetFramework=net10.0]
E:\vs\Projects\PlatformIndependentNuGetPackages\SunamoHtml\SunamoHtml\Html\HtmlHelperText.cs(163,18): warning CA1310: The behavior of 'string.IndexOf(string)' could vary based on the current user's locale settings. Replace this call in 'SunamoHtml.Html.HtmlHelperText.GetTextBetweenTags(string, string, string, bool)' with a call to 'string.IndexOf(string, System.StringComparison)'. (https://learn.microsoft.com/dotnet/fundamentals/code-analysis/quality-rules/ca1310) [E:\vs\Projects\PlatformIndependentNuGetPackages\SunamoHtml\SunamoHtml\SunamoHtml.csproj::TargetFramework=net10.0]
E:\vs\Projects\PlatformIndependentNuGetPackages\SunamoHtml\SunamoHtml\Html\HtmlHelperText.cs(168,23): warning CA1310: The behavior of 'string.IndexOf(string, int)' could vary based on the current user's locale settings. Replace this call in 'SunamoHtml.Html.HtmlHelperText.GetTextBetweenTags(string, string, string, bool)' with a call to 'string.IndexOf(string, int, System.StringComparison)'. (https://learn.microsoft.com/dotnet/fundamentals/code-analysis/quality-rules/ca1310) [E:\vs\Projects\PlatformIndependentNuGetPackages\SunamoHtml\SunamoHtml\SunamoHtml.csproj::TargetFramework=net10.0]
E:\vs\Projects\PlatformIndependentNuGetPackages\SunamoHtml\SunamoHtml\Html\HtmlHelperSunamoCz.cs(109,17): warning CA1310: The behavior of 'string.StartsWith(string)' could vary based on the current user's locale settings. Replace this call in 'SunamoHtml.Html.HtmlHelperSunamoCz.ConvertTextToHtmlWithAnchors(string)' with a call to 'string.StartsWith(string, System.StringComparison)'. (https://learn.microsoft.com/dotnet/fundamentals/code-analysis/quality-rules/ca1310) [E:\vs\Projects\PlatformIndependentNuGetPackages\SunamoHtml\SunamoHtml\SunamoHtml.csproj::TargetFramework=net10.0]
E:\vs\Projects\PlatformIndependentNuGetPackages\SunamoHtml\SunamoHtml\Html\HtmlHelperSunamoCz.cs(109,50): warning CA1310: The behavior of 'string.StartsWith(string)' could vary based on the current user's locale settings. Replace this call in 'SunamoHtml.Html.HtmlHelperSunamoCz.ConvertTextToHtmlWithAnchors(string)' with a call to 'string.StartsWith(string, System.StringComparison)'. (https://learn.microsoft.com/dotnet/fundamentals/code-analysis/quality-rules/ca1310) [E:\vs\Projects\PlatformIndependentNuGetPackages\SunamoHtml\SunamoHtml\SunamoHtml.csproj::TargetFramework=net10.0]
E:\vs\Projects\PlatformIndependentNuGetPackages\SunamoHtml\SunamoHtml\Html\HtmlHelperText.cs(190,32): warning CA1002: Change 'List<string>' in 'HtmlHelperText.GetAllTags(string)' to use 'Collection<T>', 'ReadOnlyCollection<T>' or 'KeyedCollection<K,V>' (https://learn.microsoft.com/dotnet/fundamentals/code-analysis/quality-rules/ca1002) [E:\vs\Projects\PlatformIndependentNuGetPackages\SunamoHtml\SunamoHtml\SunamoHtml.csproj::TargetFramework=net10.0]
E:\vs\Projects\PlatformIndependentNuGetPackages\SunamoHtml\SunamoHtml\_public\SunamoXml\Generators\XmlGeneratorHtml.cs(286,72): warning CA1062: In externally visible method 'void XmlGeneratorHtml.WriteTagNamespaceManager(string tagName, XmlNamespaceManager namespaceManager, params string[] attributes)', validate parameter 'attributes' is non-null before using it. If appropriate, throw an 'ArgumentNullException' when the argument is 'null'. (https://learn.microsoft.com/dotnet/fundamentals/code-analysis/quality-rules/ca1062) [E:\vs\Projects\PlatformIndependentNuGetPackages\SunamoHtml\SunamoHtml\SunamoHtml.csproj::TargetFramework=net10.0]
E:\vs\Projects\PlatformIndependentNuGetPackages\SunamoHtml\SunamoHtml\HtmlAgilityHelper.cs(295,34): warning CA1002: Change 'List<HtmlNode>' in 'HtmlAgilityHelper.TrimTexts(HtmlNodeCollection)' to use 'Collection<T>', 'ReadOnlyCollection<T>' or 'KeyedCollection<K,V>' (https://learn.microsoft.com/dotnet/fundamentals/code-analysis/quality-rules/ca1002) [E:\vs\Projects\PlatformIndependentNuGetPackages\SunamoHtml\SunamoHtml\SunamoHtml.csproj::TargetFramework=net10.0]
E:\vs\Projects\PlatformIndependentNuGetPackages\SunamoHtml\SunamoHtml\Html\HtmlHelperShared1.cs(292,30): warning CA1062: In externally visible method 'HtmlNode HtmlHelper.ReturnTag(HtmlNode htmlNode, string tagName)', validate parameter 'htmlNode' is non-null before using it. If appropriate, throw an 'ArgumentNullException' when the argument is 'null'. (https://learn.microsoft.com/dotnet/fundamentals/code-analysis/quality-rules/ca1062) [E:\vs\Projects\PlatformIndependentNuGetPackages\SunamoHtml\SunamoHtml\SunamoHtml.csproj::TargetFramework=net10.0]
E:\vs\Projects\PlatformIndependentNuGetPackages\SunamoHtml\SunamoHtml\Html\HtmlHelperText.cs(160,13): warning CA1062: In externally visible method 'Tuple<string, string> HtmlHelperText.GetTextBetweenTags(string html, string scriptS, string scriptE, bool isThrowExceptionIfNotContains = true)', validate parameter 'scriptS' is non-null before using it. If appropriate, throw an 'ArgumentNullException' when the argument is 'null'. (https://learn.microsoft.com/dotnet/fundamentals/code-analysis/quality-rules/ca1062) [E:\vs\Projects\PlatformIndependentNuGetPackages\SunamoHtml\SunamoHtml\SunamoHtml.csproj::TargetFramework=net10.0]
E:\vs\Projects\PlatformIndependentNuGetPackages\SunamoHtml\SunamoHtml\Html\HtmlHelperText.cs(163,18): warning CA1062: In externally visible method 'Tuple<string, string> HtmlHelperText.GetTextBetweenTags(string html, string scriptS, string scriptE, bool isThrowExceptionIfNotContains = true)', validate parameter 'html' is non-null before using it. If appropriate, throw an 'ArgumentNullException' when the argument is 'null'. (https://learn.microsoft.com/dotnet/fundamentals/code-analysis/quality-rules/ca1062) [E:\vs\Projects\PlatformIndependentNuGetPackages\SunamoHtml\SunamoHtml\SunamoHtml.csproj::TargetFramework=net10.0]
E:\vs\Projects\PlatformIndependentNuGetPackages\SunamoHtml\SunamoHtml\_public\SunamoXml\Generators\XmlGeneratorHtml.cs(311,30): warning CA1834: Use 'StringBuilder.Append(char)' instead of 'StringBuilder.Append(string)' when the input is a constant unit string (https://learn.microsoft.com/dotnet/fundamentals/code-analysis/quality-rules/ca1834) [E:\vs\Projects\PlatformIndependentNuGetPackages\SunamoHtml\SunamoHtml\SunamoHtml.csproj::TargetFramework=net10.0]
E:\vs\Projects\PlatformIndependentNuGetPackages\SunamoHtml\SunamoHtml\Html\HtmlAssistant.cs(356,28): warning CA1847: Use 'string.Contains(char)' instead of 'string.Contains(string)' when searching for a single character (https://learn.microsoft.com/dotnet/fundamentals/code-analysis/quality-rules/ca1847) [E:\vs\Projects\PlatformIndependentNuGetPackages\SunamoHtml\SunamoHtml\SunamoHtml.csproj::TargetFramework=net10.0]
E:\vs\Projects\PlatformIndependentNuGetPackages\SunamoHtml\SunamoHtml\Html\HtmlAssistant.cs(356,14): warning CA1307: 'string.Contains(string)' has a method overload that takes a 'StringComparison' parameter. Replace this call in 'SunamoHtml.Html.HtmlAssistant.GetAttributesPairs(string)' with a call to 'string.Contains(string, System.StringComparison)' for clarity of intent. (https://learn.microsoft.com/dotnet/fundamentals/code-analysis/quality-rules/ca1307) [E:\vs\Projects\PlatformIndependentNuGetPackages\SunamoHtml\SunamoHtml\SunamoHtml.csproj::TargetFramework=net10.0]
E:\vs\Projects\PlatformIndependentNuGetPackages\SunamoHtml\SunamoHtml\HtmlAgilityHelper.cs(300,30): warning CA1062: In externally visible method 'List<HtmlNode> HtmlAgilityHelper.TrimTexts(HtmlNodeCollection htmlNodeCollection)', validate parameter 'htmlNodeCollection' is non-null before using it. If appropriate, throw an 'ArgumentNullException' when the argument is 'null'. (https://learn.microsoft.com/dotnet/fundamentals/code-analysis/quality-rules/ca1062) [E:\vs\Projects\PlatformIndependentNuGetPackages\SunamoHtml\SunamoHtml\SunamoHtml.csproj::TargetFramework=net10.0]
E:\vs\Projects\PlatformIndependentNuGetPackages\SunamoHtml\SunamoHtml\Html\HtmlHelperText.cs(227,62): warning CA1002: Change 'List<string>' in 'HtmlHelperText.ContainsTag(string, List<string>)' to use 'Collection<T>', 'ReadOnlyCollection<T>' or 'KeyedCollection<K,V>' (https://learn.microsoft.com/dotnet/fundamentals/code-analysis/quality-rules/ca1002) [E:\vs\Projects\PlatformIndependentNuGetPackages\SunamoHtml\SunamoHtml\SunamoHtml.csproj::TargetFramework=net10.0]
E:\vs\Projects\PlatformIndependentNuGetPackages\SunamoHtml\SunamoHtml\Html\HtmlHelperText.cs(230,17): warning CA1307: 'string.Contains(string)' has a method overload that takes a 'StringComparison' parameter. Replace this call in 'SunamoHtml.Html.HtmlHelperText.ContainsTag(string, System.Collections.Generic.List<string>)' with a call to 'string.Contains(string, System.StringComparison)' for clarity of intent. (https://learn.microsoft.com/dotnet/fundamentals/code-analysis/quality-rules/ca1307) [E:\vs\Projects\PlatformIndependentNuGetPackages\SunamoHtml\SunamoHtml\SunamoHtml.csproj::TargetFramework=net10.0]
E:\vs\Projects\PlatformIndependentNuGetPackages\SunamoHtml\SunamoHtml\_public\SunamoXml\Generators\XmlGeneratorHtml.cs(337,30): warning CA1834: Use 'StringBuilder.Append(char)' instead of 'StringBuilder.Append(string)' when the input is a constant unit string (https://learn.microsoft.com/dotnet/fundamentals/code-analysis/quality-rules/ca1834) [E:\vs\Projects\PlatformIndependentNuGetPackages\SunamoHtml\SunamoHtml\SunamoHtml.csproj::TargetFramework=net10.0]
E:\vs\Projects\PlatformIndependentNuGetPackages\SunamoHtml\SunamoHtml\Html\HtmlAssistant.cs(300,75): warning CA1062: In externally visible method 'string HtmlAssistant.InnerTextDecodeTrim(string result)', validate parameter 'result' is non-null before using it. If appropriate, throw an 'ArgumentNullException' when the argument is 'null'. (https://learn.microsoft.com/dotnet/fundamentals/code-analysis/quality-rules/ca1062) [E:\vs\Projects\PlatformIndependentNuGetPackages\SunamoHtml\SunamoHtml\SunamoHtml.csproj::TargetFramework=net10.0]
E:\vs\Projects\PlatformIndependentNuGetPackages\SunamoHtml\SunamoHtml\Html\HtmlHelperText.cs(245,54): warning CA1311: Specify a culture or use an invariant version to avoid implicit dependency on current culture (https://learn.microsoft.com/dotnet/fundamentals/code-analysis/quality-rules/ca1311) [E:\vs\Projects\PlatformIndependentNuGetPackages\SunamoHtml\SunamoHtml\SunamoHtml.csproj::TargetFramework=net10.0]
E:\vs\Projects\PlatformIndependentNuGetPackages\SunamoHtml\SunamoHtml\Html\HtmlHelperText.cs(245,15): warning CA1304: The behavior of 'string.ToLower()' could vary based on the current user's locale settings. Replace this call in 'HtmlHelperText.GetSyntax(ref string)' with a call to 'string.ToLower(CultureInfo)'. (https://learn.microsoft.com/dotnet/fundamentals/code-analysis/quality-rules/ca1304) [E:\vs\Projects\PlatformIndependentNuGetPackages\SunamoHtml\SunamoHtml\SunamoHtml.csproj::TargetFramework=net10.0]
E:\vs\Projects\PlatformIndependentNuGetPackages\SunamoHtml\SunamoHtml\Html\HtmlHelperText.cs(229,30): warning CA1062: In externally visible method 'bool HtmlHelperText.ContainsTag(string text, List<string> allHtmlTagsWithLeftArrow)', validate parameter 'allHtmlTagsWithLeftArrow' is non-null before using it. If appropriate, throw an 'ArgumentNullException' when the argument is 'null'. (https://learn.microsoft.com/dotnet/fundamentals/code-analysis/quality-rules/ca1062) [E:\vs\Projects\PlatformIndependentNuGetPackages\SunamoHtml\SunamoHtml\SunamoHtml.csproj::TargetFramework=net10.0]
E:\vs\Projects\PlatformIndependentNuGetPackages\SunamoHtml\SunamoHtml\Html\HtmlHelperText.cs(230,17): warning CA1062: In externally visible method 'bool HtmlHelperText.ContainsTag(string text, List<string> allHtmlTagsWithLeftArrow)', validate parameter 'text' is non-null before using it. If appropriate, throw an 'ArgumentNullException' when the argument is 'null'. (https://learn.microsoft.com/dotnet/fundamentals/code-analysis/quality-rules/ca1062) [E:\vs\Projects\PlatformIndependentNuGetPackages\SunamoHtml\SunamoHtml\SunamoHtml.csproj::TargetFramework=net10.0]
E:\vs\Projects\PlatformIndependentNuGetPackages\SunamoHtml\SunamoHtml\_public\SunamoXml\Generators\XmlGeneratorHtml.cs(301,29): warning CA1062: In externally visible method 'void XmlGeneratorHtml.WriteNonPairTagWithAttrs(bool isAppendNull, string tagName, params string[] attributes)', validate parameter 'attributes' is non-null before using it. If appropriate, throw an 'ArgumentNullException' when the argument is 'null'. (https://learn.microsoft.com/dotnet/fundamentals/code-analysis/quality-rules/ca1062) [E:\vs\Projects\PlatformIndependentNuGetPackages\SunamoHtml\SunamoHtml\SunamoHtml.csproj::TargetFramework=net10.0]
E:\vs\Projects\PlatformIndependentNuGetPackages\SunamoHtml\SunamoHtml\Html\HtmlHelperText.cs(274,32): warning CA1002: Change 'List<string>' in 'HtmlHelperText.SplitBySpaceAndLtGt(string)' to use 'Collection<T>', 'ReadOnlyCollection<T>' or 'KeyedCollection<K,V>' (https://learn.microsoft.com/dotnet/fundamentals/code-analysis/quality-rules/ca1002) [E:\vs\Projects\PlatformIndependentNuGetPackages\SunamoHtml\SunamoHtml\SunamoHtml.csproj::TargetFramework=net10.0]
E:\vs\Projects\PlatformIndependentNuGetPackages\SunamoHtml\SunamoHtml\Html\HtmlHelperText.cs(287,16): warning CA1062: In externally visible method 'bool HtmlHelperText.IsHtmlEntity(string text)', validate parameter 'text' is non-null before using it. If appropriate, throw an 'ArgumentNullException' when the argument is 'null'. (https://learn.microsoft.com/dotnet/fundamentals/code-analysis/quality-rules/ca1062) [E:\vs\Projects\PlatformIndependentNuGetPackages\SunamoHtml\SunamoHtml\SunamoHtml.csproj::TargetFramework=net10.0]
E:\vs\Projects\PlatformIndependentNuGetPackages\SunamoHtml\SunamoHtml\Html\HtmlAssistant.cs(356,14): warning CA1062: In externally visible method 'Dictionary<string, string> HtmlAssistant.GetAttributesPairs(string text)', validate parameter 'text' is non-null before using it. If appropriate, throw an 'ArgumentNullException' when the argument is 'null'. (https://learn.microsoft.com/dotnet/fundamentals/code-analysis/quality-rules/ca1062) [E:\vs\Projects\PlatformIndependentNuGetPackages\SunamoHtml\SunamoHtml\SunamoHtml.csproj::TargetFramework=net10.0]
E:\vs\Projects\PlatformIndependentNuGetPackages\SunamoHtml\SunamoHtml\Html\HtmlHelperText.cs(276,31): warning CA1062: In externally visible method 'List<string> HtmlHelperText.SplitBySpaceAndLtGt(string shortDescription)', validate parameter 'shortDescription' is non-null before using it. If appropriate, throw an 'ArgumentNullException' when the argument is 'null'. (https://learn.microsoft.com/dotnet/fundamentals/code-analysis/quality-rules/ca1062) [E:\vs\Projects\PlatformIndependentNuGetPackages\SunamoHtml\SunamoHtml\SunamoHtml.csproj::TargetFramework=net10.0]
E:\vs\Projects\PlatformIndependentNuGetPackages\SunamoHtml\SunamoHtml\Html\HtmlHelperShared1.cs(307,29): warning CA1062: In externally visible method 'void HtmlHelper.ReplaceChildNodeByOuterHtml(HtmlNode htmlNode, string oldOuterHtml, HtmlNode newNode)', validate parameter 'htmlNode' is non-null before using it. If appropriate, throw an 'ArgumentNullException' when the argument is 'null'. (https://learn.microsoft.com/dotnet/fundamentals/code-analysis/quality-rules/ca1062) [E:\vs\Projects\PlatformIndependentNuGetPackages\SunamoHtml\SunamoHtml\SunamoHtml.csproj::TargetFramework=net10.0]
E:\vs\Projects\PlatformIndependentNuGetPackages\SunamoHtml\SunamoHtml\HtmlAgilityHelper.cs(347,34): warning CA1002: Change 'List<HtmlNode>' in 'HtmlAgilityHelper.TrimTexts(List<HtmlNode>)' to use 'Collection<T>', 'ReadOnlyCollection<T>' or 'KeyedCollection<K,V>' (https://learn.microsoft.com/dotnet/fundamentals/code-analysis/quality-rules/ca1002) [E:\vs\Projects\PlatformIndependentNuGetPackages\SunamoHtml\SunamoHtml\SunamoHtml.csproj::TargetFramework=net10.0]
E:\vs\Projects\PlatformIndependentNuGetPackages\SunamoHtml\SunamoHtml\HtmlAgilityHelper.cs(347,59): warning CA1002: Change 'List<HtmlNode>' in 'HtmlAgilityHelper.TrimTexts(List<HtmlNode>)' to use 'Collection<T>', 'ReadOnlyCollection<T>' or 'KeyedCollection<K,V>' (https://learn.microsoft.com/dotnet/fundamentals/code-analysis/quality-rules/ca1002) [E:\vs\Projects\PlatformIndependentNuGetPackages\SunamoHtml\SunamoHtml\SunamoHtml.csproj::TargetFramework=net10.0]
E:\vs\Projects\PlatformIndependentNuGetPackages\SunamoHtml\SunamoHtml\Html\HtmlHelperShared2.cs(19,123): warning CA1307: 'string.Replace(string, string?)' has a method overload that takes a 'StringComparison' parameter. Replace this call in 'SunamoHtml.Html.HtmlHelper.ToXmlFinal(string)' with a call to 'string.Replace(string, string?, System.StringComparison)' for clarity of intent. (https://learn.microsoft.com/dotnet/fundamentals/code-analysis/quality-rules/ca1307) [E:\vs\Projects\PlatformIndependentNuGetPackages\SunamoHtml\SunamoHtml\SunamoHtml.csproj::TargetFramework=net10.0]
E:\vs\Projects\PlatformIndependentNuGetPackages\SunamoHtml\SunamoHtml\Html\HtmlHelperShared2.cs(26,68): warning CA1002: Change 'List<HtmlNode>' in 'HtmlHelper.DeleteAttributesFromAllNodes(List<HtmlNode>)' to use 'Collection<T>', 'ReadOnlyCollection<T>' or 'KeyedCollection<K,V>' (https://learn.microsoft.com/dotnet/fundamentals/code-analysis/quality-rules/ca1002) [E:\vs\Projects\PlatformIndependentNuGetPackages\SunamoHtml\SunamoHtml\SunamoHtml.csproj::TargetFramework=net10.0]
E:\vs\Projects\PlatformIndependentNuGetPackages\SunamoHtml\SunamoHtml\Html\HtmlHelperShared2.cs(19,123): warning CA1307: 'string.Replace(string, string?)' has a method overload that takes a 'StringComparison' parameter. Replace this call in 'SunamoHtml.Html.HtmlHelper.ToXmlFinal(string)' with a call to 'string.Replace(string, string?, System.StringComparison)' for clarity of intent. (https://learn.microsoft.com/dotnet/fundamentals/code-analysis/quality-rules/ca1307) [E:\vs\Projects\PlatformIndependentNuGetPackages\SunamoHtml\SunamoHtml\SunamoHtml.csproj::TargetFramework=net10.0]
E:\vs\Projects\PlatformIndependentNuGetPackages\SunamoHtml\SunamoHtml\Html\HtmlHelperShared2.cs(19,123): warning CA1307: 'string.Replace(string, string?)' has a method overload that takes a 'StringComparison' parameter. Replace this call in 'SunamoHtml.Html.HtmlHelper.ToXmlFinal(string)' with a call to 'string.Replace(string, string?, System.StringComparison)' for clarity of intent. (https://learn.microsoft.com/dotnet/fundamentals/code-analysis/quality-rules/ca1307) [E:\vs\Projects\PlatformIndependentNuGetPackages\SunamoHtml\SunamoHtml\SunamoHtml.csproj::TargetFramework=net10.0]
E:\vs\Projects\PlatformIndependentNuGetPackages\SunamoHtml\SunamoHtml\Generators\HtmlGenerator21.cs(22,143): warning CA1002: Change 'List<string>' in 'HtmlGenerator2.TopListWithImages(HtmlGenerator, int, int, string, List<string>, List<string>, List<string>, List<string>, List<string>, string)' to use 'Collection<T>', 'ReadOnlyCollection<T>' or 'KeyedCollection<K,V>' (https://learn.microsoft.com/dotnet/fundamentals/code-analysis/quality-rules/ca1002) [E:\vs\Projects\PlatformIndependentNuGetPackages\SunamoHtml\SunamoHtml\SunamoHtml.csproj::TargetFramework=net10.0]
E:\vs\Projects\PlatformIndependentNuGetPackages\SunamoHtml\SunamoHtml\Generators\HtmlGenerator21.cs(22,168): warning CA1002: Change 'List<string>' in 'HtmlGenerator2.TopListWithImages(HtmlGenerator, int, int, string, List<string>, List<string>, List<string>, List<string>, List<string>, string)' to use 'Collection<T>', 'ReadOnlyCollection<T>' or 'KeyedCollection<K,V>' (https://learn.microsoft.com/dotnet/fundamentals/code-analysis/quality-rules/ca1002) [E:\vs\Projects\PlatformIndependentNuGetPackages\SunamoHtml\SunamoHtml\SunamoHtml.csproj::TargetFramework=net10.0]
E:\vs\Projects\PlatformIndependentNuGetPackages\SunamoHtml\SunamoHtml\Generators\HtmlGenerator21.cs(22,192): warning CA1002: Change 'List<string>' in 'HtmlGenerator2.TopListWithImages(HtmlGenerator, int, int, string, List<string>, List<string>, List<string>, List<string>, List<string>, string)' to use 'Collection<T>', 'ReadOnlyCollection<T>' or 'KeyedCollection<K,V>' (https://learn.microsoft.com/dotnet/fundamentals/code-analysis/quality-rules/ca1002) [E:\vs\Projects\PlatformIndependentNuGetPackages\SunamoHtml\SunamoHtml\SunamoHtml.csproj::TargetFramework=net10.0]
E:\vs\Projects\PlatformIndependentNuGetPackages\SunamoHtml\SunamoHtml\Generators\HtmlGenerator21.cs(22,220): warning CA1002: Change 'List<string>' in 'HtmlGenerator2.TopListWithImages(HtmlGenerator, int, int, string, List<string>, List<string>, List<string>, List<string>, List<string>, string)' to use 'Collection<T>', 'ReadOnlyCollection<T>' or 'KeyedCollection<K,V>' (https://learn.microsoft.com/dotnet/fundamentals/code-analysis/quality-rules/ca1002) [E:\vs\Projects\PlatformIndependentNuGetPackages\SunamoHtml\SunamoHtml\SunamoHtml.csproj::TargetFramework=net10.0]
E:\vs\Projects\PlatformIndependentNuGetPackages\SunamoHtml\SunamoHtml\Generators\HtmlGenerator21.cs(22,243): warning CA1002: Change 'List<string>' in 'HtmlGenerator2.TopListWithImages(HtmlGenerator, int, int, string, List<string>, List<string>, List<string>, List<string>, List<string>, string)' to use 'Collection<T>', 'ReadOnlyCollection<T>' or 'KeyedCollection<K,V>' (https://learn.microsoft.com/dotnet/fundamentals/code-analysis/quality-rules/ca1002) [E:\vs\Projects\PlatformIndependentNuGetPackages\SunamoHtml\SunamoHtml\SunamoHtml.csproj::TargetFramework=net10.0]
E:\vs\Projects\PlatformIndependentNuGetPackages\SunamoHtml\SunamoHtml\Html\HtmlHelperText.cs(244,29): warning CA1062: In externally visible method 'HtmlTagSyntax HtmlHelperText.GetSyntax(ref string tag)', validate parameter 'tag' is non-null before using it. If appropriate, throw an 'ArgumentNullException' when the argument is 'null'. (https://learn.microsoft.com/dotnet/fundamentals/code-analysis/quality-rules/ca1062) [E:\vs\Projects\PlatformIndependentNuGetPackages\SunamoHtml\SunamoHtml\SunamoHtml.csproj::TargetFramework=net10.0]
E:\vs\Projects\PlatformIndependentNuGetPackages\SunamoHtml\SunamoHtml\Generators\HtmlGenerator21.cs(22,113): warning CA1054: Change the type of parameter 'initialImageUri' of method 'HtmlGenerator2.TopListWithImages(HtmlGenerator, int, int, string, List<string>, List<string>, List<string>, List<string>, List<string>, string)' from 'string' to 'System.Uri', or provide an overload to 'HtmlGenerator2.TopListWithImages(HtmlGenerator, int, int, string, List<string>, List<string>, List<string>, List<string>, List<string>, string)' that allows 'initialImageUri' to be passed as a 'System.Uri' object (https://learn.microsoft.com/dotnet/fundamentals/code-analysis/quality-rules/ca1054) [E:\vs\Projects\PlatformIndependentNuGetPackages\SunamoHtml\SunamoHtml\SunamoHtml.csproj::TargetFramework=net10.0]
E:\vs\Projects\PlatformIndependentNuGetPackages\SunamoHtml\SunamoHtml\HtmlAgilityHelper.cs(349,34): warning CA1062: In externally visible method 'List<HtmlNode> HtmlAgilityHelper.TrimTexts(List<HtmlNode> nodes)', validate parameter 'nodes' is non-null before using it. If appropriate, throw an 'ArgumentNullException' when the argument is 'null'. (https://learn.microsoft.com/dotnet/fundamentals/code-analysis/quality-rules/ca1062) [E:\vs\Projects\PlatformIndependentNuGetPackages\SunamoHtml\SunamoHtml\SunamoHtml.csproj::TargetFramework=net10.0]
E:\vs\Projects\PlatformIndependentNuGetPackages\SunamoHtml\SunamoHtml\Html\HtmlHelperShared2.cs(28,30): warning CA1062: In externally visible method 'void HtmlHelper.DeleteAttributesFromAllNodes(List<HtmlNode> nodes)', validate parameter 'nodes' is non-null before using it. If appropriate, throw an 'ArgumentNullException' when the argument is 'null'. (https://learn.microsoft.com/dotnet/fundamentals/code-analysis/quality-rules/ca1062) [E:\vs\Projects\PlatformIndependentNuGetPackages\SunamoHtml\SunamoHtml\SunamoHtml.csproj::TargetFramework=net10.0]
E:\vs\Projects\PlatformIndependentNuGetPackages\SunamoHtml\SunamoHtml\Generators\HtmlGenerator21.cs(28,19): warning CA2201: Exception type System.Exception is not sufficiently specific (https://learn.microsoft.com/dotnet/fundamentals/code-analysis/quality-rules/ca2201) [E:\vs\Projects\PlatformIndependentNuGetPackages\SunamoHtml\SunamoHtml\SunamoHtml.csproj::TargetFramework=net10.0]
E:\vs\Projects\PlatformIndependentNuGetPackages\SunamoHtml\SunamoHtml\Generators\HtmlGenerator21.cs(30,19): warning CA2201: Exception type System.Exception is not sufficiently specific (https://learn.microsoft.com/dotnet/fundamentals/code-analysis/quality-rules/ca2201) [E:\vs\Projects\PlatformIndependentNuGetPackages\SunamoHtml\SunamoHtml\SunamoHtml.csproj::TargetFramework=net10.0]
E:\vs\Projects\PlatformIndependentNuGetPackages\SunamoHtml\SunamoHtml\Generators\HtmlGenerator21.cs(32,19): warning CA2201: Exception type System.Exception is not sufficiently specific (https://learn.microsoft.com/dotnet/fundamentals/code-analysis/quality-rules/ca2201) [E:\vs\Projects\PlatformIndependentNuGetPackages\SunamoHtml\SunamoHtml\SunamoHtml.csproj::TargetFramework=net10.0]
E:\vs\Projects\PlatformIndependentNuGetPackages\SunamoHtml\SunamoHtml\Generators\HtmlGenerator21.cs(34,19): warning CA2201: Exception type System.Exception is not sufficiently specific (https://learn.microsoft.com/dotnet/fundamentals/code-analysis/quality-rules/ca2201) [E:\vs\Projects\PlatformIndependentNuGetPackages\SunamoHtml\SunamoHtml\SunamoHtml.csproj::TargetFramework=net10.0]
E:\vs\Projects\PlatformIndependentNuGetPackages\SunamoHtml\SunamoHtml\Html\HtmlHelperText.cs(264,38): warning CA1062: In externally visible method 'string HtmlHelperText.TrimInnerOfEncodedHtml(string value)', validate parameter 'value' is non-null before using it. If appropriate, throw an 'ArgumentNullException' when the argument is 'null'. (https://learn.microsoft.com/dotnet/fundamentals/code-analysis/quality-rules/ca1062) [E:\vs\Projects\PlatformIndependentNuGetPackages\SunamoHtml\SunamoHtml\SunamoHtml.csproj::TargetFramework=net10.0]
E:\vs\Projects\PlatformIndependentNuGetPackages\SunamoHtml\SunamoHtml\_public\SunamoXml\Generators\XmlGeneratorHtml.cs(269,18): warning CA1822: Member 'IsNulledOrEmpty' does not access instance data and can be marked as static (https://learn.microsoft.com/dotnet/fundamentals/code-analysis/quality-rules/ca1822) [E:\vs\Projects\PlatformIndependentNuGetPackages\SunamoHtml\SunamoHtml\SunamoHtml.csproj::TargetFramework=net10.0]
E:\vs\Projects\PlatformIndependentNuGetPackages\SunamoHtml\SunamoHtml\Generators\HtmlGenerator21.cs(63,63): warning CA1002: Change 'List<string>' in 'HtmlGenerator2.GetForUlWCheckDuplicate(List<string>)' to use 'Collection<T>', 'ReadOnlyCollection<T>' or 'KeyedCollection<K,V>' (https://learn.microsoft.com/dotnet/fundamentals/code-analysis/quality-rules/ca1002) [E:\vs\Projects\PlatformIndependentNuGetPackages\SunamoHtml\SunamoHtml\SunamoHtml.csproj::TargetFramework=net10.0]
E:\vs\Projects\PlatformIndependentNuGetPackages\SunamoHtml\SunamoHtml\_sunamo\SunamoString\SH1.cs(131,25): warning CA1311: Specify a culture or use an invariant version to avoid implicit dependency on current culture (https://learn.microsoft.com/dotnet/fundamentals/code-analysis/quality-rules/ca1311) [E:\vs\Projects\PlatformIndependentNuGetPackages\SunamoHtml\SunamoHtml\SunamoHtml.csproj::TargetFramework=net10.0]
E:\vs\Projects\PlatformIndependentNuGetPackages\SunamoHtml\SunamoHtml\_sunamo\SunamoString\SH1.cs(133,35): warning CA1311: Specify a culture or use an invariant version to avoid implicit dependency on current culture (https://learn.microsoft.com/dotnet/fundamentals/code-analysis/quality-rules/ca1311) [E:\vs\Projects\PlatformIndependentNuGetPackages\SunamoHtml\SunamoHtml\SunamoHtml.csproj::TargetFramework=net10.0]
E:\vs\Projects\PlatformIndependentNuGetPackages\SunamoHtml\SunamoHtml\_sunamo\SunamoString\SH1.cs(73,13): warning CA1307: 'string.Contains(string)' has a method overload that takes a 'StringComparison' parameter. Replace this call in 'SunamoHtml._sunamo.SunamoString.SH.XCharsBeforeAndAfterWholeWords(string, int, int)' with a call to 'string.Contains(string, System.StringComparison)' for clarity of intent. (https://learn.microsoft.com/dotnet/fundamentals/code-analysis/quality-rules/ca1307) [E:\vs\Projects\PlatformIndependentNuGetPackages\SunamoHtml\SunamoHtml\SunamoHtml.csproj::TargetFramework=net10.0]
E:\vs\Projects\PlatformIndependentNuGetPackages\SunamoHtml\SunamoHtml\_sunamo\SunamoString\SH1.cs(73,57): warning CA1307: 'string.Contains(string)' has a method overload that takes a 'StringComparison' parameter. Replace this call in 'SunamoHtml._sunamo.SunamoString.SH.XCharsBeforeAndAfterWholeWords(string, int, int)' with a call to 'string.Contains(string, System.StringComparison)' for clarity of intent. (https://learn.microsoft.com/dotnet/fundamentals/code-analysis/quality-rules/ca1307) [E:\vs\Projects\PlatformIndependentNuGetPackages\SunamoHtml\SunamoHtml\SunamoHtml.csproj::TargetFramework=net10.0]
E:\vs\Projects\PlatformIndependentNuGetPackages\SunamoHtml\SunamoHtml\_sunamo\SunamoString\SH1.cs(31,21): warning CA1820: Test for empty strings using 'string.Length' property or 'string.IsNullOrEmpty' method instead of an Equality check (https://learn.microsoft.com/dotnet/fundamentals/code-analysis/quality-rules/ca1820) [E:\vs\Projects\PlatformIndependentNuGetPackages\SunamoHtml\SunamoHtml\SunamoHtml.csproj::TargetFramework=net10.0]
E:\vs\Projects\PlatformIndependentNuGetPackages\SunamoHtml\SunamoHtml\_sunamo\SunamoString\SH1.cs(57,21): warning CA1820: Test for empty strings using 'string.Length' property or 'string.IsNullOrEmpty' method instead of an Equality check (https://learn.microsoft.com/dotnet/fundamentals/code-analysis/quality-rules/ca1820) [E:\vs\Projects\PlatformIndependentNuGetPackages\SunamoHtml\SunamoHtml\SunamoHtml.csproj::TargetFramework=net10.0]
E:\vs\Projects\PlatformIndependentNuGetPackages\SunamoHtml\SunamoHtml\_sunamo\SunamoString\SH1.cs(131,20): warning CA1304: The behavior of 'string.ToUpper()' could vary based on the current user's locale settings. Replace this call in 'SH.FirstCharUpper(string)' with a call to 'string.ToUpper(CultureInfo)'. (https://learn.microsoft.com/dotnet/fundamentals/code-analysis/quality-rules/ca1304) [E:\vs\Projects\PlatformIndependentNuGetPackages\SunamoHtml\SunamoHtml\SunamoHtml.csproj::TargetFramework=net10.0]
E:\vs\Projects\PlatformIndependentNuGetPackages\SunamoHtml\SunamoHtml\_sunamo\SunamoString\SH1.cs(133,16): warning CA1304: The behavior of 'string.ToUpper()' could vary based on the current user's locale settings. Replace this call in 'SH.FirstCharUpper(string)' with a call to 'string.ToUpper(CultureInfo)'. (https://learn.microsoft.com/dotnet/fundamentals/code-analysis/quality-rules/ca1304) [E:\vs\Projects\PlatformIndependentNuGetPackages\SunamoHtml\SunamoHtml\SunamoHtml.csproj::TargetFramework=net10.0]
E:\vs\Projects\PlatformIndependentNuGetPackages\SunamoHtml\SunamoHtml\Html\HtmlHelperShared2.cs(76,32): warning CA1002: Change 'List<string>' in 'HtmlHelper.StripAllTagsList(string)' to use 'Collection<T>', 'ReadOnlyCollection<T>' or 'KeyedCollection<K,V>' (https://learn.microsoft.com/dotnet/fundamentals/code-analysis/quality-rules/ca1002) [E:\vs\Projects\PlatformIndependentNuGetPackages\SunamoHtml\SunamoHtml\SunamoHtml.csproj::TargetFramework=net10.0]
E:\vs\Projects\PlatformIndependentNuGetPackages\SunamoHtml\SunamoHtml\HtmlAgilityHelper1.cs(44,34): warning CA1002: Change 'List<HtmlNode>' in 'HtmlAgilityHelper.TrimComments(List<HtmlNode>)' to use 'Collection<T>', 'ReadOnlyCollection<T>' or 'KeyedCollection<K,V>' (https://learn.microsoft.com/dotnet/fundamentals/code-analysis/quality-rules/ca1002) [E:\vs\Projects\PlatformIndependentNuGetPackages\SunamoHtml\SunamoHtml\SunamoHtml.csproj::TargetFramework=net10.0]
E:\vs\Projects\PlatformIndependentNuGetPackages\SunamoHtml\SunamoHtml\HtmlAgilityHelper1.cs(44,62): warning CA1002: Change 'List<HtmlNode>' in 'HtmlAgilityHelper.TrimComments(List<HtmlNode>)' to use 'Collection<T>', 'ReadOnlyCollection<T>' or 'KeyedCollection<K,V>' (https://learn.microsoft.com/dotnet/fundamentals/code-analysis/quality-rules/ca1002) [E:\vs\Projects\PlatformIndependentNuGetPackages\SunamoHtml\SunamoHtml\SunamoHtml.csproj::TargetFramework=net10.0]
E:\vs\Projects\PlatformIndependentNuGetPackages\SunamoHtml\SunamoHtml\Html\HtmlHelperText.cs(297,32): warning CA1002: Change 'List<string>' in 'HtmlHelperText.GetContentOfTags(string, string)' to use 'Collection<T>', 'ReadOnlyCollection<T>' or 'KeyedCollection<K,V>' (https://learn.microsoft.com/dotnet/fundamentals/code-analysis/quality-rules/ca1002) [E:\vs\Projects\PlatformIndependentNuGetPackages\SunamoHtml\SunamoHtml\SunamoHtml.csproj::TargetFramework=net10.0]
E:\vs\Projects\PlatformIndependentNuGetPackages\SunamoHtml\SunamoHtml\HtmlAgilityHelper1.cs(57,31): warning CA1307: 'string.Contains(string)' has a method overload that takes a 'StringComparison' parameter. Replace this call in 'SunamoHtml.HtmlAgilityHelper.TrimComments(System.Collections.Generic.List<HtmlAgilityPack.HtmlNode>)' with a call to 'string.Contains(string, System.StringComparison)' for clarity of intent. (https://learn.microsoft.com/dotnet/fundamentals/code-analysis/quality-rules/ca1307) [E:\vs\Projects\PlatformIndependentNuGetPackages\SunamoHtml\SunamoHtml\SunamoHtml.csproj::TargetFramework=net10.0]
E:\vs\Projects\PlatformIndependentNuGetPackages\SunamoHtml\SunamoHtml\HtmlAgilityHelper1.cs(58,33): warning CA1307: 'string.Contains(string)' has a method overload that takes a 'StringComparison' parameter. Replace this call in 'SunamoHtml.HtmlAgilityHelper.TrimComments(System.Collections.Generic.List<HtmlAgilityPack.HtmlNode>)' with a call to 'string.Contains(string, System.StringComparison)' for clarity of intent. (https://learn.microsoft.com/dotnet/fundamentals/code-analysis/quality-rules/ca1307) [E:\vs\Projects\PlatformIndependentNuGetPackages\SunamoHtml\SunamoHtml\SunamoHtml.csproj::TargetFramework=net10.0]
E:\vs\Projects\PlatformIndependentNuGetPackages\SunamoHtml\SunamoHtml\Html\HtmlHelperText.cs(312,27): warning CA2201: Exception type System.Exception is not sufficiently specific (https://learn.microsoft.com/dotnet/fundamentals/code-analysis/quality-rules/ca2201) [E:\vs\Projects\PlatformIndependentNuGetPackages\SunamoHtml\SunamoHtml\SunamoHtml.csproj::TargetFramework=net10.0]
E:\vs\Projects\PlatformIndependentNuGetPackages\SunamoHtml\SunamoHtml\HtmlAgilityHelper1.cs(67,35): warning CA1307: 'string.Contains(string)' has a method overload that takes a 'StringComparison' parameter. Replace this call in 'SunamoHtml.HtmlAgilityHelper.TrimComments(System.Collections.Generic.List<HtmlAgilityPack.HtmlNode>)' with a call to 'string.Contains(string, System.StringComparison)' for clarity of intent. (https://learn.microsoft.com/dotnet/fundamentals/code-analysis/quality-rules/ca1307) [E:\vs\Projects\PlatformIndependentNuGetPackages\SunamoHtml\SunamoHtml\SunamoHtml.csproj::TargetFramework=net10.0]
E:\vs\Projects\PlatformIndependentNuGetPackages\SunamoHtml\SunamoHtml\HtmlAgilityHelper1.cs(68,37): warning CA1307: 'string.Contains(string)' has a method overload that takes a 'StringComparison' parameter. Replace this call in 'SunamoHtml.HtmlAgilityHelper.TrimComments(System.Collections.Generic.List<HtmlAgilityPack.HtmlNode>)' with a call to 'string.Contains(string, System.StringComparison)' for clarity of intent. (https://learn.microsoft.com/dotnet/fundamentals/code-analysis/quality-rules/ca1307) [E:\vs\Projects\PlatformIndependentNuGetPackages\SunamoHtml\SunamoHtml\SunamoHtml.csproj::TargetFramework=net10.0]
E:\vs\Projects\PlatformIndependentNuGetPackages\SunamoHtml\SunamoHtml\HtmlAgilityHelper1.cs(75,21): warning CA1310: The behavior of 'string.StartsWith(string)' could vary based on the current user's locale settings. Replace this call in 'SunamoHtml.HtmlAgilityHelper.TrimComments(System.Collections.Generic.List<HtmlAgilityPack.HtmlNode>)' with a call to 'string.StartsWith(string, System.StringComparison)'. (https://learn.microsoft.com/dotnet/fundamentals/code-analysis/quality-rules/ca1310) [E:\vs\Projects\PlatformIndependentNuGetPackages\SunamoHtml\SunamoHtml\SunamoHtml.csproj::TargetFramework=net10.0]
E:\vs\Projects\PlatformIndependentNuGetPackages\SunamoHtml\SunamoHtml\HtmlAgilityHelper1.cs(65,21): warning CA1820: Test for empty strings using 'string.Length' property or 'string.IsNullOrEmpty' method instead of an Equality check (https://learn.microsoft.com/dotnet/fundamentals/code-analysis/quality-rules/ca1820) [E:\vs\Projects\PlatformIndependentNuGetPackages\SunamoHtml\SunamoHtml\SunamoHtml.csproj::TargetFramework=net10.0]
E:\vs\Projects\PlatformIndependentNuGetPackages\SunamoHtml\SunamoHtml\HtmlAgilityHelper1.cs(79,43): warning CA1820: Test for empty strings using 'string.Length' property or 'string.IsNullOrEmpty' method instead of an Equality check (https://learn.microsoft.com/dotnet/fundamentals/code-analysis/quality-rules/ca1820) [E:\vs\Projects\PlatformIndependentNuGetPackages\SunamoHtml\SunamoHtml\SunamoHtml.csproj::TargetFramework=net10.0]
E:\vs\Projects\PlatformIndependentNuGetPackages\SunamoHtml\SunamoHtml\Html\HtmlHelperText.cs(302,19): warning CA1310: The behavior of 'string.IndexOf(string)' could vary based on the current user's locale settings. Replace this call in 'SunamoHtml.Html.HtmlHelperText.GetContentOfTags(string, string)' with a call to 'string.IndexOf(string, System.StringComparison)'. (https://learn.microsoft.com/dotnet/fundamentals/code-analysis/quality-rules/ca1310) [E:\vs\Projects\PlatformIndependentNuGetPackages\SunamoHtml\SunamoHtml\SunamoHtml.csproj::TargetFramework=net10.0]
E:\vs\Projects\PlatformIndependentNuGetPackages\SunamoHtml\SunamoHtml\Html\HtmlHelperText.cs(307,24): warning CA1310: The behavior of 'string.IndexOf(string, int)' could vary based on the current user's locale settings. Replace this call in 'SunamoHtml.Html.HtmlHelperText.GetContentOfTags(string, string)' with a call to 'string.IndexOf(string, int, System.StringComparison)'. (https://learn.microsoft.com/dotnet/fundamentals/code-analysis/quality-rules/ca1310) [E:\vs\Projects\PlatformIndependentNuGetPackages\SunamoHtml\SunamoHtml\SunamoHtml.csproj::TargetFramework=net10.0]
E:\vs\Projects\PlatformIndependentNuGetPackages\SunamoHtml\SunamoHtml\Html\HtmlHelperText.cs(308,26): warning CA1310: The behavior of 'string.IndexOf(string, int)' could vary based on the current user's locale settings. Replace this call in 'SunamoHtml.Html.HtmlHelperText.GetContentOfTags(string, string)' with a call to 'string.IndexOf(string, int, System.StringComparison)'. (https://learn.microsoft.com/dotnet/fundamentals/code-analysis/quality-rules/ca1310) [E:\vs\Projects\PlatformIndependentNuGetPackages\SunamoHtml\SunamoHtml\SunamoHtml.csproj::TargetFramework=net10.0]
E:\vs\Projects\PlatformIndependentNuGetPackages\SunamoHtml\SunamoHtml\Html\HtmlHelperText.cs(316,19): warning CA1310: The behavior of 'string.IndexOf(string, int)' could vary based on the current user's locale settings. Replace this call in 'SunamoHtml.Html.HtmlHelperText.GetContentOfTags(string, string)' with a call to 'string.IndexOf(string, int, System.StringComparison)'. (https://learn.microsoft.com/dotnet/fundamentals/code-analysis/quality-rules/ca1310) [E:\vs\Projects\PlatformIndependentNuGetPackages\SunamoHtml\SunamoHtml\SunamoHtml.csproj::TargetFramework=net10.0]
E:\vs\Projects\PlatformIndependentNuGetPackages\SunamoHtml\SunamoHtml\Generators\HtmlGenerator21.cs(67,29): warning CA1062: In externally visible method 'string HtmlGenerator2.GetForUlWCheckDuplicate(List<string> items)', validate parameter 'items' is non-null before using it. If appropriate, throw an 'ArgumentNullException' when the argument is 'null'. (https://learn.microsoft.com/dotnet/fundamentals/code-analysis/quality-rules/ca1062) [E:\vs\Projects\PlatformIndependentNuGetPackages\SunamoHtml\SunamoHtml\SunamoHtml.csproj::TargetFramework=net10.0]
E:\vs\Projects\PlatformIndependentNuGetPackages\SunamoHtml\SunamoHtml\Html\HtmlHelperText.cs(339,57): warning CA1002: Change 'List<string>' in 'HtmlHelperText.ConvertTextToHtml(List<string>)' to use 'Collection<T>', 'ReadOnlyCollection<T>' or 'KeyedCollection<K,V>' (https://learn.microsoft.com/dotnet/fundamentals/code-analysis/quality-rules/ca1002) [E:\vs\Projects\PlatformIndependentNuGetPackages\SunamoHtml\SunamoHtml\SunamoHtml.csproj::TargetFramework=net10.0]
E:\vs\Projects\PlatformIndependentNuGetPackages\SunamoHtml\SunamoHtml\Generators\HtmlGenerator21.cs(102,40): warning CA1054: Change the type of parameter 'url' of method 'HtmlGenerator2.Anchor(string)' from 'string' to 'System.Uri', or provide an overload to 'HtmlGenerator2.Anchor(string)' that allows 'url' to be passed as a 'System.Uri' object (https://learn.microsoft.com/dotnet/fundamentals/code-analysis/quality-rules/ca1054) [E:\vs\Projects\PlatformIndependentNuGetPackages\SunamoHtml\SunamoHtml\SunamoHtml.csproj::TargetFramework=net10.0]
E:\vs\Projects\PlatformIndependentNuGetPackages\SunamoHtml\SunamoHtml\Generators\HtmlGenerator21.cs(104,13): warning CA1307: 'string.Contains(string)' has a method overload that takes a 'StringComparison' parameter. Replace this call in 'SunamoHtml.Generators.HtmlGenerator2.Anchor(string)' with a call to 'string.Contains(string, System.StringComparison)' for clarity of intent. (https://learn.microsoft.com/dotnet/fundamentals/code-analysis/quality-rules/ca1307) [E:\vs\Projects\PlatformIndependentNuGetPackages\SunamoHtml\SunamoHtml\SunamoHtml.csproj::TargetFramework=net10.0]
E:\vs\Projects\PlatformIndependentNuGetPackages\SunamoHtml\SunamoHtml\Html\HtmlHelperText.cs(348,18): warning CA1307: 'string.Replace(string, string?)' has a method overload that takes a 'StringComparison' parameter. Replace this call in 'SunamoHtml.Html.HtmlHelperText.ConvertTextToHtml(System.Collections.Generic.List<string>)' with a call to 'string.Replace(string, string?, System.StringComparison)' for clarity of intent. (https://learn.microsoft.com/dotnet/fundamentals/code-analysis/quality-rules/ca1307) [E:\vs\Projects\PlatformIndependentNuGetPackages\SunamoHtml\SunamoHtml\SunamoHtml.csproj::TargetFramework=net10.0]
E:\vs\Projects\PlatformIndependentNuGetPackages\SunamoHtml\SunamoHtml\Generators\HtmlGenerator21.cs(127,48): warning CA1054: Change the type of parameter 'url' of method 'HtmlGenerator2.AnchorWithHttp(string)' from 'string' to 'System.Uri', or provide an overload to 'HtmlGenerator2.AnchorWithHttp(string)' that allows 'url' to be passed as a 'System.Uri' object (https://learn.microsoft.com/dotnet/fundamentals/code-analysis/quality-rules/ca1054) [E:\vs\Projects\PlatformIndependentNuGetPackages\SunamoHtml\SunamoHtml\SunamoHtml.csproj::TargetFramework=net10.0]
E:\vs\Projects\PlatformIndependentNuGetPackages\SunamoHtml\SunamoHtml\Html\HtmlHelperText.cs(302,19): warning CA1062: In externally visible method 'List<string> HtmlHelperText.GetContentOfTags(string text, string tagName)', validate parameter 'text' is non-null before using it. If appropriate, throw an 'ArgumentNullException' when the argument is 'null'. (https://learn.microsoft.com/dotnet/fundamentals/code-analysis/quality-rules/ca1062) [E:\vs\Projects\PlatformIndependentNuGetPackages\SunamoHtml\SunamoHtml\SunamoHtml.csproj::TargetFramework=net10.0]
E:\vs\Projects\PlatformIndependentNuGetPackages\SunamoHtml\SunamoHtml\Generators\HtmlGenerator21.cs(130,14): warning CA1310: The behavior of 'string.StartsWith(string)' could vary based on the current user's locale settings. Replace this call in 'SunamoHtml.Generators.HtmlGenerator2.AnchorWithHttp(string)' with a call to 'string.StartsWith(string, System.StringComparison)'. (https://learn.microsoft.com/dotnet/fundamentals/code-analysis/quality-rules/ca1310) [E:\vs\Projects\PlatformIndependentNuGetPackages\SunamoHtml\SunamoHtml\SunamoHtml.csproj::TargetFramework=net10.0]
E:\vs\Projects\PlatformIndependentNuGetPackages\SunamoHtml\SunamoHtml\Html\HtmlHelperText.cs(374,31): warning CA1866: Use 'string.StartsWith(char)' instead of 'string.StartsWith(string)' when you have a string with a single char (https://learn.microsoft.com/dotnet/fundamentals/code-analysis/quality-rules/ca1866) [E:\vs\Projects\PlatformIndependentNuGetPackages\SunamoHtml\SunamoHtml\SunamoHtml.csproj::TargetFramework=net10.0]
E:\vs\Projects\PlatformIndependentNuGetPackages\SunamoHtml\SunamoHtml\Html\HtmlHelperText.cs(370,41): warning CA1311: Specify a culture or use an invariant version to avoid implicit dependency on current culture (https://learn.microsoft.com/dotnet/fundamentals/code-analysis/quality-rules/ca1311) [E:\vs\Projects\PlatformIndependentNuGetPackages\SunamoHtml\SunamoHtml\SunamoHtml.csproj::TargetFramework=net10.0]
E:\vs\Projects\PlatformIndependentNuGetPackages\SunamoHtml\SunamoHtml\Html\HtmlHelperShared2.cs(46,18): warning CA2000: Call System.IDisposable.Dispose on object created by 'XmlWriter.Create(sw)' before all references to it are out of scope (https://learn.microsoft.com/dotnet/fundamentals/code-analysis/quality-rules/ca2000) [E:\vs\Projects\PlatformIndependentNuGetPackages\SunamoHtml\SunamoHtml\SunamoHtml.csproj::TargetFramework=net10.0]
E:\vs\Projects\PlatformIndependentNuGetPackages\SunamoHtml\SunamoHtml\Generators\HtmlGenerator21.cs(144,48): warning CA1054: Change the type of parameter 'url' of method 'HtmlGenerator2.AnchorWithHttp(string, string)' from 'string' to 'System.Uri', or provide an overload to 'HtmlGenerator2.AnchorWithHttp(string, string)' that allows 'url' to be passed as a 'System.Uri' object (https://learn.microsoft.com/dotnet/fundamentals/code-analysis/quality-rules/ca1054) [E:\vs\Projects\PlatformIndependentNuGetPackages\SunamoHtml\SunamoHtml\SunamoHtml.csproj::TargetFramework=net10.0]
E:\vs\Projects\PlatformIndependentNuGetPackages\SunamoHtml\SunamoHtml\Html\HtmlHelperText.cs(370,23): warning CA1304: The behavior of 'string.ToLower()' could vary based on the current user's locale settings. Replace this call in 'HtmlHelperText.AddIntoParagraph(string)' with a call to 'string.ToLower(CultureInfo)'. (https://learn.microsoft.com/dotnet/fundamentals/code-analysis/quality-rules/ca1304) [E:\vs\Projects\PlatformIndependentNuGetPackages\SunamoHtml\SunamoHtml\SunamoHtml.csproj::TargetFramework=net10.0]
E:\vs\Projects\PlatformIndependentNuGetPackages\SunamoHtml\SunamoHtml\Generators\HtmlGenerator21.cs(104,13): warning CA1062: In externally visible method 'string HtmlGenerator2.Anchor(string url)', validate parameter 'url' is non-null before using it. If appropriate, throw an 'ArgumentNullException' when the argument is 'null'. (https://learn.microsoft.com/dotnet/fundamentals/code-analysis/quality-rules/ca1062) [E:\vs\Projects\PlatformIndependentNuGetPackages\SunamoHtml\SunamoHtml\SunamoHtml.csproj::TargetFramework=net10.0]
E:\vs\Projects\PlatformIndependentNuGetPackages\SunamoHtml\SunamoHtml\Generators\HtmlGenerator21.cs(130,14): warning CA1062: In externally visible method 'string HtmlGenerator2.AnchorWithHttp(string url)', validate parameter 'url' is non-null before using it. If appropriate, throw an 'ArgumentNullException' when the argument is 'null'. (https://learn.microsoft.com/dotnet/fundamentals/code-analysis/quality-rules/ca1062) [E:\vs\Projects\PlatformIndependentNuGetPackages\SunamoHtml\SunamoHtml\SunamoHtml.csproj::TargetFramework=net10.0]
E:\vs\Projects\PlatformIndependentNuGetPackages\SunamoHtml\SunamoHtml\Html\HtmlHelperText.cs(362,13): warning CA1307: 'string.Contains(string)' has a method overload that takes a 'StringComparison' parameter. Replace this call in 'SunamoHtml.Html.HtmlHelperText.AddIntoParagraph(string)' with a call to 'string.Contains(string, System.StringComparison)' for clarity of intent. (https://learn.microsoft.com/dotnet/fundamentals/code-analysis/quality-rules/ca1307) [E:\vs\Projects\PlatformIndependentNuGetPackages\SunamoHtml\SunamoHtml\SunamoHtml.csproj::TargetFramework=net10.0]
E:\vs\Projects\PlatformIndependentNuGetPackages\SunamoHtml\SunamoHtml\Html\HtmlHelperText.cs(365,20): warning CA1307: 'string.Replace(string, string?)' has a method overload that takes a 'StringComparison' parameter. Replace this call in 'SunamoHtml.Html.HtmlHelperText.AddIntoParagraph(string)' with a call to 'string.Replace(string, string?, System.StringComparison)' for clarity of intent. (https://learn.microsoft.com/dotnet/fundamentals/code-analysis/quality-rules/ca1307) [E:\vs\Projects\PlatformIndependentNuGetPackages\SunamoHtml\SunamoHtml\SunamoHtml.csproj::TargetFramework=net10.0]
E:\vs\Projects\PlatformIndependentNuGetPackages\SunamoHtml\SunamoHtml\Generators\HtmlGenerator21.cs(157,68): warning CA1054: Change the type of parameter 'url' of method 'HtmlGenerator2.AnchorWithHttp(bool, string, string)' from 'string' to 'System.Uri', or provide an overload to 'HtmlGenerator2.AnchorWithHttp(bool, string, string)' that allows 'url' to be passed as a 'System.Uri' object (https://learn.microsoft.com/dotnet/fundamentals/code-analysis/quality-rules/ca1054) [E:\vs\Projects\PlatformIndependentNuGetPackages\SunamoHtml\SunamoHtml\SunamoHtml.csproj::TargetFramework=net10.0]
E:\vs\Projects\PlatformIndependentNuGetPackages\SunamoHtml\SunamoHtml\Html\HtmlHelperText.cs(374,17): warning CA1310: The behavior of 'string.StartsWith(string)' could vary based on the current user's locale settings. Replace this call in 'SunamoHtml.Html.HtmlHelperText.AddIntoParagraph(string)' with a call to 'string.StartsWith(string, System.StringComparison)'. (https://learn.microsoft.com/dotnet/fundamentals/code-analysis/quality-rules/ca1310) [E:\vs\Projects\PlatformIndependentNuGetPackages\SunamoHtml\SunamoHtml\SunamoHtml.csproj::TargetFramework=net10.0]
E:\vs\Projects\PlatformIndependentNuGetPackages\SunamoHtml\SunamoHtml\Generators\HtmlGenerator21.cs(146,48): warning CA1062: In externally visible method 'string HtmlGenerator2.AnchorWithHttp(string url, string text)', validate parameter 'url' is non-null before using it. If appropriate, throw an 'ArgumentNullException' when the argument is 'null'. (https://learn.microsoft.com/dotnet/fundamentals/code-analysis/quality-rules/ca1062) [E:\vs\Projects\PlatformIndependentNuGetPackages\SunamoHtml\SunamoHtml\SunamoHtml.csproj::TargetFramework=net10.0]
E:\vs\Projects\PlatformIndependentNuGetPackages\SunamoHtml\SunamoHtml\Generators\HtmlGenerator21.cs(170,85): warning CA1054: Change the type of parameter 'httpUrl' of method 'HtmlGenerator2.AnchorWithHttpCore(bool, string, string)' from 'string' to 'System.Uri', or provide an overload to 'HtmlGenerator2.AnchorWithHttpCore(bool, string, string)' that allows 'httpUrl' to be passed as a 'System.Uri' object (https://learn.microsoft.com/dotnet/fundamentals/code-analysis/quality-rules/ca1054) [E:\vs\Projects\PlatformIndependentNuGetPackages\SunamoHtml\SunamoHtml\SunamoHtml.csproj::TargetFramework=net10.0]
E:\vs\Projects\PlatformIndependentNuGetPackages\SunamoHtml\SunamoHtml\Generators\HtmlGenerator21.cs(159,51): warning CA1062: In externally visible method 'string HtmlGenerator2.AnchorWithHttp(bool isTargetBlank, string url, string text)', validate parameter 'url' is non-null before using it. If appropriate, throw an 'ArgumentNullException' when the argument is 'null'. (https://learn.microsoft.com/dotnet/fundamentals/code-analysis/quality-rules/ca1062) [E:\vs\Projects\PlatformIndependentNuGetPackages\SunamoHtml\SunamoHtml\SunamoHtml.csproj::TargetFramework=net10.0]
E:\vs\Projects\PlatformIndependentNuGetPackages\SunamoHtml\SunamoHtml\_sunamo\SunamoString\SH1.cs(191,19): warning CA1307: 'string.Replace(string, string?)' has a method overload that takes a 'StringComparison' parameter. Replace this call in 'SunamoHtml._sunamo.SunamoString.SH.IsMatchRegex(string, string, char, char)' with a call to 'string.Replace(string, string?, System.StringComparison)' for clarity of intent. (https://learn.microsoft.com/dotnet/fundamentals/code-analysis/quality-rules/ca1307) [E:\vs\Projects\PlatformIndependentNuGetPackages\SunamoHtml\SunamoHtml\SunamoHtml.csproj::TargetFramework=net10.0]
E:\vs\Projects\PlatformIndependentNuGetPackages\SunamoHtml\SunamoHtml\Generators\HtmlGenerator21.cs(184,84): warning CA1002: Change 'List<string>' in 'HtmlGenerator2.GetRadioButtonsWoCheckDuplicate(string, List<string>, List<string>)' to use 'Collection<T>', 'ReadOnlyCollection<T>' or 'KeyedCollection<K,V>' (https://learn.microsoft.com/dotnet/fundamentals/code-analysis/quality-rules/ca1002) [E:\vs\Projects\PlatformIndependentNuGetPackages\SunamoHtml\SunamoHtml\SunamoHtml.csproj::TargetFramework=net10.0]
E:\vs\Projects\PlatformIndependentNuGetPackages\SunamoHtml\SunamoHtml\Generators\HtmlGenerator21.cs(184,102): warning CA1002: Change 'List<string>' in 'HtmlGenerator2.GetRadioButtonsWoCheckDuplicate(string, List<string>, List<string>)' to use 'Collection<T>', 'ReadOnlyCollection<T>' or 'KeyedCollection<K,V>' (https://learn.microsoft.com/dotnet/fundamentals/code-analysis/quality-rules/ca1002) [E:\vs\Projects\PlatformIndependentNuGetPackages\SunamoHtml\SunamoHtml\SunamoHtml.csproj::TargetFramework=net10.0]
E:\vs\Projects\PlatformIndependentNuGetPackages\SunamoHtml\SunamoHtml\_sunamo\SunamoString\SH1.cs(192,25): warning CA1307: 'string.Replace(string, string?)' has a method overload that takes a 'StringComparison' parameter. Replace this call in 'SunamoHtml._sunamo.SunamoString.SH.IsMatchRegex(string, string, char, char)' with a call to 'string.Replace(string, string?, System.StringComparison)' for clarity of intent. (https://learn.microsoft.com/dotnet/fundamentals/code-analysis/quality-rules/ca1307) [E:\vs\Projects\PlatformIndependentNuGetPackages\SunamoHtml\SunamoHtml\SunamoHtml.csproj::TargetFramework=net10.0]
E:\vs\Projects\PlatformIndependentNuGetPackages\SunamoHtml\SunamoHtml\Html\HtmlHelperSunamoCz.cs(18,16): warning CA1062: In externally visible method 'string HtmlHelperSunamoCz.ConvertTextToHtmlWithAnchors(string text, ref string error)', validate parameter 'text' is non-null before using it. If appropriate, throw an 'ArgumentNullException' when the argument is 'null'. (https://learn.microsoft.com/dotnet/fundamentals/code-analysis/quality-rules/ca1062) [E:\vs\Projects\PlatformIndependentNuGetPackages\SunamoHtml\SunamoHtml\SunamoHtml.csproj::TargetFramework=net10.0]
E:\vs\Projects\PlatformIndependentNuGetPackages\SunamoHtml\SunamoHtml\Generators\HtmlGenerator21.cs(205,84): warning CA1002: Change 'List<string>' in 'HtmlGenerator2.GetRadioButtonsWoCheckDuplicate(string, List<string>, List<string>, string)' to use 'Collection<T>', 'ReadOnlyCollection<T>' or 'KeyedCollection<K,V>' (https://learn.microsoft.com/dotnet/fundamentals/code-analysis/quality-rules/ca1002) [E:\vs\Projects\PlatformIndependentNuGetPackages\SunamoHtml\SunamoHtml\SunamoHtml.csproj::TargetFramework=net10.0]
E:\vs\Projects\PlatformIndependentNuGetPackages\SunamoHtml\SunamoHtml\Generators\HtmlGenerator21.cs(205,102): warning CA1002: Change 'List<string>' in 'HtmlGenerator2.GetRadioButtonsWoCheckDuplicate(string, List<string>, List<string>, string)' to use 'Collection<T>', 'ReadOnlyCollection<T>' or 'KeyedCollection<K,V>' (https://learn.microsoft.com/dotnet/fundamentals/code-analysis/quality-rules/ca1002) [E:\vs\Projects\PlatformIndependentNuGetPackages\SunamoHtml\SunamoHtml\SunamoHtml.csproj::TargetFramework=net10.0]
E:\vs\Projects\PlatformIndependentNuGetPackages\SunamoHtml\SunamoHtml\Html\HtmlHelperShared2.cs(148,64): warning CA1062: In externally visible method 'string HtmlHelper.ReturnApplyToAllTags(string text, string tagName, EditHtmlWidthHandler handler, string value)', validate parameter 'handler' is non-null before using it. If appropriate, throw an 'ArgumentNullException' when the argument is 'null'. (https://learn.microsoft.com/dotnet/fundamentals/code-analysis/quality-rules/ca1062) [E:\vs\Projects\PlatformIndependentNuGetPackages\SunamoHtml\SunamoHtml\SunamoHtml.csproj::TargetFramework=net10.0]
E:\vs\Projects\PlatformIndependentNuGetPackages\SunamoHtml\SunamoHtml\HtmlAgilityHelper1.cs(159,59): warning CA1002: Change 'List<HtmlNode>' in 'HtmlAgilityHelper.RecursiveReturnTags(List<HtmlNode>, HtmlNode, bool, bool, string)' to use 'Collection<T>', 'ReadOnlyCollection<T>' or 'KeyedCollection<K,V>' (https://learn.microsoft.com/dotnet/fundamentals/code-analysis/quality-rules/ca1002) [E:\vs\Projects\PlatformIndependentNuGetPackages\SunamoHtml\SunamoHtml\SunamoHtml.csproj::TargetFramework=net10.0]
E:\vs\Projects\PlatformIndependentNuGetPackages\SunamoHtml\SunamoHtml\Html\HtmlHelperShared2.cs(199,51): warning CA1311: Specify a culture or use an invariant version to avoid implicit dependency on current culture (https://learn.microsoft.com/dotnet/fundamentals/code-analysis/quality-rules/ca1311) [E:\vs\Projects\PlatformIndependentNuGetPackages\SunamoHtml\SunamoHtml\SunamoHtml.csproj::TargetFramework=net10.0]
E:\vs\Projects\PlatformIndependentNuGetPackages\SunamoHtml\SunamoHtml\Html\HtmlHelperShared2.cs(199,81): warning CA1311: Specify a culture or use an invariant version to avoid implicit dependency on current culture (https://learn.microsoft.com/dotnet/fundamentals/code-analysis/quality-rules/ca1311) [E:\vs\Projects\PlatformIndependentNuGetPackages\SunamoHtml\SunamoHtml\SunamoHtml.csproj::TargetFramework=net10.0]
E:\vs\Projects\PlatformIndependentNuGetPackages\SunamoHtml\SunamoHtml\Html\HtmlHelperShared2.cs(192,37): warning CA1847: Use 'string.Contains(char)' instead of 'string.Contains(string)' when searching for a single character (https://learn.microsoft.com/dotnet/fundamentals/code-analysis/quality-rules/ca1847) [E:\vs\Projects\PlatformIndependentNuGetPackages\SunamoHtml\SunamoHtml\SunamoHtml.csproj::TargetFramework=net10.0]
E:\vs\Projects\PlatformIndependentNuGetPackages\SunamoHtml\SunamoHtml\Html\HtmlHelperShared2.cs(196,35): warning CA1847: Use 'string.Contains(char)' instead of 'string.Contains(string)' when searching for a single character (https://learn.microsoft.com/dotnet/fundamentals/code-analysis/quality-rules/ca1847) [E:\vs\Projects\PlatformIndependentNuGetPackages\SunamoHtml\SunamoHtml\SunamoHtml.csproj::TargetFramework=net10.0]
E:\vs\Projects\PlatformIndependentNuGetPackages\SunamoHtml\SunamoHtml\Html\HtmlHelperShared2.cs(199,32): warning CA1304: The behavior of 'string.ToLower()' could vary based on the current user's locale settings. Replace this call in 'HtmlHelper.GetValuesOfStyle(HtmlNode)' with a call to 'string.ToLower(CultureInfo)'. (https://learn.microsoft.com/dotnet/fundamentals/code-analysis/quality-rules/ca1304) [E:\vs\Projects\PlatformIndependentNuGetPackages\SunamoHtml\SunamoHtml\SunamoHtml.csproj::TargetFramework=net10.0]
E:\vs\Projects\PlatformIndependentNuGetPackages\SunamoHtml\SunamoHtml\Html\HtmlHelperShared2.cs(199,62): warning CA1304: The behavior of 'string.ToLower()' could vary based on the current user's locale settings. Replace this call in 'HtmlHelper.GetValuesOfStyle(HtmlNode)' with a call to 'string.ToLower(CultureInfo)'. (https://learn.microsoft.com/dotnet/fundamentals/code-analysis/quality-rules/ca1304) [E:\vs\Projects\PlatformIndependentNuGetPackages\SunamoHtml\SunamoHtml\SunamoHtml.csproj::TargetFramework=net10.0]
E:\vs\Projects\PlatformIndependentNuGetPackages\SunamoHtml\SunamoHtml\Html\HtmlHelperShared2.cs(192,13): warning CA1307: 'string.Contains(string)' has a method overload that takes a 'StringComparison' parameter. Replace this call in 'SunamoHtml.Html.HtmlHelper.GetValuesOfStyle(HtmlAgilityPack.HtmlNode)' with a call to 'string.Contains(string, System.StringComparison)' for clarity of intent. (https://learn.microsoft.com/dotnet/fundamentals/code-analysis/quality-rules/ca1307) [E:\vs\Projects\PlatformIndependentNuGetPackages\SunamoHtml\SunamoHtml\SunamoHtml.csproj::TargetFramework=net10.0]
E:\vs\Projects\PlatformIndependentNuGetPackages\SunamoHtml\SunamoHtml\Html\HtmlHelperShared2.cs(196,21): warning CA1307: 'string.Contains(string)' has a method overload that takes a 'StringComparison' parameter. Replace this call in 'SunamoHtml.Html.HtmlHelper.GetValuesOfStyle(HtmlAgilityPack.HtmlNode)' with a call to 'string.Contains(string, System.StringComparison)' for clarity of intent. (https://learn.microsoft.com/dotnet/fundamentals/code-analysis/quality-rules/ca1307) [E:\vs\Projects\PlatformIndependentNuGetPackages\SunamoHtml\SunamoHtml\SunamoHtml.csproj::TargetFramework=net10.0]
E:\vs\Projects\PlatformIndependentNuGetPackages\SunamoHtml\SunamoHtml\Generators\HtmlGenerator21.cs(239,36): warning CA1062: In externally visible method 'string HtmlGenerator2.GetWordsForTagCloudManageTags(Dictionary<string, short> wordCount, string cssSelector)', validate parameter 'wordCount' is non-null before using it. If appropriate, throw an 'ArgumentNullException' when the argument is 'null'. (https://learn.microsoft.com/dotnet/fundamentals/code-analysis/quality-rules/ca1062) [E:\vs\Projects\PlatformIndependentNuGetPackages\SunamoHtml\SunamoHtml\SunamoHtml.csproj::TargetFramework=net10.0]
E:\vs\Projects\PlatformIndependentNuGetPackages\SunamoHtml\SunamoHtml\HtmlAgilityHelper1.cs(186,34): warning CA1002: Change 'List<HtmlNode>' in 'HtmlAgilityHelper.Nodes(HtmlNode, bool, string)' to use 'Collection<T>', 'ReadOnlyCollection<T>' or 'KeyedCollection<K,V>' (https://learn.microsoft.com/dotnet/fundamentals/code-analysis/quality-rules/ca1002) [E:\vs\Projects\PlatformIndependentNuGetPackages\SunamoHtml\SunamoHtml\SunamoHtml.csproj::TargetFramework=net10.0]
E:\vs\Projects\PlatformIndependentNuGetPackages\SunamoHtml\SunamoHtml\HtmlAgilityHelper1.cs(188,19): warning CA1311: Specify a culture or use an invariant version to avoid implicit dependency on current culture (https://learn.microsoft.com/dotnet/fundamentals/code-analysis/quality-rules/ca1311) [E:\vs\Projects\PlatformIndependentNuGetPackages\SunamoHtml\SunamoHtml\SunamoHtml.csproj::TargetFramework=net10.0]
E:\vs\Projects\PlatformIndependentNuGetPackages\SunamoHtml\SunamoHtml\Html\HtmlHelperText.cs(391,30): warning CA1847: Use 'string.Contains(char)' instead of 'string.Contains(string)' when searching for a single character (https://learn.microsoft.com/dotnet/fundamentals/code-analysis/quality-rules/ca1847) [E:\vs\Projects\PlatformIndependentNuGetPackages\SunamoHtml\SunamoHtml\SunamoHtml.csproj::TargetFramework=net10.0]
E:\vs\Projects\PlatformIndependentNuGetPackages\SunamoHtml\SunamoHtml\HtmlAgilityHelper1.cs(188,15): warning CA1304: The behavior of 'string.ToLower()' could vary based on the current user's locale settings. Replace this call in 'HtmlAgilityHelper.Nodes(HtmlNode, bool, string)' with a call to 'string.ToLower(CultureInfo)'. (https://learn.microsoft.com/dotnet/fundamentals/code-analysis/quality-rules/ca1304) [E:\vs\Projects\PlatformIndependentNuGetPackages\SunamoHtml\SunamoHtml\SunamoHtml.csproj::TargetFramework=net10.0]
E:\vs\Projects\PlatformIndependentNuGetPackages\SunamoHtml\SunamoHtml\Html\HtmlHelperText.cs(391,13): warning CA1307: 'string.Contains(string)' has a method overload that takes a 'StringComparison' parameter. Replace this call in 'SunamoHtml.Html.HtmlHelperText.GetFirstTag(string)' with a call to 'string.Contains(string, System.StringComparison)' for clarity of intent. (https://learn.microsoft.com/dotnet/fundamentals/code-analysis/quality-rules/ca1307) [E:\vs\Projects\PlatformIndependentNuGetPackages\SunamoHtml\SunamoHtml\SunamoHtml.csproj::TargetFramework=net10.0]
E:\vs\Projects\PlatformIndependentNuGetPackages\SunamoHtml\SunamoHtml\Generators\HtmlGenerator21.cs(31,22): warning CA1062: In externally visible method 'string HtmlGenerator2.TopListWithImages(HtmlGenerator htmlGenerator, int widthImage, int heightImage, string initialImageUri, List<string> photoLinks, List<string> textLinks, List<string> innerHtmlText, List<string> srcPhoto, List<string> idBadges, string arrayName)', validate parameter 'srcPhoto' is non-null before using it. If appropriate, throw an 'ArgumentNullException' when the argument is 'null'. (https://learn.microsoft.com/dotnet/fundamentals/code-analysis/quality-rules/ca1062) [E:\vs\Projects\PlatformIndependentNuGetPackages\SunamoHtml\SunamoHtml\SunamoHtml.csproj::TargetFramework=net10.0]
E:\vs\Projects\PlatformIndependentNuGetPackages\SunamoHtml\SunamoHtml\Generators\HtmlGenerator21.cs(24,21): warning CA1062: In externally visible method 'string HtmlGenerator2.TopListWithImages(HtmlGenerator htmlGenerator, int widthImage, int heightImage, string initialImageUri, List<string> photoLinks, List<string> textLinks, List<string> innerHtmlText, List<string> srcPhoto, List<string> idBadges, string arrayName)', validate parameter 'photoLinks' is non-null before using it. If appropriate, throw an 'ArgumentNullException' when the argument is 'null'. (https://learn.microsoft.com/dotnet/fundamentals/code-analysis/quality-rules/ca1062) [E:\vs\Projects\PlatformIndependentNuGetPackages\SunamoHtml\SunamoHtml\SunamoHtml.csproj::TargetFramework=net10.0]
E:\vs\Projects\PlatformIndependentNuGetPackages\SunamoHtml\SunamoHtml\Generators\HtmlGenerator21.cs(29,22): warning CA1062: In externally visible method 'string HtmlGenerator2.TopListWithImages(HtmlGenerator htmlGenerator, int widthImage, int heightImage, string initialImageUri, List<string> photoLinks, List<string> textLinks, List<string> innerHtmlText, List<string> srcPhoto, List<string> idBadges, string arrayName)', validate parameter 'innerHtmlText' is non-null before using it. If appropriate, throw an 'ArgumentNullException' when the argument is 'null'. (https://learn.microsoft.com/dotnet/fundamentals/code-analysis/quality-rules/ca1062) [E:\vs\Projects\PlatformIndependentNuGetPackages\SunamoHtml\SunamoHtml\SunamoHtml.csproj::TargetFramework=net10.0]
E:\vs\Projects\PlatformIndependentNuGetPackages\SunamoHtml\SunamoHtml\Generators\HtmlGenerator21.cs(40,13): warning CA1062: In externally visible method 'string HtmlGenerator2.TopListWithImages(HtmlGenerator htmlGenerator, int widthImage, int heightImage, string initialImageUri, List<string> photoLinks, List<string> textLinks, List<string> innerHtmlText, List<string> srcPhoto, List<string> idBadges, string arrayName)', validate parameter 'htmlGenerator' is non-null before using it. If appropriate, throw an 'ArgumentNullException' when the argument is 'null'. (https://learn.microsoft.com/dotnet/fundamentals/code-analysis/quality-rules/ca1062) [E:\vs\Projects\PlatformIndependentNuGetPackages\SunamoHtml\SunamoHtml\SunamoHtml.csproj::TargetFramework=net10.0]
E:\vs\Projects\PlatformIndependentNuGetPackages\SunamoHtml\SunamoHtml\Generators\HtmlGenerator21.cs(33,22): warning CA1062: In externally visible method 'string HtmlGenerator2.TopListWithImages(HtmlGenerator htmlGenerator, int widthImage, int heightImage, string initialImageUri, List<string> photoLinks, List<string> textLinks, List<string> innerHtmlText, List<string> srcPhoto, List<string> idBadges, string arrayName)', validate parameter 'idBadges' is non-null before using it. If appropriate, throw an 'ArgumentNullException' when the argument is 'null'. (https://learn.microsoft.com/dotnet/fundamentals/code-analysis/quality-rules/ca1062) [E:\vs\Projects\PlatformIndependentNuGetPackages\SunamoHtml\SunamoHtml\SunamoHtml.csproj::TargetFramework=net10.0]
E:\vs\Projects\PlatformIndependentNuGetPackages\SunamoHtml\SunamoHtml\Generators\HtmlGenerator21.cs(27,22): warning CA1062: In externally visible method 'string HtmlGenerator2.TopListWithImages(HtmlGenerator htmlGenerator, int widthImage, int heightImage, string initialImageUri, List<string> photoLinks, List<string> textLinks, List<string> innerHtmlText, List<string> srcPhoto, List<string> idBadges, string arrayName)', validate parameter 'textLinks' is non-null before using it. If appropriate, throw an 'ArgumentNullException' when the argument is 'null'. (https://learn.microsoft.com/dotnet/fundamentals/code-analysis/quality-rules/ca1062) [E:\vs\Projects\PlatformIndependentNuGetPackages\SunamoHtml\SunamoHtml\SunamoHtml.csproj::TargetFramework=net10.0]
E:\vs\Projects\PlatformIndependentNuGetPackages\SunamoHtml\SunamoHtml\Generators\HtmlGenerator21.cs(208,29): warning CA1062: In externally visible method 'string HtmlGenerator2.GetRadioButtonsWoCheckDuplicate(string name, List<string> ids, List<string> labels, string eventHandlerSelected)', validate parameter 'ids' is non-null before using it. If appropriate, throw an 'ArgumentNullException' when the argument is 'null'. (https://learn.microsoft.com/dotnet/fundamentals/code-analysis/quality-rules/ca1062) [E:\vs\Projects\PlatformIndependentNuGetPackages\SunamoHtml\SunamoHtml\SunamoHtml.csproj::TargetFramework=net10.0]
E:\vs\Projects\PlatformIndependentNuGetPackages\SunamoHtml\SunamoHtml\Generators\HtmlGenerator21.cs(211,32): warning CA1062: In externally visible method 'string HtmlGenerator2.GetRadioButtonsWoCheckDuplicate(string name, List<string> ids, List<string> labels, string eventHandlerSelected)', validate parameter 'labels' is non-null before using it. If appropriate, throw an 'ArgumentNullException' when the argument is 'null'. (https://learn.microsoft.com/dotnet/fundamentals/code-analysis/quality-rules/ca1062) [E:\vs\Projects\PlatformIndependentNuGetPackages\SunamoHtml\SunamoHtml\SunamoHtml.csproj::TargetFramework=net10.0]
E:\vs\Projects\PlatformIndependentNuGetPackages\SunamoHtml\SunamoHtml\HtmlAgilityHelper1.cs(125,44): warning CA1307: 'string.Contains(string)' has a method overload that takes a 'StringComparison' parameter. Replace this call in 'SunamoHtml.HtmlAgilityHelper.HasTagAttr(HtmlAgilityPack.HtmlNode, string, string, bool, bool, bool)' with a call to 'string.Contains(string, System.StringComparison)' for clarity of intent. (https://learn.microsoft.com/dotnet/fundamentals/code-analysis/quality-rules/ca1307) [E:\vs\Projects\PlatformIndependentNuGetPackages\SunamoHtml\SunamoHtml\SunamoHtml.csproj::TargetFramework=net10.0]
E:\vs\Projects\PlatformIndependentNuGetPackages\SunamoHtml\SunamoHtml\HtmlAgilityHelper1.cs(132,26): warning CA1307: 'string.Contains(string)' has a method overload that takes a 'StringComparison' parameter. Replace this call in 'SunamoHtml.HtmlAgilityHelper.HasTagAttr(HtmlAgilityPack.HtmlNode, string, string, bool, bool, bool)' with a call to 'string.Contains(string, System.StringComparison)' for clarity of intent. (https://learn.microsoft.com/dotnet/fundamentals/code-analysis/quality-rules/ca1307) [E:\vs\Projects\PlatformIndependentNuGetPackages\SunamoHtml\SunamoHtml\SunamoHtml.csproj::TargetFramework=net10.0]
E:\vs\Projects\PlatformIndependentNuGetPackages\SunamoHtml\SunamoHtml\Html\HtmlHelperShared2.cs(214,30): warning CA1062: In externally visible method 'HtmlNode HtmlHelper.GetTag(HtmlNode htmlNode, string tagName)', validate parameter 'htmlNode' is non-null before using it. If appropriate, throw an 'ArgumentNullException' when the argument is 'null'. (https://learn.microsoft.com/dotnet/fundamentals/code-analysis/quality-rules/ca1062) [E:\vs\Projects\PlatformIndependentNuGetPackages\SunamoHtml\SunamoHtml\SunamoHtml.csproj::TargetFramework=net10.0]
E:\vs\Projects\PlatformIndependentNuGetPackages\SunamoHtml\SunamoHtml\Generators\HtmlGenerator21.cs(227,36): warning CA1062: In externally visible method 'string HtmlGenerator2.GetWordsForTagCloud(Dictionary<string, short> wordCount, string cssSelector)', validate parameter 'wordCount' is non-null before using it. If appropriate, throw an 'ArgumentNullException' when the argument is 'null'. (https://learn.microsoft.com/dotnet/fundamentals/code-analysis/quality-rules/ca1062) [E:\vs\Projects\PlatformIndependentNuGetPackages\SunamoHtml\SunamoHtml\SunamoHtml.csproj::TargetFramework=net10.0]
E:\vs\Projects\PlatformIndependentNuGetPackages\SunamoHtml\SunamoHtml\Generators\HtmlGenerator21.cs(255,194): warning CA1305: The behavior of 'short.ToString()' could vary based on the current user's locale settings. Replace this call in 'HtmlGenerator2.GetWordsForTagCloud(Dictionary<string, short>, string, string)' with a call to 'short.ToString(IFormatProvider)'. (https://learn.microsoft.com/dotnet/fundamentals/code-analysis/quality-rules/ca1305) [E:\vs\Projects\PlatformIndependentNuGetPackages\SunamoHtml\SunamoHtml\SunamoHtml.csproj::TargetFramework=net10.0]
E:\vs\Projects\PlatformIndependentNuGetPackages\SunamoHtml\SunamoHtml\Generators\HtmlGenerator21.cs(254,33): warning CA1307: 'string.Replace(string, string?)' has a method overload that takes a 'StringComparison' parameter. Replace this call in 'SunamoHtml.Generators.HtmlGenerator2.GetWordsForTagCloud(System.Collections.Generic.Dictionary<string, short>, string, string)' with a call to 'string.Replace(string, string?, System.StringComparison)' for clarity of intent. (https://learn.microsoft.com/dotnet/fundamentals/code-analysis/quality-rules/ca1307) [E:\vs\Projects\PlatformIndependentNuGetPackages\SunamoHtml\SunamoHtml\SunamoHtml.csproj::TargetFramework=net10.0]
E:\vs\Projects\PlatformIndependentNuGetPackages\SunamoHtml\SunamoHtml\HtmlAgilityHelper1.cs(250,75): warning CA1002: Change 'List<HtmlNode>' in 'HtmlAgilityHelper.RecursiveReturnTagsWithContainsAttr(List<HtmlNode>, HtmlNode, bool, string, string, string, bool, [bool])' to use 'Collection<T>', 'ReadOnlyCollection<T>' or 'KeyedCollection<K,V>' (https://learn.microsoft.com/dotnet/fundamentals/code-analysis/quality-rules/ca1002) [E:\vs\Projects\PlatformIndependentNuGetPackages\SunamoHtml\SunamoHtml\SunamoHtml.csproj::TargetFramework=net10.0]
E:\vs\Projects\PlatformIndependentNuGetPackages\SunamoHtml\SunamoHtml\Generators\HtmlGenerator21.cs(187,29): warning CA1062: In externally visible method 'string HtmlGenerator2.GetRadioButtonsWoCheckDuplicate(string name, List<string> ids, List<string> labels)', validate parameter 'ids' is non-null before using it. If appropriate, throw an 'ArgumentNullException' when the argument is 'null'. (https://learn.microsoft.com/dotnet/fundamentals/code-analysis/quality-rules/ca1062) [E:\vs\Projects\PlatformIndependentNuGetPackages\SunamoHtml\SunamoHtml\SunamoHtml.csproj::TargetFramework=net10.0]
E:\vs\Projects\PlatformIndependentNuGetPackages\SunamoHtml\SunamoHtml\Generators\HtmlGenerator21.cs(190,32): warning CA1062: In externally visible method 'string HtmlGenerator2.GetRadioButtonsWoCheckDuplicate(string name, List<string> ids, List<string> labels)', validate parameter 'labels' is non-null before using it. If appropriate, throw an 'ArgumentNullException' when the argument is 'null'. (https://learn.microsoft.com/dotnet/fundamentals/code-analysis/quality-rules/ca1062) [E:\vs\Projects\PlatformIndependentNuGetPackages\SunamoHtml\SunamoHtml\SunamoHtml.csproj::TargetFramework=net10.0]
E:\vs\Projects\PlatformIndependentNuGetPackages\SunamoHtml\SunamoHtml\Generators\HtmlGenerator21.cs(320,16): warning CA1307: 'string.Replace(string, string?)' has a method overload that takes a 'StringComparison' parameter. Replace this call in 'SunamoHtml.Generators.HtmlGenerator2.ShortForLettersCount(string, int)' with a call to 'string.Replace(string, string?, System.StringComparison)' for clarity of intent. (https://learn.microsoft.com/dotnet/fundamentals/code-analysis/quality-rules/ca1307) [E:\vs\Projects\PlatformIndependentNuGetPackages\SunamoHtml\SunamoHtml\SunamoHtml.csproj::TargetFramework=net10.0]
E:\vs\Projects\PlatformIndependentNuGetPackages\SunamoHtml\SunamoHtml\HtmlAgilityHelper1.cs(50,30): warning CA1062: In externally visible method 'List<HtmlNode> HtmlAgilityHelper.TrimComments(List<HtmlNode> nodes)', validate parameter 'nodes' is non-null before using it. If appropriate, throw an 'ArgumentNullException' when the argument is 'null'. (https://learn.microsoft.com/dotnet/fundamentals/code-analysis/quality-rules/ca1062) [E:\vs\Projects\PlatformIndependentNuGetPackages\SunamoHtml\SunamoHtml\SunamoHtml.csproj::TargetFramework=net10.0]
E:\vs\Projects\PlatformIndependentNuGetPackages\SunamoHtml\SunamoHtml\Generators\HtmlGenerator22.cs(16,118): warning CA1002: Change 'List<string>' in 'HtmlGenerator2.GetForCheckBoxListWoCheckDuplicate(string, string, List<string>, List<string>)' to use 'Collection<T>', 'ReadOnlyCollection<T>' or 'KeyedCollection<K,V>' (https://learn.microsoft.com/dotnet/fundamentals/code-analysis/quality-rules/ca1002) [E:\vs\Projects\PlatformIndependentNuGetPackages\SunamoHtml\SunamoHtml\SunamoHtml.csproj::TargetFramework=net10.0]
E:\vs\Projects\PlatformIndependentNuGetPackages\SunamoHtml\SunamoHtml\Generators\HtmlGenerator22.cs(16,145): warning CA1002: Change 'List<string>' in 'HtmlGenerator2.GetForCheckBoxListWoCheckDuplicate(string, string, List<string>, List<string>)' to use 'Collection<T>', 'ReadOnlyCollection<T>' or 'KeyedCollection<K,V>' (https://learn.microsoft.com/dotnet/fundamentals/code-analysis/quality-rules/ca1002) [E:\vs\Projects\PlatformIndependentNuGetPackages\SunamoHtml\SunamoHtml\SunamoHtml.csproj::TargetFramework=net10.0]
E:\vs\Projects\PlatformIndependentNuGetPackages\SunamoHtml\SunamoHtml\Html\HtmlHelperShared2.cs(257,34): warning CA1002: Change 'List<HtmlNode>' in 'HtmlHelper.ReturnAllTagsImg(HtmlNode, string)' to use 'Collection<T>', 'ReadOnlyCollection<T>' or 'KeyedCollection<K,V>' (https://learn.microsoft.com/dotnet/fundamentals/code-analysis/quality-rules/ca1002) [E:\vs\Projects\PlatformIndependentNuGetPackages\SunamoHtml\SunamoHtml\SunamoHtml.csproj::TargetFramework=net10.0]
E:\vs\Projects\PlatformIndependentNuGetPackages\SunamoHtml\SunamoHtml\Generators\HtmlGenerator22.cs(20,19): warning CA2201: Exception type System.Exception is not sufficiently specific (https://learn.microsoft.com/dotnet/fundamentals/code-analysis/quality-rules/ca2201) [E:\vs\Projects\PlatformIndependentNuGetPackages\SunamoHtml\SunamoHtml\SunamoHtml.csproj::TargetFramework=net10.0]
E:\vs\Projects\PlatformIndependentNuGetPackages\SunamoHtml\SunamoHtml\Generators\HtmlGenerator21.cs(320,16): warning CA1062: In externally visible method 'string HtmlGenerator2.ShortForLettersCount(string text, int maxLength)', validate parameter 'text' is non-null before using it. If appropriate, throw an 'ArgumentNullException' when the argument is 'null'. (https://learn.microsoft.com/dotnet/fundamentals/code-analysis/quality-rules/ca1062) [E:\vs\Projects\PlatformIndependentNuGetPackages\SunamoHtml\SunamoHtml\SunamoHtml.csproj::TargetFramework=net10.0]
E:\vs\Projects\PlatformIndependentNuGetPackages\SunamoHtml\SunamoHtml\HtmlAgilityHelper1.cs(268,75): warning CA1002: Change 'List<HtmlNode>' in 'HtmlAgilityHelper.RecursiveReturnTagsWithContainsAttr(List<HtmlNode>, HtmlNode, bool, string, string, string, bool, bool, [bool])' to use 'Collection<T>', 'ReadOnlyCollection<T>' or 'KeyedCollection<K,V>' (https://learn.microsoft.com/dotnet/fundamentals/code-analysis/quality-rules/ca1002) [E:\vs\Projects\PlatformIndependentNuGetPackages\SunamoHtml\SunamoHtml\SunamoHtml.csproj::TargetFramework=net10.0]
E:\vs\Projects\PlatformIndependentNuGetPackages\SunamoHtml\SunamoHtml\HtmlAgilityHelper1.cs(188,15): warning CA1062: In externally visible method 'List<HtmlNode> HtmlAgilityHelper.Nodes(HtmlNode node, bool isRecursive, string tag)', validate parameter 'tag' is non-null before using it. If appropriate, throw an 'ArgumentNullException' when the argument is 'null'. (https://learn.microsoft.com/dotnet/fundamentals/code-analysis/quality-rules/ca1062) [E:\vs\Projects\PlatformIndependentNuGetPackages\SunamoHtml\SunamoHtml\SunamoHtml.csproj::TargetFramework=net10.0]
E:\vs\Projects\PlatformIndependentNuGetPackages\SunamoHtml\SunamoHtml\Html\HtmlHelperShared2.cs(283,34): warning CA1002: Change 'List<HtmlNode>' in 'HtmlHelper.ReturnTags(HtmlNode, string)' to use 'Collection<T>', 'ReadOnlyCollection<T>' or 'KeyedCollection<K,V>' (https://learn.microsoft.com/dotnet/fundamentals/code-analysis/quality-rules/ca1002) [E:\vs\Projects\PlatformIndependentNuGetPackages\SunamoHtml\SunamoHtml\SunamoHtml.csproj::TargetFramework=net10.0]
E:\vs\Projects\PlatformIndependentNuGetPackages\SunamoHtml\SunamoHtml\HtmlAgilityHelper1.cs(271,27): warning CA1311: Specify a culture or use an invariant version to avoid implicit dependency on current culture (https://learn.microsoft.com/dotnet/fundamentals/code-analysis/quality-rules/ca1311) [E:\vs\Projects\PlatformIndependentNuGetPackages\SunamoHtml\SunamoHtml\SunamoHtml.csproj::TargetFramework=net10.0]
E:\vs\Projects\PlatformIndependentNuGetPackages\SunamoHtml\SunamoHtml\HtmlAgilityHelper1.cs(302,34): warning CA1002: Change 'List<HtmlNode>' in 'HtmlAgilityHelper.NodesWithAttrWildCard(HtmlNode, bool, string, string, string, [bool])' to use 'Collection<T>', 'ReadOnlyCollection<T>' or 'KeyedCollection<K,V>' (https://learn.microsoft.com/dotnet/fundamentals/code-analysis/quality-rules/ca1002) [E:\vs\Projects\PlatformIndependentNuGetPackages\SunamoHtml\SunamoHtml\SunamoHtml.csproj::TargetFramework=net10.0]
E:\vs\Projects\PlatformIndependentNuGetPackages\SunamoHtml\SunamoHtml\HtmlAgilityHelper1.cs(317,34): warning CA1002: Change 'List<HtmlNode>' in 'HtmlAgilityHelper.NodesWithAttr(HtmlNode, bool, string, string, string, [bool])' to use 'Collection<T>', 'ReadOnlyCollection<T>' or 'KeyedCollection<K,V>' (https://learn.microsoft.com/dotnet/fundamentals/code-analysis/quality-rules/ca1002) [E:\vs\Projects\PlatformIndependentNuGetPackages\SunamoHtml\SunamoHtml\SunamoHtml.csproj::TargetFramework=net10.0]
E:\vs\Projects\PlatformIndependentNuGetPackages\SunamoHtml\SunamoHtml\HtmlAgilityHelper1.cs(271,19): warning CA1304: The behavior of 'string.ToLower()' could vary based on the current user's locale settings. Replace this call in 'HtmlAgilityHelper.RecursiveReturnTagsWithContainsAttr(List<HtmlNode>, HtmlNode, bool, string, string, string, bool, bool, [bool])' with a call to 'string.ToLower(CultureInfo)'. (https://learn.microsoft.com/dotnet/fundamentals/code-analysis/quality-rules/ca1304) [E:\vs\Projects\PlatformIndependentNuGetPackages\SunamoHtml\SunamoHtml\SunamoHtml.csproj::TargetFramework=net10.0]
E:\vs\Projects\PlatformIndependentNuGetPackages\SunamoHtml\SunamoHtml\Generators\HtmlGenerator21.cs(282,13): warning CA1820: Test for empty strings using 'string.Length' property or 'string.IsNullOrEmpty' method instead of an Equality check (https://learn.microsoft.com/dotnet/fundamentals/code-analysis/quality-rules/ca1820) [E:\vs\Projects\PlatformIndependentNuGetPackages\SunamoHtml\SunamoHtml\SunamoHtml.csproj::TargetFramework=net10.0]
E:\vs\Projects\PlatformIndependentNuGetPackages\SunamoHtml\SunamoHtml\Generators\HtmlGenerator22.cs(42,9): warning CA1062: In externally visible method 'string HtmlGenerator2.HtmlGeneratorToString(Action<HtmlGenerator> action)', validate parameter 'action' is non-null before using it. If appropriate, throw an 'ArgumentNullException' when the argument is 'null'. (https://learn.microsoft.com/dotnet/fundamentals/code-analysis/quality-rules/ca1062) [E:\vs\Projects\PlatformIndependentNuGetPackages\SunamoHtml\SunamoHtml\SunamoHtml.csproj::TargetFramework=net10.0]
E:\vs\Projects\PlatformIndependentNuGetPackages\SunamoHtml\SunamoHtml\Html\HtmlHelperShared3.cs(47,34): warning CA1002: Change 'List<HtmlNode>' in 'HtmlHelper.ReturnTagsWithAttrRek2(HtmlNode, string, string, string)' to use 'Collection<T>', 'ReadOnlyCollection<T>' or 'KeyedCollection<K,V>' (https://learn.microsoft.com/dotnet/fundamentals/code-analysis/quality-rules/ca1002) [E:\vs\Projects\PlatformIndependentNuGetPackages\SunamoHtml\SunamoHtml\SunamoHtml.csproj::TargetFramework=net10.0]
E:\vs\Projects\PlatformIndependentNuGetPackages\SunamoHtml\SunamoHtml\Generators\HtmlGenerator22.cs(89,55): warning CA1054: Change the type of parameter 'uri' of method 'HtmlGenerator2.AnchorWithCustomLabel(string, string)' from 'string' to 'System.Uri', or provide an overload to 'HtmlGenerator2.AnchorWithCustomLabel(string, string)' that allows 'uri' to be passed as a 'System.Uri' object (https://learn.microsoft.com/dotnet/fundamentals/code-analysis/quality-rules/ca1054) [E:\vs\Projects\PlatformIndependentNuGetPackages\SunamoHtml\SunamoHtml\SunamoHtml.csproj::TargetFramework=net10.0]
E:\vs\Projects\PlatformIndependentNuGetPackages\SunamoHtml\SunamoHtml\Html\HtmlHelperShared3.cs(66,34): warning CA1002: Change 'List<HtmlNode>' in 'HtmlHelper.GetTagsOfAtribute(HtmlNode, string, string, string)' to use 'Collection<T>', 'ReadOnlyCollection<T>' or 'KeyedCollection<K,V>' (https://learn.microsoft.com/dotnet/fundamentals/code-analysis/quality-rules/ca1002) [E:\vs\Projects\PlatformIndependentNuGetPackages\SunamoHtml\SunamoHtml\SunamoHtml.csproj::TargetFramework=net10.0]
E:\vs\Projects\PlatformIndependentNuGetPackages\SunamoHtml\SunamoHtml\Html\HtmlHelperShared2.cs(286,30): warning CA1062: In externally visible method 'List<HtmlNode> HtmlHelper.ReturnTags(HtmlNode htmlNode, string tagName)', validate parameter 'htmlNode' is non-null before using it. If appropriate, throw an 'ArgumentNullException' when the argument is 'null'. (https://learn.microsoft.com/dotnet/fundamentals/code-analysis/quality-rules/ca1062) [E:\vs\Projects\PlatformIndependentNuGetPackages\SunamoHtml\SunamoHtml\SunamoHtml.csproj::TargetFramework=net10.0]
E:\vs\Projects\PlatformIndependentNuGetPackages\SunamoHtml\SunamoHtml\Generators\HtmlGenerator22.cs(100,54): warning CA1002: Change 'List<string>' in 'HtmlGenerator2.AllMonthsTable(List<string>, List<string>)' to use 'Collection<T>', 'ReadOnlyCollection<T>' or 'KeyedCollection<K,V>' (https://learn.microsoft.com/dotnet/fundamentals/code-analysis/quality-rules/ca1002) [E:\vs\Projects\PlatformIndependentNuGetPackages\SunamoHtml\SunamoHtml\SunamoHtml.csproj::TargetFramework=net10.0]
E:\vs\Projects\PlatformIndependentNuGetPackages\SunamoHtml\SunamoHtml\Generators\HtmlGenerator22.cs(100,86): warning CA1002: Change 'List<string>' in 'HtmlGenerator2.AllMonthsTable(List<string>, List<string>)' to use 'Collection<T>', 'ReadOnlyCollection<T>' or 'KeyedCollection<K,V>' (https://learn.microsoft.com/dotnet/fundamentals/code-analysis/quality-rules/ca1002) [E:\vs\Projects\PlatformIndependentNuGetPackages\SunamoHtml\SunamoHtml\SunamoHtml.csproj::TargetFramework=net10.0]
E:\vs\Projects\PlatformIndependentNuGetPackages\SunamoHtml\SunamoHtml\Html\HtmlHelperShared3.cs(102,75): warning CA1002: Change 'List<HtmlNode>' in 'HtmlHelper.RecursiveReturnTagsWithContainsAttr(List<HtmlNode>, HtmlNode, string, string, string, bool, bool)' to use 'Collection<T>', 'ReadOnlyCollection<T>' or 'KeyedCollection<K,V>' (https://learn.microsoft.com/dotnet/fundamentals/code-analysis/quality-rules/ca1002) [E:\vs\Projects\PlatformIndependentNuGetPackages\SunamoHtml\SunamoHtml\SunamoHtml.csproj::TargetFramework=net10.0]
E:\vs\Projects\PlatformIndependentNuGetPackages\SunamoHtml\SunamoHtml\Html\HtmlHelperShared2.cs(260,30): warning CA1062: In externally visible method 'List<HtmlNode> HtmlHelper.ReturnAllTagsImg(HtmlNode htmlNode, string tagName)', validate parameter 'htmlNode' is non-null before using it. If appropriate, throw an 'ArgumentNullException' when the argument is 'null'. (https://learn.microsoft.com/dotnet/fundamentals/code-analysis/quality-rules/ca1062) [E:\vs\Projects\PlatformIndependentNuGetPackages\SunamoHtml\SunamoHtml\SunamoHtml.csproj::TargetFramework=net10.0]
E:\vs\Projects\PlatformIndependentNuGetPackages\SunamoHtml\SunamoHtml\Generators\HtmlGenerator22.cs(66,9): warning CA1062: In externally visible method 'void HtmlGenerator2.ButtonDelete(HtmlGenerator htmlGenerator, string text, string attributeName, string attributeValue)', validate parameter 'htmlGenerator' is non-null before using it. If appropriate, throw an 'ArgumentNullException' when the argument is 'null'. (https://learn.microsoft.com/dotnet/fundamentals/code-analysis/quality-rules/ca1062) [E:\vs\Projects\PlatformIndependentNuGetPackages\SunamoHtml\SunamoHtml\SunamoHtml.csproj::TargetFramework=net10.0]
E:\vs\Projects\PlatformIndependentNuGetPackages\SunamoHtml\SunamoHtml\Html\HtmlHelperShared3.cs(108,30): warning CA1307: 'string.Contains(string)' has a method overload that takes a 'StringComparison' parameter. Replace this call in 'SunamoHtml.Html.HtmlHelper.RecursiveReturnTagsWithContainsAttr(System.Collections.Generic.List<HtmlAgilityPack.HtmlNode>, HtmlAgilityPack.HtmlNode, string, string, string, bool, bool)' with a call to 'string.Contains(string, System.StringComparison)' for clarity of intent. (https://learn.microsoft.com/dotnet/fundamentals/code-analysis/quality-rules/ca1307) [E:\vs\Projects\PlatformIndependentNuGetPackages\SunamoHtml\SunamoHtml\SunamoHtml.csproj::TargetFramework=net10.0]
E:\vs\Projects\PlatformIndependentNuGetPackages\SunamoHtml\SunamoHtml\Html\HtmlHelperShared3.cs(159,34): warning CA1002: Change 'List<HtmlNode>' in 'HtmlHelper.ReturnTagsWithContainsAttrRek(HtmlNode, string, string, string)' to use 'Collection<T>', 'ReadOnlyCollection<T>' or 'KeyedCollection<K,V>' (https://learn.microsoft.com/dotnet/fundamentals/code-analysis/quality-rules/ca1002) [E:\vs\Projects\PlatformIndependentNuGetPackages\SunamoHtml\SunamoHtml\SunamoHtml.csproj::TargetFramework=net10.0]
E:\vs\Projects\PlatformIndependentNuGetPackages\SunamoHtml\SunamoHtml\Generators\HtmlGenerator22.cs(103,19): warning CA2201: Exception type System.Exception is not sufficiently specific (https://learn.microsoft.com/dotnet/fundamentals/code-analysis/quality-rules/ca2201) [E:\vs\Projects\PlatformIndependentNuGetPackages\SunamoHtml\SunamoHtml\SunamoHtml.csproj::TargetFramework=net10.0]
E:\vs\Projects\PlatformIndependentNuGetPackages\SunamoHtml\SunamoHtml\Generators\HtmlGenerator22.cs(105,19): warning CA2201: Exception type System.Exception is not sufficiently specific (https://learn.microsoft.com/dotnet/fundamentals/code-analysis/quality-rules/ca2201) [E:\vs\Projects\PlatformIndependentNuGetPackages\SunamoHtml\SunamoHtml\SunamoHtml.csproj::TargetFramework=net10.0]
E:\vs\Projects\PlatformIndependentNuGetPackages\SunamoHtml\SunamoHtml\Html\HtmlHelperShared.cs(227,29): warning CA1062: In externally visible method 'string HtmlHelper.HighlightingWords(string entireContent, int maxLettersPerSentence, int sentenceCount, List<string> searchedWords)', validate parameter 'searchedWords' is non-null before using it. If appropriate, throw an 'ArgumentNullException' when the argument is 'null'. (https://learn.microsoft.com/dotnet/fundamentals/code-analysis/quality-rules/ca1062) [E:\vs\Projects\PlatformIndependentNuGetPackages\SunamoHtml\SunamoHtml\SunamoHtml.csproj::TargetFramework=net10.0]
E:\vs\Projects\PlatformIndependentNuGetPackages\SunamoHtml\SunamoHtml\Html\HtmlHelperShared.cs(229,25): warning CA1062: In externally visible method 'string HtmlHelper.HighlightingWords(string entireContent, int maxLettersPerSentence, int sentenceCount, List<string> searchedWords)', validate parameter 'entireContent' is non-null before using it. If appropriate, throw an 'ArgumentNullException' when the argument is 'null'. (https://learn.microsoft.com/dotnet/fundamentals/code-analysis/quality-rules/ca1062) [E:\vs\Projects\PlatformIndependentNuGetPackages\SunamoHtml\SunamoHtml\SunamoHtml.csproj::TargetFramework=net10.0]
E:\vs\Projects\PlatformIndependentNuGetPackages\SunamoHtml\SunamoHtml\Generators\HtmlGenerator22.cs(19,35): warning CA1062: In externally visible method 'string HtmlGenerator2.GetForCheckBoxListWoCheckDuplicate(string idClassCheckbox, string idClassSpan, List<string> idCheckBoxes, List<string> list)', validate parameter 'list' is non-null before using it. If appropriate, throw an 'ArgumentNullException' when the argument is 'null'. (https://learn.microsoft.com/dotnet/fundamentals/code-analysis/quality-rules/ca1062) [E:\vs\Projects\PlatformIndependentNuGetPackages\SunamoHtml\SunamoHtml\SunamoHtml.csproj::TargetFramework=net10.0]
E:\vs\Projects\PlatformIndependentNuGetPackages\SunamoHtml\SunamoHtml\Generators\HtmlGenerator22.cs(19,13): warning CA1062: In externally visible method 'string HtmlGenerator2.GetForCheckBoxListWoCheckDuplicate(string idClassCheckbox, string idClassSpan, List<string> idCheckBoxes, List<string> list)', validate parameter 'idCheckBoxes' is non-null before using it. If appropriate, throw an 'ArgumentNullException' when the argument is 'null'. (https://learn.microsoft.com/dotnet/fundamentals/code-analysis/quality-rules/ca1062) [E:\vs\Projects\PlatformIndependentNuGetPackages\SunamoHtml\SunamoHtml\SunamoHtml.csproj::TargetFramework=net10.0]
E:\vs\Projects\PlatformIndependentNuGetPackages\SunamoHtml\SunamoHtml\Generators\HtmlGenerator22.cs(156,53): warning CA1002: Change 'List<string>' in 'HtmlGenerator2.AllYearsTable(List<string>, List<string>, List<string>)' to use 'Collection<T>', 'ReadOnlyCollection<T>' or 'KeyedCollection<K,V>' (https://learn.microsoft.com/dotnet/fundamentals/code-analysis/quality-rules/ca1002) [E:\vs\Projects\PlatformIndependentNuGetPackages\SunamoHtml\SunamoHtml\SunamoHtml.csproj::TargetFramework=net10.0]
E:\vs\Projects\PlatformIndependentNuGetPackages\SunamoHtml\SunamoHtml\Generators\HtmlGenerator22.cs(156,73): warning CA1002: Change 'List<string>' in 'HtmlGenerator2.AllYearsTable(List<string>, List<string>, List<string>)' to use 'Collection<T>', 'ReadOnlyCollection<T>' or 'KeyedCollection<K,V>' (https://learn.microsoft.com/dotnet/fundamentals/code-analysis/quality-rules/ca1002) [E:\vs\Projects\PlatformIndependentNuGetPackages\SunamoHtml\SunamoHtml\SunamoHtml.csproj::TargetFramework=net10.0]
E:\vs\Projects\PlatformIndependentNuGetPackages\SunamoHtml\SunamoHtml\Generators\HtmlGenerator22.cs(156,105): warning CA1002: Change 'List<string>' in 'HtmlGenerator2.AllYearsTable(List<string>, List<string>, List<string>)' to use 'Collection<T>', 'ReadOnlyCollection<T>' or 'KeyedCollection<K,V>' (https://learn.microsoft.com/dotnet/fundamentals/code-analysis/quality-rules/ca1002) [E:\vs\Projects\PlatformIndependentNuGetPackages\SunamoHtml\SunamoHtml\SunamoHtml.csproj::TargetFramework=net10.0]
E:\vs\Projects\PlatformIndependentNuGetPackages\SunamoHtml\SunamoHtml\Html\HtmlHelperShared3.cs(177,34): warning CA1002: Change 'List<HtmlNode>' in 'HtmlHelper.ReturnTagsWithContainsAttrRek(HtmlNode, string, string, string, bool, bool)' to use 'Collection<T>', 'ReadOnlyCollection<T>' or 'KeyedCollection<K,V>' (https://learn.microsoft.com/dotnet/fundamentals/code-analysis/quality-rules/ca1002) [E:\vs\Projects\PlatformIndependentNuGetPackages\SunamoHtml\SunamoHtml\SunamoHtml.csproj::TargetFramework=net10.0]
E:\vs\Projects\PlatformIndependentNuGetPackages\SunamoHtml\SunamoHtml\Html\HtmlHelperShared3.cs(193,34): warning CA1002: Change 'List<HtmlNode>' in 'HtmlHelper.ReturnTagsWithContainsClassRek(HtmlNode, string, string)' to use 'Collection<T>', 'ReadOnlyCollection<T>' or 'KeyedCollection<K,V>' (https://learn.microsoft.com/dotnet/fundamentals/code-analysis/quality-rules/ca1002) [E:\vs\Projects\PlatformIndependentNuGetPackages\SunamoHtml\SunamoHtml\SunamoHtml.csproj::TargetFramework=net10.0]
E:\vs\Projects\PlatformIndependentNuGetPackages\SunamoHtml\SunamoHtml\Generators\HtmlGenerator22.cs(160,19): warning CA2201: Exception type System.Exception is not sufficiently specific (https://learn.microsoft.com/dotnet/fundamentals/code-analysis/quality-rules/ca2201) [E:\vs\Projects\PlatformIndependentNuGetPackages\SunamoHtml\SunamoHtml\SunamoHtml.csproj::TargetFramework=net10.0]
E:\vs\Projects\PlatformIndependentNuGetPackages\SunamoHtml\SunamoHtml\Generators\HtmlGenerator22.cs(162,19): warning CA2201: Exception type System.Exception is not sufficiently specific (https://learn.microsoft.com/dotnet/fundamentals/code-analysis/quality-rules/ca2201) [E:\vs\Projects\PlatformIndependentNuGetPackages\SunamoHtml\SunamoHtml\SunamoHtml.csproj::TargetFramework=net10.0]
E:\vs\Projects\PlatformIndependentNuGetPackages\SunamoHtml\SunamoHtml\Html\HtmlHelperShared3.cs(69,35): warning CA1062: In externally visible method 'List<HtmlNode> HtmlHelper.GetTagsOfAtribute(HtmlNode htmlNode, string tagName, string attributeName, string attributeValue)', validate parameter 'htmlNode' is non-null before using it. If appropriate, throw an 'ArgumentNullException' when the argument is 'null'. (https://learn.microsoft.com/dotnet/fundamentals/code-analysis/quality-rules/ca1062) [E:\vs\Projects\PlatformIndependentNuGetPackages\SunamoHtml\SunamoHtml\SunamoHtml.csproj::TargetFramework=net10.0]
E:\vs\Projects\PlatformIndependentNuGetPackages\SunamoHtml\SunamoHtml\Html\HtmlHelperShared3.cs(196,72): warning CA1062: In externally visible method 'List<HtmlNode> HtmlHelper.ReturnTagsWithContainsClassRek(HtmlNode htmlNode, string tagName, string className)', validate parameter 'htmlNode' is non-null before using it. If appropriate, throw an 'ArgumentNullException' when the argument is 'null'. (https://learn.microsoft.com/dotnet/fundamentals/code-analysis/quality-rules/ca1062) [E:\vs\Projects\PlatformIndependentNuGetPackages\SunamoHtml\SunamoHtml\SunamoHtml.csproj::TargetFramework=net10.0]
E:\vs\Projects\PlatformIndependentNuGetPackages\SunamoHtml\SunamoHtml\Generators\HtmlGenerator22.cs(247,83): warning CA1002: Change 'List<string>' in 'HtmlGenerator2.GetForUlWoCheckDuplicate(string, List<string>)' to use 'Collection<T>', 'ReadOnlyCollection<T>' or 'KeyedCollection<K,V>' (https://learn.microsoft.com/dotnet/fundamentals/code-analysis/quality-rules/ca1002) [E:\vs\Projects\PlatformIndependentNuGetPackages\SunamoHtml\SunamoHtml\SunamoHtml.csproj::TargetFramework=net10.0]
E:\vs\Projects\PlatformIndependentNuGetPackages\SunamoHtml\SunamoHtml\Html\HtmlHelperShared3.cs(50,40): warning CA1062: In externally visible method 'List<HtmlNode> HtmlHelper.ReturnTagsWithAttrRek2(HtmlNode htmlNode, string tagName, string attributeName, string attributeValue)', validate parameter 'htmlNode' is non-null before using it. If appropriate, throw an 'ArgumentNullException' when the argument is 'null'. (https://learn.microsoft.com/dotnet/fundamentals/code-analysis/quality-rules/ca1062) [E:\vs\Projects\PlatformIndependentNuGetPackages\SunamoHtml\SunamoHtml\SunamoHtml.csproj::TargetFramework=net10.0]
E:\vs\Projects\PlatformIndependentNuGetPackages\SunamoHtml\SunamoHtml\Generators\HtmlGenerator22.cs(261,83): warning CA1002: Change 'List<string>' in 'HtmlGenerator2.GetForUlWoCheckDuplicate(string, List<string>, string, string, [string])' to use 'Collection<T>', 'ReadOnlyCollection<T>' or 'KeyedCollection<K,V>' (https://learn.microsoft.com/dotnet/fundamentals/code-analysis/quality-rules/ca1002) [E:\vs\Projects\PlatformIndependentNuGetPackages\SunamoHtml\SunamoHtml\SunamoHtml.csproj::TargetFramework=net10.0]
E:\vs\Projects\PlatformIndependentNuGetPackages\SunamoHtml\SunamoHtml\HtmlAgilityHelper1.cs(166,17): warning CA1062: In externally visible method 'void HtmlAgilityHelper.RecursiveReturnTags(List<HtmlNode> result, HtmlNode htmlNode, bool isRecursive, bool isSingle, string tagName)', validate parameter 'result' is non-null before using it. If appropriate, throw an 'ArgumentNullException' when the argument is 'null'. (https://learn.microsoft.com/dotnet/fundamentals/code-analysis/quality-rules/ca1062) [E:\vs\Projects\PlatformIndependentNuGetPackages\SunamoHtml\SunamoHtml\SunamoHtml.csproj::TargetFramework=net10.0]
E:\vs\Projects\PlatformIndependentNuGetPackages\SunamoHtml\SunamoHtml\Generators\HtmlGenerator22.cs(201,39): warning CA1062: In externally visible method 'string HtmlGenerator2.GenerateTreeWithCheckBoxes(NTreeHtml<string> tree)', validate parameter 'tree' is non-null before using it. If appropriate, throw an 'ArgumentNullException' when the argument is 'null'. (https://learn.microsoft.com/dotnet/fundamentals/code-analysis/quality-rules/ca1062) [E:\vs\Projects\PlatformIndependentNuGetPackages\SunamoHtml\SunamoHtml\SunamoHtml.csproj::TargetFramework=net10.0]
E:\vs\Projects\PlatformIndependentNuGetPackages\SunamoHtml\SunamoHtml\Generators\HtmlGenerator22.cs(301,67): warning CA1002: Change 'List<string>' in 'HtmlGenerator2.GetForUl(string, List<string>, List<string>, bool)' to use 'Collection<T>', 'ReadOnlyCollection<T>' or 'KeyedCollection<K,V>' (https://learn.microsoft.com/dotnet/fundamentals/code-analysis/quality-rules/ca1002) [E:\vs\Projects\PlatformIndependentNuGetPackages\SunamoHtml\SunamoHtml\SunamoHtml.csproj::TargetFramework=net10.0]
E:\vs\Projects\PlatformIndependentNuGetPackages\SunamoHtml\SunamoHtml\Generators\HtmlGenerator22.cs(301,85): warning CA1002: Change 'List<string>' in 'HtmlGenerator2.GetForUl(string, List<string>, List<string>, bool)' to use 'Collection<T>', 'ReadOnlyCollection<T>' or 'KeyedCollection<K,V>' (https://learn.microsoft.com/dotnet/fundamentals/code-analysis/quality-rules/ca1002) [E:\vs\Projects\PlatformIndependentNuGetPackages\SunamoHtml\SunamoHtml\SunamoHtml.csproj::TargetFramework=net10.0]
E:\vs\Projects\PlatformIndependentNuGetPackages\SunamoHtml\SunamoHtml\Generators\HtmlGenerator22.cs(270,36): warning CA1307: 'string.Replace(string, string?)' has a method overload that takes a 'StringComparison' parameter. Replace this call in 'SunamoHtml.Generators.HtmlGenerator2.GetForUlWoCheckDuplicate(string, System.Collections.Generic.List<string>, string, string, string)' with a call to 'string.Replace(string, string?, System.StringComparison)' for clarity of intent. (https://learn.microsoft.com/dotnet/fundamentals/code-analysis/quality-rules/ca1307) [E:\vs\Projects\PlatformIndependentNuGetPackages\SunamoHtml\SunamoHtml\SunamoHtml.csproj::TargetFramework=net10.0]
E:\vs\Projects\PlatformIndependentNuGetPackages\SunamoHtml\SunamoHtml\Generators\HtmlGenerator23.cs(27,64): warning CA1002: Change 'List<string>' in 'HtmlGenerator2.GetForUlWoCheckDuplicate(List<string>, List<string>)' to use 'Collection<T>', 'ReadOnlyCollection<T>' or 'KeyedCollection<K,V>' (https://learn.microsoft.com/dotnet/fundamentals/code-analysis/quality-rules/ca1002) [E:\vs\Projects\PlatformIndependentNuGetPackages\SunamoHtml\SunamoHtml\SunamoHtml.csproj::TargetFramework=net10.0]
E:\vs\Projects\PlatformIndependentNuGetPackages\SunamoHtml\SunamoHtml\Generators\HtmlGenerator23.cs(38,64): warning CA1002: Change 'List<string>' in 'HtmlGenerator2.GetForUlWoCheckDuplicate(List<string>)' to use 'Collection<T>', 'ReadOnlyCollection<T>' or 'KeyedCollection<K,V>' (https://learn.microsoft.com/dotnet/fundamentals/code-analysis/quality-rules/ca1002) [E:\vs\Projects\PlatformIndependentNuGetPackages\SunamoHtml\SunamoHtml\SunamoHtml.csproj::TargetFramework=net10.0]
E:\vs\Projects\PlatformIndependentNuGetPackages\SunamoHtml\SunamoHtml\Generators\HtmlGenerator23.cs(15,83): warning CA1002: Change 'List<string>' in 'HtmlGenerator2.GetForUlWoCheckDuplicate(string, List<string>, List<string>)' to use 'Collection<T>', 'ReadOnlyCollection<T>' or 'KeyedCollection<K,V>' (https://learn.microsoft.com/dotnet/fundamentals/code-analysis/quality-rules/ca1002) [E:\vs\Projects\PlatformIndependentNuGetPackages\SunamoHtml\SunamoHtml\SunamoHtml.csproj::TargetFramework=net10.0]
E:\vs\Projects\PlatformIndependentNuGetPackages\SunamoHtml\SunamoHtml\Generators\HtmlGenerator23.cs(27,86): warning CA1002: Change 'List<string>' in 'HtmlGenerator2.GetForUlWoCheckDuplicate(List<string>, List<string>)' to use 'Collection<T>', 'ReadOnlyCollection<T>' or 'KeyedCollection<K,V>' (https://learn.microsoft.com/dotnet/fundamentals/code-analysis/quality-rules/ca1002) [E:\vs\Projects\PlatformIndependentNuGetPackages\SunamoHtml\SunamoHtml\SunamoHtml.csproj::TargetFramework=net10.0]
E:\vs\Projects\PlatformIndependentNuGetPackages\SunamoHtml\SunamoHtml\Generators\HtmlGenerator23.cs(15,101): warning CA1002: Change 'List<string>' in 'HtmlGenerator2.GetForUlWoCheckDuplicate(string, List<string>, List<string>)' to use 'Collection<T>', 'ReadOnlyCollection<T>' or 'KeyedCollection<K,V>' (https://learn.microsoft.com/dotnet/fundamentals/code-analysis/quality-rules/ca1002) [E:\vs\Projects\PlatformIndependentNuGetPackages\SunamoHtml\SunamoHtml\SunamoHtml.csproj::TargetFramework=net10.0]
E:\vs\Projects\PlatformIndependentNuGetPackages\SunamoHtml\SunamoHtml\Generators\HtmlGenerator23.cs(57,80): warning CA1002: Change 'List<string>' in 'HtmlGenerator2.GetUlWoCheckDuplicate(string, List<string>)' to use 'Collection<T>', 'ReadOnlyCollection<T>' or 'KeyedCollection<K,V>' (https://learn.microsoft.com/dotnet/fundamentals/code-analysis/quality-rules/ca1002) [E:\vs\Projects\PlatformIndependentNuGetPackages\SunamoHtml\SunamoHtml\SunamoHtml.csproj::TargetFramework=net10.0]
E:\vs\Projects\PlatformIndependentNuGetPackages\SunamoHtml\SunamoHtml\Generators\HtmlGenerator23.cs(64,67): warning CA1305: The behavior of 'int.ToString()' could vary based on the current user's locale settings. Replace this call in 'HtmlGenerator2.GetUlWoCheckDuplicate(string, List<string>)' with a call to 'int.ToString(IFormatProvider)'. (https://learn.microsoft.com/dotnet/fundamentals/code-analysis/quality-rules/ca1305) [E:\vs\Projects\PlatformIndependentNuGetPackages\SunamoHtml\SunamoHtml\SunamoHtml.csproj::TargetFramework=net10.0]
E:\vs\Projects\PlatformIndependentNuGetPackages\SunamoHtml\SunamoHtml\Generators\HtmlGenerator23.cs(80,61): warning CA1002: Change 'List<string>' in 'HtmlGenerator2.GetUlWoCheckDuplicate(List<string>, string)' to use 'Collection<T>', 'ReadOnlyCollection<T>' or 'KeyedCollection<K,V>' (https://learn.microsoft.com/dotnet/fundamentals/code-analysis/quality-rules/ca1002) [E:\vs\Projects\PlatformIndependentNuGetPackages\SunamoHtml\SunamoHtml\SunamoHtml.csproj::TargetFramework=net10.0]
E:\vs\Projects\PlatformIndependentNuGetPackages\SunamoHtml\SunamoHtml\Generators\HtmlGenerator23.cs(91,61): warning CA1002: Change 'List<string>' in 'HtmlGenerator2.GetUlWoCheckDuplicate(List<string>, List<string>)' to use 'Collection<T>', 'ReadOnlyCollection<T>' or 'KeyedCollection<K,V>' (https://learn.microsoft.com/dotnet/fundamentals/code-analysis/quality-rules/ca1002) [E:\vs\Projects\PlatformIndependentNuGetPackages\SunamoHtml\SunamoHtml\SunamoHtml.csproj::TargetFramework=net10.0]
E:\vs\Projects\PlatformIndependentNuGetPackages\SunamoHtml\SunamoHtml\Generators\HtmlGenerator23.cs(91,83): warning CA1002: Change 'List<string>' in 'HtmlGenerator2.GetUlWoCheckDuplicate(List<string>, List<string>)' to use 'Collection<T>', 'ReadOnlyCollection<T>' or 'KeyedCollection<K,V>' (https://learn.microsoft.com/dotnet/fundamentals/code-analysis/quality-rules/ca1002) [E:\vs\Projects\PlatformIndependentNuGetPackages\SunamoHtml\SunamoHtml\SunamoHtml.csproj::TargetFramework=net10.0]
E:\vs\Projects\PlatformIndependentNuGetPackages\SunamoHtml\SunamoHtml\Generators\HtmlGenerator23.cs(41,29): warning CA1062: In externally visible method 'string HtmlGenerator2.GetForUlWoCheckDuplicate(List<string> items)', validate parameter 'items' is non-null before using it. If appropriate, throw an 'ArgumentNullException' when the argument is 'null'. (https://learn.microsoft.com/dotnet/fundamentals/code-analysis/quality-rules/ca1062) [E:\vs\Projects\PlatformIndependentNuGetPackages\SunamoHtml\SunamoHtml\SunamoHtml.csproj::TargetFramework=net10.0]
E:\vs\Projects\PlatformIndependentNuGetPackages\SunamoHtml\SunamoHtml\Generators\HtmlGenerator22.cs(159,13): warning CA1062: In externally visible method 'string HtmlGenerator2.AllYearsTable(List<string> years, List<string> allYearsHtmlBoxes, List<string> allYearsBoxColors)', validate parameter 'allYearsHtmlBoxes' is non-null before using it. If appropriate, throw an 'ArgumentNullException' when the argument is 'null'. (https://learn.microsoft.com/dotnet/fundamentals/code-analysis/quality-rules/ca1062) [E:\vs\Projects\PlatformIndependentNuGetPackages\SunamoHtml\SunamoHtml\SunamoHtml.csproj::TargetFramework=net10.0]
E:\vs\Projects\PlatformIndependentNuGetPackages\SunamoHtml\SunamoHtml\Generators\HtmlGenerator22.cs(158,26): warning CA1062: In externally visible method 'string HtmlGenerator2.AllYearsTable(List<string> years, List<string> allYearsHtmlBoxes, List<string> allYearsBoxColors)', validate parameter 'years' is non-null before using it. If appropriate, throw an 'ArgumentNullException' when the argument is 'null'. (https://learn.microsoft.com/dotnet/fundamentals/code-analysis/quality-rules/ca1062) [E:\vs\Projects\PlatformIndependentNuGetPackages\SunamoHtml\SunamoHtml\SunamoHtml.csproj::TargetFramework=net10.0]
E:\vs\Projects\PlatformIndependentNuGetPackages\SunamoHtml\SunamoHtml\Generators\HtmlGenerator22.cs(161,13): warning CA1062: In externally visible method 'string HtmlGenerator2.AllYearsTable(List<string> years, List<string> allYearsHtmlBoxes, List<string> allYearsBoxColors)', validate parameter 'allYearsBoxColors' is non-null before using it. If appropriate, throw an 'ArgumentNullException' when the argument is 'null'. (https://learn.microsoft.com/dotnet/fundamentals/code-analysis/quality-rules/ca1062) [E:\vs\Projects\PlatformIndependentNuGetPackages\SunamoHtml\SunamoHtml\SunamoHtml.csproj::TargetFramework=net10.0]
E:\vs\Projects\PlatformIndependentNuGetPackages\SunamoHtml\SunamoHtml\Generators\HtmlGenerator22.cs(264,29): warning CA1062: In externally visible method 'string HtmlGenerator2.GetForUlWoCheckDuplicate(string baseAnchor, List<string> ids, string findInText, string replaceInText, string suffix = "")', validate parameter 'ids' is non-null before using it. If appropriate, throw an 'ArgumentNullException' when the argument is 'null'. (https://learn.microsoft.com/dotnet/fundamentals/code-analysis/quality-rules/ca1062) [E:\vs\Projects\PlatformIndependentNuGetPackages\SunamoHtml\SunamoHtml\SunamoHtml.csproj::TargetFramework=net10.0]
E:\vs\Projects\PlatformIndependentNuGetPackages\SunamoHtml\SunamoHtml\Generators\HtmlGenerator23.cs(102,45): warning CA1002: Change 'List<string>' in 'HtmlGenerator2.GetOl(List<string>, [bool])' to use 'Collection<T>', 'ReadOnlyCollection<T>' or 'KeyedCollection<K,V>' (https://learn.microsoft.com/dotnet/fundamentals/code-analysis/quality-rules/ca1002) [E:\vs\Projects\PlatformIndependentNuGetPackages\SunamoHtml\SunamoHtml\SunamoHtml.csproj::TargetFramework=net10.0]
E:\vs\Projects\PlatformIndependentNuGetPackages\SunamoHtml\SunamoHtml\Generators\HtmlGenerator23.cs(113,61): warning CA1002: Change 'List<string>' in 'HtmlGenerator2.GetOlWoCheckDuplicate(List<string>, List<string>)' to use 'Collection<T>', 'ReadOnlyCollection<T>' or 'KeyedCollection<K,V>' (https://learn.microsoft.com/dotnet/fundamentals/code-analysis/quality-rules/ca1002) [E:\vs\Projects\PlatformIndependentNuGetPackages\SunamoHtml\SunamoHtml\SunamoHtml.csproj::TargetFramework=net10.0]
E:\vs\Projects\PlatformIndependentNuGetPackages\SunamoHtml\SunamoHtml\Generators\HtmlGenerator23.cs(113,83): warning CA1002: Change 'List<string>' in 'HtmlGenerator2.GetOlWoCheckDuplicate(List<string>, List<string>)' to use 'Collection<T>', 'ReadOnlyCollection<T>' or 'KeyedCollection<K,V>' (https://learn.microsoft.com/dotnet/fundamentals/code-analysis/quality-rules/ca1002) [E:\vs\Projects\PlatformIndependentNuGetPackages\SunamoHtml\SunamoHtml\SunamoHtml.csproj::TargetFramework=net10.0]
E:\vs\Projects\PlatformIndependentNuGetPackages\SunamoHtml\SunamoHtml\Generators\HtmlGenerator23.cs(116,19): warning CA2201: Exception type System.Exception is not sufficiently specific (https://learn.microsoft.com/dotnet/fundamentals/code-analysis/quality-rules/ca2201) [E:\vs\Projects\PlatformIndependentNuGetPackages\SunamoHtml\SunamoHtml\SunamoHtml.csproj::TargetFramework=net10.0]
E:\vs\Projects\PlatformIndependentNuGetPackages\SunamoHtml\SunamoHtml\Generators\HtmlGenerator22.cs(303,13): warning CA1062: In externally visible method 'string HtmlGenerator2.GetForUl(string baseAnchor, List<string> ids, List<string> texts, bool isSkipDuplicates)', validate parameter 'ids' is non-null before using it. If appropriate, throw an 'ArgumentNullException' when the argument is 'null'. (https://learn.microsoft.com/dotnet/fundamentals/code-analysis/quality-rules/ca1062) [E:\vs\Projects\PlatformIndependentNuGetPackages\SunamoHtml\SunamoHtml\SunamoHtml.csproj::TargetFramework=net10.0]
E:\vs\Projects\PlatformIndependentNuGetPackages\SunamoHtml\SunamoHtml\Generators\HtmlGenerator22.cs(303,26): warning CA1062: In externally visible method 'string HtmlGenerator2.GetForUl(string baseAnchor, List<string> ids, List<string> texts, bool isSkipDuplicates)', validate parameter 'texts' is non-null before using it. If appropriate, throw an 'ArgumentNullException' when the argument is 'null'. (https://learn.microsoft.com/dotnet/fundamentals/code-analysis/quality-rules/ca1062) [E:\vs\Projects\PlatformIndependentNuGetPackages\SunamoHtml\SunamoHtml\SunamoHtml.csproj::TargetFramework=net10.0]
E:\vs\Projects\PlatformIndependentNuGetPackages\SunamoHtml\SunamoHtml\Html\HtmlHelperShared3.cs(104,30): warning CA1062: In externally visible method 'void HtmlHelper.RecursiveReturnTagsWithContainsAttr(List<HtmlNode> result, HtmlNode htmlNode, string tagName, string attributeName, string attributeValue, bool isContains, bool isRecursively)', validate parameter 'htmlNode' is non-null before using it. If appropriate, throw an 'ArgumentNullException' when the argument is 'null'. (https://learn.microsoft.com/dotnet/fundamentals/code-analysis/quality-rules/ca1062) [E:\vs\Projects\PlatformIndependentNuGetPackages\SunamoHtml\SunamoHtml\SunamoHtml.csproj::TargetFramework=net10.0]
E:\vs\Projects\PlatformIndependentNuGetPackages\SunamoHtml\SunamoHtml\Html\HtmlHelperShared3.cs(113,22): warning CA1062: In externally visible method 'void HtmlHelper.RecursiveReturnTagsWithContainsAttr(List<HtmlNode> result, HtmlNode htmlNode, string tagName, string attributeName, string attributeValue, bool isContains, bool isRecursively)', validate parameter 'result' is non-null before using it. If appropriate, throw an 'ArgumentNullException' when the argument is 'null'. (https://learn.microsoft.com/dotnet/fundamentals/code-analysis/quality-rules/ca1062) [E:\vs\Projects\PlatformIndependentNuGetPackages\SunamoHtml\SunamoHtml\SunamoHtml.csproj::TargetFramework=net10.0]
E:\vs\Projects\PlatformIndependentNuGetPackages\SunamoHtml\SunamoHtml\Generators\HtmlGenerator23.cs(60,29): warning CA1062: In externally visible method 'string HtmlGenerator2.GetUlWoCheckDuplicate(string baseAnchor, List<string> items)', validate parameter 'items' is non-null before using it. If appropriate, throw an 'ArgumentNullException' when the argument is 'null'. (https://learn.microsoft.com/dotnet/fundamentals/code-analysis/quality-rules/ca1062) [E:\vs\Projects\PlatformIndependentNuGetPackages\SunamoHtml\SunamoHtml\SunamoHtml.csproj::TargetFramework=net10.0]
E:\vs\Projects\PlatformIndependentNuGetPackages\SunamoHtml\SunamoHtml\Generators\HtmlGenerator22.cs(104,13): warning CA1062: In externally visible method 'string HtmlGenerator2.AllMonthsTable(List<string> allYearsHtmlBoxes, List<string> allMonthsBoxColors)', validate parameter 'allMonthsBoxColors' is non-null before using it. If appropriate, throw an 'ArgumentNullException' when the argument is 'null'. (https://learn.microsoft.com/dotnet/fundamentals/code-analysis/quality-rules/ca1062) [E:\vs\Projects\PlatformIndependentNuGetPackages\SunamoHtml\SunamoHtml\SunamoHtml.csproj::TargetFramework=net10.0]
E:\vs\Projects\PlatformIndependentNuGetPackages\SunamoHtml\SunamoHtml\Generators\HtmlGenerator22.cs(102,13): warning CA1062: In externally visible method 'string HtmlGenerator2.AllMonthsTable(List<string> allYearsHtmlBoxes, List<string> allMonthsBoxColors)', validate parameter 'allYearsHtmlBoxes' is non-null before using it. If appropriate, throw an 'ArgumentNullException' when the argument is 'null'. (https://learn.microsoft.com/dotnet/fundamentals/code-analysis/quality-rules/ca1062) [E:\vs\Projects\PlatformIndependentNuGetPackages\SunamoHtml\SunamoHtml\SunamoHtml.csproj::TargetFramework=net10.0]
E:\vs\Projects\PlatformIndependentNuGetPackages\SunamoHtml\SunamoHtml\Generators\HtmlGenerator23.cs(115,30): warning CA1062: In externally visible method 'string HtmlGenerator2.GetOlWoCheckDuplicate(List<string> anchors, List<string> texts)', validate parameter 'texts' is non-null before using it. If appropriate, throw an 'ArgumentNullException' when the argument is 'null'. (https://learn.microsoft.com/dotnet/fundamentals/code-analysis/quality-rules/ca1062) [E:\vs\Projects\PlatformIndependentNuGetPackages\SunamoHtml\SunamoHtml\SunamoHtml.csproj::TargetFramework=net10.0]
E:\vs\Projects\PlatformIndependentNuGetPackages\SunamoHtml\SunamoHtml\Generators\HtmlGenerator23.cs(115,13): warning CA1062: In externally visible method 'string HtmlGenerator2.GetOlWoCheckDuplicate(List<string> anchors, List<string> texts)', validate parameter 'anchors' is non-null before using it. If appropriate, throw an 'ArgumentNullException' when the argument is 'null'. (https://learn.microsoft.com/dotnet/fundamentals/code-analysis/quality-rules/ca1062) [E:\vs\Projects\PlatformIndependentNuGetPackages\SunamoHtml\SunamoHtml\SunamoHtml.csproj::TargetFramework=net10.0]
E:\vs\Projects\PlatformIndependentNuGetPackages\SunamoHtml\SunamoHtml\HtmlAgilityHelper1.cs(270,47): warning CA1062: In externally visible method 'void HtmlAgilityHelper.RecursiveReturnTagsWithContainsAttr(List<HtmlNode> result, HtmlNode htmlNode, bool isRecursive, string tagName, string attributeName, string attributeValue, bool isWildCard, bool isEnoughContainsAttribute, bool isSearchAsSingleString = true)', validate parameter 'htmlNode' is non-null before using it. If appropriate, throw an 'ArgumentNullException' when the argument is 'null'. (https://learn.microsoft.com/dotnet/fundamentals/code-analysis/quality-rules/ca1062) [E:\vs\Projects\PlatformIndependentNuGetPackages\SunamoHtml\SunamoHtml\SunamoHtml.csproj::TargetFramework=net10.0]
E:\vs\Projects\PlatformIndependentNuGetPackages\SunamoHtml\SunamoHtml\HtmlAgilityHelper1.cs(271,19): warning CA1062: In externally visible method 'void HtmlAgilityHelper.RecursiveReturnTagsWithContainsAttr(List<HtmlNode> result, HtmlNode htmlNode, bool isRecursive, string tagName, string attributeName, string attributeValue, bool isWildCard, bool isEnoughContainsAttribute, bool isSearchAsSingleString = true)', validate parameter 'tagName' is non-null before using it. If appropriate, throw an 'ArgumentNullException' when the argument is 'null'. (https://learn.microsoft.com/dotnet/fundamentals/code-analysis/quality-rules/ca1062) [E:\vs\Projects\PlatformIndependentNuGetPackages\SunamoHtml\SunamoHtml\SunamoHtml.csproj::TargetFramework=net10.0]
E:\vs\Projects\PlatformIndependentNuGetPackages\SunamoHtml\SunamoHtml\HtmlAgilityHelper1.cs(280,21): warning CA1062: In externally visible method 'void HtmlAgilityHelper.RecursiveReturnTagsWithContainsAttr(List<HtmlNode> result, HtmlNode htmlNode, bool isRecursive, string tagName, string attributeName, string attributeValue, bool isWildCard, bool isEnoughContainsAttribute, bool isSearchAsSingleString = true)', validate parameter 'result' is non-null before using it. If appropriate, throw an 'ArgumentNullException' when the argument is 'null'. (https://learn.microsoft.com/dotnet/fundamentals/code-analysis/quality-rules/ca1062) [E:\vs\Projects\PlatformIndependentNuGetPackages\SunamoHtml\SunamoHtml\SunamoHtml.csproj::TargetFramework=net10.0]
E:\vs\Projects\PlatformIndependentNuGetPackages\SunamoHtml\SunamoHtml\_sunamo\SunamoExceptions\Exceptions.cs(4,31): warning CA1812: 'Exceptions' is an internal class that is apparently never instantiated. If so, remove the code from the assembly. If this class is intended to contain only static members, make it 'static' (Module in Visual Basic). (https://learn.microsoft.com/dotnet/fundamentals/code-analysis/quality-rules/ca1812) [E:\vs\Projects\PlatformIndependentNuGetPackages\SunamoHtml\SunamoHtml\SunamoHtml.csproj::TargetFramework=net10.0]
E:\vs\Projects\PlatformIndependentNuGetPackages\SunamoHtml\SunamoHtml\_sunamo\SunamoXml\Generators\XmlGeneratorSelective.cs(3,16): warning CA1812: 'XmlGeneratorSelective' is an internal class that is apparently never instantiated. If so, remove the code from the assembly. If this class is intended to contain only static members, make it 'static' (Module in Visual Basic). (https://learn.microsoft.com/dotnet/fundamentals/code-analysis/quality-rules/ca1812) [E:\vs\Projects\PlatformIndependentNuGetPackages\SunamoHtml\SunamoHtml\SunamoHtml.csproj::TargetFramework=net10.0]
E:\vs\Projects\PlatformIndependentNuGetPackages\SunamoHtml\SunamoHtml\_sunamo\SunamoLang\SunamoI18N\Translate.cs(3,16): warning CA1852: Type 'Translate' can be sealed because it has no subtypes in its containing assembly and is not externally visible (https://learn.microsoft.com/dotnet/fundamentals/code-analysis/quality-rules/ca1852) [E:\vs\Projects\PlatformIndependentNuGetPackages\SunamoHtml\SunamoHtml\SunamoHtml.csproj::TargetFramework=net10.0]
E:\vs\Projects\PlatformIndependentNuGetPackages\SunamoHtml\SunamoHtml\_sunamo\SunamoValues\Constants\HtmlTags.cs(6,16): warning CA1852: Type 'HtmlTags' can be sealed because it has no subtypes in its containing assembly and is not externally visible (https://learn.microsoft.com/dotnet/fundamentals/code-analysis/quality-rules/ca1852) [E:\vs\Projects\PlatformIndependentNuGetPackages\SunamoHtml\SunamoHtml\SunamoHtml.csproj::TargetFramework=net10.0]
E:\vs\Projects\PlatformIndependentNuGetPackages\SunamoHtml\SunamoHtml\_sunamo\SunamoBts\BTS.cs(7,16): warning CA1852: Type 'BTS' can be sealed because it has no subtypes in its containing assembly and is not externally visible (https://learn.microsoft.com/dotnet/fundamentals/code-analysis/quality-rules/ca1852) [E:\vs\Projects\PlatformIndependentNuGetPackages\SunamoHtml\SunamoHtml\SunamoHtml.csproj::TargetFramework=net10.0]
E:\vs\Projects\PlatformIndependentNuGetPackages\SunamoHtml\SunamoHtml\_sunamo\SunamoValues\Constants\HtmlStartingTags.cs(6,16): warning CA1852: Type 'HtmlStartingTags' can be sealed because it has no subtypes in its containing assembly and is not externally visible (https://learn.microsoft.com/dotnet/fundamentals/code-analysis/quality-rules/ca1852) [E:\vs\Projects\PlatformIndependentNuGetPackages\SunamoHtml\SunamoHtml\SunamoHtml.csproj::TargetFramework=net10.0]
E:\vs\Projects\PlatformIndependentNuGetPackages\SunamoHtml\SunamoHtml\_sunamo\SunamoArgs\ChangeContentArgsHtml.cs(3,16): warning CA1852: Type 'ChangeContentArgsHtml' can be sealed because it has no subtypes in its containing assembly and is not externally visible (https://learn.microsoft.com/dotnet/fundamentals/code-analysis/quality-rules/ca1852) [E:\vs\Projects\PlatformIndependentNuGetPackages\SunamoHtml\SunamoHtml\SunamoHtml.csproj::TargetFramework=net10.0]
E:\vs\Projects\PlatformIndependentNuGetPackages\SunamoHtml\SunamoHtml\_sunamo\SunamoCollectionsGeneric\CAGConsts.cs(3,16): warning CA1852: Type 'CAGConsts' can be sealed because it has no subtypes in its containing assembly and is not externally visible (https://learn.microsoft.com/dotnet/fundamentals/code-analysis/quality-rules/ca1852) [E:\vs\Projects\PlatformIndependentNuGetPackages\SunamoHtml\SunamoHtml\SunamoHtml.csproj::TargetFramework=net10.0]
E:\vs\Projects\PlatformIndependentNuGetPackages\SunamoHtml\SunamoHtml\_sunamo\SunamoValues\Values\StatusPrefixes.cs(3,16): warning CA1852: Type 'StatusPrefixes' can be sealed because it has no subtypes in its containing assembly and is not externally visible (https://learn.microsoft.com/dotnet/fundamentals/code-analysis/quality-rules/ca1852) [E:\vs\Projects\PlatformIndependentNuGetPackages\SunamoHtml\SunamoHtml\SunamoHtml.csproj::TargetFramework=net10.0]
E:\vs\Projects\PlatformIndependentNuGetPackages\SunamoHtml\SunamoHtml\_sunamo\SunamoCollectionsChangeContent\CAChangeContent.cs(3,16): warning CA1852: Type 'CAChangeContent' can be sealed because it has no subtypes in its containing assembly and is not externally visible (https://learn.microsoft.com/dotnet/fundamentals/code-analysis/quality-rules/ca1852) [E:\vs\Projects\PlatformIndependentNuGetPackages\SunamoHtml\SunamoHtml\SunamoHtml.csproj::TargetFramework=net10.0]
E:\vs\Projects\PlatformIndependentNuGetPackages\SunamoHtml\SunamoHtml\_sunamo\SunamoValues\Constants\HtmlAttrValue.cs(7,16): warning CA1852: Type 'HtmlAttrValue' can be sealed because it has no subtypes in its containing assembly and is not externally visible (https://learn.microsoft.com/dotnet/fundamentals/code-analysis/quality-rules/ca1852) [E:\vs\Projects\PlatformIndependentNuGetPackages\SunamoHtml\SunamoHtml\SunamoHtml.csproj::TargetFramework=net10.0]
E:\vs\Projects\PlatformIndependentNuGetPackages\SunamoHtml\SunamoHtml\_sunamo\SunamoXml\XHelper.cs(3,16): warning CA1852: Type 'XHelper' can be sealed because it has no subtypes in its containing assembly and is not externally visible (https://learn.microsoft.com/dotnet/fundamentals/code-analysis/quality-rules/ca1852) [E:\vs\Projects\PlatformIndependentNuGetPackages\SunamoHtml\SunamoHtml\SunamoHtml.csproj::TargetFramework=net10.0]
E:\vs\Projects\PlatformIndependentNuGetPackages\SunamoHtml\SunamoHtml\_sunamo\SunamoStringSplit\SHSplit.cs(7,16): warning CA1852: Type 'SHSplit' can be sealed because it has no subtypes in its containing assembly and is not externally visible (https://learn.microsoft.com/dotnet/fundamentals/code-analysis/quality-rules/ca1852) [E:\vs\Projects\PlatformIndependentNuGetPackages\SunamoHtml\SunamoHtml\SunamoHtml.csproj::TargetFramework=net10.0]
E:\vs\Projects\PlatformIndependentNuGetPackages\SunamoHtml\SunamoHtml\_sunamo\XlfKeys.cs(4,16): warning CA1852: Type 'XlfKeys' can be sealed because it has no subtypes in its containing assembly and is not externally visible (https://learn.microsoft.com/dotnet/fundamentals/code-analysis/quality-rules/ca1852) [E:\vs\Projects\PlatformIndependentNuGetPackages\SunamoHtml\SunamoHtml\SunamoHtml.csproj::TargetFramework=net10.0]
E:\vs\Projects\PlatformIndependentNuGetPackages\SunamoHtml\SunamoHtml\_sunamo\SunamoValues\Values\AllLists.cs(4,24): warning CA1852: Type 'AllLists' can be sealed because it has no subtypes in its containing assembly and is not externally visible (https://learn.microsoft.com/dotnet/fundamentals/code-analysis/quality-rules/ca1852) [E:\vs\Projects\PlatformIndependentNuGetPackages\SunamoHtml\SunamoHtml\SunamoHtml.csproj::TargetFramework=net10.0]
E:\vs\Projects\PlatformIndependentNuGetPackages\SunamoHtml\SunamoHtml\_sunamo\SunamoDictionary\DictionaryHelper.cs(3,16): warning CA1852: Type 'DictionaryHelper' can be sealed because it has no subtypes in its containing assembly and is not externally visible (https://learn.microsoft.com/dotnet/fundamentals/code-analysis/quality-rules/ca1852) [E:\vs\Projects\PlatformIndependentNuGetPackages\SunamoHtml\SunamoHtml\SunamoHtml.csproj::TargetFramework=net10.0]
E:\vs\Projects\PlatformIndependentNuGetPackages\SunamoHtml\SunamoHtml\_sunamo\SunamoXml\Generators\XmlGeneratorSelective.cs(3,16): warning CA1852: Type 'XmlGeneratorSelective' can be sealed because it has no subtypes in its containing assembly and is not externally visible (https://learn.microsoft.com/dotnet/fundamentals/code-analysis/quality-rules/ca1852) [E:\vs\Projects\PlatformIndependentNuGetPackages\SunamoHtml\SunamoHtml\SunamoHtml.csproj::TargetFramework=net10.0]
E:\vs\Projects\PlatformIndependentNuGetPackages\SunamoHtml\SunamoHtml\_sunamo\SunamoUri\UH.cs(3,16): warning CA1852: Type 'UH' can be sealed because it has no subtypes in its containing assembly and is not externally visible (https://learn.microsoft.com/dotnet/fundamentals/code-analysis/quality-rules/ca1852) [E:\vs\Projects\PlatformIndependentNuGetPackages\SunamoHtml\SunamoHtml\SunamoHtml.csproj::TargetFramework=net10.0]
E:\vs\Projects\PlatformIndependentNuGetPackages\SunamoHtml\SunamoHtml\_sunamo\SunamoStringData\SHData.cs(3,16): warning CA1852: Type 'SHData' can be sealed because it has no subtypes in its containing assembly and is not externally visible (https://learn.microsoft.com/dotnet/fundamentals/code-analysis/quality-rules/ca1852) [E:\vs\Projects\PlatformIndependentNuGetPackages\SunamoHtml\SunamoHtml\SunamoHtml.csproj::TargetFramework=net10.0]
E:\vs\Projects\PlatformIndependentNuGetPackages\SunamoHtml\SunamoHtml\_sunamo\WhitespaceCharService.cs(3,16): warning CA1852: Type 'WhitespaceCharService' can be sealed because it has no subtypes in its containing assembly and is not externally visible (https://learn.microsoft.com/dotnet/fundamentals/code-analysis/quality-rules/ca1852) [E:\vs\Projects\PlatformIndependentNuGetPackages\SunamoHtml\SunamoHtml\SunamoHtml.csproj::TargetFramework=net10.0]
E:\vs\Projects\PlatformIndependentNuGetPackages\SunamoHtml\SunamoHtml\_sunamo\SunamoValues\Constants\HtmlAttrs.cs(8,16): warning CA1852: Type 'HtmlAttrs' can be sealed because it has no subtypes in its containing assembly and is not externally visible (https://learn.microsoft.com/dotnet/fundamentals/code-analysis/quality-rules/ca1852) [E:\vs\Projects\PlatformIndependentNuGetPackages\SunamoHtml\SunamoHtml\SunamoHtml.csproj::TargetFramework=net10.0]
E:\vs\Projects\PlatformIndependentNuGetPackages\SunamoHtml\SunamoHtml\_sunamo\SunamoStringReplace\SHReplace.cs(3,16): warning CA1852: Type 'SHReplace' can be sealed because it has no subtypes in its containing assembly and is not externally visible (https://learn.microsoft.com/dotnet/fundamentals/code-analysis/quality-rules/ca1852) [E:\vs\Projects\PlatformIndependentNuGetPackages\SunamoHtml\SunamoHtml\SunamoHtml.csproj::TargetFramework=net10.0]
E:\vs\Projects\PlatformIndependentNuGetPackages\SunamoHtml\SunamoHtml\_sunamo\SunamoValues\Constants\HtmlEndingTags.cs(6,16): warning CA1852: Type 'HtmlEndingTags' can be sealed because it has no subtypes in its containing assembly and is not externally visible (https://learn.microsoft.com/dotnet/fundamentals/code-analysis/quality-rules/ca1852) [E:\vs\Projects\PlatformIndependentNuGetPackages\SunamoHtml\SunamoHtml\SunamoHtml.csproj::TargetFramework=net10.0]
E:\vs\Projects\PlatformIndependentNuGetPackages\SunamoHtml\SunamoHtml\_sunamo\SunamoXml\XH.cs(3,16): warning CA1852: Type 'XH' can be sealed because it has no subtypes in its containing assembly and is not externally visible (https://learn.microsoft.com/dotnet/fundamentals/code-analysis/quality-rules/ca1852) [E:\vs\Projects\PlatformIndependentNuGetPackages\SunamoHtml\SunamoHtml\SunamoHtml.csproj::TargetFramework=net10.0]
E:\vs\Projects\PlatformIndependentNuGetPackages\SunamoHtml\SunamoHtml\_sunamo\SunamoValues\Values\ConstsAspx.cs(3,16): warning CA1852: Type 'ConstsAspx' can be sealed because it has no subtypes in its containing assembly and is not externally visible (https://learn.microsoft.com/dotnet/fundamentals/code-analysis/quality-rules/ca1852) [E:\vs\Projects\PlatformIndependentNuGetPackages\SunamoHtml\SunamoHtml\SunamoHtml.csproj::TargetFramework=net10.0]
E:\vs\Projects\PlatformIndependentNuGetPackages\SunamoHtml\SunamoHtml\_sunamo\SunamoExceptions\ThrowEx.cs(4,24): warning CA1852: Type 'ThrowEx' can be sealed because it has no subtypes in its containing assembly and is not externally visible (https://learn.microsoft.com/dotnet/fundamentals/code-analysis/quality-rules/ca1852) [E:\vs\Projects\PlatformIndependentNuGetPackages\SunamoHtml\SunamoHtml\SunamoHtml.csproj::TargetFramework=net10.0]
E:\vs\Projects\PlatformIndependentNuGetPackages\SunamoHtml\SunamoHtml\_sunamo\SunamoString\SH.cs(7,24): warning CA1852: Type 'SH' can be sealed because it has no subtypes in its containing assembly and is not externally visible (https://learn.microsoft.com/dotnet/fundamentals/code-analysis/quality-rules/ca1852) [E:\vs\Projects\PlatformIndependentNuGetPackages\SunamoHtml\SunamoHtml\SunamoHtml.csproj::TargetFramework=net10.0]
E:\vs\Projects\PlatformIndependentNuGetPackages\SunamoHtml\SunamoHtml\_sunamo\SunamoData\Data\FromToWord.cs(3,16): warning CA1852: Type 'FromToWord' can be sealed because it has no subtypes in its containing assembly and is not externally visible (https://learn.microsoft.com/dotnet/fundamentals/code-analysis/quality-rules/ca1852) [E:\vs\Projects\PlatformIndependentNuGetPackages\SunamoHtml\SunamoHtml\SunamoHtml.csproj::TargetFramework=net10.0]
E:\vs\Projects\PlatformIndependentNuGetPackages\SunamoHtml\SunamoHtml\_sunamo\CA.cs(7,16): warning CA1852: Type 'CA' can be sealed because it has no subtypes in its containing assembly and is not externally visible (https://learn.microsoft.com/dotnet/fundamentals/code-analysis/quality-rules/ca1852) [E:\vs\Projects\PlatformIndependentNuGetPackages\SunamoHtml\SunamoHtml\SunamoHtml.csproj::TargetFramework=net10.0]
E:\vs\Projects\PlatformIndependentNuGetPackages\SunamoHtml\SunamoHtml\_sunamo\SunamoValues\Constants\DTConstants.cs(7,16): warning CA1852: Type 'DTConstants' can be sealed because it has no subtypes in its containing assembly and is not externally visible (https://learn.microsoft.com/dotnet/fundamentals/code-analysis/quality-rules/ca1852) [E:\vs\Projects\PlatformIndependentNuGetPackages\SunamoHtml\SunamoHtml\SunamoHtml.csproj::TargetFramework=net10.0]
E:\vs\Projects\PlatformIndependentNuGetPackages\SunamoHtml\SunamoHtml.Tests\_\HtmlTableParserManipulationWithoutMockTests.cs(25,54): warning CS8604: Possible null reference argument for parameter 'html' in 'HtmlTableParser.HtmlTableParser(HtmlNode html, bool isIgnoreFirstRow)'. [E:\vs\Projects\PlatformIndependentNuGetPackages\SunamoHtml\SunamoHtml.Tests\SunamoHtml.Tests.csproj::TargetFramework=net9.0]
E:\vs\Projects\PlatformIndependentNuGetPackages\SunamoHtml\SunamoHtml.Tests\HtmlAgilityHelperTests.cs(102,59): warning CS8604: Possible null reference argument for parameter 'node' in 'List<HtmlNode> HtmlAgilityHelper.NodesWithAttr(HtmlNode node, bool isRecursive, string tag, string attributeName, string attributeValue, bool isContains = false)'. [E:\vs\Projects\PlatformIndependentNuGetPackages\SunamoHtml\SunamoHtml.Tests\SunamoHtml.Tests.csproj::TargetFramework=net9.0]
E:\vs\Projects\PlatformIndependentNuGetPackages\SunamoHtml\SunamoHtml.Tests\HtmlAgilityHelperTests.cs(125,49): warning CS8604: Possible null reference argument for parameter 'node' in 'HtmlNode? HtmlAgilityHelper.Node(HtmlNode node, bool recursive, string tag)'. [E:\vs\Projects\PlatformIndependentNuGetPackages\SunamoHtml\SunamoHtml.Tests\SunamoHtml.Tests.csproj::TargetFramework=net9.0]
E:\vs\Projects\PlatformIndependentNuGetPackages\SunamoHtml\SunamoHtml.Tests\_\HtmlAgilityHelperManipulationWithoutMockTests.cs(122,16): warning CS8600: Converting null literal or possible null value to non-nullable type. [E:\vs\Projects\PlatformIndependentNuGetPackages\SunamoHtml\SunamoHtml.Tests\SunamoHtml.Tests.csproj::TargetFramework=net9.0]
E:\vs\Projects\PlatformIndependentNuGetPackages\SunamoHtml\SunamoHtml.Tests\_\HtmlAgilityHelperManipulationWithoutMockTests.cs(125,16): warning CS8600: Converting null literal or possible null value to non-nullable type. [E:\vs\Projects\PlatformIndependentNuGetPackages\SunamoHtml\SunamoHtml.Tests\SunamoHtml.Tests.csproj::TargetFramework=net9.0]
E:\vs\Projects\PlatformIndependentNuGetPackages\SunamoHtml\SunamoHtml.Tests\_\HtmlAgilityHelperManipulationWithoutMockTests.cs(128,16): warning CS8600: Converting null literal or possible null value to non-nullable type. [E:\vs\Projects\PlatformIndependentNuGetPackages\SunamoHtml\SunamoHtml.Tests\SunamoHtml.Tests.csproj::TargetFramework=net9.0]
E:\vs\Projects\PlatformIndependentNuGetPackages\SunamoHtml\SunamoHtml.Tests\_\HtmlAgilityHelperManipulationWithoutMockTests.cs(134,20): warning CS8600: Converting null literal or possible null value to non-nullable type. [E:\vs\Projects\PlatformIndependentNuGetPackages\SunamoHtml\SunamoHtml.Tests\SunamoHtml.Tests.csproj::TargetFramework=net9.0]
E:\vs\Projects\PlatformIndependentNuGetPackages\SunamoHtml\SunamoHtml.Tests\_\HtmlAgilityHelperManipulationWithoutMockTests.cs(137,20): warning CS8600: Converting null literal or possible null value to non-nullable type. [E:\vs\Projects\PlatformIndependentNuGetPackages\SunamoHtml\SunamoHtml.Tests\SunamoHtml.Tests.csproj::TargetFramework=net9.0]
E:\vs\Projects\PlatformIndependentNuGetPackages\SunamoHtml\SunamoHtml.Tests\_\HtmlAgilityHelperManipulationWithoutMockTests.cs(140,20): warning CS8600: Converting null literal or possible null value to non-nullable type. [E:\vs\Projects\PlatformIndependentNuGetPackages\SunamoHtml\SunamoHtml.Tests\SunamoHtml.Tests.csproj::TargetFramework=net9.0]
E:\vs\Projects\PlatformIndependentNuGetPackages\SunamoHtml\SunamoHtml.Tests\_\HtmlAgilityHelperManipulationWithoutMockTests.cs(151,16): warning CS8600: Converting null literal or possible null value to non-nullable type. [E:\vs\Projects\PlatformIndependentNuGetPackages\SunamoHtml\SunamoHtml.Tests\SunamoHtml.Tests.csproj::TargetFramework=net9.0]
E:\vs\Projects\PlatformIndependentNuGetPackages\SunamoHtml\SunamoHtml.Tests\_\HtmlAgilityHelperManipulationWithoutMockTests.cs(155,16): warning CS8600: Converting null literal or possible null value to non-nullable type. [E:\vs\Projects\PlatformIndependentNuGetPackages\SunamoHtml\SunamoHtml.Tests\SunamoHtml.Tests.csproj::TargetFramework=net9.0]
E:\vs\Projects\PlatformIndependentNuGetPackages\SunamoHtml\SunamoHtml.Tests\_\HtmlAgilityHelperManipulationWithoutMockTests.cs(158,16): warning CS8600: Converting null literal or possible null value to non-nullable type. [E:\vs\Projects\PlatformIndependentNuGetPackages\SunamoHtml\SunamoHtml.Tests\SunamoHtml.Tests.csproj::TargetFramework=net9.0]
E:\vs\Projects\PlatformIndependentNuGetPackages\SunamoHtml\SunamoHtml.Tests\_\HtmlAgilityHelperManipulationWithoutMockTests.cs(161,16): warning CS8600: Converting null literal or possible null value to non-nullable type. [E:\vs\Projects\PlatformIndependentNuGetPackages\SunamoHtml\SunamoHtml.Tests\SunamoHtml.Tests.csproj::TargetFramework=net9.0]
E:\vs\Projects\PlatformIndependentNuGetPackages\SunamoHtml\SunamoHtml.Tests\_\HtmlAgilityHelperManipulationWithoutMockTests.cs(167,20): warning CS8600: Converting null literal or possible null value to non-nullable type. [E:\vs\Projects\PlatformIndependentNuGetPackages\SunamoHtml\SunamoHtml.Tests\SunamoHtml.Tests.csproj::TargetFramework=net9.0]
E:\vs\Projects\PlatformIndependentNuGetPackages\SunamoHtml\SunamoHtml.Tests\_\HtmlAgilityHelperManipulationWithoutMockTests.cs(171,20): warning CS8600: Converting null literal or possible null value to non-nullable type. [E:\vs\Projects\PlatformIndependentNuGetPackages\SunamoHtml\SunamoHtml.Tests\SunamoHtml.Tests.csproj::TargetFramework=net9.0]
E:\vs\Projects\PlatformIndependentNuGetPackages\SunamoHtml\SunamoHtml.Tests\_\HtmlAgilityHelperManipulationWithoutMockTests.cs(174,20): warning CS8600: Converting null literal or possible null value to non-nullable type. [E:\vs\Projects\PlatformIndependentNuGetPackages\SunamoHtml\SunamoHtml.Tests\SunamoHtml.Tests.csproj::TargetFramework=net9.0]
E:\vs\Projects\PlatformIndependentNuGetPackages\SunamoHtml\SunamoHtml.Tests\_\HtmlHelperSunamoCzTests.cs(4,14): warning CA1050: Declare types in namespaces (https://learn.microsoft.com/dotnet/fundamentals/code-analysis/quality-rules/ca1050) [E:\vs\Projects\PlatformIndependentNuGetPackages\SunamoHtml\SunamoHtml.Tests\SunamoHtml.Tests.csproj::TargetFramework=net9.0]
E:\vs\Projects\PlatformIndependentNuGetPackages\SunamoHtml\SunamoHtml.Tests\_\HtmlHelperTextTests.cs(4,14): warning CA1050: Declare types in namespaces (https://learn.microsoft.com/dotnet/fundamentals/code-analysis/quality-rules/ca1050) [E:\vs\Projects\PlatformIndependentNuGetPackages\SunamoHtml\SunamoHtml.Tests\SunamoHtml.Tests.csproj::TargetFramework=net9.0]
E:\vs\Projects\PlatformIndependentNuGetPackages\SunamoHtml\SunamoHtml.Tests\_\HtmlTableParserManipulationWithoutMockTests.cs(6,14): warning CA1515: Because an application's API isn't typically referenced from outside the assembly, types can be made internal (https://learn.microsoft.com/dotnet/fundamentals/code-analysis/quality-rules/ca1515) [E:\vs\Projects\PlatformIndependentNuGetPackages\SunamoHtml\SunamoHtml.Tests\SunamoHtml.Tests.csproj::TargetFramework=net9.0]
E:\vs\Projects\PlatformIndependentNuGetPackages\SunamoHtml\SunamoHtml.Tests\_\HtmlTableParserManipulationWithoutMockTests.cs(6,14): warning CA1050: Declare types in namespaces (https://learn.microsoft.com/dotnet/fundamentals/code-analysis/quality-rules/ca1050) [E:\vs\Projects\PlatformIndependentNuGetPackages\SunamoHtml\SunamoHtml.Tests\SunamoHtml.Tests.csproj::TargetFramework=net9.0]
E:\vs\Projects\PlatformIndependentNuGetPackages\SunamoHtml\SunamoHtml.Tests\_\HtmlAgilityHelperManipulationWithoutMockTests.cs(7,14): warning CA1515: Because an application's API isn't typically referenced from outside the assembly, types can be made internal (https://learn.microsoft.com/dotnet/fundamentals/code-analysis/quality-rules/ca1515) [E:\vs\Projects\PlatformIndependentNuGetPackages\SunamoHtml\SunamoHtml.Tests\SunamoHtml.Tests.csproj::TargetFramework=net9.0]
E:\vs\Projects\PlatformIndependentNuGetPackages\SunamoHtml\SunamoHtml.Tests\_\HtmlHelperGoogleFormTests.cs(11,14): warning CA1515: Because an application's API isn't typically referenced from outside the assembly, types can be made internal (https://learn.microsoft.com/dotnet/fundamentals/code-analysis/quality-rules/ca1515) [E:\vs\Projects\PlatformIndependentNuGetPackages\SunamoHtml\SunamoHtml.Tests\SunamoHtml.Tests.csproj::TargetFramework=net9.0]
E:\vs\Projects\PlatformIndependentNuGetPackages\SunamoHtml\SunamoHtml.Tests\_\HtmlHelperBaseTests.cs(8,14): warning CA1515: Because an application's API isn't typically referenced from outside the assembly, types can be made internal (https://learn.microsoft.com/dotnet/fundamentals/code-analysis/quality-rules/ca1515) [E:\vs\Projects\PlatformIndependentNuGetPackages\SunamoHtml\SunamoHtml.Tests\SunamoHtml.Tests.csproj::TargetFramework=net9.0]
E:\vs\Projects\PlatformIndependentNuGetPackages\SunamoHtml\SunamoHtml.Tests\_\HtmlHelperBaseTests.cs(11,24): warning CA1051: Do not declare visible instance fields (https://learn.microsoft.com/dotnet/fundamentals/code-analysis/quality-rules/ca1051) [E:\vs\Projects\PlatformIndependentNuGetPackages\SunamoHtml\SunamoHtml.Tests\SunamoHtml.Tests.csproj::TargetFramework=net9.0]
E:\vs\Projects\PlatformIndependentNuGetPackages\SunamoHtml\SunamoHtml.Tests\_\HtmlHelperBaseTests.cs(10,24): warning CA1051: Do not declare visible instance fields (https://learn.microsoft.com/dotnet/fundamentals/code-analysis/quality-rules/ca1051) [E:\vs\Projects\PlatformIndependentNuGetPackages\SunamoHtml\SunamoHtml.Tests\SunamoHtml.Tests.csproj::TargetFramework=net9.0]
E:\vs\Projects\PlatformIndependentNuGetPackages\SunamoHtml\SunamoHtml.Tests\_\HtmlHelperBaseTests.cs(13,28): warning CA1051: Do not declare visible instance fields (https://learn.microsoft.com/dotnet/fundamentals/code-analysis/quality-rules/ca1051) [E:\vs\Projects\PlatformIndependentNuGetPackages\SunamoHtml\SunamoHtml.Tests\SunamoHtml.Tests.csproj::TargetFramework=net9.0]
E:\vs\Projects\PlatformIndependentNuGetPackages\SunamoHtml\SunamoHtml.Tests\_\HtmlHelperBaseTests.cs(14,28): warning CA1051: Do not declare visible instance fields (https://learn.microsoft.com/dotnet/fundamentals/code-analysis/quality-rules/ca1051) [E:\vs\Projects\PlatformIndependentNuGetPackages\SunamoHtml\SunamoHtml.Tests\SunamoHtml.Tests.csproj::TargetFramework=net9.0]
E:\vs\Projects\PlatformIndependentNuGetPackages\SunamoHtml\SunamoHtml.Tests\_\HtmlHelperBaseTests.cs(15,28): warning CA1051: Do not declare visible instance fields (https://learn.microsoft.com/dotnet/fundamentals/code-analysis/quality-rules/ca1051) [E:\vs\Projects\PlatformIndependentNuGetPackages\SunamoHtml\SunamoHtml.Tests\SunamoHtml.Tests.csproj::TargetFramework=net9.0]
E:\vs\Projects\PlatformIndependentNuGetPackages\SunamoHtml\SunamoHtml.Tests\_\HtmlHelperBaseTests.cs(16,28): warning CA1051: Do not declare visible instance fields (https://learn.microsoft.com/dotnet/fundamentals/code-analysis/quality-rules/ca1051) [E:\vs\Projects\PlatformIndependentNuGetPackages\SunamoHtml\SunamoHtml.Tests\SunamoHtml.Tests.csproj::TargetFramework=net9.0]
E:\vs\Projects\PlatformIndependentNuGetPackages\SunamoHtml\SunamoHtml.Tests\_\HtmlHelperGoogleFormTests.cs(15,18): warning CA1823: Unused field 'mainQuestionTitle' (https://learn.microsoft.com/dotnet/fundamentals/code-analysis/quality-rules/ca1823) [E:\vs\Projects\PlatformIndependentNuGetPackages\SunamoHtml\SunamoHtml.Tests\SunamoHtml.Tests.csproj::TargetFramework=net9.0]
E:\vs\Projects\PlatformIndependentNuGetPackages\SunamoHtml\SunamoHtml.Tests\_\HtmlHelperGoogleFormTests.cs(16,18): warning CA1823: Unused field 'additionalQuestionTitle' (https://learn.microsoft.com/dotnet/fundamentals/code-analysis/quality-rules/ca1823) [E:\vs\Projects\PlatformIndependentNuGetPackages\SunamoHtml\SunamoHtml.Tests\SunamoHtml.Tests.csproj::TargetFramework=net9.0]
E:\vs\Projects\PlatformIndependentNuGetPackages\SunamoHtml\SunamoHtml.Tests\_\HtmlHelperGoogleFormTests.cs(17,18): warning CA1823: Unused field 'possibleAnswerTitle' (https://learn.microsoft.com/dotnet/fundamentals/code-analysis/quality-rules/ca1823) [E:\vs\Projects\PlatformIndependentNuGetPackages\SunamoHtml\SunamoHtml.Tests\SunamoHtml.Tests.csproj::TargetFramework=net9.0]
E:\vs\Projects\PlatformIndependentNuGetPackages\SunamoHtml\SunamoHtml.Tests\_\HtmlHelperGoogleFormTests.cs(18,18): warning CA1823: Unused field 'cssClassMainQuestions' (https://learn.microsoft.com/dotnet/fundamentals/code-analysis/quality-rules/ca1823) [E:\vs\Projects\PlatformIndependentNuGetPackages\SunamoHtml\SunamoHtml.Tests\SunamoHtml.Tests.csproj::TargetFramework=net9.0]
E:\vs\Projects\PlatformIndependentNuGetPackages\SunamoHtml\SunamoHtml.Tests\_\HtmlHelperGoogleFormTests.cs(19,18): warning CA1823: Unused field 'cssClassAdditionalQuestion' (https://learn.microsoft.com/dotnet/fundamentals/code-analysis/quality-rules/ca1823) [E:\vs\Projects\PlatformIndependentNuGetPackages\SunamoHtml\SunamoHtml.Tests\SunamoHtml.Tests.csproj::TargetFramework=net9.0]
E:\vs\Projects\PlatformIndependentNuGetPackages\SunamoHtml\SunamoHtml.Tests\HtmlAgilityHelperTests.cs(16,26): warning CA2234: Modify 'HtmlAgilityHelperTests.CreateHtmlDocumentTest()' to call 'HttpClient.GetStringAsync(Uri)' instead of 'HttpClient.GetStringAsync(string)' (https://learn.microsoft.com/dotnet/fundamentals/code-analysis/quality-rules/ca2234) [E:\vs\Projects\PlatformIndependentNuGetPackages\SunamoHtml\SunamoHtml.Tests\SunamoHtml.Tests.csproj::TargetFramework=net9.0]
E:\vs\Projects\PlatformIndependentNuGetPackages\SunamoHtml\SunamoHtml.Tests\HtmlAgilityHelperTests.cs(15,33): warning CA2000: Call System.IDisposable.Dispose on object created by 'new()' before all references to it are out of scope (https://learn.microsoft.com/dotnet/fundamentals/code-analysis/quality-rules/ca2000) [E:\vs\Projects\PlatformIndependentNuGetPackages\SunamoHtml\SunamoHtml.Tests\SunamoHtml.Tests.csproj::TargetFramework=net9.0]
E:\vs\Projects\PlatformIndependentNuGetPackages\SunamoHtml\SunamoHtml.Tests\_\HtmlTableParserManipulationWithoutMockTests.cs(23,2): warning CA2007: Consider calling ConfigureAwait on the awaited task (https://learn.microsoft.com/dotnet/fundamentals/code-analysis/quality-rules/ca2007) [E:\vs\Projects\PlatformIndependentNuGetPackages\SunamoHtml\SunamoHtml.Tests\SunamoHtml.Tests.csproj::TargetFramework=net9.0]
E:\vs\Projects\PlatformIndependentNuGetPackages\SunamoHtml\SunamoHtml.Tests\_\HtmlTableParserManipulationWithoutMockTests.cs(15,2): warning CA1822: Member 'HtmlTableParserTest' does not access instance data and can be marked as static (https://learn.microsoft.com/dotnet/fundamentals/code-analysis/quality-rules/ca1822) [E:\vs\Projects\PlatformIndependentNuGetPackages\SunamoHtml\SunamoHtml.Tests\SunamoHtml.Tests.csproj::TargetFramework=net9.0]
E:\vs\Projects\PlatformIndependentNuGetPackages\SunamoHtml\SunamoHtml.Tests\_\HtmlAgilityHelperManipulationWithoutMockTests.cs(180,17): warning CA1822: Member 'ReplacePlainUriForAnchors' does not access instance data and can be marked as static (https://learn.microsoft.com/dotnet/fundamentals/code-analysis/quality-rules/ca1822) [E:\vs\Projects\PlatformIndependentNuGetPackages\SunamoHtml\SunamoHtml.Tests\SunamoHtml.Tests.csproj::TargetFramework=net9.0]
E:\vs\Projects\PlatformIndependentNuGetPackages\SunamoHtml\SunamoHtml.Tests\HtmlAgilityHelperTests.cs(121,35): warning CA1303: Method 'void HtmlAgilityHelperTests.Test1()' passes a literal string as parameter 'value' of a call to 'void Console.WriteLine(string? value)'. Retrieve the following string(s) from a resource table instead: "wrapperInz == null". (https://learn.microsoft.com/dotnet/fundamentals/code-analysis/quality-rules/ca1303) [E:\vs\Projects\PlatformIndependentNuGetPackages\SunamoHtml\SunamoHtml.Tests\SunamoHtml.Tests.csproj::TargetFramework=net9.0]
E:\vs\Projects\PlatformIndependentNuGetPackages\SunamoHtml\SunamoHtml.Tests\HtmlAgilityHelperTests.cs(128,35): warning CA1303: Method 'void HtmlAgilityHelperTests.Test1()' passes a literal string as parameter 'value' of a call to 'void Console.WriteLine(string? value)'. Retrieve the following string(s) from a resource table instead: "Ad was skipped". (https://learn.microsoft.com/dotnet/fundamentals/code-analysis/quality-rules/ca1303) [E:\vs\Projects\PlatformIndependentNuGetPackages\SunamoHtml\SunamoHtml.Tests\SunamoHtml.Tests.csproj::TargetFramework=net9.0]
E:\vs\Projects\PlatformIndependentNuGetPackages\SunamoHtml\SunamoHtml.Tests\HtmlTags.cs(6,16): warning CA1852: Type 'HtmlTags' can be sealed because it has no subtypes in its containing assembly and is not externally visible (https://learn.microsoft.com/dotnet/fundamentals/code-analysis/quality-rules/ca1852) [E:\vs\Projects\PlatformIndependentNuGetPackages\SunamoHtml\SunamoHtml.Tests\SunamoHtml.Tests.csproj::TargetFramework=net9.0]
E:\vs\Projects\PlatformIndependentNuGetPackages\SunamoHtml\SunamoHtml.Tests\HtmlAttrs.cs(8,16): warning CA1852: Type 'HtmlAttrs' can be sealed because it has no subtypes in its containing assembly and is not externally visible (https://learn.microsoft.com/dotnet/fundamentals/code-analysis/quality-rules/ca1852) [E:\vs\Projects\PlatformIndependentNuGetPackages\SunamoHtml\SunamoHtml.Tests\SunamoHtml.Tests.csproj::TargetFramework=net9.0]
E:\vs\Projects\PlatformIndependentNuGetPackages\SunamoHtml\SunamoHtml.Tests\_\HtmlTableParserManipulationWithoutMockTests.cs(25,54): warning CS8604: Possible null reference argument for parameter 'html' in 'HtmlTableParser.HtmlTableParser(HtmlNode html, bool isIgnoreFirstRow)'. [E:\vs\Projects\PlatformIndependentNuGetPackages\SunamoHtml\SunamoHtml.Tests\SunamoHtml.Tests.csproj::TargetFramework=net8.0]
E:\vs\Projects\PlatformIndependentNuGetPackages\SunamoHtml\SunamoHtml.Tests\HtmlAgilityHelperTests.cs(102,59): warning CS8604: Possible null reference argument for parameter 'node' in 'List<HtmlNode> HtmlAgilityHelper.NodesWithAttr(HtmlNode node, bool isRecursive, string tag, string attributeName, string attributeValue, bool isContains = false)'. [E:\vs\Projects\PlatformIndependentNuGetPackages\SunamoHtml\SunamoHtml.Tests\SunamoHtml.Tests.csproj::TargetFramework=net8.0]
E:\vs\Projects\PlatformIndependentNuGetPackages\SunamoHtml\SunamoHtml.Tests\_\HtmlAgilityHelperManipulationWithoutMockTests.cs(122,16): warning CS8600: Converting null literal or possible null value to non-nullable type. [E:\vs\Projects\PlatformIndependentNuGetPackages\SunamoHtml\SunamoHtml.Tests\SunamoHtml.Tests.csproj::TargetFramework=net8.0]
E:\vs\Projects\PlatformIndependentNuGetPackages\SunamoHtml\SunamoHtml.Tests\_\HtmlAgilityHelperManipulationWithoutMockTests.cs(125,16): warning CS8600: Converting null literal or possible null value to non-nullable type. [E:\vs\Projects\PlatformIndependentNuGetPackages\SunamoHtml\SunamoHtml.Tests\SunamoHtml.Tests.csproj::TargetFramework=net8.0]
E:\vs\Projects\PlatformIndependentNuGetPackages\SunamoHtml\SunamoHtml.Tests\_\HtmlAgilityHelperManipulationWithoutMockTests.cs(128,16): warning CS8600: Converting null literal or possible null value to non-nullable type. [E:\vs\Projects\PlatformIndependentNuGetPackages\SunamoHtml\SunamoHtml.Tests\SunamoHtml.Tests.csproj::TargetFramework=net8.0]
E:\vs\Projects\PlatformIndependentNuGetPackages\SunamoHtml\SunamoHtml.Tests\_\HtmlAgilityHelperManipulationWithoutMockTests.cs(134,20): warning CS8600: Converting null literal or possible null value to non-nullable type. [E:\vs\Projects\PlatformIndependentNuGetPackages\SunamoHtml\SunamoHtml.Tests\SunamoHtml.Tests.csproj::TargetFramework=net8.0]
E:\vs\Projects\PlatformIndependentNuGetPackages\SunamoHtml\SunamoHtml.Tests\_\HtmlAgilityHelperManipulationWithoutMockTests.cs(137,20): warning CS8600: Converting null literal or possible null value to non-nullable type. [E:\vs\Projects\PlatformIndependentNuGetPackages\SunamoHtml\SunamoHtml.Tests\SunamoHtml.Tests.csproj::TargetFramework=net8.0]
E:\vs\Projects\PlatformIndependentNuGetPackages\SunamoHtml\SunamoHtml.Tests\_\HtmlAgilityHelperManipulationWithoutMockTests.cs(140,20): warning CS8600: Converting null literal or possible null value to non-nullable type. [E:\vs\Projects\PlatformIndependentNuGetPackages\SunamoHtml\SunamoHtml.Tests\SunamoHtml.Tests.csproj::TargetFramework=net8.0]
E:\vs\Projects\PlatformIndependentNuGetPackages\SunamoHtml\SunamoHtml.Tests\_\HtmlAgilityHelperManipulationWithoutMockTests.cs(151,16): warning CS8600: Converting null literal or possible null value to non-nullable type. [E:\vs\Projects\PlatformIndependentNuGetPackages\SunamoHtml\SunamoHtml.Tests\SunamoHtml.Tests.csproj::TargetFramework=net8.0]
E:\vs\Projects\PlatformIndependentNuGetPackages\SunamoHtml\SunamoHtml.Tests\_\HtmlAgilityHelperManipulationWithoutMockTests.cs(155,16): warning CS8600: Converting null literal or possible null value to non-nullable type. [E:\vs\Projects\PlatformIndependentNuGetPackages\SunamoHtml\SunamoHtml.Tests\SunamoHtml.Tests.csproj::TargetFramework=net8.0]
E:\vs\Projects\PlatformIndependentNuGetPackages\SunamoHtml\SunamoHtml.Tests\_\HtmlAgilityHelperManipulationWithoutMockTests.cs(158,16): warning CS8600: Converting null literal or possible null value to non-nullable type. [E:\vs\Projects\PlatformIndependentNuGetPackages\SunamoHtml\SunamoHtml.Tests\SunamoHtml.Tests.csproj::TargetFramework=net8.0]
E:\vs\Projects\PlatformIndependentNuGetPackages\SunamoHtml\SunamoHtml.Tests\_\HtmlAgilityHelperManipulationWithoutMockTests.cs(161,16): warning CS8600: Converting null literal or possible null value to non-nullable type. [E:\vs\Projects\PlatformIndependentNuGetPackages\SunamoHtml\SunamoHtml.Tests\SunamoHtml.Tests.csproj::TargetFramework=net8.0]
E:\vs\Projects\PlatformIndependentNuGetPackages\SunamoHtml\SunamoHtml.Tests\_\HtmlAgilityHelperManipulationWithoutMockTests.cs(167,20): warning CS8600: Converting null literal or possible null value to non-nullable type. [E:\vs\Projects\PlatformIndependentNuGetPackages\SunamoHtml\SunamoHtml.Tests\SunamoHtml.Tests.csproj::TargetFramework=net8.0]
E:\vs\Projects\PlatformIndependentNuGetPackages\SunamoHtml\SunamoHtml.Tests\_\HtmlAgilityHelperManipulationWithoutMockTests.cs(171,20): warning CS8600: Converting null literal or possible null value to non-nullable type. [E:\vs\Projects\PlatformIndependentNuGetPackages\SunamoHtml\SunamoHtml.Tests\SunamoHtml.Tests.csproj::TargetFramework=net8.0]
E:\vs\Projects\PlatformIndependentNuGetPackages\SunamoHtml\SunamoHtml.Tests\_\HtmlAgilityHelperManipulationWithoutMockTests.cs(174,20): warning CS8600: Converting null literal or possible null value to non-nullable type. [E:\vs\Projects\PlatformIndependentNuGetPackages\SunamoHtml\SunamoHtml.Tests\SunamoHtml.Tests.csproj::TargetFramework=net8.0]
E:\vs\Projects\PlatformIndependentNuGetPackages\SunamoHtml\SunamoHtml.Tests\HtmlAgilityHelperTests.cs(125,49): warning CS8604: Possible null reference argument for parameter 'node' in 'HtmlNode? HtmlAgilityHelper.Node(HtmlNode node, bool recursive, string tag)'. [E:\vs\Projects\PlatformIndependentNuGetPackages\SunamoHtml\SunamoHtml.Tests\SunamoHtml.Tests.csproj::TargetFramework=net8.0]
E:\vs\Projects\PlatformIndependentNuGetPackages\SunamoHtml\SunamoHtml.Tests\_\HtmlHelperSunamoCzTests.cs(4,14): warning CA1050: Declare types in namespaces (https://learn.microsoft.com/dotnet/fundamentals/code-analysis/quality-rules/ca1050) [E:\vs\Projects\PlatformIndependentNuGetPackages\SunamoHtml\SunamoHtml.Tests\SunamoHtml.Tests.csproj::TargetFramework=net8.0]
E:\vs\Projects\PlatformIndependentNuGetPackages\SunamoHtml\SunamoHtml.Tests\_\HtmlHelperTextTests.cs(4,14): warning CA1050: Declare types in namespaces (https://learn.microsoft.com/dotnet/fundamentals/code-analysis/quality-rules/ca1050) [E:\vs\Projects\PlatformIndependentNuGetPackages\SunamoHtml\SunamoHtml.Tests\SunamoHtml.Tests.csproj::TargetFramework=net8.0]
E:\vs\Projects\PlatformIndependentNuGetPackages\SunamoHtml\SunamoHtml.Tests\_\HtmlAgilityHelperManipulationWithoutMockTests.cs(7,14): warning CA1515: Because an application's API isn't typically referenced from outside the assembly, types can be made internal (https://learn.microsoft.com/dotnet/fundamentals/code-analysis/quality-rules/ca1515) [E:\vs\Projects\PlatformIndependentNuGetPackages\SunamoHtml\SunamoHtml.Tests\SunamoHtml.Tests.csproj::TargetFramework=net8.0]
E:\vs\Projects\PlatformIndependentNuGetPackages\SunamoHtml\SunamoHtml.Tests\_\HtmlTableParserManipulationWithoutMockTests.cs(6,14): warning CA1515: Because an application's API isn't typically referenced from outside the assembly, types can be made internal (https://learn.microsoft.com/dotnet/fundamentals/code-analysis/quality-rules/ca1515) [E:\vs\Projects\PlatformIndependentNuGetPackages\SunamoHtml\SunamoHtml.Tests\SunamoHtml.Tests.csproj::TargetFramework=net8.0]
E:\vs\Projects\PlatformIndependentNuGetPackages\SunamoHtml\SunamoHtml.Tests\_\HtmlTableParserManipulationWithoutMockTests.cs(6,14): warning CA1050: Declare types in namespaces (https://learn.microsoft.com/dotnet/fundamentals/code-analysis/quality-rules/ca1050) [E:\vs\Projects\PlatformIndependentNuGetPackages\SunamoHtml\SunamoHtml.Tests\SunamoHtml.Tests.csproj::TargetFramework=net8.0]
E:\vs\Projects\PlatformIndependentNuGetPackages\SunamoHtml\SunamoHtml.Tests\_\HtmlHelperBaseTests.cs(8,14): warning CA1515: Because an application's API isn't typically referenced from outside the assembly, types can be made internal (https://learn.microsoft.com/dotnet/fundamentals/code-analysis/quality-rules/ca1515) [E:\vs\Projects\PlatformIndependentNuGetPackages\SunamoHtml\SunamoHtml.Tests\SunamoHtml.Tests.csproj::TargetFramework=net8.0]
E:\vs\Projects\PlatformIndependentNuGetPackages\SunamoHtml\SunamoHtml.Tests\_\HtmlHelperBaseTests.cs(11,24): warning CA1051: Do not declare visible instance fields (https://learn.microsoft.com/dotnet/fundamentals/code-analysis/quality-rules/ca1051) [E:\vs\Projects\PlatformIndependentNuGetPackages\SunamoHtml\SunamoHtml.Tests\SunamoHtml.Tests.csproj::TargetFramework=net8.0]
E:\vs\Projects\PlatformIndependentNuGetPackages\SunamoHtml\SunamoHtml.Tests\_\HtmlHelperBaseTests.cs(10,24): warning CA1051: Do not declare visible instance fields (https://learn.microsoft.com/dotnet/fundamentals/code-analysis/quality-rules/ca1051) [E:\vs\Projects\PlatformIndependentNuGetPackages\SunamoHtml\SunamoHtml.Tests\SunamoHtml.Tests.csproj::TargetFramework=net8.0]
E:\vs\Projects\PlatformIndependentNuGetPackages\SunamoHtml\SunamoHtml.Tests\_\HtmlHelperBaseTests.cs(13,28): warning CA1051: Do not declare visible instance fields (https://learn.microsoft.com/dotnet/fundamentals/code-analysis/quality-rules/ca1051) [E:\vs\Projects\PlatformIndependentNuGetPackages\SunamoHtml\SunamoHtml.Tests\SunamoHtml.Tests.csproj::TargetFramework=net8.0]
E:\vs\Projects\PlatformIndependentNuGetPackages\SunamoHtml\SunamoHtml.Tests\_\HtmlHelperBaseTests.cs(15,28): warning CA1051: Do not declare visible instance fields (https://learn.microsoft.com/dotnet/fundamentals/code-analysis/quality-rules/ca1051) [E:\vs\Projects\PlatformIndependentNuGetPackages\SunamoHtml\SunamoHtml.Tests\SunamoHtml.Tests.csproj::TargetFramework=net8.0]
E:\vs\Projects\PlatformIndependentNuGetPackages\SunamoHtml\SunamoHtml.Tests\_\HtmlHelperBaseTests.cs(14,28): warning CA1051: Do not declare visible instance fields (https://learn.microsoft.com/dotnet/fundamentals/code-analysis/quality-rules/ca1051) [E:\vs\Projects\PlatformIndependentNuGetPackages\SunamoHtml\SunamoHtml.Tests\SunamoHtml.Tests.csproj::TargetFramework=net8.0]
E:\vs\Projects\PlatformIndependentNuGetPackages\SunamoHtml\SunamoHtml.Tests\_\HtmlHelperBaseTests.cs(16,28): warning CA1051: Do not declare visible instance fields (https://learn.microsoft.com/dotnet/fundamentals/code-analysis/quality-rules/ca1051) [E:\vs\Projects\PlatformIndependentNuGetPackages\SunamoHtml\SunamoHtml.Tests\SunamoHtml.Tests.csproj::TargetFramework=net8.0]
E:\vs\Projects\PlatformIndependentNuGetPackages\SunamoHtml\SunamoHtml.Tests\_\HtmlHelperGoogleFormTests.cs(11,14): warning CA1515: Because an application's API isn't typically referenced from outside the assembly, types can be made internal (https://learn.microsoft.com/dotnet/fundamentals/code-analysis/quality-rules/ca1515) [E:\vs\Projects\PlatformIndependentNuGetPackages\SunamoHtml\SunamoHtml.Tests\SunamoHtml.Tests.csproj::TargetFramework=net8.0]
E:\vs\Projects\PlatformIndependentNuGetPackages\SunamoHtml\SunamoHtml.Tests\_\HtmlTableParserManipulationWithoutMockTests.cs(23,2): warning CA2007: Consider calling ConfigureAwait on the awaited task (https://learn.microsoft.com/dotnet/fundamentals/code-analysis/quality-rules/ca2007) [E:\vs\Projects\PlatformIndependentNuGetPackages\SunamoHtml\SunamoHtml.Tests\SunamoHtml.Tests.csproj::TargetFramework=net8.0]
E:\vs\Projects\PlatformIndependentNuGetPackages\SunamoHtml\SunamoHtml.Tests\_\HtmlTableParserManipulationWithoutMockTests.cs(15,2): warning CA1822: Member 'HtmlTableParserTest' does not access instance data and can be marked as static (https://learn.microsoft.com/dotnet/fundamentals/code-analysis/quality-rules/ca1822) [E:\vs\Projects\PlatformIndependentNuGetPackages\SunamoHtml\SunamoHtml.Tests\SunamoHtml.Tests.csproj::TargetFramework=net8.0]
E:\vs\Projects\PlatformIndependentNuGetPackages\SunamoHtml\SunamoHtml.Tests\HtmlAgilityHelperTests.cs(16,26): warning CA2234: Modify 'HtmlAgilityHelperTests.CreateHtmlDocumentTest()' to call 'HttpClient.GetStringAsync(Uri)' instead of 'HttpClient.GetStringAsync(string)' (https://learn.microsoft.com/dotnet/fundamentals/code-analysis/quality-rules/ca2234) [E:\vs\Projects\PlatformIndependentNuGetPackages\SunamoHtml\SunamoHtml.Tests\SunamoHtml.Tests.csproj::TargetFramework=net8.0]
E:\vs\Projects\PlatformIndependentNuGetPackages\SunamoHtml\SunamoHtml.Tests\HtmlAgilityHelperTests.cs(15,33): warning CA2000: Call System.IDisposable.Dispose on object created by 'new()' before all references to it are out of scope (https://learn.microsoft.com/dotnet/fundamentals/code-analysis/quality-rules/ca2000) [E:\vs\Projects\PlatformIndependentNuGetPackages\SunamoHtml\SunamoHtml.Tests\SunamoHtml.Tests.csproj::TargetFramework=net8.0]
E:\vs\Projects\PlatformIndependentNuGetPackages\SunamoHtml\SunamoHtml.Tests\_\HtmlAgilityHelperManipulationWithoutMockTests.cs(180,17): warning CA1822: Member 'ReplacePlainUriForAnchors' does not access instance data and can be marked as static (https://learn.microsoft.com/dotnet/fundamentals/code-analysis/quality-rules/ca1822) [E:\vs\Projects\PlatformIndependentNuGetPackages\SunamoHtml\SunamoHtml.Tests\SunamoHtml.Tests.csproj::TargetFramework=net8.0]
E:\vs\Projects\PlatformIndependentNuGetPackages\SunamoHtml\SunamoHtml.Tests\_\HtmlHelperGoogleFormTests.cs(15,18): warning CA1823: Unused field 'mainQuestionTitle' (https://learn.microsoft.com/dotnet/fundamentals/code-analysis/quality-rules/ca1823) [E:\vs\Projects\PlatformIndependentNuGetPackages\SunamoHtml\SunamoHtml.Tests\SunamoHtml.Tests.csproj::TargetFramework=net8.0]
E:\vs\Projects\PlatformIndependentNuGetPackages\SunamoHtml\SunamoHtml.Tests\_\HtmlHelperGoogleFormTests.cs(16,18): warning CA1823: Unused field 'additionalQuestionTitle' (https://learn.microsoft.com/dotnet/fundamentals/code-analysis/quality-rules/ca1823) [E:\vs\Projects\PlatformIndependentNuGetPackages\SunamoHtml\SunamoHtml.Tests\SunamoHtml.Tests.csproj::TargetFramework=net8.0]
E:\vs\Projects\PlatformIndependentNuGetPackages\SunamoHtml\SunamoHtml.Tests\_\HtmlHelperGoogleFormTests.cs(17,18): warning CA1823: Unused field 'possibleAnswerTitle' (https://learn.microsoft.com/dotnet/fundamentals/code-analysis/quality-rules/ca1823) [E:\vs\Projects\PlatformIndependentNuGetPackages\SunamoHtml\SunamoHtml.Tests\SunamoHtml.Tests.csproj::TargetFramework=net8.0]
E:\vs\Projects\PlatformIndependentNuGetPackages\SunamoHtml\SunamoHtml.Tests\_\HtmlHelperGoogleFormTests.cs(18,18): warning CA1823: Unused field 'cssClassMainQuestions' (https://learn.microsoft.com/dotnet/fundamentals/code-analysis/quality-rules/ca1823) [E:\vs\Projects\PlatformIndependentNuGetPackages\SunamoHtml\SunamoHtml.Tests\SunamoHtml.Tests.csproj::TargetFramework=net8.0]
E:\vs\Projects\PlatformIndependentNuGetPackages\SunamoHtml\SunamoHtml.Tests\_\HtmlHelperGoogleFormTests.cs(19,18): warning CA1823: Unused field 'cssClassAdditionalQuestion' (https://learn.microsoft.com/dotnet/fundamentals/code-analysis/quality-rules/ca1823) [E:\vs\Projects\PlatformIndependentNuGetPackages\SunamoHtml\SunamoHtml.Tests\SunamoHtml.Tests.csproj::TargetFramework=net8.0]
E:\vs\Projects\PlatformIndependentNuGetPackages\SunamoHtml\SunamoHtml.Tests\HtmlAgilityHelperTests.cs(121,35): warning CA1303: Method 'void HtmlAgilityHelperTests.Test1()' passes a literal string as parameter 'value' of a call to 'void Console.WriteLine(string? value)'. Retrieve the following string(s) from a resource table instead: "wrapperInz == null". (https://learn.microsoft.com/dotnet/fundamentals/code-analysis/quality-rules/ca1303) [E:\vs\Projects\PlatformIndependentNuGetPackages\SunamoHtml\SunamoHtml.Tests\SunamoHtml.Tests.csproj::TargetFramework=net8.0]
E:\vs\Projects\PlatformIndependentNuGetPackages\SunamoHtml\SunamoHtml.Tests\HtmlAgilityHelperTests.cs(128,35): warning CA1303: Method 'void HtmlAgilityHelperTests.Test1()' passes a literal string as parameter 'value' of a call to 'void Console.WriteLine(string? value)'. Retrieve the following string(s) from a resource table instead: "Ad was skipped". (https://learn.microsoft.com/dotnet/fundamentals/code-analysis/quality-rules/ca1303) [E:\vs\Projects\PlatformIndependentNuGetPackages\SunamoHtml\SunamoHtml.Tests\SunamoHtml.Tests.csproj::TargetFramework=net8.0]
E:\vs\Projects\PlatformIndependentNuGetPackages\SunamoHtml\SunamoHtml.Tests\HtmlAttrs.cs(8,16): warning CA1852: Type 'HtmlAttrs' can be sealed because it has no subtypes in its containing assembly and is not externally visible (https://learn.microsoft.com/dotnet/fundamentals/code-analysis/quality-rules/ca1852) [E:\vs\Projects\PlatformIndependentNuGetPackages\SunamoHtml\SunamoHtml.Tests\SunamoHtml.Tests.csproj::TargetFramework=net8.0]
E:\vs\Projects\PlatformIndependentNuGetPackages\SunamoHtml\SunamoHtml.Tests\HtmlTags.cs(6,16): warning CA1852: Type 'HtmlTags' can be sealed because it has no subtypes in its containing assembly and is not externally visible (https://learn.microsoft.com/dotnet/fundamentals/code-analysis/quality-rules/ca1852) [E:\vs\Projects\PlatformIndependentNuGetPackages\SunamoHtml\SunamoHtml.Tests\SunamoHtml.Tests.csproj::TargetFramework=net8.0]
E:\vs\Projects\PlatformIndependentNuGetPackages\SunamoHtml\SunamoHtml.Tests\HtmlAgilityHelperTests.cs(102,59): warning CS8604: Possible null reference argument for parameter 'node' in 'List<HtmlNode> HtmlAgilityHelper.NodesWithAttr(HtmlNode node, bool isRecursive, string tag, string attributeName, string attributeValue, bool isContains = false)'. [E:\vs\Projects\PlatformIndependentNuGetPackages\SunamoHtml\SunamoHtml.Tests\SunamoHtml.Tests.csproj::TargetFramework=net10.0]
E:\vs\Projects\PlatformIndependentNuGetPackages\SunamoHtml\SunamoHtml.Tests\_\HtmlTableParserManipulationWithoutMockTests.cs(25,54): warning CS8604: Possible null reference argument for parameter 'html' in 'HtmlTableParser.HtmlTableParser(HtmlNode html, bool isIgnoreFirstRow)'. [E:\vs\Projects\PlatformIndependentNuGetPackages\SunamoHtml\SunamoHtml.Tests\SunamoHtml.Tests.csproj::TargetFramework=net10.0]
E:\vs\Projects\PlatformIndependentNuGetPackages\SunamoHtml\SunamoHtml.Tests\_\HtmlAgilityHelperManipulationWithoutMockTests.cs(122,16): warning CS8600: Converting null literal or possible null value to non-nullable type. [E:\vs\Projects\PlatformIndependentNuGetPackages\SunamoHtml\SunamoHtml.Tests\SunamoHtml.Tests.csproj::TargetFramework=net10.0]
E:\vs\Projects\PlatformIndependentNuGetPackages\SunamoHtml\SunamoHtml.Tests\_\HtmlAgilityHelperManipulationWithoutMockTests.cs(125,16): warning CS8600: Converting null literal or possible null value to non-nullable type. [E:\vs\Projects\PlatformIndependentNuGetPackages\SunamoHtml\SunamoHtml.Tests\SunamoHtml.Tests.csproj::TargetFramework=net10.0]
E:\vs\Projects\PlatformIndependentNuGetPackages\SunamoHtml\SunamoHtml.Tests\_\HtmlAgilityHelperManipulationWithoutMockTests.cs(128,16): warning CS8600: Converting null literal or possible null value to non-nullable type. [E:\vs\Projects\PlatformIndependentNuGetPackages\SunamoHtml\SunamoHtml.Tests\SunamoHtml.Tests.csproj::TargetFramework=net10.0]
E:\vs\Projects\PlatformIndependentNuGetPackages\SunamoHtml\SunamoHtml.Tests\_\HtmlAgilityHelperManipulationWithoutMockTests.cs(134,20): warning CS8600: Converting null literal or possible null value to non-nullable type. [E:\vs\Projects\PlatformIndependentNuGetPackages\SunamoHtml\SunamoHtml.Tests\SunamoHtml.Tests.csproj::TargetFramework=net10.0]
E:\vs\Projects\PlatformIndependentNuGetPackages\SunamoHtml\SunamoHtml.Tests\_\HtmlAgilityHelperManipulationWithoutMockTests.cs(137,20): warning CS8600: Converting null literal or possible null value to non-nullable type. [E:\vs\Projects\PlatformIndependentNuGetPackages\SunamoHtml\SunamoHtml.Tests\SunamoHtml.Tests.csproj::TargetFramework=net10.0]
E:\vs\Projects\PlatformIndependentNuGetPackages\SunamoHtml\SunamoHtml.Tests\_\HtmlAgilityHelperManipulationWithoutMockTests.cs(140,20): warning CS8600: Converting null literal or possible null value to non-nullable type. [E:\vs\Projects\PlatformIndependentNuGetPackages\SunamoHtml\SunamoHtml.Tests\SunamoHtml.Tests.csproj::TargetFramework=net10.0]
E:\vs\Projects\PlatformIndependentNuGetPackages\SunamoHtml\SunamoHtml.Tests\_\HtmlAgilityHelperManipulationWithoutMockTests.cs(151,16): warning CS8600: Converting null literal or possible null value to non-nullable type. [E:\vs\Projects\PlatformIndependentNuGetPackages\SunamoHtml\SunamoHtml.Tests\SunamoHtml.Tests.csproj::TargetFramework=net10.0]
E:\vs\Projects\PlatformIndependentNuGetPackages\SunamoHtml\SunamoHtml.Tests\_\HtmlAgilityHelperManipulationWithoutMockTests.cs(155,16): warning CS8600: Converting null literal or possible null value to non-nullable type. [E:\vs\Projects\PlatformIndependentNuGetPackages\SunamoHtml\SunamoHtml.Tests\SunamoHtml.Tests.csproj::TargetFramework=net10.0]
E:\vs\Projects\PlatformIndependentNuGetPackages\SunamoHtml\SunamoHtml.Tests\_\HtmlAgilityHelperManipulationWithoutMockTests.cs(158,16): warning CS8600: Converting null literal or possible null value to non-nullable type. [E:\vs\Projects\PlatformIndependentNuGetPackages\SunamoHtml\SunamoHtml.Tests\SunamoHtml.Tests.csproj::TargetFramework=net10.0]
E:\vs\Projects\PlatformIndependentNuGetPackages\SunamoHtml\SunamoHtml.Tests\_\HtmlAgilityHelperManipulationWithoutMockTests.cs(161,16): warning CS8600: Converting null literal or possible null value to non-nullable type. [E:\vs\Projects\PlatformIndependentNuGetPackages\SunamoHtml\SunamoHtml.Tests\SunamoHtml.Tests.csproj::TargetFramework=net10.0]
E:\vs\Projects\PlatformIndependentNuGetPackages\SunamoHtml\SunamoHtml.Tests\_\HtmlAgilityHelperManipulationWithoutMockTests.cs(167,20): warning CS8600: Converting null literal or possible null value to non-nullable type. [E:\vs\Projects\PlatformIndependentNuGetPackages\SunamoHtml\SunamoHtml.Tests\SunamoHtml.Tests.csproj::TargetFramework=net10.0]
E:\vs\Projects\PlatformIndependentNuGetPackages\SunamoHtml\SunamoHtml.Tests\_\HtmlAgilityHelperManipulationWithoutMockTests.cs(171,20): warning CS8600: Converting null literal or possible null value to non-nullable type. [E:\vs\Projects\PlatformIndependentNuGetPackages\SunamoHtml\SunamoHtml.Tests\SunamoHtml.Tests.csproj::TargetFramework=net10.0]
E:\vs\Projects\PlatformIndependentNuGetPackages\SunamoHtml\SunamoHtml.Tests\_\HtmlAgilityHelperManipulationWithoutMockTests.cs(174,20): warning CS8600: Converting null literal or possible null value to non-nullable type. [E:\vs\Projects\PlatformIndependentNuGetPackages\SunamoHtml\SunamoHtml.Tests\SunamoHtml.Tests.csproj::TargetFramework=net10.0]
E:\vs\Projects\PlatformIndependentNuGetPackages\SunamoHtml\SunamoHtml.Tests\HtmlAgilityHelperTests.cs(125,49): warning CS8604: Possible null reference argument for parameter 'node' in 'HtmlNode? HtmlAgilityHelper.Node(HtmlNode node, bool recursive, string tag)'. [E:\vs\Projects\PlatformIndependentNuGetPackages\SunamoHtml\SunamoHtml.Tests\SunamoHtml.Tests.csproj::TargetFramework=net10.0]
E:\vs\Projects\PlatformIndependentNuGetPackages\SunamoHtml\SunamoHtml.Tests\_\HtmlAgilityHelperManipulationWithoutMockTests.cs(7,14): warning CA1515: Because an application's API isn't typically referenced from outside the assembly, types can be made internal (https://learn.microsoft.com/dotnet/fundamentals/code-analysis/quality-rules/ca1515) [E:\vs\Projects\PlatformIndependentNuGetPackages\SunamoHtml\SunamoHtml.Tests\SunamoHtml.Tests.csproj::TargetFramework=net10.0]
E:\vs\Projects\PlatformIndependentNuGetPackages\SunamoHtml\SunamoHtml.Tests\_\HtmlHelperBaseTests.cs(8,14): warning CA1515: Because an application's API isn't typically referenced from outside the assembly, types can be made internal (https://learn.microsoft.com/dotnet/fundamentals/code-analysis/quality-rules/ca1515) [E:\vs\Projects\PlatformIndependentNuGetPackages\SunamoHtml\SunamoHtml.Tests\SunamoHtml.Tests.csproj::TargetFramework=net10.0]
E:\vs\Projects\PlatformIndependentNuGetPackages\SunamoHtml\SunamoHtml.Tests\_\HtmlHelperBaseTests.cs(13,28): warning CA1051: Do not declare visible instance fields (https://learn.microsoft.com/dotnet/fundamentals/code-analysis/quality-rules/ca1051) [E:\vs\Projects\PlatformIndependentNuGetPackages\SunamoHtml\SunamoHtml.Tests\SunamoHtml.Tests.csproj::TargetFramework=net10.0]
E:\vs\Projects\PlatformIndependentNuGetPackages\SunamoHtml\SunamoHtml.Tests\_\HtmlHelperBaseTests.cs(14,28): warning CA1051: Do not declare visible instance fields (https://learn.microsoft.com/dotnet/fundamentals/code-analysis/quality-rules/ca1051) [E:\vs\Projects\PlatformIndependentNuGetPackages\SunamoHtml\SunamoHtml.Tests\SunamoHtml.Tests.csproj::TargetFramework=net10.0]
E:\vs\Projects\PlatformIndependentNuGetPackages\SunamoHtml\SunamoHtml.Tests\_\HtmlHelperBaseTests.cs(15,28): warning CA1051: Do not declare visible instance fields (https://learn.microsoft.com/dotnet/fundamentals/code-analysis/quality-rules/ca1051) [E:\vs\Projects\PlatformIndependentNuGetPackages\SunamoHtml\SunamoHtml.Tests\SunamoHtml.Tests.csproj::TargetFramework=net10.0]
E:\vs\Projects\PlatformIndependentNuGetPackages\SunamoHtml\SunamoHtml.Tests\_\HtmlHelperBaseTests.cs(16,28): warning CA1051: Do not declare visible instance fields (https://learn.microsoft.com/dotnet/fundamentals/code-analysis/quality-rules/ca1051) [E:\vs\Projects\PlatformIndependentNuGetPackages\SunamoHtml\SunamoHtml.Tests\SunamoHtml.Tests.csproj::TargetFramework=net10.0]
E:\vs\Projects\PlatformIndependentNuGetPackages\SunamoHtml\SunamoHtml.Tests\_\HtmlHelperBaseTests.cs(10,24): warning CA1051: Do not declare visible instance fields (https://learn.microsoft.com/dotnet/fundamentals/code-analysis/quality-rules/ca1051) [E:\vs\Projects\PlatformIndependentNuGetPackages\SunamoHtml\SunamoHtml.Tests\SunamoHtml.Tests.csproj::TargetFramework=net10.0]
E:\vs\Projects\PlatformIndependentNuGetPackages\SunamoHtml\SunamoHtml.Tests\_\HtmlHelperBaseTests.cs(11,24): warning CA1051: Do not declare visible instance fields (https://learn.microsoft.com/dotnet/fundamentals/code-analysis/quality-rules/ca1051) [E:\vs\Projects\PlatformIndependentNuGetPackages\SunamoHtml\SunamoHtml.Tests\SunamoHtml.Tests.csproj::TargetFramework=net10.0]
E:\vs\Projects\PlatformIndependentNuGetPackages\SunamoHtml\SunamoHtml.Tests\_\HtmlHelperGoogleFormTests.cs(11,14): warning CA1515: Because an application's API isn't typically referenced from outside the assembly, types can be made internal (https://learn.microsoft.com/dotnet/fundamentals/code-analysis/quality-rules/ca1515) [E:\vs\Projects\PlatformIndependentNuGetPackages\SunamoHtml\SunamoHtml.Tests\SunamoHtml.Tests.csproj::TargetFramework=net10.0]
E:\vs\Projects\PlatformIndependentNuGetPackages\SunamoHtml\SunamoHtml.Tests\_\HtmlHelperSunamoCzTests.cs(4,14): warning CA1050: Declare types in namespaces (https://learn.microsoft.com/dotnet/fundamentals/code-analysis/quality-rules/ca1050) [E:\vs\Projects\PlatformIndependentNuGetPackages\SunamoHtml\SunamoHtml.Tests\SunamoHtml.Tests.csproj::TargetFramework=net10.0]
E:\vs\Projects\PlatformIndependentNuGetPackages\SunamoHtml\SunamoHtml.Tests\_\HtmlHelperTextTests.cs(4,14): warning CA1050: Declare types in namespaces (https://learn.microsoft.com/dotnet/fundamentals/code-analysis/quality-rules/ca1050) [E:\vs\Projects\PlatformIndependentNuGetPackages\SunamoHtml\SunamoHtml.Tests\SunamoHtml.Tests.csproj::TargetFramework=net10.0]
E:\vs\Projects\PlatformIndependentNuGetPackages\SunamoHtml\SunamoHtml.Tests\_\HtmlTableParserManipulationWithoutMockTests.cs(6,14): warning CA1515: Because an application's API isn't typically referenced from outside the assembly, types can be made internal (https://learn.microsoft.com/dotnet/fundamentals/code-analysis/quality-rules/ca1515) [E:\vs\Projects\PlatformIndependentNuGetPackages\SunamoHtml\SunamoHtml.Tests\SunamoHtml.Tests.csproj::TargetFramework=net10.0]
E:\vs\Projects\PlatformIndependentNuGetPackages\SunamoHtml\SunamoHtml.Tests\_\HtmlTableParserManipulationWithoutMockTests.cs(6,14): warning CA1050: Declare types in namespaces (https://learn.microsoft.com/dotnet/fundamentals/code-analysis/quality-rules/ca1050) [E:\vs\Projects\PlatformIndependentNuGetPackages\SunamoHtml\SunamoHtml.Tests\SunamoHtml.Tests.csproj::TargetFramework=net10.0]
E:\vs\Projects\PlatformIndependentNuGetPackages\SunamoHtml\SunamoHtml.Tests\_\HtmlHelperGoogleFormTests.cs(15,18): warning CA1823: Unused field 'mainQuestionTitle' (https://learn.microsoft.com/dotnet/fundamentals/code-analysis/quality-rules/ca1823) [E:\vs\Projects\PlatformIndependentNuGetPackages\SunamoHtml\SunamoHtml.Tests\SunamoHtml.Tests.csproj::TargetFramework=net10.0]
E:\vs\Projects\PlatformIndependentNuGetPackages\SunamoHtml\SunamoHtml.Tests\_\HtmlHelperGoogleFormTests.cs(16,18): warning CA1823: Unused field 'additionalQuestionTitle' (https://learn.microsoft.com/dotnet/fundamentals/code-analysis/quality-rules/ca1823) [E:\vs\Projects\PlatformIndependentNuGetPackages\SunamoHtml\SunamoHtml.Tests\SunamoHtml.Tests.csproj::TargetFramework=net10.0]
E:\vs\Projects\PlatformIndependentNuGetPackages\SunamoHtml\SunamoHtml.Tests\_\HtmlHelperGoogleFormTests.cs(17,18): warning CA1823: Unused field 'possibleAnswerTitle' (https://learn.microsoft.com/dotnet/fundamentals/code-analysis/quality-rules/ca1823) [E:\vs\Projects\PlatformIndependentNuGetPackages\SunamoHtml\SunamoHtml.Tests\SunamoHtml.Tests.csproj::TargetFramework=net10.0]
E:\vs\Projects\PlatformIndependentNuGetPackages\SunamoHtml\SunamoHtml.Tests\_\HtmlHelperGoogleFormTests.cs(18,18): warning CA1823: Unused field 'cssClassMainQuestions' (https://learn.microsoft.com/dotnet/fundamentals/code-analysis/quality-rules/ca1823) [E:\vs\Projects\PlatformIndependentNuGetPackages\SunamoHtml\SunamoHtml.Tests\SunamoHtml.Tests.csproj::TargetFramework=net10.0]
E:\vs\Projects\PlatformIndependentNuGetPackages\SunamoHtml\SunamoHtml.Tests\_\HtmlHelperGoogleFormTests.cs(19,18): warning CA1823: Unused field 'cssClassAdditionalQuestion' (https://learn.microsoft.com/dotnet/fundamentals/code-analysis/quality-rules/ca1823) [E:\vs\Projects\PlatformIndependentNuGetPackages\SunamoHtml\SunamoHtml.Tests\SunamoHtml.Tests.csproj::TargetFramework=net10.0]
E:\vs\Projects\PlatformIndependentNuGetPackages\SunamoHtml\SunamoHtml.Tests\HtmlAgilityHelperTests.cs(16,26): warning CA2234: Modify 'HtmlAgilityHelperTests.CreateHtmlDocumentTest()' to call 'HttpClient.GetStringAsync(Uri)' instead of 'HttpClient.GetStringAsync(string)' (https://learn.microsoft.com/dotnet/fundamentals/code-analysis/quality-rules/ca2234) [E:\vs\Projects\PlatformIndependentNuGetPackages\SunamoHtml\SunamoHtml.Tests\SunamoHtml.Tests.csproj::TargetFramework=net10.0]
E:\vs\Projects\PlatformIndependentNuGetPackages\SunamoHtml\SunamoHtml.Tests\_\HtmlTableParserManipulationWithoutMockTests.cs(23,2): warning CA2007: Consider calling ConfigureAwait on the awaited task (https://learn.microsoft.com/dotnet/fundamentals/code-analysis/quality-rules/ca2007) [E:\vs\Projects\PlatformIndependentNuGetPackages\SunamoHtml\SunamoHtml.Tests\SunamoHtml.Tests.csproj::TargetFramework=net10.0]
E:\vs\Projects\PlatformIndependentNuGetPackages\SunamoHtml\SunamoHtml.Tests\_\HtmlAgilityHelperManipulationWithoutMockTests.cs(180,17): warning CA1822: Member 'ReplacePlainUriForAnchors' does not access instance data and can be marked as static (https://learn.microsoft.com/dotnet/fundamentals/code-analysis/quality-rules/ca1822) [E:\vs\Projects\PlatformIndependentNuGetPackages\SunamoHtml\SunamoHtml.Tests\SunamoHtml.Tests.csproj::TargetFramework=net10.0]
E:\vs\Projects\PlatformIndependentNuGetPackages\SunamoHtml\SunamoHtml.Tests\_\HtmlTableParserManipulationWithoutMockTests.cs(15,2): warning CA1822: Member 'HtmlTableParserTest' does not access instance data and can be marked as static (https://learn.microsoft.com/dotnet/fundamentals/code-analysis/quality-rules/ca1822) [E:\vs\Projects\PlatformIndependentNuGetPackages\SunamoHtml\SunamoHtml.Tests\SunamoHtml.Tests.csproj::TargetFramework=net10.0]
E:\vs\Projects\PlatformIndependentNuGetPackages\SunamoHtml\SunamoHtml.Tests\HtmlAgilityHelperTests.cs(15,33): warning CA2000: Call System.IDisposable.Dispose on object created by 'new()' before all references to it are out of scope (https://learn.microsoft.com/dotnet/fundamentals/code-analysis/quality-rules/ca2000) [E:\vs\Projects\PlatformIndependentNuGetPackages\SunamoHtml\SunamoHtml.Tests\SunamoHtml.Tests.csproj::TargetFramework=net10.0]
E:\vs\Projects\PlatformIndependentNuGetPackages\SunamoHtml\SunamoHtml.Tests\HtmlAgilityHelperTests.cs(121,35): warning CA1303: Method 'void HtmlAgilityHelperTests.Test1()' passes a literal string as parameter 'value' of a call to 'void Console.WriteLine(string? value)'. Retrieve the following string(s) from a resource table instead: "wrapperInz == null". (https://learn.microsoft.com/dotnet/fundamentals/code-analysis/quality-rules/ca1303) [E:\vs\Projects\PlatformIndependentNuGetPackages\SunamoHtml\SunamoHtml.Tests\SunamoHtml.Tests.csproj::TargetFramework=net10.0]
E:\vs\Projects\PlatformIndependentNuGetPackages\SunamoHtml\SunamoHtml.Tests\HtmlAgilityHelperTests.cs(128,35): warning CA1303: Method 'void HtmlAgilityHelperTests.Test1()' passes a literal string as parameter 'value' of a call to 'void Console.WriteLine(string? value)'. Retrieve the following string(s) from a resource table instead: "Ad was skipped". (https://learn.microsoft.com/dotnet/fundamentals/code-analysis/quality-rules/ca1303) [E:\vs\Projects\PlatformIndependentNuGetPackages\SunamoHtml\SunamoHtml.Tests\SunamoHtml.Tests.csproj::TargetFramework=net10.0]
E:\vs\Projects\PlatformIndependentNuGetPackages\SunamoHtml\SunamoHtml.Tests\HtmlTags.cs(6,16): warning CA1852: Type 'HtmlTags' can be sealed because it has no subtypes in its containing assembly and is not externally visible (https://learn.microsoft.com/dotnet/fundamentals/code-analysis/quality-rules/ca1852) [E:\vs\Projects\PlatformIndependentNuGetPackages\SunamoHtml\SunamoHtml.Tests\SunamoHtml.Tests.csproj::TargetFramework=net10.0]
E:\vs\Projects\PlatformIndependentNuGetPackages\SunamoHtml\SunamoHtml.Tests\HtmlAttrs.cs(8,16): warning CA1852: Type 'HtmlAttrs' can be sealed because it has no subtypes in its containing assembly and is not externally visible (https://learn.microsoft.com/dotnet/fundamentals/code-analysis/quality-rules/ca1852) [E:\vs\Projects\PlatformIndependentNuGetPackages\SunamoHtml\SunamoHtml.Tests\SunamoHtml.Tests.csproj::TargetFramework=net10.0]
E:\vs\Projects\PlatformIndependentNuGetPackages\SunamoHtml\RunnerHtml\Program.cs(16,15): warning CA2007: Consider calling ConfigureAwait on the awaited task (https://learn.microsoft.com/dotnet/fundamentals/code-analysis/quality-rules/ca2007) [E:\vs\Projects\PlatformIndependentNuGetPackages\SunamoHtml\RunnerHtml\RunnerHtml.csproj::TargetFramework=net10.0]
E:\vs\Projects\PlatformIndependentNuGetPackages\SunamoHtml\RunnerHtml\Program.cs(6,16): warning CA1852: Type 'Program' can be sealed because it has no subtypes in its containing assembly and is not externally visible (https://learn.microsoft.com/dotnet/fundamentals/code-analysis/quality-rules/ca1852) [E:\vs\Projects\PlatformIndependentNuGetPackages\SunamoHtml\RunnerHtml\RunnerHtml.csproj::TargetFramework=net10.0]
E:\vs\Projects\PlatformIndependentNuGetPackages\SunamoHtml\RunnerHtml\Program.cs(16,15): warning CA2007: Consider calling ConfigureAwait on the awaited task (https://learn.microsoft.com/dotnet/fundamentals/code-analysis/quality-rules/ca2007) [E:\vs\Projects\PlatformIndependentNuGetPackages\SunamoHtml\RunnerHtml\RunnerHtml.csproj::TargetFramework=net8.0]
E:\vs\Projects\PlatformIndependentNuGetPackages\SunamoHtml\RunnerHtml\Program.cs(6,16): warning CA1852: Type 'Program' can be sealed because it has no subtypes in its containing assembly and is not externally visible (https://learn.microsoft.com/dotnet/fundamentals/code-analysis/quality-rules/ca1852) [E:\vs\Projects\PlatformIndependentNuGetPackages\SunamoHtml\RunnerHtml\RunnerHtml.csproj::TargetFramework=net8.0]
E:\vs\Projects\PlatformIndependentNuGetPackages\SunamoHtml\RunnerHtml\Program.cs(16,15): warning CA2007: Consider calling ConfigureAwait on the awaited task (https://learn.microsoft.com/dotnet/fundamentals/code-analysis/quality-rules/ca2007) [E:\vs\Projects\PlatformIndependentNuGetPackages\SunamoHtml\RunnerHtml\RunnerHtml.csproj::TargetFramework=net9.0]
E:\vs\Projects\PlatformIndependentNuGetPackages\SunamoHtml\RunnerHtml\Program.cs(6,16): warning CA1852: Type 'Program' can be sealed because it has no subtypes in its containing assembly and is not externally visible (https://learn.microsoft.com/dotnet/fundamentals/code-analysis/quality-rules/ca1852) [E:\vs\Projects\PlatformIndependentNuGetPackages\SunamoHtml\RunnerHtml\RunnerHtml.csproj::TargetFramework=net9.0]
    1236 Warning(s)
    0 Error(s)

Time Elapsed 00:00:07.68
